[    0.000000] Booting Linux on physical CPU 0x0000010000 [0x410fd082]
[    0.000000] Linux version 5.19.0-rc3-36889-g343c5518e66c (john@debian) (gcc (Debian 6.3.0-18+deb9u1) 6.3.0 20170516, GNU ld (GNU Binutils for Debian) 2.38) #317 SMP PREEMPT Fri Jul 1 16:29:36 BST 2022
[    0.000000] Machine model: Hisilicon PhosphorV660 Development Board
[    0.000000] efi: EFI v2.60 by EDK II
[    0.000000] efi: SMBIOS=0x3eff0000 SMBIOS 3.0=0x39aa0000 ACPI=0x39b70000 ACPI 2.0=0x39b70014 MEMATTR=0x3b8d0018 MEMRESERVE=0x3a002d18 
[    0.000000] ACPI: Early table checksum verification disabled
[    0.000000] ACPI: RSDP 0x0000000039B70014 000024 (v02 HISI  )
[    0.000000] ACPI: XSDT 0x0000000039B600E8 000084 (v01 HISI   HIP07    00000000      01000013)
[    0.000000] ACPI: FACP 0x0000000039A20000 00010C (v05 HISI   HIP07    00000000 INTL 20151124)
[    0.000000] ACPI: DSDT 0x00000000399E0000 0080C8 (v02 HISI   HIP07    00000000 INTL 20170728)
[    0.000000] ACPI: MCFG 0x0000000039A80000 0000AC (v01 HISI   HIP07    00000000 INTL 20151124)
[    0.000000] ACPI: SLIT 0x0000000039A70000 00003C (v01 HISI   HIP07    00000000 INTL 20151124)
[    0.000000] ACPI: SPCR 0x0000000039A60000 000050 (v02 HISI   HIP07    00000000 INTL 20151124)
[    0.000000] ACPI: SRAT 0x0000000039A50000 0005B0 (v03 HISI   HIP07    00000000 INTL 20151124)
[    0.000000] ACPI: DBG2 0x0000000039A40000 00005A (v00 HISI   HIP07    00000000 INTL 20151124)
[    0.000000] ACPI: GTDT 0x0000000039A10000 000098 (v02 HISI   HIP07    00000000 INTL 20151124)
[    0.000000] ACPI: APIC 0x0000000039A00000 0013E4 (v01 HISI   HIP07    00000000 INTL 20151124)
[    0.000000] ACPI: IORT 0x00000000399F0000 00080C (v00 HISI   HIP07    00000000 INTL 20170728)
[    0.000000] ACPI: PPTT 0x0000000031870000 001754 (v01 HISI   HIP07    00000000 INTL 20151124)
[    0.000000] ACPI: SPMI 0x0000000031860000 000041 (v05 HISI   HIP07    00000000 INTL 20151124)
[    0.000000] ACPI: iBFT 0x00000000317C0000 000800 (v01 HISI   HIP07    00000000      00000000)
[    0.000000] ACPI: SPCR: console: pl011,mmio32,0x602b0000,115200
[    0.000000] earlycon: pl11 at MMIO32 0x00000000602b0000 (options '115200')
[    0.000000] printk: bootconsole [pl11] enabled
[    0.000000] ACPI: SRAT: Node 0 PXM 0 [mem 0x00000000-0x3fffffff]
[    0.000000] ACPI: SRAT: Node 0 PXM 0 [mem 0x1000000000-0x17ffffffff]
[    0.000000] ACPI: SRAT: Node 2 PXM 2 [mem 0x40000000000-0x4003fffffff]
[    0.000000] ACPI: SRAT: Node 2 PXM 2 [mem 0x41000000000-0x417ffffffff]
[    0.000000] NUMA: NODE_DATA [mem 0x17fbffdb40-0x17fbffffff]
[    0.000000] NUMA: Initmem setup node 1 [<memory-less node>]
[    0.000000] NUMA: NODE_DATA [mem 0x417f4002b40-0x417f4004fff]
[    0.000000] NUMA: NODE_DATA(1) on node 2
[    0.000000] NUMA: NODE_DATA [mem 0x417f4000680-0x417f4002b3f]
[    0.000000] NUMA: Initmem setup node 3 [<memory-less node>]
[    0.000000] NUMA: NODE_DATA [mem 0x417f3ffe1c0-0x417f400067f]
[    0.000000] NUMA: NODE_DATA(3) on node 2
[    0.000000] Zone ranges:
[    0.000000]   DMA      [mem 0x0000000000000000-0x00000000ffffffff]
[    0.000000]   DMA32    empty
[    0.000000]   Normal   [mem 0x0000000100000000-0x00000417fbffffff]
[    0.000000] Movable zone start for each node
[    0.000000] Early memory node ranges
[    0.000000]   node   0: [mem 0x0000000000000000-0x000000003188afff]
[    0.000000]   node   0: [mem 0x000000003188b000-0x000000003188efff]
[    0.000000]   node   0: [mem 0x000000003188f000-0x000000003992ffff]
[    0.000000]   node   0: [mem 0x0000000039930000-0x00000000399dffff]
[    0.000000]   node   0: [mem 0x00000000399e0000-0x0000000039a2ffff]
[    0.000000]   node   0: [mem 0x0000000039a30000-0x0000000039a3ffff]
[    0.000000]   node   0: [mem 0x0000000039a40000-0x0000000039a8ffff]
[    0.000000]   node   0: [mem 0x0000000039a90000-0x0000000039b5ffff]
[    0.000000]   node   0: [mem 0x0000000039b60000-0x0000000039b7ffff]
[    0.000000]   node   0: [mem 0x0000000039b80000-0x0000000039ffffff]
[    0.000000]   node   0: [mem 0x000000003a000000-0x000000003efeffff]
[    0.000000]   node   0: [mem 0x000000003eff0000-0x000000003f01ffff]
[    0.000000]   node   0: [mem 0x000000003f020000-0x000000003fbfffff]
[    0.000000]   node   0: [mem 0x0000001040000000-0x00000017fbffffff]
[    0.000000]   node   2: [mem 0x0000041000000000-0x00000417fbffffff]
[    0.000000] Initmem setup node 0 [mem 0x0000000000000000-0x00000017fbffffff]
[    0.000000] Initmem setup node 1 as memoryless
[    0.000000] Initmem setup node 2 [mem 0x0000041000000000-0x00000417fbffffff]
[    0.000000] Initmem setup node 3 as memoryless
[    0.000000] On node 0, zone Normal: 1024 pages in unavailable ranges
[    0.000000] On node 2, zone Normal: 16384 pages in unavailable ranges
[    0.000000] On node 2, zone Normal: 16384 pages in unavailable ranges
[    0.000000] cma: Reserved 32 MiB at 0x000000003ce00000
[    0.000000] crashkernel reserved: 0x0000000002000000 - 0x0000000012000000 (256 MB)
[    0.000000] psci: probing for conduit method from ACPI.
[    0.000000] psci: PSCIv1.0 detected in firmware.
[    0.000000] psci: Using standard PSCI v0.2 function IDs
[    0.000000] psci: MIGRATE_INFO_TYPE not supported.
[    0.000000] psci: SMC Calling Convention v1.0
[    0.000000] ACPI: NUMA: SRAT: PXM 0 -> MPIDR 0x10000 -> Node 0
[    0.000000] ACPI: NUMA: SRAT: PXM 0 -> MPIDR 0x10001 -> Node 0
[    0.000000] ACPI: NUMA: SRAT: PXM 0 -> MPIDR 0x10002 -> Node 0
[    0.000000] ACPI: NUMA: SRAT: PXM 0 -> MPIDR 0x10003 -> Node 0
[    0.000000] ACPI: NUMA: SRAT: PXM 0 -> MPIDR 0x10100 -> Node 0
[    0.000000] ACPI: NUMA: SRAT: PXM 0 -> MPIDR 0x10101 -> Node 0
[    0.000000] ACPI: NUMA: SRAT: PXM 0 -> MPIDR 0x10102 -> Node 0
[    0.000000] ACPI: NUMA: SRAT: PXM 0 -> MPIDR 0x10103 -> Node 0
[    0.000000] ACPI: NUMA: SRAT: PXM 0 -> MPIDR 0x10200 -> Node 0
[    0.000000] ACPI: NUMA: SRAT: PXM 0 -> MPIDR 0x10201 -> Node 0
[    0.000000] ACPI: NUMA: SRAT: PXM 0 -> MPIDR 0x10202 -> Node 0
[    0.000000] ACPI: NUMA: SRAT: PXM 0 -> MPIDR 0x10203 -> Node 0
[    0.000000] ACPI: NUMA: SRAT: PXM 0 -> MPIDR 0x10300 -> Node 0
[    0.000000] ACPI: NUMA: SRAT: PXM 0 -> MPIDR 0x10301 -> Node 0
[    0.000000] ACPI: NUMA: SRAT: PXM 0 -> MPIDR 0x10302 -> Node 0
[    0.000000] ACPI: NUMA: SRAT: PXM 0 -> MPIDR 0x10303 -> Node 0
[    0.000000] ACPI: NUMA: SRAT: PXM 1 -> MPIDR 0x30000 -> Node 1
[    0.000000] ACPI: NUMA: SRAT: PXM 1 -> MPIDR 0x30001 -> Node 1
[    0.000000] ACPI: NUMA: SRAT: PXM 1 -> MPIDR 0x30002 -> Node 1
[    0.000000] ACPI: NUMA: SRAT: PXM 1 -> MPIDR 0x30003 -> Node 1
[    0.000000] ACPI: NUMA: SRAT: PXM 1 -> MPIDR 0x30100 -> Node 1
[    0.000000] ACPI: NUMA: SRAT: PXM 1 -> MPIDR 0x30101 -> Node 1
[    0.000000] ACPI: NUMA: SRAT: PXM 1 -> MPIDR 0x30102 -> Node 1
[    0.000000] ACPI: NUMA: SRAT: PXM 1 -> MPIDR 0x30103 -> Node 1
[    0.000000] ACPI: NUMA: SRAT: PXM 1 -> MPIDR 0x30200 -> Node 1
[    0.000000] ACPI: NUMA: SRAT: PXM 1 -> MPIDR 0x30201 -> Node 1
[    0.000000] ACPI: NUMA: SRAT: PXM 1 -> MPIDR 0x30202 -> Node 1
[    0.000000] ACPI: NUMA: SRAT: PXM 1 -> MPIDR 0x30203 -> Node 1
[    0.000000] ACPI: NUMA: SRAT: PXM 1 -> MPIDR 0x30300 -> Node 1
[    0.000000] ACPI: NUMA: SRAT: PXM 1 -> MPIDR 0x30301 -> Node 1
[    0.000000] ACPI: NUMA: SRAT: PXM 1 -> MPIDR 0x30302 -> Node 1
[    0.000000] ACPI: NUMA: SRAT: PXM 1 -> MPIDR 0x30303 -> Node 1
[    0.000000] ACPI: NUMA: SRAT: PXM 2 -> MPIDR 0x50000 -> Node 2
[    0.000000] ACPI: NUMA: SRAT: PXM 2 -> MPIDR 0x50001 -> Node 2
[    0.000000] ACPI: NUMA: SRAT: PXM 2 -> MPIDR 0x50002 -> Node 2
[    0.000000] ACPI: NUMA: SRAT: PXM 2 -> MPIDR 0x50003 -> Node 2
[    0.000000] ACPI: NUMA: SRAT: PXM 2 -> MPIDR 0x50100 -> Node 2
[    0.000000] ACPI: NUMA: SRAT: PXM 2 -> MPIDR 0x50101 -> Node 2
[    0.000000] ACPI: NUMA: SRAT: PXM 2 -> MPIDR 0x50102 -> Node 2
[    0.000000] ACPI: NUMA: SRAT: PXM 2 -> MPIDR 0x50103 -> Node 2
[    0.000000] ACPI: NUMA: SRAT: PXM 2 -> MPIDR 0x50200 -> Node 2
[    0.000000] ACPI: NUMA: SRAT: PXM 2 -> MPIDR 0x50201 -> Node 2
[    0.000000] ACPI: NUMA: SRAT: PXM 2 -> MPIDR 0x50202 -> Node 2
[    0.000000] ACPI: NUMA: SRAT: PXM 2 -> MPIDR 0x50203 -> Node 2
[    0.000000] ACPI: NUMA: SRAT: PXM 2 -> MPIDR 0x50300 -> Node 2
[    0.000000] ACPI: NUMA: SRAT: PXM 2 -> MPIDR 0x50301 -> Node 2
[    0.000000] ACPI: NUMA: SRAT: PXM 2 -> MPIDR 0x50302 -> Node 2
[    0.000000] ACPI: NUMA: SRAT: PXM 2 -> MPIDR 0x50303 -> Node 2
[    0.000000] ACPI: NUMA: SRAT: PXM 3 -> MPIDR 0x70000 -> Node 3
[    0.000000] ACPI: NUMA: SRAT: PXM 3 -> MPIDR 0x70001 -> Node 3
[    0.000000] ACPI: NUMA: SRAT: PXM 3 -> MPIDR 0x70002 -> Node 3
[    0.000000] ACPI: NUMA: SRAT: PXM 3 -> MPIDR 0x70003 -> Node 3
[    0.000000] ACPI: NUMA: SRAT: PXM 3 -> MPIDR 0x70100 -> Node 3
[    0.000000] ACPI: NUMA: SRAT: PXM 3 -> MPIDR 0x70101 -> Node 3
[    0.000000] ACPI: NUMA: SRAT: PXM 3 -> MPIDR 0x70102 -> Node 3
[    0.000000] ACPI: NUMA: SRAT: PXM 3 -> MPIDR 0x70103 -> Node 3
[    0.000000] ACPI: NUMA: SRAT: PXM 3 -> MPIDR 0x70200 -> Node 3
[    0.000000] ACPI: NUMA: SRAT: PXM 3 -> MPIDR 0x70201 -> Node 3
[    0.000000] ACPI: NUMA: SRAT: PXM 3 -> MPIDR 0x70202 -> Node 3
[    0.000000] ACPI: NUMA: SRAT: PXM 3 -> MPIDR 0x70203 -> Node 3
[    0.000000] ACPI: NUMA: SRAT: PXM 3 -> MPIDR 0x70300 -> Node 3
[    0.000000] ACPI: NUMA: SRAT: PXM 3 -> MPIDR 0x70301 -> Node 3
[    0.000000] ACPI: NUMA: SRAT: PXM 3 -> MPIDR 0x70302 -> Node 3
[    0.000000] ACPI: NUMA: SRAT: PXM 3 -> MPIDR 0x70303 -> Node 3
[    0.000000] percpu: Embedded 20 pages/cpu s44520 r8192 d29208 u81920
[    0.000000] pcpu-alloc: s44520 r8192 d29208 u81920 alloc=20*4096
[    0.000000] pcpu-alloc: [0] 00 [0] 01 [0] 02 [0] 03 [0] 04 [0] 05 [0] 06 [0] 07 
[    0.000000] pcpu-alloc: [0] 08 [0] 09 [0] 10 [0] 11 [0] 12 [0] 13 [0] 14 [0] 15 
[    0.000000] pcpu-alloc: [1] 16 [1] 17 [1] 18 [1] 19 [1] 20 [1] 21 [1] 22 [1] 23 
[    0.000000] pcpu-alloc: [1] 24 [1] 25 [1] 26 [1] 27 [1] 28 [1] 29 [1] 30 [1] 31 
[    0.000000] pcpu-alloc: [2] 32 [2] 33 [2] 34 [2] 35 [2] 36 [2] 37 [2] 38 [2] 39 
[    0.000000] pcpu-alloc: [2] 40 [2] 41 [2] 42 [2] 43 [2] 44 [2] 45 [2] 46 [2] 47 
[    0.000000] pcpu-alloc: [3] 48 [3] 49 [3] 50 [3] 51 [3] 52 [3] 53 [3] 54 [3] 55 
[    0.000000] pcpu-alloc: [3] 56 [3] 57 [3] 58 [3] 59 [3] 60 [3] 61 [3] 62 [3] 63 
[    0.000000] Detected PIPT I-cache on CPU0
[    0.000000] CPU features: detected: GIC system register CPU interface
[    0.000000] CPU features: detected: Spectre-v2
[    0.000000] CPU features: detected: Spectre-v3a
[    0.000000] CPU features: detected: Spectre-v4
[    0.000000] CPU features: detected: Spectre-BHB
[    0.000000] CPU features: kernel page table isolation forced ON by KASLR
[    0.000000] CPU features: detected: Kernel page table isolation (KPTI)
[    0.000000] CPU features: detected: ARM errata 1165522, 1319367, or 1530923
[    0.000000] Fallback order for Node 0: 0 2 
[    0.000000] Fallback order for Node 1: 1 0 2 
[    0.000000] Fallback order for Node 2: 2 0 
[    0.000000] Fallback order for Node 3: 3 2 0 
[    0.000000] Built 4 zonelists, mobility grouping on.  Total pages: 16481808
[    0.000000] Policy zone: Normal
[    0.000000] Kernel command line: BOOT_IMAGE=/john/Image rdinit=/init crashkernel=256M@32M console=ttyAMA0,115200 earlycon acpi=force pcie_aspm=off noinitrd root=/dev/sda2 rw log_buf_len=16M user_debug=1 iommu.strict=0 nvme.use_threaded_interrupts=1 irqchip.gicv3_pseudo_nmi=1
[    0.000000] PCIe ASPM is disabled
[    0.000000] Unknown kernel command line parameters "BOOT_IMAGE=/john/Image user_debug=1", will be passed to user space.
[    0.000000] printk: log_buf_len: 16777216 bytes
[    0.000000] printk: early log buf free: 120080(91%)
[    0.000000] mem auto-init: stack:off, heap alloc:off, heap free:off
[    0.000000] software IO TLB: mapped [mem 0x0000000035930000-0x0000000039930000] (64MB)
[    0.000000] Memory: 65310988K/66973696K available (15296K kernel code, 3396K rwdata, 9104K rodata, 6912K init, 586K bss, 1629940K reserved, 32768K cma-reserved)
[    0.000000] SLUB: HWalign=64, Order=0-3, MinObjects=0, CPUs=64, Nodes=4
[    0.000000] rcu: Preemptible hierarchical RCU implementation.
[    0.000000] rcu: 	RCU event tracing is enabled.
[    0.000000] rcu: 	RCU restricting CPUs from NR_CPUS=256 to nr_cpu_ids=64.
[    0.000000] 	Trampoline variant of Tasks RCU enabled.
[    0.000000] 	Tracing variant of Tasks RCU enabled.
[    0.000000] rcu: RCU calculated value of scheduler-enlistment delay is 25 jiffies.
[    0.000000] rcu: Adjusting geometry for rcu_fanout_leaf=16, nr_cpu_ids=64
[    0.000000] NR_IRQS: 64, nr_irqs: 64, preallocated irqs: 0
[    0.000000] GICv3: GIC: Using split EOI/Deactivate mode
[    0.000000] GIC: enabling workaround for GICv3: HIP07 erratum 161010803
[    0.000000] GICv3: 988 SPIs implemented
[    0.000000] GICv3: 0 Extended SPIs implemented
[    0.000000] Root IRQ handler: gic_handle_irq
[    0.000000] GICv3: GICv3 features: 16 PPIs, DirectLPI
[    0.000000] GICv3: GICv4 features: DirectLPI 
[    0.000000] GICv3: CPU0: found redistributor 10000 region 0:0x000000004d100000
[    0.000000] SRAT: PXM 0 -> ITS 0 -> Node 0
[    0.000000] SRAT: PXM 1 -> ITS 1 -> Node 1
[    0.000000] SRAT: PXM 0 -> ITS 2 -> Node 0
[    0.000000] SRAT: PXM 1 -> ITS 3 -> Node 1
[    0.000000] SRAT: PXM 2 -> ITS 4 -> Node 2
[    0.000000] SRAT: PXM 3 -> ITS 5 -> Node 3
[    0.000000] SRAT: PXM 2 -> ITS 6 -> Node 2
[    0.000000] SRAT: PXM 3 -> ITS 7 -> Node 3
[    0.000000] ITS [mem 0x4c000000-0x4c01ffff]
[    0.000000] ITS@0x000000004c000000: Using ITS number 0
[    0.000000] GIC: enabling workaround for ITS: Hip07 erratum 161600802
[    0.000000] ITS@0x000000004c000000: allocated 524288 Devices @1040800000 (flat, esz 8, psz 16K, shr 1)
[    0.000000] ITS@0x000000004c000000: allocated 65536 Virtual CPUs @1040180000 (flat, esz 8, psz 4K, shr 1)
[    0.000000] ITS@0x000000004c000000: allocated 512 Interrupt Collections @1040143000 (flat, esz 8, psz 4K, shr 1)
[    0.000000] ITS [mem 0x6c000000-0x6c01ffff]
[    0.000000] ITS@0x000000006c000000: Using ITS number 1
[    0.000000] GIC: enabling workaround for ITS: Hip07 erratum 161600802
[    0.000000] ITS@0x000000006c000000: allocated 524288 Devices @1040c00000 (flat, esz 8, psz 16K, shr 1)
[    0.000000] ITS@0x000000006c000000: allocated 65536 Virtual CPUs @1040200000 (flat, esz 8, psz 4K, shr 1)
[    0.000000] ITS@0x000000006c000000: allocated 512 Interrupt Collections @1040144000 (flat, esz 8, psz 4K, shr 1)
[    0.000000] ITS [mem 0xc6000000-0xc601ffff]
[    0.000000] ITS@0x00000000c6000000: Using ITS number 2
[    0.000000] GIC: enabling workaround for ITS: Hip07 erratum 161600802
[    0.000000] ITS@0x00000000c6000000: allocated 524288 Devices @1041000000 (flat, esz 8, psz 16K, shr 1)
[    0.000000] ITS@0x00000000c6000000: allocated 65536 Virtual CPUs @1040280000 (flat, esz 8, psz 4K, shr 1)
[    0.000000] ITS@0x00000000c6000000: allocated 512 Interrupt Collections @1040145000 (flat, esz 8, psz 4K, shr 1)
[    0.000000] ITS [mem 0x8c6000000-0x8c601ffff]
[    0.000000] ITS@0x00000008c6000000: Using ITS number 3
[    0.000000] GIC: enabling workaround for ITS: Hip07 erratum 161600802
[    0.000000] ITS@0x00000008c6000000: allocated 524288 Devices @1041400000 (flat, esz 8, psz 16K, shr 1)
[    0.000000] ITS@0x00000008c6000000: allocated 65536 Virtual CPUs @1040380000 (flat, esz 8, psz 4K, shr 1)
[    0.000000] ITS@0x00000008c6000000: allocated 512 Interrupt Collections @1040146000 (flat, esz 8, psz 4K, shr 1)
[    0.000000] ITS [mem 0x4004c000000-0x4004c01ffff]
[    0.000000] ITS@0x000004004c000000: Using ITS number 4
[    0.000000] GIC: enabling workaround for ITS: Hip07 erratum 161600802
[    0.000000] ITS@0x000004004c000000: allocated 524288 Devices @41000400000 (flat, esz 8, psz 16K, shr 1)
[    0.000000] ITS@0x000004004c000000: allocated 65536 Virtual CPUs @41000080000 (flat, esz 8, psz 4K, shr 1)
[    0.000000] ITS@0x000004004c000000: allocated 512 Interrupt Collections @41000002000 (flat, esz 8, psz 4K, shr 1)
[    0.000000] ITS [mem 0x4006c000000-0x4006c01ffff]
[    0.000000] ITS@0x000004006c000000: Using ITS number 5
[    0.000000] GIC: enabling workaround for ITS: Hip07 erratum 161600802
[    0.000000] ITS@0x000004006c000000: allocated 524288 Devices @41000800000 (flat, esz 8, psz 16K, shr 1)
[    0.000000] ITS@0x000004006c000000: allocated 65536 Virtual CPUs @41000100000 (flat, esz 8, psz 4K, shr 1)
[    0.000000] ITS@0x000004006c000000: allocated 512 Interrupt Collections @41000003000 (flat, esz 8, psz 4K, shr 1)
[    0.000000] ITS [mem 0x400c6000000-0x400c601ffff]
[    0.000000] ITS@0x00000400c6000000: Using ITS number 6
[    0.000000] GIC: enabling workaround for ITS: Hip07 erratum 161600802
[    0.000000] ITS@0x00000400c6000000: allocated 524288 Devices @41000c00000 (flat, esz 8, psz 16K, shr 1)
[    0.000000] ITS@0x00000400c6000000: allocated 65536 Virtual CPUs @41000180000 (flat, esz 8, psz 4K, shr 1)
[    0.000000] ITS@0x00000400c6000000: allocated 512 Interrupt Collections @41000004000 (flat, esz 8, psz 4K, shr 1)
[    0.000000] ITS [mem 0x408c6000000-0x408c601ffff]
[    0.000000] ITS@0x00000408c6000000: Using ITS number 7
[    0.000000] GIC: enabling workaround for ITS: Hip07 erratum 161600802
[    0.000000] ITS@0x00000408c6000000: allocated 524288 Devices @41001000000 (flat, esz 8, psz 16K, shr 1)
[    0.000000] ITS@0x00000408c6000000: allocated 65536 Virtual CPUs @41000200000 (flat, esz 8, psz 4K, shr 1)
[    0.000000] ITS@0x00000408c6000000: allocated 512 Interrupt Collections @41000005000 (flat, esz 8, psz 4K, shr 1)
[    0.000000] GICv3: using LPI property table @0x0000001040310000
[    0.000000] ITS: Using DirectLPI for VPE invalidation
[    0.000000] ITS: Enabling GICv4 support
[    0.000000] GICv3: CPU0: using allocated LPI pending table @0x0000001040320000
[    0.000000] rcu: srcu_init: Setting srcu_struct sizes based on contention.
[    0.000000] arch_timer: Enabling global workaround for HiSilicon erratum 161010101
[    0.000000] arch_timer: CPU0: Trapping CNTVCT access
[    0.000000] arch_timer: cp15 timer(s) running at 50.00MHz (phys).
[    0.000000] clocksource: arch_sys_counter: mask: 0xffffffffffffff max_cycles: 0xb8812736b, max_idle_ns: 440795202655 ns
[    0.000000] sched_clock: 56 bits at 50MHz, resolution 20ns, wraps every 4398046511100ns
[    0.008179] Console: colour dummy device 80x25
[    0.012721] mempolicy: Enabling automatic NUMA balancing. Configure with numa_balancing= or the kernel.numa_balancing sysctl
[    0.024008] ACPI: Core revision 20220331
[    0.028006] ACPI BIOS Warning (bug): Incorrect checksum in table [DSDT] - 0x71, should be 0x6F (20220331/tbprint-178)
[    0.038764] Calibrating delay loop (skipped), value calculated using timer frequency.. 100.00 BogoMIPS (lpj=200000)
[    0.049254] pid_max: default: 65536 minimum: 512
[    0.053938] LSM: Security Framework initializing
[    0.081477] Dentry cache hash table entries: 8388608 (order: 14, 67108864 bytes, vmalloc)
[    0.100774] Inode-cache hash table entries: 4194304 (order: 13, 33554432 bytes, vmalloc)
[    0.109303] Mount-cache hash table entries: 131072 (order: 8, 1048576 bytes, vmalloc)
[    0.117514] Mountpoint-cache hash table entries: 131072 (order: 8, 1048576 bytes, vmalloc)
[    0.127683] cblist_init_generic: Setting adjustable number of callback queues.
[    0.135010] cblist_init_generic: Setting shift to 6 and lim to 1.
[    0.141215] cblist_init_generic: Setting shift to 6 and lim to 1.
[    0.147432] rcu: Hierarchical SRCU implementation.
[    0.147455] printk: bootconsole [pl11] printing thread started
[    0.158195] Platform MSI: ITS@0x4c000000 domain created
[    0.158199] Platform MSI: ITS@0x6c000000 domain created
[    0.158202] Platform MSI: ITS@0xc6000000 domain created
[    0.158205] Platform MSI: ITS@0x8c6000000 domain created
[    0.158208] Platform MSI: ITS@0x4004c000000 domain created
[    0.158210] Platform MSI: ITS@0x4006c000000 domain created
[    0.158214] Platform MSI: ITS@0x400c6000000 domain created
[    0.158217] Platform MSI: ITS@0x408c6000000 domain created
[    0.158223] PCI/MSI: ITS@0x4c000000 domain created
[    0.158226] PCI/MSI: ITS@0x6c000000 domain created
[    0.158229] PCI/MSI: ITS@0xc6000000 domain created
[    0.158232] PCI/MSI: ITS@0x8c6000000 domain created
[    0.158234] PCI/MSI: ITS@0x4004c000000 domain created
[    0.158237] PCI/MSI: ITS@0x4006c000000 domain created
[    0.158240] PCI/MSI: ITS@0x400c6000000 domain created
[    0.158242] PCI/MSI: ITS@0x408c6000000 domain created
[    0.158248] fsl-mc MSI: ITS@0x4c000000 domain created
[    0.158251] fsl-mc MSI: ITS@0x6c000000 domain created
[    0.158253] fsl-mc MSI: ITS@0xc6000000 domain created
[    0.158255] fsl-mc MSI: ITS@0x8c6000000 domain created
[    0.158258] fsl-mc MSI: ITS@0x4004c000000 domain created
[    0.158261] fsl-mc MSI: ITS@0x4006c000000 domain created
[    0.158267] fsl-mc MSI: ITS@0x400c6000000 domain created
[    0.158269] fsl-mc MSI: ITS@0x408c6000000 domain created
[    0.158289] Remapping and enabling EFI services.
[    0.160734] smp: Bringing up secondary CPUs ...
[    0.296729] Detected PIPT I-cache on CPU1
[    0.296746] GICv3: CPU1: found redistributor 10001 region 1:0x000000004d140000
[    0.296753] GICv3: CPU1: using allocated LPI pending table @0x0000001040330000
[    0.296902] arch_timer: CPU1: Trapping CNTVCT access
[    0.296907] CPU1: Booted secondary processor 0x0000010001 [0x410fd082]
[    0.299339] Detected PIPT I-cache on CPU2
[    0.299347] GICv3: CPU2: found redistributor 10002 region 2:0x000000004d180000
[    0.299353] GICv3: CPU2: using allocated LPI pending table @0x0000001040340000
[    0.299493] arch_timer: CPU2: Trapping CNTVCT access
[    0.299497] CPU2: Booted secondary processor 0x0000010002 [0x410fd082]
[    0.301911] Detected PIPT I-cache on CPU3
[    0.301920] GICv3: CPU3: found redistributor 10003 region 3:0x000000004d1c0000
[    0.301926] GICv3: CPU3: using allocated LPI pending table @0x0000001040350000
[    0.302065] arch_timer: CPU3: Trapping CNTVCT access
[    0.302068] CPU3: Booted secondary processor 0x0000010003 [0x410fd082]
[    0.393473] Detected PIPT I-cache on CPU4
[    0.393484] GICv3: CPU4: found redistributor 10100 region 4:0x000000004d200000
[    0.393489] GICv3: CPU4: using allocated LPI pending table @0x0000001040360000
[    0.393627] arch_timer: CPU4: Trapping CNTVCT access
[    0.393631] CPU4: Booted secondary processor 0x0000010100 [0x410fd082]
[    0.396056] Detected PIPT I-cache on CPU5
[    0.396065] GICv3: CPU5: found redistributor 10101 region 5:0x000000004d240000
[    0.396070] GICv3: CPU5: using allocated LPI pending table @0x0000001040370000
[    0.396207] arch_timer: CPU5: Trapping CNTVCT access
[    0.396210] CPU5: Booted secondary processor 0x0000010101 [0x410fd082]
[    0.398631] Detected PIPT I-cache on CPU6
[    0.398640] GICv3: CPU6: found redistributor 10102 region 6:0x000000004d280000
[    0.398646] GICv3: CPU6: using allocated LPI pending table @0x0000001041800000
[    0.398784] arch_timer: CPU6: Trapping CNTVCT access
[    0.398787] CPU6: Booted secondary processor 0x0000010102 [0x410fd082]
[    0.490211] Detected PIPT I-cache on CPU7
[    0.490220] GICv3: CPU7: found redistributor 10103 region 7:0x000000004d2c0000
[    0.490226] GICv3: CPU7: using allocated LPI pending table @0x0000001041810000
[    0.490365] arch_timer: CPU7: Trapping CNTVCT access
[    0.490368] CPU7: Booted secondary processor 0x0000010103 [0x410fd082]
[    0.492793] Detected PIPT I-cache on CPU8
[    0.492805] GICv3: CPU8: found redistributor 10200 region 8:0x000000004d300000
[    0.492811] GICv3: CPU8: using allocated LPI pending table @0x0000001041820000
[    0.492949] arch_timer: CPU8: Trapping CNTVCT access
[    0.492953] CPU8: Booted secondary processor 0x0000010200 [0x410fd082]
[    0.495390] Detected PIPT I-cache on CPU9
[    0.495399] GICv3: CPU9: found redistributor 10201 region 9:0x000000004d340000
[    0.495405] GICv3: CPU9: using allocated LPI pending table @0x0000001041830000
[    0.495537] arch_timer: CPU9: Trapping CNTVCT access
[    0.495541] CPU9: Booted secondary processor 0x0000010201 [0x410fd082]
[    0.586941] Detected PIPT I-cache on CPU10
[    0.586951] GICv3: CPU10: found redistributor 10202 region 10:0x000000004d380000
[    0.586957] GICv3: CPU10: using allocated LPI pending table @0x0000001041840000
[    0.587094] arch_timer: CPU10: Trapping CNTVCT access
[    0.587097] CPU10: Booted secondary processor 0x0000010202 [0x410fd082]
[    0.589521] Detected PIPT I-cache on CPU11
[    0.589531] GICv3: CPU11: found redistributor 10203 region 11:0x000000004d3c0000
[    0.589537] GICv3: CPU11: using allocated LPI pending table @0x0000001041850000
[    0.589674] arch_timer: CPU11: Trapping CNTVCT access
[    0.589677] CPU11: Booted secondary processor 0x0000010203 [0x410fd082]
[    0.592103] Detected PIPT I-cache on CPU12
[    0.592116] GICv3: CPU12: found redistributor 10300 region 12:0x000000004d400000
[    0.592122] GICv3: CPU12: using allocated LPI pending table @0x0000001041860000
[    0.592258] arch_timer: CPU12: Trapping CNTVCT access
[    0.592262] CPU12: Booted secondary processor 0x0000010300 [0x410fd082]
[    0.685267] Detected PIPT I-cache on CPU13
[    0.685277] GICv3: CPU13: found redistributor 10301 region 13:0x000000004d440000
[    0.685283] GICv3: CPU13: using allocated LPI pending table @0x0000001041870000
[    0.685419] arch_timer: CPU13: Trapping CNTVCT access
[    0.685422] CPU13: Booted secondary processor 0x0000010301 [0x410fd082]
[    0.687845] Detected PIPT I-cache on CPU14
[    0.687856] GICv3: CPU14: found redistributor 10302 region 14:0x000000004d480000
[    0.687862] GICv3: CPU14: using allocated LPI pending table @0x0000001041880000
[    0.687997] arch_timer: CPU14: Trapping CNTVCT access
[    0.687999] CPU14: Booted secondary processor 0x0000010302 [0x410fd082]
[    0.690427] Detected PIPT I-cache on CPU15
[    0.690438] GICv3: CPU15: found redistributor 10303 region 15:0x000000004d4c0000
[    0.690444] GICv3: CPU15: using allocated LPI pending table @0x0000001041890000
[    0.690580] arch_timer: CPU15: Trapping CNTVCT access
[    0.690583] CPU15: Booted secondary processor 0x0000010303 [0x410fd082]
[    0.783546] Detected PIPT I-cache on CPU16
[    0.783564] GICv3: CPU16: found redistributor 30000 region 16:0x000000006d100000
[    0.783571] GICv3: CPU16: using allocated LPI pending table @0x00000010418a0000
[    0.783752] arch_timer: CPU16: Trapping CNTVCT access
[    0.783757] CPU16: Booted secondary processor 0x0000030000 [0x410fd082]
[    0.786238] Detected PIPT I-cache on CPU17
[    0.786251] GICv3: CPU17: found redistributor 30001 region 17:0x000000006d140000
[    0.786256] GICv3: CPU17: using allocated LPI pending table @0x00000010418b0000
[    0.786434] arch_timer: CPU17: Trapping CNTVCT access
[    0.786437] CPU17: Booted secondary processor 0x0000030001 [0x410fd082]
[    0.788845] Detected PIPT I-cache on CPU18
[    0.788857] GICv3: CPU18: found redistributor 30002 region 18:0x000000006d180000
[    0.788863] GICv3: CPU18: using allocated LPI pending table @0x00000010418c0000
[    0.789042] arch_timer: CPU18: Trapping CNTVCT access
[    0.789045] CPU18: Booted secondary processor 0x0000030002 [0x410fd082]
[    0.881892] Detected PIPT I-cache on CPU19
[    0.881905] GICv3: CPU19: found redistributor 30003 region 19:0x000000006d1c0000
[    0.881911] GICv3: CPU19: using allocated LPI pending table @0x00000010418d0000
[    0.882089] arch_timer: CPU19: Trapping CNTVCT access
[    0.882093] CPU19: Booted secondary processor 0x0000030003 [0x410fd082]
[    0.884496] Detected PIPT I-cache on CPU20
[    0.884515] GICv3: CPU20: found redistributor 30100 region 20:0x000000006d200000
[    0.884522] GICv3: CPU20: using allocated LPI pending table @0x00000010418e0000
[    0.884703] arch_timer: CPU20: Trapping CNTVCT access
[    0.884708] CPU20: Booted secondary processor 0x0000030100 [0x410fd082]
[    0.887136] Detected PIPT I-cache on CPU21
[    0.887149] GICv3: CPU21: found redistributor 30101 region 21:0x000000006d240000
[    0.887155] GICv3: CPU21: using allocated LPI pending table @0x00000010418f0000
[    0.887332] arch_timer: CPU21: Trapping CNTVCT access
[    0.887336] CPU21: Booted secondary processor 0x0000030101 [0x410fd082]
[    0.980223] Detected PIPT I-cache on CPU22
[    0.980236] GICv3: CPU22: found redistributor 30102 region 22:0x000000006d280000
[    0.980242] GICv3: CPU22: using allocated LPI pending table @0x0000001041900000
[    0.980422] arch_timer: CPU22: Trapping CNTVCT access
[    0.980425] CPU22: Booted secondary processor 0x0000030102 [0x410fd082]
[    0.982830] Detected PIPT I-cache on CPU23
[    0.982843] GICv3: CPU23: found redistributor 30103 region 23:0x000000006d2c0000
[    0.982849] GICv3: CPU23: using allocated LPI pending table @0x0000001041910000
[    0.983027] arch_timer: CPU23: Trapping CNTVCT access
[    0.983031] CPU23: Booted secondary processor 0x0000030103 [0x410fd082]
[    0.985441] Detected PIPT I-cache on CPU24
[    0.985462] GICv3: CPU24: found redistributor 30200 region 24:0x000000006d300000
[    0.985469] GICv3: CPU24: using allocated LPI pending table @0x0000001041920000
[    0.985651] arch_timer: CPU24: Trapping CNTVCT access
[    0.985656] CPU24: Booted secondary processor 0x0000030200 [0x410fd082]
[    1.078581] Detected PIPT I-cache on CPU25
[    1.078595] GICv3: CPU25: found redistributor 30201 region 25:0x000000006d340000
[    1.078602] GICv3: CPU25: using allocated LPI pending table @0x0000001041930000
[    1.078780] arch_timer: CPU25: Trapping CNTVCT access
[    1.078784] CPU25: Booted secondary processor 0x0000030201 [0x410fd082]
[    1.081194] Detected PIPT I-cache on CPU26
[    1.081209] GICv3: CPU26: found redistributor 30202 region 26:0x000000006d380000
[    1.081215] GICv3: CPU26: using allocated LPI pending table @0x0000001041940000
[    1.081393] arch_timer: CPU26: Trapping CNTVCT access
[    1.081396] CPU26: Booted secondary processor 0x0000030202 [0x410fd082]
[    1.083812] Detected PIPT I-cache on CPU27
[    1.083827] GICv3: CPU27: found redistributor 30203 region 27:0x000000006d3c0000
[    1.083834] GICv3: CPU27: using allocated LPI pending table @0x0000001041950000
[    1.084012] arch_timer: CPU27: Trapping CNTVCT access
[    1.084016] CPU27: Booted secondary processor 0x0000030203 [0x410fd082]
[    1.176914] Detected PIPT I-cache on CPU28
[    1.176935] GICv3: CPU28: found redistributor 30300 region 28:0x000000006d400000
[    1.176943] GICv3: CPU28: using allocated LPI pending table @0x0000001041960000
[    1.177124] arch_timer: CPU28: Trapping CNTVCT access
[    1.177129] CPU28: Booted secondary processor 0x0000030300 [0x410fd082]
[    1.179564] Detected PIPT I-cache on CPU29
[    1.179579] GICv3: CPU29: found redistributor 30301 region 29:0x000000006d440000
[    1.179586] GICv3: CPU29: using allocated LPI pending table @0x0000001041970000
[    1.179763] arch_timer: CPU29: Trapping CNTVCT access
[    1.179767] CPU29: Booted secondary processor 0x0000030301 [0x410fd082]
[    1.182175] Detected PIPT I-cache on CPU30
[    1.182190] GICv3: CPU30: found redistributor 30302 region 30:0x000000006d480000
[    1.182196] GICv3: CPU30: using allocated LPI pending table @0x0000001041980000
[    1.182374] arch_timer: CPU30: Trapping CNTVCT access
[    1.182377] CPU30: Booted secondary processor 0x0000030302 [0x410fd082]
[    1.275253] Detected PIPT I-cache on CPU31
[    1.275269] GICv3: CPU31: found redistributor 30303 region 31:0x000000006d4c0000
[    1.275275] GICv3: CPU31: using allocated LPI pending table @0x0000001041990000
[    1.275453] arch_timer: CPU31: Trapping CNTVCT access
[    1.275456] CPU31: Booted secondary processor 0x0000030303 [0x410fd082]
[    1.278057] Detected PIPT I-cache on CPU32
[    1.278116] GICv3: CPU32: found redistributor 50000 region 32:0x000004004d100000
[    1.278135] GICv3: CPU32: using allocated LPI pending table @0x00000010419a0000
[    1.278314] arch_timer: CPU32: Trapping CNTVCT access
[    1.278324] CPU32: Booted secondary processor 0x0000050000 [0x410fd082]
[    1.281175] Detected PIPT I-cache on CPU33
[    1.281208] GICv3: CPU33: found redistributor 50001 region 33:0x000004004d140000
[    1.281219] GICv3: CPU33: using allocated LPI pending table @0x00000010419b0000
[    1.281357] arch_timer: CPU33: Trapping CNTVCT access
[    1.281360] CPU33: Booted secondary processor 0x0000050001 [0x410fd082]
[    1.373791] Detected PIPT I-cache on CPU34
[    1.373825] GICv3: CPU34: found redistributor 50002 region 34:0x000004004d180000
[    1.373836] GICv3: CPU34: using allocated LPI pending table @0x00000010419c0000
[    1.373973] arch_timer: CPU34: Trapping CNTVCT access
[    1.373976] CPU34: Booted secondary processor 0x0000050002 [0x410fd082]
[    1.376583] Detected PIPT I-cache on CPU35
[    1.376616] GICv3: CPU35: found redistributor 50003 region 35:0x000004004d1c0000
[    1.376626] GICv3: CPU35: using allocated LPI pending table @0x00000010419d0000
[    1.376762] arch_timer: CPU35: Trapping CNTVCT access
[    1.376765] CPU35: Booted secondary processor 0x0000050003 [0x410fd082]
[    1.379370] Detected PIPT I-cache on CPU36
[    1.379405] GICv3: CPU36: found redistributor 50100 region 36:0x000004004d200000
[    1.379415] GICv3: CPU36: using allocated LPI pending table @0x00000010419e0000
[    1.379554] arch_timer: CPU36: Trapping CNTVCT access
[    1.379558] CPU36: Booted secondary processor 0x0000050100 [0x410fd082]
[    1.472335] Detected PIPT I-cache on CPU37
[    1.472369] GICv3: CPU37: found redistributor 50101 region 37:0x000004004d240000
[    1.472379] GICv3: CPU37: using allocated LPI pending table @0x00000010419f0000
[    1.472517] arch_timer: CPU37: Trapping CNTVCT access
[    1.472520] CPU37: Booted secondary processor 0x0000050101 [0x410fd082]
[    1.475110] Detected PIPT I-cache on CPU38
[    1.475143] GICv3: CPU38: found redistributor 50102 region 38:0x000004004d280000
[    1.475153] GICv3: CPU38: using allocated LPI pending table @0x0000001041a00000
[    1.475289] arch_timer: CPU38: Trapping CNTVCT access
[    1.475292] CPU38: Booted secondary processor 0x0000050102 [0x410fd082]
[    1.477901] Detected PIPT I-cache on CPU39
[    1.477934] GICv3: CPU39: found redistributor 50103 region 39:0x000004004d2c0000
[    1.477944] GICv3: CPU39: using allocated LPI pending table @0x0000001041a10000
[    1.478082] arch_timer: CPU39: Trapping CNTVCT access
[    1.478085] CPU39: Booted secondary processor 0x0000050103 [0x410fd082]
[    1.570919] Detected PIPT I-cache on CPU40
[    1.570956] GICv3: CPU40: found redistributor 50200 region 40:0x000004004d300000
[    1.570967] GICv3: CPU40: using allocated LPI pending table @0x0000001041a20000
[    1.571105] arch_timer: CPU40: Trapping CNTVCT access
[    1.571109] CPU40: Booted secondary processor 0x0000050200 [0x410fd082]
[    1.573730] Detected PIPT I-cache on CPU41
[    1.573764] GICv3: CPU41: found redistributor 50201 region 41:0x000004004d340000
[    1.573774] GICv3: CPU41: using allocated LPI pending table @0x0000001041a30000
[    1.573913] arch_timer: CPU41: Trapping CNTVCT access
[    1.573916] CPU41: Booted secondary processor 0x0000050201 [0x410fd082]
[    1.576504] Detected PIPT I-cache on CPU42
[    1.576538] GICv3: CPU42: found redistributor 50202 region 42:0x000004004d380000
[    1.576548] GICv3: CPU42: using allocated LPI pending table @0x0000001041a40000
[    1.576685] arch_timer: CPU42: Trapping CNTVCT access
[    1.576689] CPU42: Booted secondary processor 0x0000050202 [0x410fd082]
[    1.669534] Detected PIPT I-cache on CPU43
[    1.669569] GICv3: CPU43: found redistributor 50203 region 43:0x000004004d3c0000
[    1.669581] GICv3: CPU43: using allocated LPI pending table @0x0000001041a50000
[    1.669718] arch_timer: CPU43: Trapping CNTVCT access
[    1.669721] CPU43: Booted secondary processor 0x0000050203 [0x410fd082]
[    1.672330] Detected PIPT I-cache on CPU44
[    1.672367] GICv3: CPU44: found redistributor 50300 region 44:0x000004004d400000
[    1.672378] GICv3: CPU44: using allocated LPI pending table @0x0000001041a60000
[    1.672517] arch_timer: CPU44: Trapping CNTVCT access
[    1.672521] CPU44: Booted secondary processor 0x0000050300 [0x410fd082]
[    1.675131] Detected PIPT I-cache on CPU45
[    1.675166] GICv3: CPU45: found redistributor 50301 region 45:0x000004004d440000
[    1.675176] GICv3: CPU45: using allocated LPI pending table @0x0000001041a70000
[    1.675315] arch_timer: CPU45: Trapping CNTVCT access
[    1.675318] CPU45: Booted secondary processor 0x0000050301 [0x410fd082]
[    1.768063] Detected PIPT I-cache on CPU46
[    1.768099] GICv3: CPU46: found redistributor 50302 region 46:0x000004004d480000
[    1.768110] GICv3: CPU46: using allocated LPI pending table @0x0000001041a80000
[    1.768249] arch_timer: CPU46: Trapping CNTVCT access
[    1.768252] CPU46: Booted secondary processor 0x0000050302 [0x410fd082]
[    1.770856] Detected PIPT I-cache on CPU47
[    1.770891] GICv3: CPU47: found redistributor 50303 region 47:0x000004004d4c0000
[    1.770901] GICv3: CPU47: using allocated LPI pending table @0x0000001041a90000
[    1.771038] arch_timer: CPU47: Trapping CNTVCT access
[    1.771041] CPU47: Booted secondary processor 0x0000050303 [0x410fd082]
[    1.773679] Detected PIPT I-cache on CPU48
[    1.773722] GICv3: CPU48: found redistributor 70000 region 48:0x000004006d100000
[    1.773735] GICv3: CPU48: using allocated LPI pending table @0x0000001041aa0000
[    1.773917] arch_timer: CPU48: Trapping CNTVCT access
[    1.773921] CPU48: Booted secondary processor 0x0000070000 [0x410fd082]
[    1.866769] Detected PIPT I-cache on CPU49
[    1.866809] GICv3: CPU49: found redistributor 70001 region 49:0x000004006d140000
[    1.866820] GICv3: CPU49: using allocated LPI pending table @0x0000001041ab0000
[    1.866999] arch_timer: CPU49: Trapping CNTVCT access
[    1.867002] CPU49: Booted secondary processor 0x0000070001 [0x410fd082]
[    1.869637] Detected PIPT I-cache on CPU50
[    1.869676] GICv3: CPU50: found redistributor 70002 region 50:0x000004006d180000
[    1.869687] GICv3: CPU50: using allocated LPI pending table @0x0000001041ac0000
[    1.869865] arch_timer: CPU50: Trapping CNTVCT access
[    1.869869] CPU50: Booted secondary processor 0x0000070002 [0x410fd082]
[    1.872510] Detected PIPT I-cache on CPU51
[    1.872549] GICv3: CPU51: found redistributor 70003 region 51:0x000004006d1c0000
[    1.872561] GICv3: CPU51: using allocated LPI pending table @0x0000001041ad0000
[    1.872740] arch_timer: CPU51: Trapping CNTVCT access
[    1.872743] CPU51: Booted secondary processor 0x0000070003 [0x410fd082]
[    1.965507] Detected PIPT I-cache on CPU52
[    1.965553] GICv3: CPU52: found redistributor 70100 region 52:0x000004006d200000
[    1.965566] GICv3: CPU52: using allocated LPI pending table @0x0000001041ae0000
[    1.965749] arch_timer: CPU52: Trapping CNTVCT access
[    1.965754] CPU52: Booted secondary processor 0x0000070100 [0x410fd082]
[    1.968453] Detected PIPT I-cache on CPU53
[    1.968492] GICv3: CPU53: found redistributor 70101 region 53:0x000004006d240000
[    1.968504] GICv3: CPU53: using allocated LPI pending table @0x0000001041af0000
[    1.968683] arch_timer: CPU53: Trapping CNTVCT access
[    1.968686] CPU53: Booted secondary processor 0x0000070101 [0x410fd082]
[    1.971317] Detected PIPT I-cache on CPU54
[    1.971356] GICv3: CPU54: found redistributor 70102 region 54:0x000004006d280000
[    1.971367] GICv3: CPU54: using allocated LPI pending table @0x0000001041b00000
[    1.971546] arch_timer: CPU54: Trapping CNTVCT access
[    1.971550] CPU54: Booted secondary processor 0x0000070102 [0x410fd082]
[    2.064199] Detected PIPT I-cache on CPU55
[    2.064240] GICv3: CPU55: found redistributor 70103 region 55:0x000004006d2c0000
[    2.064252] GICv3: CPU55: using allocated LPI pending table @0x0000001041b10000
[    2.064430] arch_timer: CPU55: Trapping CNTVCT access
[    2.064434] CPU55: Booted secondary processor 0x0000070103 [0x410fd082]
[    2.067082] Detected PIPT I-cache on CPU56
[    2.067129] GICv3: CPU56: found redistributor 70200 region 56:0x000004006d300000
[    2.067142] GICv3: CPU56: using allocated LPI pending table @0x0000001041b20000
[    2.067324] arch_timer: CPU56: Trapping CNTVCT access
[    2.067329] CPU56: Booted secondary processor 0x0000070200 [0x410fd082]
[    2.069996] Detected PIPT I-cache on CPU57
[    2.070037] GICv3: CPU57: found redistributor 70201 region 57:0x000004006d340000
[    2.070049] GICv3: CPU57: using allocated LPI pending table @0x0000001041b30000
[    2.070228] arch_timer: CPU57: Trapping CNTVCT access
[    2.070232] CPU57: Booted secondary processor 0x0000070201 [0x410fd082]
[    2.162843] Detected PIPT I-cache on CPU58
[    2.162884] GICv3: CPU58: found redistributor 70202 region 58:0x000004006d380000
[    2.162896] GICv3: CPU58: using allocated LPI pending table @0x0000001041b40000
[    2.163076] arch_timer: CPU58: Trapping CNTVCT access
[    2.163079] CPU58: Booted secondary processor 0x0000070202 [0x410fd082]
[    2.165727] Detected PIPT I-cache on CPU59
[    2.165767] GICv3: CPU59: found redistributor 70203 region 59:0x000004006d3c0000
[    2.165779] GICv3: CPU59: using allocated LPI pending table @0x0000001041b50000
[    2.165959] arch_timer: CPU59: Trapping CNTVCT access
[    2.165962] CPU59: Booted secondary processor 0x0000070203 [0x410fd082]
[    2.168602] Detected PIPT I-cache on CPU60
[    2.168649] GICv3: CPU60: found redistributor 70300 region 60:0x000004006d400000
[    2.168664] GICv3: CPU60: using allocated LPI pending table @0x0000001041b60000
[    2.168846] arch_timer: CPU60: Trapping CNTVCT access
[    2.168851] CPU60: Booted secondary processor 0x0000070300 [0x410fd082]
[    2.261482] Detected PIPT I-cache on CPU61
[    2.261524] GICv3: CPU61: found redistributor 70301 region 61:0x000004006d440000
[    2.261537] GICv3: CPU61: using allocated LPI pending table @0x0000001041b70000
[    2.261716] arch_timer: CPU61: Trapping CNTVCT access
[    2.261719] CPU61: Booted secondary processor 0x0000070301 [0x410fd082]
[    2.264356] Detected PIPT I-cache on CPU62
[    2.264397] GICv3: CPU62: found redistributor 70302 region 62:0x000004006d480000
[    2.264409] GICv3: CPU62: using allocated LPI pending table @0x0000001041b80000
[    2.264589] arch_timer: CPU62: Trapping CNTVCT access
[    2.264592] CPU62: Booted secondary processor 0x0000070302 [0x410fd082]
[    2.267232] Detected PIPT I-cache on CPU63
[    2.267274] GICv3: CPU63: found redistributor 70303 region 63:0x000004006d4c0000
[    2.267285] GICv3: CPU63: using allocated LPI pending table @0x0000001041b90000
[    2.267465] arch_timer: CPU63: Trapping CNTVCT access
[    2.267468] CPU63: Booted secondary processor 0x0000070303 [0x410fd082]
[    2.357618] smp: Brought up 4 nodes, 64 CPUs
[    2.357621] SMP: Total of 64 processors activated.
[    2.357624] CPU features: detected: 32-bit EL0 Support
[    2.357625] CPU features: detected: 32-bit EL1 Support
[    2.357628] CPU features: detected: CRC32 instructions
[    2.360124] CPU: All CPU(s) started at EL2
[    2.360267] alternatives: patching kernel code
[    2.366328] devtmpfs: initialized
[    2.366828] KASLR disabled due to lack of seed
[    2.366939] clocksource: jiffies: mask: 0xffffffff max_cycles: 0xffffffff, max_idle_ns: 7645041785100000 ns
[    2.367027] futex hash table entries: 16384 (order: 8, 1048576 bytes, vmalloc)
[    2.367787] pinctrl core: initialized pinctrl subsystem
[    2.368169] SMBIOS 3.0.0 present.
[    2.368175] DMI: Huawei Taishan 2280 /D05, BIOS Hisilicon D05 IT21 Nemo 2.0 RC0 04/18/2018
[    2.368603] NET: Registered PF_NETLINK/PF_ROUTE protocol family
[    2.370565] DMA: preallocated 4096 KiB GFP_KERNEL pool for atomic allocations
[    2.371434] DMA: preallocated 4096 KiB GFP_KERNEL|GFP_DMA pool for atomic allocations
[    2.372209] DMA: preallocated 4096 KiB GFP_KERNEL|GFP_DMA32 pool for atomic allocations
[    2.372234] audit: initializing netlink subsys (disabled)
[    2.372289] audit: type=2000 audit(2.308:1): state=initialized audit_enabled=0 res=1
[    2.372613] thermal_sys: Registered thermal governor 'step_wise'
[    2.372616] thermal_sys: Registered thermal governor 'power_allocator'
[    2.372649] cpuidle: using governor menu
[    2.372822] hw-breakpoint: found 6 breakpoint and 4 watchpoint registers.
[    2.373612] ASID allocator initialised with 32768 entries
[    2.373615] HugeTLB: can optimize 4095 vmemmap pages for hugepages-1048576kB
[    2.373617] HugeTLB: can optimize 127 vmemmap pages for hugepages-32768kB
[    2.373619] HugeTLB: can optimize 7 vmemmap pages for hugepages-2048kB
[    2.373621] HugeTLB: can optimize 0 vmemmap pages for hugepages-64kB
[    2.373927] acpiphp: ACPI Hot Plug PCI Controller Driver version: 0.5
[    2.374085] Serial: AMBA PL011 UART driver
[    2.378637] HugeTLB registered 1.00 GiB page size, pre-allocated 0 pages
[    2.378639] HugeTLB registered 32.0 MiB page size, pre-allocated 0 pages
[    2.378642] HugeTLB registered 2.00 MiB page size, pre-allocated 0 pages
[    2.378644] HugeTLB registered 64.0 KiB page size, pre-allocated 0 pages
[    2.380505] ACPI: Added _OSI(Module Device)
[    2.380507] ACPI: Added _OSI(Processor Device)
[    2.380509] ACPI: Added _OSI(3.0 _SCP Extensions)
[    2.380511] ACPI: Added _OSI(Processor Aggregator Device)
[    2.380513] ACPI: Added _OSI(Linux-Dell-Video)
[    2.380515] ACPI: Added _OSI(Linux-Lenovo-NV-HDMI-Audio)
[    2.380518] ACPI: Added _OSI(Linux-HPI-Hybrid-Graphics)
[    2.382833] ACPI: 1 ACPI AML tables successfully acquired and loaded
[    2.384430] ACPI: Interpreter enabled
[    2.384432] ACPI: Using GIC for interrupt routing
[    2.384446] ACPI: MCFG table detected, 8 entries
[    2.384451] ACPI: IORT: SMMU-v3[a0040000] Mapped to Proximity domain 0
[    2.384507] ACPI: IORT: SMMU-v3[700a0040000] Mapped to Proximity domain 3
[    2.384543] ACPI: IORT: SMMU-v3[c0040000] Mapped to Proximity domain 0
[    2.384579] ACPI: IORT: SMMU-v3[8a0040000] Mapped to Proximity domain 1
[    2.384613] ACPI: IORT: SMMU-v3[600a0040000] Mapped to Proximity domain 2
[    2.416486] ACPI: PCI Root Bridge [PCI2] (domain 0002 [bus f8-ff])
[    2.416495] acpi PNP0A08:00: _OSC: OS supports [ExtendedConfig Segments MSI HPX-Type3]
[    2.416498] acpi PNP0A08:00: _OSC: not requesting OS control; OS requires [ExtendedConfig ASPM ClockPM MSI]
[    2.416575] acpi PNP0A08:00: MCFG quirk: ECAM at [mem 0xaf800000-0xafffffff] for [bus f8-ff] with hisi_pcie_ops
[    2.417581] acpi PNP0A08:00: ECAM area [mem 0xaf800000-0xafffffff] reserved by PNP0C02:00
[    2.418005] acpi PNP0A08:00: ECAM at [mem 0xaf800000-0xafffffff] for [bus f8-ff]
[    2.418035] ACPI: Remapped I/O 0x00000000af7f0000 to [io  0x0000-0xffff window]
[    2.418087] PCI host bridge to bus 0002:f8
[    2.418090] pci_bus 0002:f8: root bus resource [mem 0xa8000000-0xaf7effff window]
[    2.418093] pci_bus 0002:f8: root bus resource [io  0x0000-0xffff window]
[    2.418095] pci_bus 0002:f8: root bus resource [bus f8-ff]
[    2.418113] pci 0002:f8:00.0: [19e5:1610] type 01 class 0x060400
[    2.418116] pci_bus 0002:f8: 2-byte config write to 0002:f8:00.0 offset 0x4 may corrupt adjacent RW1C bits
[    2.418124] pci 0002:f8:00.0: reg 0x10: [mem 0x00000000-0x0000ffff]
[    2.418158] pci 0002:f8:00.0: supports D1 D2
[    2.418160] pci 0002:f8:00.0: PME# supported from D0 D1 D3hot
[    2.418272] pci 0002:f9:00.0: [9710:9912] type 00 class 0x070002
[    2.418294] pci 0002:f9:00.0: reg 0x10: [io  0x0000-0x0007]
[    2.418305] pci 0002:f9:00.0: reg 0x14: [mem 0xa8005000-0xa8005fff]
[    2.418341] pci 0002:f9:00.0: reg 0x24: [mem 0xa8004000-0xa8004fff]
[    2.418433] pci 0002:f9:00.0: PME# supported from D3hot D3cold
[    2.418548] pci 0002:f9:00.1: [9710:9912] type 00 class 0x070002
[    2.418569] pci 0002:f9:00.1: reg 0x10: [io  0x0000-0x0007]
[    2.418584] pci 0002:f9:00.1: reg 0x14: [mem 0xa8003000-0xa8003fff]
[    2.418619] pci 0002:f9:00.1: reg 0x24: [mem 0xa8002000-0xa8002fff]
[    2.418698] pci 0002:f9:00.1: PME# supported from D3hot D3cold
[    2.418800] pci 0002:f9:00.2: [9710:9912] type 00 class 0x070103
[    2.418821] pci 0002:f9:00.2: reg 0x10: [io  0x0000-0x0007]
[    2.418831] pci 0002:f9:00.2: reg 0x14: [io  0x0000-0x0007]
[    2.418841] pci 0002:f9:00.2: reg 0x18: [mem 0xa8001000-0xa8001fff]
[    2.418869] pci 0002:f9:00.2: reg 0x24: [mem 0xa8000000-0xa8000fff]
[    2.418948] pci 0002:f9:00.2: PME# supported from D3hot D3cold
[    2.419047] pci_bus 0002:f8: on NUMA node 0
[    2.419055] pci 0002:f8:00.0: BAR 14: assigned [mem 0xa8000000-0xa80fffff]
[    2.419058] pci 0002:f8:00.0: BAR 0: assigned [mem 0xa8100000-0xa810ffff]
[    2.419061] pci 0002:f8:00.0: BAR 13: assigned [io  0x1000-0x1fff]
[    2.419065] pci 0002:f9:00.0: BAR 1: assigned [mem 0xa8000000-0xa8000fff]
[    2.419071] pci 0002:f9:00.0: BAR 5: assigned [mem 0xa8001000-0xa8001fff]
[    2.419077] pci 0002:f9:00.1: BAR 1: assigned [mem 0xa8002000-0xa8002fff]
[    2.419083] pci 0002:f9:00.1: BAR 5: assigned [mem 0xa8003000-0xa8003fff]
[    2.419089] pci 0002:f9:00.2: BAR 2: assigned [mem 0xa8004000-0xa8004fff]
[    2.419095] pci 0002:f9:00.2: BAR 5: assigned [mem 0xa8005000-0xa8005fff]
[    2.419100] pci 0002:f9:00.0: BAR 0: assigned [io  0x1000-0x1007]
[    2.419106] pci 0002:f9:00.1: BAR 0: assigned [io  0x1008-0x100f]
[    2.419112] pci 0002:f9:00.2: BAR 0: assigned [io  0x1010-0x1017]
[    2.419117] pci 0002:f9:00.2: BAR 1: assigned [io  0x1018-0x101f]
[    2.419124] pci 0002:f8:00.0: PCI bridge to [bus f9]
[    2.419127] pci 0002:f8:00.0:   bridge window [io  0x1000-0x1fff]
[    2.419130] pci 0002:f8:00.0:   bridge window [mem 0xa8000000-0xa80fffff]
[    2.419134] pci_bus 0002:f8: resource 4 [mem 0xa8000000-0xaf7effff window]
[    2.419137] pci_bus 0002:f8: resource 5 [io  0x0000-0xffff window]
[    2.419139] pci_bus 0002:f9: resource 0 [io  0x1000-0x1fff]
[    2.419141] pci_bus 0002:f9: resource 1 [mem 0xa8000000-0xa80fffff]
[    2.419313] ACPI: PCI Root Bridge [PCI4] (domain 0004 [bus 88-8f])
[    2.419319] acpi PNP0A08:01: _OSC: OS supports [ExtendedConfig Segments MSI HPX-Type3]
[    2.419322] acpi PNP0A08:01: _OSC: not requesting OS control; OS requires [ExtendedConfig ASPM ClockPM MSI]
[    2.419391] acpi PNP0A08:01: MCFG quirk: ECAM at [mem 0x8a8800000-0x8a8ffffff] for [bus 88-8f] with hisi_pcie_ops
[    2.420680] acpi PNP0A08:01: ECAM area [mem 0x8a8800000-0x8a8ffffff] reserved by PNP0C02:01
[    2.421143] acpi PNP0A08:01: ECAM at [mem 0x8a8800000-0x8a8ffffff] for [bus 88-8f]
[    2.421170] ACPI: Remapped I/O 0x00000008abff0000 to [io  0x10000-0x1ffff window]
[    2.421217] PCI host bridge to bus 0004:88
[    2.421220] pci_bus 0004:88: root bus resource [mem 0x8a9000000-0x8abfeffff window] (bus address [0xa9000000-0xabfeffff])
[    2.421224] pci_bus 0004:88: root bus resource [io  0x10000-0x1ffff window] (bus address [0x0000-0xffff])
[    2.421226] pci_bus 0004:88: root bus resource [bus 88-8f]
[    2.421239] pci 0004:88:00.0: [19e5:1610] type 01 class 0x060400
[    2.421242] pci_bus 0004:88: 2-byte config write to 0004:88:00.0 offset 0x4 may corrupt adjacent RW1C bits
[    2.421250] pci 0004:88:00.0: reg 0x10: [mem 0x00000000-0x0000ffff]
[    2.421280] pci 0004:88:00.0: supports D1 D2
[    2.421282] pci 0004:88:00.0: PME# supported from D0 D1 D3hot
[    2.472576] pci_bus 0004:88: on NUMA node 1
[    2.472580] pci 0004:88:00.0: BAR 0: assigned [mem 0x8a9000000-0x8a900ffff]
[    2.472584] pci 0004:88:00.0: PCI bridge to [bus 89]
[    2.472590] pci_bus 0004:88: resource 4 [mem 0x8a9000000-0x8abfeffff window]
[    2.472592] pci_bus 0004:88: resource 5 [io  0x10000-0x1ffff window]
[    2.472759] ACPI: PCI Root Bridge [PCI5] (domain 0005 [bus 78-7f])
[    2.472765] acpi PNP0A08:02: _OSC: OS supports [ExtendedConfig Segments MSI HPX-Type3]
[    2.472768] acpi PNP0A08:02: _OSC: not requesting OS control; OS requires [ExtendedConfig ASPM ClockPM MSI]
[    2.472836] acpi PNP0A08:02: MCFG quirk: ECAM at [mem 0x8b7800000-0x8b7ffffff] for [bus 78-7f] with hisi_pcie_ops
[    2.474109] acpi PNP0A08:02: ECAM area [mem 0x8b7800000-0x8b7ffffff] reserved by PNP0C02:01
[    2.474611] acpi PNP0A08:02: ECAM at [mem 0x8b7800000-0x8b7ffffff] for [bus 78-7f]
[    2.474638] ACPI: Remapped I/O 0x00000008b77f0000 to [io  0x20000-0x2ffff window]
[    2.474681] PCI host bridge to bus 0005:78
[    2.474684] pci_bus 0005:78: root bus resource [mem 0x8b0000000-0x8b77effff window] (bus address [0xb0000000-0xb77effff])
[    2.474687] pci_bus 0005:78: root bus resource [io  0x20000-0x2ffff window] (bus address [0x0000-0xffff])
[    2.474690] pci_bus 0005:78: root bus resource [bus 78-7f]
[    2.474703] pci 0005:78:00.0: [19e5:1610] type 01 class 0x060400
[    2.474707] pci_bus 0005:78: 2-byte config write to 0005:78:00.0 offset 0x4 may corrupt adjacent RW1C bits
[    2.474714] pci 0005:78:00.0: reg 0x10: [mem 0x00000000-0x00000fff]
[    2.474722] pci 0005:78:00.0: reg 0x38: [mem 0xfffe0000-0xffffffff pref]
[    2.474750] pci 0005:78:00.0: supports D1 D2
[    2.474752] pci 0005:78:00.0: PME# supported from D0 D1 D3hot
[    2.526044] pci_bus 0005:78: on NUMA node 1
[    2.526048] pci 0005:78:00.0: BAR 6: assigned [mem 0x8b0000000-0x8b001ffff pref]
[    2.526050] pci 0005:78:00.0: BAR 0: assigned [mem 0x8b0020000-0x8b0020fff]
[    2.526055] pci 0005:78:00.0: PCI bridge to [bus 79]
[    2.526060] pci_bus 0005:78: resource 4 [mem 0x8b0000000-0x8b77effff window]
[    2.526063] pci_bus 0005:78: resource 5 [io  0x20000-0x2ffff window]
[    2.526226] ACPI: PCI Root Bridge [PCI6] (domain 0006 [bus c0-c7])
[    2.526232] acpi PNP0A08:03: _OSC: OS supports [ExtendedConfig Segments MSI HPX-Type3]
[    2.526234] acpi PNP0A08:03: _OSC: not requesting OS control; OS requires [ExtendedConfig ASPM ClockPM MSI]
[    2.526303] acpi PNP0A08:03: MCFG quirk: ECAM at [mem 0x8ac000000-0x8ac7fffff] for [bus c0-c7] with hisi_pcie_ops
[    2.527571] acpi PNP0A08:03: ECAM area [mem 0x8ac000000-0x8ac7fffff] reserved by PNP0C02:01
[    2.528108] acpi PNP0A08:03: ECAM at [mem 0x8ac000000-0x8ac7fffff] for [bus c0-c7]
[    2.528135] ACPI: Remapped I/O 0x00000008afff0000 to [io  0x30000-0x3ffff window]
[    2.528178] PCI host bridge to bus 0006:c0
[    2.528180] pci_bus 0006:c0: root bus resource [mem 0x8ac900000-0x8affeffff window] (bus address [0xac900000-0xaffeffff])
[    2.528183] pci_bus 0006:c0: root bus resource [io  0x30000-0x3ffff window] (bus address [0x0000-0xffff])
[    2.528186] pci_bus 0006:c0: root bus resource [bus c0-c7]
[    2.528198] pci 0006:c0:00.0: [19e5:1610] type 01 class 0x060400
[    2.528201] pci_bus 0006:c0: 2-byte config write to 0006:c0:00.0 offset 0x4 may corrupt adjacent RW1C bits
[    2.528210] pci 0006:c0:00.0: reg 0x10: [mem 0x00000000-0x0000ffff]
[    2.528240] pci 0006:c0:00.0: supports D1 D2
[    2.528242] pci 0006:c0:00.0: PME# supported from D0 D1 D3hot
[    2.579547] pci_bus 0006:c0: on NUMA node 1
[    2.579550] pci 0006:c0:00.0: BAR 0: assigned [mem 0x8ac900000-0x8ac90ffff]
[    2.579554] pci 0006:c0:00.0: PCI bridge to [bus c1]
[    2.579560] pci_bus 0006:c0: resource 4 [mem 0x8ac900000-0x8affeffff window]
[    2.579562] pci_bus 0006:c0: resource 5 [io  0x30000-0x3ffff window]
[    2.579733] ACPI: PCI Root Bridge [PCI7] (domain 0007 [bus 90-97])
[    2.579738] acpi PNP0A08:04: _OSC: OS supports [ExtendedConfig Segments MSI HPX-Type3]
[    2.579741] acpi PNP0A08:04: _OSC: not requesting OS control; OS requires [ExtendedConfig ASPM ClockPM MSI]
[    2.579809] acpi PNP0A08:04: MCFG quirk: ECAM at [mem 0x8b9000000-0x8b97fffff] for [bus 90-97] with hisi_pcie_ops
[    2.581088] acpi PNP0A08:04: ECAM area [mem 0x8b9000000-0x8b97fffff] reserved by PNP0C02:01
[    2.581663] acpi PNP0A08:04: ECAM at [mem 0x8b9000000-0x8b97fffff] for [bus 90-97]
[    2.581691] ACPI: Remapped I/O 0x00000008bfff0000 to [io  0x40000-0x4ffff window]
[    2.581735] PCI host bridge to bus 0007:90
[    2.581738] pci_bus 0007:90: root bus resource [mem 0x8b9800000-0x8bffeffff window] (bus address [0xb9800000-0xbffeffff])
[    2.581741] pci_bus 0007:90: root bus resource [io  0x40000-0x4ffff window] (bus address [0x0000-0xffff])
[    2.581744] pci_bus 0007:90: root bus resource [bus 90-97]
[    2.581755] pci 0007:90:00.0: [19e5:1610] type 01 class 0x060400
[    2.581759] pci_bus 0007:90: 2-byte config write to 0007:90:00.0 offset 0x4 may corrupt adjacent RW1C bits
[    2.581793] pci 0007:90:00.0: supports D1 D2
[    2.581795] pci 0007:90:00.0: PME# supported from D0 D1 D3hot
[    2.581891] pci 0007:91:00.0: [19e5:1711] type 00 class 0x030000
[    2.581912] pci 0007:91:00.0: reg 0x10: [mem 0x8ba000000-0x8bbffffff pref]
[    2.581924] pci 0007:91:00.0: reg 0x14: [mem 0x8b9800000-0x8b99fffff]
[    2.582031] pci 0007:91:00.0: supports D1
[    2.582032] pci 0007:91:00.0: PME# supported from D0 D1 D3hot
[    2.582113] pci_bus 0007:90: on NUMA node 1
[    2.582117] pci 0007:90:00.0: BAR 14: assigned [mem 0x8ba000000-0x8bcffffff]
[    2.582120] pci 0007:91:00.0: BAR 0: assigned [mem 0x8ba000000-0x8bbffffff pref]
[    2.582125] pci 0007:91:00.0: BAR 1: assigned [mem 0x8bc000000-0x8bc1fffff]
[    2.582130] pci 0007:90:00.0: PCI bridge to [bus 91]
[    2.582134] pci 0007:90:00.0:   bridge window [mem 0x8ba000000-0x8bcffffff]
[    2.582138] pci_bus 0007:90: resource 4 [mem 0x8b9800000-0x8bffeffff window]
[    2.582140] pci_bus 0007:90: resource 5 [io  0x40000-0x4ffff window]
[    2.582142] pci_bus 0007:91: resource 1 [mem 0x8ba000000-0x8bcffffff]
[    2.582315] ACPI: PCI Root Bridge [PCIA] (domain 000a [bus 10-1f])
[    2.582320] acpi PNP0A08:05: _OSC: OS supports [ExtendedConfig Segments MSI HPX-Type3]
[    2.582323] acpi PNP0A08:05: _OSC: not requesting OS control; OS requires [ExtendedConfig ASPM ClockPM MSI]
[    2.582391] acpi PNP0A08:05: MCFG quirk: ECAM at [mem 0x64001000000-0x64001ffffff] for [bus 10-1f] with hisi_pcie_ops
[    2.583710] acpi PNP0A08:05: ECAM area [mem 0x64001000000-0x64001ffffff] reserved by PNP0C02:02
[    2.584312] acpi PNP0A08:05: ECAM at [mem 0x64001000000-0x64001ffffff] for [bus 10-1f]
[    2.584340] ACPI: Remapped I/O 0x0000067fffff0000 to [io  0x50000-0x5ffff window]
[    2.584383] PCI host bridge to bus 000a:10
[    2.584385] pci_bus 000a:10: root bus resource [mem 0x65040000000-0x650efffffff window] (bus address [0x40000000-0xefffffff])
[    2.584388] pci_bus 000a:10: root bus resource [io  0x50000-0x5ffff window] (bus address [0x0000-0xffff])
[    2.584391] pci_bus 000a:10: root bus resource [bus 10-1f]
[    2.584405] pci 000a:10:00.0: [19e5:1610] type 01 class 0x060400
[    2.584408] pci_bus 000a:10: 2-byte config write to 000a:10:00.0 offset 0x4 may corrupt adjacent RW1C bits
[    2.584417] pci 000a:10:00.0: reg 0x10: [mem 0x00000000-0x0000ffff]
[    2.584455] pci 000a:10:00.0: supports D1 D2
[    2.584457] pci 000a:10:00.0: PME# supported from D0 D1 D3hot
[    2.635752] pci_bus 000a:10: on NUMA node 2
[    2.635755] pci 000a:10:00.0: BAR 0: assigned [mem 0x65040000000-0x6504000ffff]
[    2.635759] pci 000a:10:00.0: PCI bridge to [bus 11]
[    2.635766] pci_bus 000a:10: resource 4 [mem 0x65040000000-0x650efffffff window]
[    2.635768] pci_bus 000a:10: resource 5 [io  0x50000-0x5ffff window]
[    2.635928] ACPI: PCI Root Bridge [PCIC] (domain 000c [bus 20-2f])
[    2.635934] acpi PNP0A08:06: _OSC: OS supports [ExtendedConfig Segments MSI HPX-Type3]
[    2.635937] acpi PNP0A08:06: _OSC: not requesting OS control; OS requires [ExtendedConfig ASPM ClockPM MSI]
[    2.636005] acpi PNP0A08:06: MCFG quirk: ECAM at [mem 0x74002000000-0x74002ffffff] for [bus 20-2f] with hisi_pcie_ops
[    2.637477] acpi PNP0A08:06: ECAM area [mem 0x74002000000-0x74002ffffff] reserved by PNP0C02:03
[    2.638119] acpi PNP0A08:06: ECAM at [mem 0x74002000000-0x74002ffffff] for [bus 20-2f]
[    2.638148] ACPI: Remapped I/O 0x0000077fffff0000 to [io  0x60000-0x6ffff window]
[    2.638191] PCI host bridge to bus 000c:20
[    2.638194] pci_bus 000c:20: root bus resource [mem 0x75040000000-0x750efffffff window] (bus address [0x40000000-0xefffffff])
[    2.638197] pci_bus 000c:20: root bus resource [io  0x60000-0x6ffff window] (bus address [0x0000-0xffff])
[    2.638200] pci_bus 000c:20: root bus resource [bus 20-2f]
[    2.638214] pci 000c:20:00.0: [19e5:1610] type 01 class 0x060400
[    2.638218] pci_bus 000c:20: 2-byte config write to 000c:20:00.0 offset 0x4 may corrupt adjacent RW1C bits
[    2.638228] pci 000c:20:00.0: reg 0x10: [mem 0x00000000-0x0000ffff]
[    2.638273] pci 000c:20:00.0: supports D1 D2
[    2.638275] pci 000c:20:00.0: PME# supported from D0 D1 D3hot
[    2.689594] pci_bus 000c:20: on NUMA node 3
[    2.689598] pci 000c:20:00.0: BAR 0: assigned [mem 0x75040000000-0x7504000ffff]
[    2.689602] pci 000c:20:00.0: PCI bridge to [bus 21]
[    2.689610] pci_bus 000c:20: resource 4 [mem 0x75040000000-0x750efffffff window]
[    2.689612] pci_bus 000c:20: resource 5 [io  0x60000-0x6ffff window]
[    2.689782] ACPI: PCI Root Bridge [PCID] (domain 000d [bus 30-3f])
[    2.689789] acpi PNP0A08:07: _OSC: OS supports [ExtendedConfig Segments MSI HPX-Type3]
[    2.689791] acpi PNP0A08:07: _OSC: not requesting OS control; OS requires [ExtendedConfig ASPM ClockPM MSI]
[    2.689859] acpi PNP0A08:07: MCFG quirk: ECAM at [mem 0x78003000000-0x78003ffffff] for [bus 30-3f] with hisi_pcie_ops
[    2.691331] acpi PNP0A08:07: ECAM area [mem 0x78003000000-0x78003ffffff] reserved by PNP0C02:03
[    2.692010] acpi PNP0A08:07: ECAM at [mem 0x78003000000-0x78003ffffff] for [bus 30-3f]
[    2.692037] ACPI: Remapped I/O 0x000007bfffff0000 to [io  0x70000-0x7ffff window]
[    2.692082] PCI host bridge to bus 000d:30
[    2.692085] pci_bus 000d:30: root bus resource [mem 0x79040000000-0x790efffffff window] (bus address [0x40000000-0xefffffff])
[    2.692088] pci_bus 000d:30: root bus resource [io  0x70000-0x7ffff window] (bus address [0x0000-0xffff])
[    2.692091] pci_bus 000d:30: root bus resource [bus 30-3f]
[    2.692105] pci 000d:30:00.0: [19e5:1610] type 01 class 0x060400
[    2.692109] pci_bus 000d:30: 2-byte config write to 000d:30:00.0 offset 0x4 may corrupt adjacent RW1C bits
[    2.692119] pci 000d:30:00.0: reg 0x10: [mem 0x00000000-0x00000fff]
[    2.692130] pci 000d:30:00.0: reg 0x38: [mem 0xfffe0000-0xffffffff pref]
[    2.692170] pci 000d:30:00.0: supports D1 D2
[    2.692171] pci 000d:30:00.0: PME# supported from D0 D1 D3hot
[    2.743480] pci_bus 000d:30: on NUMA node 3
[    2.743484] pci 000d:30:00.0: BAR 6: assigned [mem 0x79040000000-0x7904001ffff pref]
[    2.743487] pci 000d:30:00.0: BAR 0: assigned [mem 0x79040020000-0x79040020fff]
[    2.743491] pci 000d:30:00.0: PCI bridge to [bus 31]
[    2.743498] pci_bus 000d:30: resource 4 [mem 0x79040000000-0x790efffffff window]
[    2.743501] pci_bus 000d:30: resource 5 [io  0x70000-0x7ffff window]
[    2.745166] iommu: Default domain type: Translated 
[    2.745168] iommu: DMA domain TLB invalidation policy: lazy mode (set via kernel command line)
[    2.745311] SCSI subsystem initialized
[    2.745376] libata version 3.00 loaded.
[    2.745422] ACPI: bus type USB registered
[    2.745448] usbcore: registered new interface driver usbfs
[    2.745459] usbcore: registered new interface driver hub
[    2.745485] usbcore: registered new device driver usb
[    2.759602] pps_core: LinuxPPS API ver. 1 registered
[    2.759604] pps_core: Software ver. 5.3.6 - Copyright 2005-2007 Rodolfo Giometti <giometti@linux.it>
[    2.759609] PTP clock support registered
[    2.759638] EDAC MC: Ver: 3.0.0
[    2.759859] Registered efivars operations
[    2.760984] FPGA manager framework
[    2.761009] Advanced Linux Sound Architecture Driver Initialized.
[    2.761278] pci 0007:91:00.0: vgaarb: setting as boot VGA device
[    2.761281] pci 0007:91:00.0: vgaarb: bridge control possible
[    2.761282] pci 0007:91:00.0: vgaarb: VGA device added: decodes=io+mem,owns=none,locks=none
[    2.761286] vgaarb: loaded
[    2.761592] clocksource: Switched to clocksource arch_sys_counter
[    2.761693] VFS: Disk quotas dquot_6.6.0
[    2.761715] VFS: Dquot-cache hash table entries: 512 (order 0, 4096 bytes)
[    2.761809] pnp: PnP ACPI init
[    2.762459] system 00:01: [mem 0xa00a0000-0xa00affff] has been reserved
[    2.762522] system 00:02: [mem 0xaf800000-0xafffffff] could not be reserved
[    2.762641] system 00:03: [mem 0x8a0090000-0x8a009ffff] has been reserved
[    2.762743] system 00:04: [mem 0x8a0200000-0x8a020ffff] has been reserved
[    2.762845] system 00:05: [mem 0x8a00a0000-0x8a00affff] has been reserved
[    2.762948] system 00:06: [mem 0x8a00b0000-0x8a00bffff] has been reserved
[    2.763029] system 00:07: [mem 0x8a8800000-0x8a8ffffff] could not be reserved
[    2.763032] system 00:07: [mem 0x8b7800000-0x8b7ffffff] could not be reserved
[    2.763035] system 00:07: [mem 0x8ac000000-0x8ac7fffff] could not be reserved
[    2.763038] system 00:07: [mem 0x8b9000000-0x8b97fffff] could not be reserved
[    2.763107] system 00:08: [mem 0x600a00a0000-0x600a00affff] has been reserved
[    2.763170] system 00:09: [mem 0x64001000000-0x64001ffffff] could not be reserved
[    2.763271] system 00:0a: [mem 0x700a0090000-0x700a009ffff] has been reserved
[    2.763373] system 00:0b: [mem 0x700a0200000-0x700a020ffff] has been reserved
[    2.763449] system 00:0c: [mem 0x74002000000-0x74002ffffff] could not be reserved
[    2.763453] system 00:0c: [mem 0x78003000000-0x78003ffffff] could not be reserved
[    2.763578] pnp: PnP ACPI: found 13 devices
[    2.766082] NET: Registered PF_INET protocol family
[    2.766821] IP idents hash table entries: 262144 (order: 9, 2097152 bytes, vmalloc)
[    2.771097] tcp_listen_portaddr_hash hash table entries: 32768 (order: 7, 524288 bytes, vmalloc)
[    2.771261] Table-perturb hash table entries: 65536 (order: 6, 262144 bytes, vmalloc)
[    2.771593] TCP established hash table entries: 524288 (order: 10, 4194304 bytes, vmalloc)
[    2.772606] TCP bind hash table entries: 65536 (order: 8, 1048576 bytes, vmalloc)
[    2.773227] TCP: Hash tables configured (established 524288 bind 65536)
[    2.773431] UDP hash table entries: 32768 (order: 8, 1048576 bytes, vmalloc)
[    2.773731] UDP-Lite hash table entries: 32768 (order: 8, 1048576 bytes, vmalloc)
[    2.774104] NET: Registered PF_UNIX/PF_LOCAL protocol family
[    2.774252] RPC: Registered named UNIX socket transport module.
[    2.774254] RPC: Registered udp transport module.
[    2.774256] RPC: Registered tcp transport module.
[    2.774257] RPC: Registered tcp NFSv4.1 backchannel transport module.
[    2.774287] PCI: CLS 0 bytes, default 64
[    2.777182] hw perfevents: enabled with armv8_pmuv3_0 PMU driver, 7 counters available
[    2.777242] kvm [1]: IPA Size Limit: 44 bits
[    2.778388] kvm [1]: GICv4 support disabled
[    2.778391] kvm [1]: vgic-v2@fe020000
[    2.778417] kvm [1]: GIC system register CPU interface enabled
[    2.779316] kvm [1]: vgic interrupt IRQ9
[    2.780134] kvm [1]: Hyp mode initialized successfully
[    2.781879] Initialise system trusted keyrings
[    2.781997] workingset: timestamp_bits=42 max_order=24 bucket_order=0
[    2.784960] squashfs: version 4.0 (2009/01/31) Phillip Lougher
[    2.785237] NFS: Registering the id_resolver key type
[    2.785248] Key type id_resolver registered
[    2.785249] Key type id_legacy registered
[    2.785289] nfs4filelayout_init: NFSv4 File Layout Driver Registering...
[    2.785291] nfs4flexfilelayout_init: NFSv4 Flexfile Layout Driver Registering...
[    2.785337] 9p: Installing v9fs 9p2000 file system support
[    2.801467] Key type asymmetric registered
[    2.801469] Asymmetric key parser 'x509' registered
[    2.801485] Block layer SCSI generic (bsg) driver version 0.4 loaded (major 245)
[    2.801488] io scheduler mq-deadline registered
[    2.801490] io scheduler kyber registered
[    2.803759] hisi-lpc HISI0191:00: registered range [0x0000000000ffbfff - 0x0000000000ffffff]
[    2.805453] pcieport 0006:c0:00.0: can't derive routing for PCI INT A
[    2.805455] pcieport 0006:c0:00.0: PCI INT A: no GSI
[    2.805501] pcieport 0007:90:00.0: can't derive routing for PCI INT A
[    2.805503] pcieport 0007:90:00.0: PCI INT A: no GSI
[    2.806359] input: Power Button as /devices/LNXSYSTM:00/LNXSYBUS:00/PNP0C0C:00/input/input0
[    2.806391] ACPI: button: Power Button [PWRB]
[    2.807413] EINJ: EINJ table not found.
[    2.812563] Serial: 8250/16550 driver, 4 ports, IRQ sharing enabled
[    2.833829] serial8250.6.auto: ttyS1 at I/O 0xffc2f7 (irq = 0, base_baud = 115200) is a 16550A
[    2.834391] SuperH (H)SCI(F) driver initialized
[    2.834490] msm_serial: driver initialized
[    2.834752] arm-smmu-v3 arm-smmu-v3.0.auto: option mask 0x1
[    2.834765] arm-smmu-v3 arm-smmu-v3.0.auto: ias 44-bit, oas 44-bit (features 0x00000f0d)
[    2.835117] arm-smmu-v3 arm-smmu-v3.0.auto: allocated 65536 entries for cmdq
[    2.835408] arm-smmu-v3 arm-smmu-v3.0.auto: allocated 32768 entries for evtq
[    2.836722] arm-smmu-v3 arm-smmu-v3.0.auto: no evtq irq - events will not be reported!
[    2.836724] arm-smmu-v3 arm-smmu-v3.0.auto: no gerr irq - errors will not be reported!
[    2.836807] arm-smmu-v3 arm-smmu-v3.1.auto: option mask 0x1
[    2.836824] arm-smmu-v3 arm-smmu-v3.1.auto: ias 44-bit, oas 44-bit (features 0x00000f0d)
[    2.837008] arm-smmu-v3 arm-smmu-v3.1.auto: allocated 65536 entries for cmdq
[    2.837223] arm-smmu-v3 arm-smmu-v3.1.auto: allocated 32768 entries for evtq
[    2.839471] arm-smmu-v3 arm-smmu-v3.1.auto: no evtq irq - events will not be reported!
[    2.839473] arm-smmu-v3 arm-smmu-v3.1.auto: no gerr irq - errors will not be reported!
[    2.839516] arm-smmu-v3 arm-smmu-v3.2.auto: option mask 0x1
[    2.839529] arm-smmu-v3 arm-smmu-v3.2.auto: ias 44-bit, oas 44-bit (features 0x00000f0d)
[    2.839749] arm-smmu-v3 arm-smmu-v3.2.auto: allocated 65536 entries for cmdq
[    2.839913] arm-smmu-v3 arm-smmu-v3.2.auto: allocated 32768 entries for evtq
[    2.841208] arm-smmu-v3 arm-smmu-v3.2.auto: no evtq irq - events will not be reported!
[    2.841211] arm-smmu-v3 arm-smmu-v3.2.auto: no gerr irq - errors will not be reported!
[    2.841259] arm-smmu-v3 arm-smmu-v3.3.auto: option mask 0x1
[    2.841271] arm-smmu-v3 arm-smmu-v3.3.auto: ias 44-bit, oas 44-bit (features 0x00000f0d)
[    2.841460] arm-smmu-v3 arm-smmu-v3.3.auto: allocated 65536 entries for cmdq
[    2.841675] arm-smmu-v3 arm-smmu-v3.3.auto: allocated 32768 entries for evtq
[    2.842907] arm-smmu-v3 arm-smmu-v3.3.auto: no evtq irq - events will not be reported!
[    2.842910] arm-smmu-v3 arm-smmu-v3.3.auto: no gerr irq - errors will not be reported!
[    2.842958] arm-smmu-v3 arm-smmu-v3.4.auto: option mask 0x1
[    2.842977] arm-smmu-v3 arm-smmu-v3.4.auto: ias 44-bit, oas 44-bit (features 0x00000f0d)
[    2.843209] arm-smmu-v3 arm-smmu-v3.4.auto: allocated 65536 entries for cmdq
[    2.843380] arm-smmu-v3 arm-smmu-v3.4.auto: allocated 32768 entries for evtq
[    2.845616] arm-smmu-v3 arm-smmu-v3.4.auto: no evtq irq - events will not be reported!
[    2.845618] arm-smmu-v3 arm-smmu-v3.4.auto: no gerr irq - errors will not be reported!
[    2.859796] loop: module loaded
[    2.860127] megasas: 07.719.03.00-rc1
[    2.860269] ACPI: IORT: [Firmware Bug]: Named component missing memory address limit
[    2.860415] hisi_sas_v2_hw HISI0162:01: Adding to iommu group 0
[    2.882263] scsi host0: hisi_sas_v2_hw
[    3.501173] hisi_sas_v2_hw HISI0162:01: phyup: phy0 link_rate=11
[    3.501183] hisi_sas_v2_hw HISI0162:01: phyup: phy1 link_rate=11
[    3.501279] sas: phy-0:0 added to port-0:0, phy_mask:0x1 (500e004aaaaaaa1f)
[    3.501309] sas: DOING DISCOVERY on port 0, pid:459
[    3.501637] hisi_sas_v2_hw HISI0162:01: dev[0:2] found
[    3.502192] sas: ex 500e004aaaaaaa1f phy00:U:0 attached: 0000000000000000 (no device)
[    3.502317] sas: ex 500e004aaaaaaa1f phy01:U:B attached: 5001e82002865f0e (ssp)
[    3.502424] sas: ex 500e004aaaaaaa1f phy02:U:A attached: 500e004aaaaaaa02 (stp)
[    3.502524] sas: ex 500e004aaaaaaa1f phy03:U:0 attached: 0000000000000000 (no device)
[    3.502633] sas: ex 500e004aaaaaaa1f phy04:U:B attached: 5001e8200287321e (ssp)
[    3.502732] sas: ex 500e004aaaaaaa1f phy05:U:B attached: 5000cca05b01d9c9 (ssp)
[    3.502828] sas: ex 500e004aaaaaaa1f phy06:U:0 attached: 0000000000000000 (no device)
[    3.502924] sas: ex 500e004aaaaaaa1f phy07:U:B attached: 5001e820028580ae (ssp)
[    3.503020] sas: ex 500e004aaaaaaa1f phy08:U:B attached: 5001e82002858496 (ssp)
[    3.503121] sas: ex 500e004aaaaaaa1f phy09:U:0 attached: 0000000000000000 (no device)
[    3.503213] sas: ex 500e004aaaaaaa1f phy10:U:B attached: 5001e82002862816 (ssp)
[    3.503309] sas: ex 500e004aaaaaaa1f phy11:U:B attached: 5001e8200285850a (ssp)
[    3.503405] sas: ex 500e004aaaaaaa1f phy12:U:0 attached: 0000000000000000 (no device)
[    3.503502] sas: ex 500e004aaaaaaa1f phy13:U:0 attached: 0000000000000000 (no device)
[    3.503601] sas: ex 500e004aaaaaaa1f phy14:U:0 attached: 0000000000000000 (no device)
[    3.503717] sas: ex 500e004aaaaaaa1f phy15:U:0 attached: 0000000000000000 (no device)
[    3.503811] sas: ex 500e004aaaaaaa1f phy16:U:0 attached: 0000000000000000 (no device)
[    3.503906] sas: ex 500e004aaaaaaa1f phy17:U:0 attached: 0000000000000000 (no device)
[    3.504002] sas: ex 500e004aaaaaaa1f phy18:U:0 attached: 0000000000000000 (no device)
[    3.504098] sas: ex 500e004aaaaaaa1f phy19:U:0 attached: 0000000000000000 (no device)
[    3.504196] sas: ex 500e004aaaaaaa1f phy20:U:0 attached: 0000000000000000 (no device)
[    3.504292] sas: ex 500e004aaaaaaa1f phy21:U:0 attached: 0000000000000000 (no device)
[    3.504388] sas: ex 500e004aaaaaaa1f phy22:U:0 attached: 0000000000000000 (no device)
[    3.504484] sas: ex 500e004aaaaaaa1f phy23:U:0 attached: 0000000000000000 (no device)
[    3.504586] sas: ex 500e004aaaaaaa1f phy24:D:B attached: 500e004aaaaaaa1e (host+target)
[    3.504622] hisi_sas_v2_hw HISI0162:01: dev[1:1] found
[    3.504834] hisi_sas_v2_hw HISI0162:01: dev[2:5] found
[    3.504861] hisi_sas_v2_hw HISI0162:01: dev[3:1] found
[    3.504890] hisi_sas_v2_hw HISI0162:01: dev[4:1] found
[    3.504919] hisi_sas_v2_hw HISI0162:01: dev[5:1] found
[    3.504949] hisi_sas_v2_hw HISI0162:01: dev[6:1] found
[    3.504977] hisi_sas_v2_hw HISI0162:01: dev[7:1] found
[    3.505006] hisi_sas_v2_hw HISI0162:01: dev[8:1] found
[    3.505037] hisi_sas_v2_hw HISI0162:01: dev[9:1] found
[    3.505042] ata_std_sched_eh ap=0xffff001047f80000 ATA_PFLAG_INITIALIZING=0
[    3.505047] ata_eh_set_pending fastdrain=1 ATA_PFLAG_EH_PENDING=0
[    3.505050] ata_eh_set_pending2 ap=0xffff001047f80000 fastdrain=1 cnt=0
[    3.505065] sas: sas_scsi_recover_host Enter sas_scsi_recover_host busy: 0 failed: 0
[    3.505069] sas: sas_eh_handle_sas_errors shost=0xffff0410086c0000
[    3.505072] sas: sas_ata_strategy_handler shost=0xffff0410086c0000
[    3.505076] sas: sas_ata_strategy_handler2 shost=0xffff0410086c0000 calling async_schedule_domain(async_sas_ata_eh)
[    3.505143] sas: ata1: end_device-0:0:2: async_sas_ata_eh dev error handler
[    3.505147] ata_scsi_port_error_handler host=0xffff0410086c0000 ap=0xffff001047f80000
[    3.505152] ata_scsi_port_error_handler2 host=0xffff0410086c0000 ap=0xffff001047f80000 deleting fastdrain_timer
[    3.505156] ata_do_eh ap=0xffff001047f80000 calling ata_eh_autopsy
[    3.505159] ata_eh_autopsy ap=0xffff001047f80000 link=0xffff001047f82040 calling ata_eh_link_autopsy
[    3.505162] ata_eh_link_autopsy link=0xffff001047f82040 ATA_EHI_NO_AUTOPSY=1 
[    3.505164] ata_do_eh2 ap=0xffff001047f80000 calling ata_eh_report
[    3.505167] ata_do_eh3 ap=0xffff001047f80000 calling ata_eh_recover
[    3.505171] ata_eh_reset ap=0xffff001047f80000 link=0xffff001047f82040 prereset=sas_ata_prereset+0x0/0x50 softreset=0x0 hardreset=sas_ata_hard_reset+0x0/0x98 postreset=0x0
[    3.505187] ata_eh_freeze_port ap=0xffff001047f80000
[    3.505189] __ata_port_freeze ap=0xffff001047f80000
[    3.505659] hisi_sas_debug_I_T_nexus_reset device=0xffff001047f79000
[    3.506172] hisi_sas_v2_hw HISI0162:01: phyup: phy2 link_rate=11
[    3.506178] hisi_sas_v2_hw HISI0162:01: phyup: phy3 link_rate=11
[    3.506182] hisi_sas_v2_hw HISI0162:01: phyup: phy4 link_rate=11
[    3.506186] hisi_sas_v2_hw HISI0162:01: phyup: phy5 link_rate=11
[    3.506190] hisi_sas_v2_hw HISI0162:01: phyup: phy6 link_rate=11
[    3.506195] hisi_sas_v2_hw HISI0162:01: phyup: phy7 link_rate=11
[    3.665795] hisi_sas_I_T_nexus_reset1  device=0xffff001047f79000 rc=0
[    3.665798] hisi_sas_softreset_ata_disk device=0xffff001047f79000
[    3.672415] hisi_sas_release_task device=0xffff001047f79000
[    3.672418] hisi_sas_I_T_nexus_reset8 device=0xffff001047f79000 calling hisi_sas_release_task
[    3.672420] hisi_sas_release_task device=0xffff001047f79000
[    3.829732] ata_eh_thaw_port ap=0xffff001047f80000
[    3.831561] sas: sas_ata_task_done qc=0xffff001047f81f30 err_mask=0x0 scsicmd=0x0 task=0xffff001047f7c000
[    3.831567] sas: sas_ata_task_done2 qc=0xffff001047f81f30 err_mask=0x0 scsicmd=0x0 task=0xffff001047f7c000
[    3.831570] sas: sas_ata_task_done3 qc=0xffff001047f81f30 scsicmd=0x0 task=0xffff001047f7c000
[    3.831574] ata_qc_complete qc=0xffff001047f81f30 err_mask=0x0 scsicmd=0x0
[    3.831738] sas: sas_ata_task_done qc=0xffff001047f81f30 err_mask=0x0 scsicmd=0x0 task=0xffff001047f7c180
[    3.831742] sas: sas_ata_task_done2 qc=0xffff001047f81f30 err_mask=0x0 scsicmd=0x0 task=0xffff001047f7c180
[    3.831745] sas: sas_ata_task_done3 qc=0xffff001047f81f30 scsicmd=0x0 task=0xffff001047f7c180
[    3.831748] ata_qc_complete qc=0xffff001047f81f30 err_mask=0x0 scsicmd=0x0
[    3.831754] ata1.00: ata_dev_configure: cfg 49:2f00 82:746b 83:7d69 84:4773 85:7469 86:bc41 87:4763 88:407f
[    3.831759] ata1.00: 49==0x2f00  53==0x0007  63==0x0007  64==0x0003  75==0x001f
               80==0x01fc  81==0x0029  82==0x746b  83==0x7d69  84==0x4773
               88==0x407f  93==0x0000
[    3.831765] ata1.00: ATA-8: HGST HUS724040ALA640, MFAOA8B0, max UDMA/133
[    3.831769] ata_log_supported calling ata_read_log_page
[    3.831770] ata1.00: read log page - log 0x0, page 0x0
[    3.831902] sas: sas_ata_task_done qc=0xffff001047f81f30 err_mask=0x0 scsicmd=0x0 task=0xffff001047f7c300
[    3.831905] sas: sas_ata_task_done2 qc=0xffff001047f81f30 err_mask=0x0 scsicmd=0x0 task=0xffff001047f7c300
[    3.831908] sas: sas_ata_task_done3 qc=0xffff001047f81f30 scsicmd=0x0 task=0xffff001047f7c300
[    3.831911] ata_qc_complete qc=0xffff001047f81f30 err_mask=0x0 scsicmd=0x0
[    3.831919] ata_read_log_page3 ata_exec_internal err_mask=0x0
[    3.831921] ata1.00: 7814037168 sectors, multi 0: LBA48 NCQ (depth 32)
[    3.831927] ata1.00: set features - xfer mode
[    3.832066] sas: sas_ata_task_done qc=0xffff001047f81f30 err_mask=0x0 scsicmd=0x0 task=0xffff001047f7c480
[    3.832069] sas: sas_ata_task_done2 qc=0xffff001047f81f30 err_mask=0x0 scsicmd=0x0 task=0xffff001047f7c480
[    3.832072] sas: sas_ata_task_done3 qc=0xffff001047f81f30 scsicmd=0x0 task=0xffff001047f7c480
[    3.832075] ata_qc_complete qc=0xffff001047f81f30 err_mask=0x0 scsicmd=0x0
[    3.833867] sas: sas_ata_task_done qc=0xffff001047f81f30 err_mask=0x0 scsicmd=0x0 task=0xffff001047f7c600
[    3.833872] sas: sas_ata_task_done2 qc=0xffff001047f81f30 err_mask=0x0 scsicmd=0x0 task=0xffff001047f7c600
[    3.833875] sas: sas_ata_task_done3 qc=0xffff001047f81f30 scsicmd=0x0 task=0xffff001047f7c600
[    3.833878] ata_qc_complete qc=0xffff001047f81f30 err_mask=0x0 scsicmd=0x0
[    3.834045] sas: sas_ata_task_done qc=0xffff001047f81f30 err_mask=0x0 scsicmd=0x0 task=0xffff001047f7c780
[    3.834049] sas: sas_ata_task_done2 qc=0xffff001047f81f30 err_mask=0x0 scsicmd=0x0 task=0xffff001047f7c780
[    3.834052] sas: sas_ata_task_done3 qc=0xffff001047f81f30 scsicmd=0x0 task=0xffff001047f7c780
[    3.834055] ata_qc_complete qc=0xffff001047f81f30 err_mask=0x0 scsicmd=0x0
[    3.834062] ata1.00: ata_dev_configure: cfg 49:2f00 82:746b 83:7d69 84:4773 85:7469 86:bc41 87:4763 88:407f
[    3.834066] ata1.00: 49==0x2f00  53==0x0007  63==0x0007  64==0x0003  75==0x001f
               80==0x01fc  81==0x0029  82==0x746b  83==0x7d69  84==0x4773
               88==0x407f  93==0x0000
[    3.834072] ata1.00: xfer_shift=12, xfer_mode=0x46
[    3.834074] ata1.00: configured for UDMA/133
[    3.834078] scsi_eh_flush_done_q
[    3.834090] scsi_eh_flush_done_q
[    3.834093] sas: --- Exit sas_scsi_recover_host: busy: 0 failed: 0 tries: 1
[    3.851289] hisi_sas_release_task device=0xffff001047f78e00
[    3.918235] scsi 0:0:0:0: Direct-Access     SanDisk  LT0200MO         P404 PQ: 0 ANSI: 6
[    4.533483] hisi_sas_softreset_ata_disk device=0xffff001047f79000
[    4.539254] hisi_sas_release_task device=0xffff001047f79000
[    4.539284] scsi 0:0:1:0: Direct-Access     ATA      HGST HUS724040AL A8B0 PQ: 0 ANSI: 5
[    4.539738] sd 0:0:1:0: [sdb] 7814037168 512-byte logical blocks: (4.00 TB/3.64 TiB)
[    4.539749] sd 0:0:1:0: [sdb] Write Protect is off
[    4.539752] sd 0:0:1:0: [sdb] Mode Sense: 00 3a 00 00
[    4.539766] sd 0:0:1:0: [sdb] Write cache: enabled, read cache: enabled, doesn't support DPO or FUA
[    4.539784] sd 0:0:1:0: [sdb] Preferred minimum I/O size 512 bytes
[    4.546728] hisi_sas_release_task device=0xffff001047f79200
[    4.574158] sd 0:0:0:0: [sda] 390721968 512-byte logical blocks: (200 GB/186 GiB)
[    4.587147]  sdb: sdb1 sdb2 sdb3
[    4.587357] sd 0:0:1:0: [sdb] Attached SCSI disk
[    4.613642] scsi 0:0:2:0: Direct-Access     SanDisk  LT0200MO         P404 PQ: 0 ANSI: 6
[    4.616191] sd 0:0:0:0: [sda] Write Protect is off
[    4.616194] sd 0:0:0:0: [sda] Mode Sense: cf 00 10 08
[    4.698201] sd 0:0:0:0: [sda] Write cache: disabled, read cache: disabled, supports DPO and FUA
[    4.820819] sd 0:0:0:0: [sda] Optimal transfer size 131072 bytes
[    5.181772]  sda: sda1 sda2
[    5.181901] sd 0:0:0:0: [sda] Attached SCSI disk
[    5.233810] sd 0:0:2:0: [sdc] 390721968 512-byte logical blocks: (200 GB/186 GiB)
[    5.275839] sd 0:0:2:0: [sdc] Write Protect is off
[    5.275842] sd 0:0:2:0: [sdc] Mode Sense: cf 00 10 08
[    5.312065] hisi_sas_release_task device=0xffff001047f79400
[    5.312267] scsi 0:0:3:0: Direct-Access     HGST     HUC156030CSS200  A3F0 PQ: 0 ANSI: 6
[    5.315109] sd 0:0:3:0: [sdd] 586072368 512-byte logical blocks: (300 GB/279 GiB)
[    5.316102] sd 0:0:3:0: [sdd] Write Protect is off
[    5.316105] sd 0:0:3:0: [sdd] Mode Sense: f7 00 10 08
[    5.317932] sd 0:0:3:0: [sdd] Write cache: enabled, read cache: enabled, supports DPO and FUA
[    5.322090] hisi_sas_release_task device=0xffff001047f79600
[    5.331016]  sdd: sdd1
[    5.331108] sd 0:0:3:0: [sdd] Attached SCSI disk
[    5.389035] scsi 0:0:4:0: Direct-Access     SanDisk  LT0200MO         P404 PQ: 0 ANSI: 6
[    5.393442] sd 0:0:2:0: [sdc] Write cache: disabled, read cache: disabled, supports DPO and FUA
[    5.516071] sd 0:0:2:0: [sdc] Optimal transfer size 131072 bytes
[    5.877051]  sdc: sdc1 sdc2 sdc3
[    5.877218] sd 0:0:2:0: [sdc] Attached SCSI disk
[    5.975588] hisi_sas_release_task device=0xffff001047f79800
[    6.042532] scsi 0:0:5:0: Direct-Access     SanDisk  LT0200MO         P404 PQ: 0 ANSI: 6
[    6.044882] sd 0:0:4:0: [sde] 390721968 512-byte logical blocks: (200 GB/186 GiB)
[    6.086974] sd 0:0:4:0: [sde] Write Protect is off
[    6.086977] sd 0:0:4:0: [sde] Mode Sense: cf 00 10 08
[    6.169010] sd 0:0:4:0: [sde] Write cache: disabled, read cache: disabled, supports DPO and FUA
[    6.291684] sd 0:0:4:0: [sde] Optimal transfer size 131072 bytes
[    6.628967] hisi_sas_release_task device=0xffff001047f79a00
[    6.652640]  sde: sde1 sde2 sde3
[    6.652800] sd 0:0:4:0: [sde] Attached SCSI disk
[    6.695910] scsi 0:0:6:0: Direct-Access     SanDisk  LT0200MO         P404 PQ: 0 ANSI: 6
[    6.698138] sd 0:0:5:0: [sdf] 390721968 512-byte logical blocks: (200 GB/186 GiB)
[    6.740152] sd 0:0:5:0: [sdf] Write Protect is off
[    6.740155] sd 0:0:5:0: [sdf] Mode Sense: cf 00 10 08
[    6.822159] sd 0:0:5:0: [sdf] Write cache: disabled, read cache: disabled, supports DPO and FUA
[    6.944826] sd 0:0:5:0: [sdf] Optimal transfer size 131072 bytes
[    7.282262] hisi_sas_release_task device=0xffff001047f79c00
[    7.305767]  sdf: sdf1 sdf2 sdf3 sdf4
[    7.305980] sd 0:0:5:0: [sdf] Attached SCSI disk
[    7.349228] scsi 0:0:7:0: Direct-Access     SanDisk  LT0200MO         P404 PQ: 0 ANSI: 6
[    7.351436] sd 0:0:6:0: [sdg] 390721968 512-byte logical blocks: (200 GB/186 GiB)
[    7.393451] sd 0:0:6:0: [sdg] Write Protect is off
[    7.393454] sd 0:0:6:0: [sdg] Mode Sense: cf 00 10 08
[    7.475455] sd 0:0:6:0: [sdg] Write cache: disabled, read cache: disabled, supports DPO and FUA
[    7.598100] sd 0:0:6:0: [sdg] Optimal transfer size 131072 bytes
[    7.929367] hisi_sas_release_task device=0xffff001047f79e00
[    7.929673] scsi 0:0:8:0: Enclosure         12G SAS  Expander         RevB PQ: 0 ANSI: 6
[    7.929772] scsi 0:0:8:0: Power-on or device reset occurred
[    7.931669] sas: DONE DISCOVERY on port 0, pid:459, result:0
[    7.931683] sas: phy1 matched wide port0
[    7.931688] sas: phy-0:1 added to port-0:0, phy_mask:0x3 (500e004aaaaaaa1f)
[    7.931700] sas: REVALIDATING DOMAIN on port 0, pid:459
[    7.932243] sas: ex 500e004aaaaaaa1f phy02 change count has changed
[    7.932531] sas: ex 500e004aaaaaaa1f phy02 originated BROADCAST(CHANGE)
[    7.932535] sas: ex 500e004aaaaaaa1f rediscovering phy02
[    7.932724] sas: ex 500e004aaaaaaa1f phy02 broadcast flutter
[    7.934069] sas: ex 500e004aaaaaaa1f phy16 originated BROADCAST(CHANGE)
[    7.934071] sas: ex 500e004aaaaaaa1f phy16 new device attached
[    7.934165] sas: ex 500e004aaaaaaa1f phy16:U:B attached: 3201581410000000 (host)
[    7.934262] sas: ex 500e004aaaaaaa1f phy17 originated BROADCAST(CHANGE)
[    7.934264] sas: ex 500e004aaaaaaa1f phy17 new device attached
[    7.934358] sas: ex 500e004aaaaaaa1f phy17:U:B attached: 3201581410000000 (host)
[    7.934454] sas: ex 500e004aaaaaaa1f phy18 originated BROADCAST(CHANGE)
[    7.934456] sas: ex 500e004aaaaaaa1f phy18 new device attached
[    7.934550] sas: ex 500e004aaaaaaa1f phy18:U:B attached: 3201581410000000 (host)
[    7.934646] sas: ex 500e004aaaaaaa1f phy19 originated BROADCAST(CHANGE)
[    7.934648] sas: ex 500e004aaaaaaa1f phy19 new device attached
[    7.934742] sas: ex 500e004aaaaaaa1f phy19:U:B attached: 3201581410000000 (host)
[    7.934838] sas: ex 500e004aaaaaaa1f phy20 originated BROADCAST(CHANGE)
[    7.934840] sas: ex 500e004aaaaaaa1f phy20 new device attached
[    7.934935] sas: ex 500e004aaaaaaa1f phy20:U:B attached: 3201581410000000 (host)
[    7.935031] sas: ex 500e004aaaaaaa1f phy21 originated BROADCAST(CHANGE)
[    7.935033] sas: ex 500e004aaaaaaa1f phy21 new device attached
[    7.935126] sas: ex 500e004aaaaaaa1f phy21:U:B attached: 3201581410000000 (host)
[    7.935223] sas: ex 500e004aaaaaaa1f phy22 originated BROADCAST(CHANGE)
[    7.935225] sas: ex 500e004aaaaaaa1f phy22 new device attached
[    7.935319] sas: ex 500e004aaaaaaa1f phy22:U:B attached: 3201581410000000 (host)
[    7.935415] sas: ex 500e004aaaaaaa1f phy23 originated BROADCAST(CHANGE)
[    7.935417] sas: ex 500e004aaaaaaa1f phy23 new device attached
[    7.935511] sas: ex 500e004aaaaaaa1f phy23:U:B attached: 3201581410000000 (host)
[    7.935607] sas: done REVALIDATING DOMAIN on port 0, pid:459, res 0x0
[    7.935618] sas: phy2 matched wide port0
[    7.935624] sas: phy-0:2 added to port-0:0, phy_mask:0x7 (500e004aaaaaaa1f)
[    7.935633] sas: REVALIDATING DOMAIN on port 0, pid:459
[    7.938106] sas: ex 500e004aaaaaaa1f phys DID NOT change
[    7.938109] sas: done REVALIDATING DOMAIN on port 0, pid:459, res 0x0
[    7.938118] sas: phy3 matched wide port0
[    7.938122] sas: phy-0:3 added to port-0:0, phy_mask:0xf (500e004aaaaaaa1f)
[    7.938131] sas: REVALIDATING DOMAIN on port 0, pid:459
[    7.940606] sas: ex 500e004aaaaaaa1f phys DID NOT change
[    7.940607] sas: done REVALIDATING DOMAIN on port 0, pid:459, res 0x0
[    7.940616] sas: phy4 matched wide port0
[    7.940623] sas: phy-0:4 added to port-0:0, phy_mask:0x1f (500e004aaaaaaa1f)
[    7.940631] sas: REVALIDATING DOMAIN on port 0, pid:459
[    7.943106] sas: ex 500e004aaaaaaa1f phys DID NOT change
[    7.943108] sas: done REVALIDATING DOMAIN on port 0, pid:459, res 0x0
[    7.943118] sas: phy5 matched wide port0
[    7.943122] sas: phy-0:5 added to port-0:0, phy_mask:0x3f (500e004aaaaaaa1f)
[    7.943131] sas: REVALIDATING DOMAIN on port 0, pid:459
[    7.945617] sas: ex 500e004aaaaaaa1f phys DID NOT change
[    7.945619] sas: done REVALIDATING DOMAIN on port 0, pid:459, res 0x0
[    7.945628] sas: phy6 matched wide port0
[    7.945632] sas: phy-0:6 added to port-0:0, phy_mask:0x7f (500e004aaaaaaa1f)
[    7.945640] sas: REVALIDATING DOMAIN on port 0, pid:459
[    7.948112] sas: ex 500e004aaaaaaa1f phys DID NOT change
[    7.948114] sas: done REVALIDATING DOMAIN on port 0, pid:459, res 0x0
[    7.948122] sas: phy7 matched wide port0
[    7.948127] sas: phy-0:7 added to port-0:0, phy_mask:0xff (500e004aaaaaaa1f)
[    7.948135] sas: REVALIDATING DOMAIN on port 0, pid:459
[    7.950611] sas: ex 500e004aaaaaaa1f phys DID NOT change
[    7.950613] sas: done REVALIDATING DOMAIN on port 0, pid:459, res 0x0
[    7.950621] sas: broadcast received: 0
[    7.950629] sas: REVALIDATING DOMAIN on port 0, pid:459
[    7.953110] sas: ex 500e004aaaaaaa1f phys DID NOT change
[    7.953111] sas: done REVALIDATING DOMAIN on port 0, pid:459, res 0x0
[    7.953119] sas: broadcast received: 0
[    7.953126] sas: REVALIDATING DOMAIN on port 0, pid:459
[    7.955609] sas: ex 500e004aaaaaaa1f phys DID NOT change
[    7.955611] sas: done REVALIDATING DOMAIN on port 0, pid:459, res 0x0
[    7.955619] sas: broadcast received: 0
[    7.955626] sas: REVALIDATING DOMAIN on port 0, pid:459
[    7.957823] sd 0:0:6:0: [sdg] Attached SCSI disk
[    7.958107] sas: ex 500e004aaaaaaa1f phys DID NOT change
[    7.958109] sas: done REVALIDATING DOMAIN on port 0, pid:459, res 0x0
[    7.958118] sas: broadcast received: 0
[    7.958126] sas: REVALIDATING DOMAIN on port 0, pid:459
[    7.960606] sas: ex 500e004aaaaaaa1f phys DID NOT change
[    7.960609] sas: done REVALIDATING DOMAIN on port 0, pid:459, res 0x0
[    7.960617] sas: broadcast received: 0
[    7.960625] sas: REVALIDATING DOMAIN on port 0, pid:459
[    7.963105] sas: ex 500e004aaaaaaa1f phys DID NOT change
[    7.963107] sas: done REVALIDATING DOMAIN on port 0, pid:459, res 0x0
[    7.963115] sas: broadcast received: 0
[    7.963123] sas: REVALIDATING DOMAIN on port 0, pid:459
[    7.965613] sas: ex 500e004aaaaaaa1f phys DID NOT change
[    7.965615] sas: done REVALIDATING DOMAIN on port 0, pid:459, res 0x0
[    7.965624] sas: broadcast received: 0
[    7.965631] sas: REVALIDATING DOMAIN on port 0, pid:459
[    7.968105] sas: ex 500e004aaaaaaa1f phys DID NOT change
[    7.968106] sas: done REVALIDATING DOMAIN on port 0, pid:459, res 0x0
[    7.968114] sas: broadcast received: 0
[    7.968121] sas: REVALIDATING DOMAIN on port 0, pid:459
[    7.970604] sas: ex 500e004aaaaaaa1f phys DID NOT change
[    7.970605] sas: done REVALIDATING DOMAIN on port 0, pid:459, res 0x0
[    7.970614] sas: broadcast received: 0
[    7.970621] sas: REVALIDATING DOMAIN on port 0, pid:459
[    7.973103] sas: ex 500e004aaaaaaa1f phys DID NOT change
[    7.973104] sas: done REVALIDATING DOMAIN on port 0, pid:459, res 0x0
[    7.973112] sas: broadcast received: 0
[    7.973120] sas: REVALIDATING DOMAIN on port 0, pid:459
[    7.975602] sas: ex 500e004aaaaaaa1f phys DID NOT change
[    7.975604] sas: done REVALIDATING DOMAIN on port 0, pid:459, res 0x0
[    7.975612] sas: broadcast received: 0
[    7.975619] sas: REVALIDATING DOMAIN on port 0, pid:459
[    7.978100] sas: ex 500e004aaaaaaa1f phys DID NOT change
[    7.978102] sas: done REVALIDATING DOMAIN on port 0, pid:459, res 0x0
[    7.978109] sas: broadcast received: 0
[    7.978117] sas: REVALIDATING DOMAIN on port 0, pid:459
[    7.980599] sas: ex 500e004aaaaaaa1f phys DID NOT change
[    7.980601] sas: done REVALIDATING DOMAIN on port 0, pid:459, res 0x0
[    7.980609] sas: broadcast received: 0
[    7.980617] sas: REVALIDATING DOMAIN on port 0, pid:459
[    7.983099] sas: ex 500e004aaaaaaa1f phys DID NOT change
[    7.983101] sas: done REVALIDATING DOMAIN on port 0, pid:459, res 0x0
[    7.983109] sas: broadcast received: 0
[    7.983116] sas: REVALIDATING DOMAIN on port 0, pid:459
[    7.985599] sas: ex 500e004aaaaaaa1f phys DID NOT change
[    7.985600] sas: done REVALIDATING DOMAIN on port 0, pid:459, res 0x0
[    7.985608] sas: broadcast received: 0
[    7.985616] sas: REVALIDATING DOMAIN on port 0, pid:459
[    7.988098] sas: ex 500e004aaaaaaa1f phys DID NOT change
[    7.988099] sas: done REVALIDATING DOMAIN on port 0, pid:459, res 0x0
[    7.988107] sas: broadcast received: 0
[    7.988115] sas: REVALIDATING DOMAIN on port 0, pid:459
[    7.990597] sas: ex 500e004aaaaaaa1f phys DID NOT change
[    7.990598] sas: done REVALIDATING DOMAIN on port 0, pid:459, res 0x0
[    7.992615] tun: Universal TUN/TAP device driver, 1.6
[    7.992838] thunder_xcv, ver 1.0
[    7.992857] thunder_bgx, ver 1.0
[    7.992873] nicpf, ver 1.0
[    8.004835] sd 0:0:7:0: [sdh] 390721968 512-byte logical blocks: (200 GB/186 GiB)
[    8.046826] sd 0:0:7:0: [sdh] Write Protect is off
[    8.046829] sd 0:0:7:0: [sdh] Mode Sense: cf 00 10 08
[    8.069643] ACPI: IORT: [Firmware Bug]: Named component missing memory address limit
[    8.069758] hns_dsaf HISI00B2:00: Adding to iommu group 1
[    8.128840] sd 0:0:7:0: [sdh] Write cache: disabled, read cache: disabled, supports DPO and FUA
[    8.140645] hns_dsaf HISI00B2:00: no mc-mac-mask property, set to default value.
[    8.251474] sd 0:0:7:0: [sdh] Optimal transfer size 131072 bytes
[    8.353656] hns_dsaf HISI00B2:00: no mc-mac-mask property, set to default value.
[    8.569918] hns_dsaf HISI00B2:00: no mc-mac-mask property, set to default value.
[    8.590423] hns_dsaf HISI00B2:00: no mc-mac-mask property, set to default value.
[    8.611153] sd 0:0:7:0: [sdh] Attached SCSI disk
[    8.889558] Generic PHY Mii-HISI0141:00:00: attached PHY driver (mii_bus:phy_addr=Mii-HISI0141:00:00, irq=POLL)
[    8.911178] Generic PHY Mii-HISI0141:00:01: attached PHY driver (mii_bus:phy_addr=Mii-HISI0141:00:01, irq=POLL)
[    8.955587] hns3: Hisilicon Ethernet Network Driver for Hip08 Family - version
[    8.955590] hns3: Copyright (c) 2017 Huawei Corporation.
[    8.955673] hclge is initializing
[    8.955689] e1000: Intel(R) PRO/1000 Network Driver
[    8.955690] e1000: Copyright (c) 1999-2006 Intel Corporation.
[    8.955715] e1000e: Intel(R) PRO/1000 Network Driver
[    8.955717] e1000e: Copyright(c) 1999 - 2015 Intel Corporation.
[    8.955740] igb: Intel(R) Gigabit Ethernet Network Driver
[    8.955743] igb: Copyright (c) 2007-2014 Intel Corporation.
[    8.955762] igbvf: Intel(R) Gigabit Virtual Function Network Driver
[    8.955764] igbvf: Copyright (c) 2009 - 2012 Intel Corporation.
[    8.955932] sky2: driver version 1.30
[    8.956235] VFIO - User Level meta-driver version: 0.3
[    8.956800] ehci_hcd: USB 2.0 'Enhanced' Host Controller (EHCI) Driver
[    8.956802] ehci-pci: EHCI PCI platform driver
[    8.956815] ehci-platform: EHCI generic platform driver
[    8.956847] ehci-orion: EHCI orion driver
[    8.956853] ACPI: IORT: [Firmware Bug]: Named component missing memory address limit
[    8.956873] ehci-exynos: EHCI Exynos driver
[    8.956886] ehci-platform PNP0D20:00: Adding to iommu group 2
[    8.956899] ohci_hcd: USB 1.1 'Open' Host Controller (OHCI) Driver
[    8.956907] ohci-pci: OHCI PCI platform driver
[    8.956921] ohci-platform: OHCI generic platform driver
[    8.956945] ohci-exynos: OHCI Exynos driver
[    8.957065] usbcore: registered new interface driver usb-storage
[    8.957838] ehci-platform PNP0D20:00: EHCI Host Controller
[    8.957848] ehci-platform PNP0D20:00: new USB bus registered, assigned bus number 1
[    8.957904] ehci-platform PNP0D20:00: irq 369, io mem 0xa7020000
[    8.973578] ehci-platform PNP0D20:00: USB 2.0 started, EHCI 1.00
[    8.973824] hub 1-0:1.0: USB hub found
[    8.973837] hub 1-0:1.0: 2 ports detected
[    9.083585] rtc-efi rtc-efi.0: registered as rtc0
[    9.146512] rtc-efi rtc-efi.0: setting system clock to 2022-07-01T15:42:19 UTC (1656690139)
[    9.146683] i2c_dev: i2c /dev entries driver
[    9.148438] sdhci: Secure Digital Host Controller Interface driver
[    9.148440] sdhci: Copyright(c) Pierre Ossman
[    9.148608] Synopsys Designware Multimedia Card Interface Driver
[    9.148823] sdhci-pltfm: SDHCI platform and OF driver helper
[    9.150212] ledtrig-cpu: registered to indicate activity on CPUs
[    9.152852] pstore: Registered efi as persistent store backend
[    9.153176] usbcore: registered new interface driver usbhid
[    9.153179] usbhid: USB HID core driver
[    9.154700] NET: Registered PF_PACKET protocol family
[    9.154766] 9pnet: Installing 9P2000 support
[    9.154793] Key type dns_resolver registered
[    9.154988] registered taskstats version 1
[    9.155004] Loading compiled-in X.509 certificates
[    9.155228] pstore: Using crash dump compression: deflate
[    9.157348] ARMH0011:00: ttyAMA0 at MMIO 0x602b0000 (irq = 370, base_baud = 0) is a SBSA
[    9.158004] printk: console [ttyAMA0] printing thread started
[    9.158008] printk: console [ttyAMA0] enabled
[    9.158010] printk: bootconsole [pl11] disabled
[    9.168022] printk: bootconsole [pl11] printing thread stopped
[    9.173987] pcieport 0002:f8:00.0: Adding to iommu group 3
[    9.174958] pcieport 0002:f8:00.0: can't derive routing for PCI INT A
[    9.174962] pcieport 0002:f8:00.0: PCI INT A: no GSI
[    9.178493] pcieport 0004:88:00.0: Adding to iommu group 4
[    9.179436] pcieport 0004:88:00.0: can't derive routing for PCI INT A
[    9.179438] pcieport 0004:88:00.0: PCI INT A: no GSI
[    9.184318] pcieport 0005:78:00.0: Adding to iommu group 5
[    9.185262] pcieport 0005:78:00.0: can't derive routing for PCI INT A
[    9.185265] pcieport 0005:78:00.0: PCI INT A: no GSI
[    9.189793] pcieport 000a:10:00.0: Adding to iommu group 6
[    9.190693] pcieport 000a:10:00.0: can't derive routing for PCI INT A
[    9.190696] pcieport 000a:10:00.0: PCI INT A: no GSI
[    9.196229] pcieport 000c:20:00.0: Adding to iommu group 7
[    9.197299] pcieport 000c:20:00.0: can't derive routing for PCI INT A
[    9.197302] pcieport 000c:20:00.0: PCI INT A: no GSI
[    9.201182] pcieport 000d:30:00.0: Adding to iommu group 8
[    9.202051] pcieport 000d:30:00.0: can't derive routing for PCI INT A
[    9.202055] pcieport 000d:30:00.0: PCI INT A: no GSI
[    9.206663] serial 0002:f9:00.0: Adding to iommu group 3
[    9.206682] pci 0002:f8:00.0: can't derive routing for PCI INT A
[    9.206684] serial 0002:f9:00.0: PCI INT A: no GSI
[    9.206702] serial 0002:f9:00.0: enabling device (0000 -> 0003)
[    9.228501] 0002:f9:00.0: ttyS2 at I/O 0x1000 (irq = 372, base_baud = 115200) is a ST16650V2
[    9.228637] serial 0002:f9:00.1: Adding to iommu group 3
[    9.228653] pci 0002:f8:00.0: can't derive routing for PCI INT B
[    9.228656] serial 0002:f9:00.1: PCI INT B: no GSI
[    9.228669] serial 0002:f9:00.1: enabling device (0000 -> 0003)
[    9.229578] usb 1-1: new high-speed USB device number 2 using ehci-platform
[    9.250327] 0002:f9:00.1: ttyS3 at I/O 0x1008 (irq = 373, base_baud = 115200) is a ST16650V2
[    9.250603] ALSA device list:
[    9.250607]   No soundcards found.
[    9.277795] EXT4-fs (sda2): mounted filesystem with ordered data mode. Quota mode: none.
[    9.277815] VFS: Mounted root (ext4 filesystem) on device 8:2.
[    9.278368] devtmpfs: mounted
[    9.280231] Freeing unused kernel memory: 6912K
[    9.289856] Run /sbin/init as init process
[    9.289859]   with arguments:
[    9.289860]     /sbin/init
[    9.289861]   with environment:
[    9.289862]     HOME=/
[    9.289863]     TERM=linux
[    9.289865]     BOOT_IMAGE=/john/Image
[    9.289866]     user_debug=1
