[    0.000000] Booting Linux on physical CPU 0x0000010000 [0x410fd082]
[    0.000000] Linux version 5.19.0-rc3-45037-g8ba24373f9b3 (john@debian) (gcc (Debian 10.2.1-6) 10.2.1 20210110, GNU ld (GNU Binutils for Debian) 2.37) #958 SMP PREEMPT Fri Jun 24 15:12:17 BST 2022
[    0.000000] Machine model: Hisilicon PhosphorV660 Development Board
[    0.000000] efi: EFI v2.60 by EDK II
[    0.000000] efi: SMBIOS=0x3eff0000 SMBIOS 3.0=0x39aa0000 ACPI=0x39b70000 ACPI 2.0=0x39b70014 MEMATTR=0x3b8d0018 MEMRESERVE=0x3a002d18 
[    0.000000] ACPI: Early table checksum verification disabled
[    0.000000] ACPI: RSDP 0x0000000039B70014 000024 (v02 HISI  )
[    0.000000] ACPI: XSDT 0x0000000039B600E8 000084 (v01 HISI   HIP07    00000000      01000013)
[    0.000000] ACPI: FACP 0x0000000039A20000 00010C (v05 HISI   HIP07    00000000 INTL 20151124)
[    0.000000] ACPI: DSDT 0x00000000399E0000 0080C8 (v02 HISI   HIP07    00000000 INTL 20170728)
[    0.000000] ACPI: MCFG 0x0000000039A80000 0000AC (v01 HISI   HIP07    00000000 INTL 20151124)
[    0.000000] ACPI: SLIT 0x0000000039A70000 00003C (v01 HISI   HIP07    00000000 INTL 20151124)
[    0.000000] ACPI: SPCR 0x0000000039A60000 000050 (v02 HISI   HIP07    00000000 INTL 20151124)
[    0.000000] ACPI: SRAT 0x0000000039A50000 0005B0 (v03 HISI   HIP07    00000000 INTL 20151124)
[    0.000000] ACPI: DBG2 0x0000000039A40000 00005A (v00 HISI   HIP07    00000000 INTL 20151124)
[    0.000000] ACPI: GTDT 0x0000000039A10000 000098 (v02 HISI   HIP07    00000000 INTL 20151124)
[    0.000000] ACPI: APIC 0x0000000039A00000 0013E4 (v01 HISI   HIP07    00000000 INTL 20151124)
[    0.000000] ACPI: IORT 0x00000000399F0000 00080C (v00 HISI   HIP07    00000000 INTL 20170728)
[    0.000000] ACPI: PPTT 0x0000000031870000 001754 (v01 HISI   HIP07    00000000 INTL 20151124)
[    0.000000] ACPI: SPMI 0x0000000031860000 000041 (v05 HISI   HIP07    00000000 INTL 20151124)
[    0.000000] ACPI: iBFT 0x00000000317C0000 000800 (v01 HISI   HIP07    00000000      00000000)
[    0.000000] ACPI: SPCR: console: pl011,mmio32,0x602b0000,115200
[    0.000000] earlycon: pl11 at MMIO32 0x00000000602b0000 (options '115200')
[    0.000000] printk: bootconsole [pl11] enabled
[    0.000000] ACPI: SRAT: Node 0 PXM 0 [mem 0x00000000-0x3fffffff]
[    0.000000] ACPI: SRAT: Node 0 PXM 0 [mem 0x1000000000-0x17ffffffff]
[    0.000000] ACPI: SRAT: Node 2 PXM 2 [mem 0x40000000000-0x4003fffffff]
[    0.000000] ACPI: SRAT: Node 2 PXM 2 [mem 0x41000000000-0x417ffffffff]
[    0.000000] NUMA: NODE_DATA [mem 0x17fbffdb40-0x17fbffffff]
[    0.000000] NUMA: Initmem setup node 1 [<memory-less node>]
[    0.000000] NUMA: NODE_DATA [mem 0x417f4004b40-0x417f4006fff]
[    0.000000] NUMA: NODE_DATA(1) on node 2
[    0.000000] NUMA: NODE_DATA [mem 0x417f4002680-0x417f4004b3f]
[    0.000000] NUMA: Initmem setup node 3 [<memory-less node>]
[    0.000000] NUMA: NODE_DATA [mem 0x417f40001c0-0x417f400267f]
[    0.000000] NUMA: NODE_DATA(3) on node 2
[    0.000000] Zone ranges:
[    0.000000]   DMA      [mem 0x0000000000000000-0x00000000ffffffff]
[    0.000000]   DMA32    empty
[    0.000000]   Normal   [mem 0x0000000100000000-0x00000417fbffffff]
[    0.000000] Movable zone start for each node
[    0.000000] Early memory node ranges
[    0.000000]   node   0: [mem 0x0000000000000000-0x000000003188afff]
[    0.000000]   node   0: [mem 0x000000003188b000-0x000000003188efff]
[    0.000000]   node   0: [mem 0x000000003188f000-0x000000003992ffff]
[    0.000000]   node   0: [mem 0x0000000039930000-0x00000000399dffff]
[    0.000000]   node   0: [mem 0x00000000399e0000-0x0000000039a2ffff]
[    0.000000]   node   0: [mem 0x0000000039a30000-0x0000000039a3ffff]
[    0.000000]   node   0: [mem 0x0000000039a40000-0x0000000039a8ffff]
[    0.000000]   node   0: [mem 0x0000000039a90000-0x0000000039b5ffff]
[    0.000000]   node   0: [mem 0x0000000039b60000-0x0000000039b7ffff]
[    0.000000]   node   0: [mem 0x0000000039b80000-0x0000000039ffffff]
[    0.000000]   node   0: [mem 0x000000003a000000-0x000000003efeffff]
[    0.000000]   node   0: [mem 0x000000003eff0000-0x000000003f01ffff]
[    0.000000]   node   0: [mem 0x000000003f020000-0x000000003fbfffff]
[    0.000000]   node   0: [mem 0x0000001040000000-0x00000017fbffffff]
[    0.000000]   node   2: [mem 0x0000041000000000-0x00000417fbffffff]
[    0.000000] Initmem setup node 0 [mem 0x0000000000000000-0x00000017fbffffff]
[    0.000000] Initmem setup node 1 as memoryless
[    0.000000] Initmem setup node 2 [mem 0x0000041000000000-0x00000417fbffffff]
[    0.000000] Initmem setup node 3 as memoryless
[    0.000000] On node 0, zone Normal: 1024 pages in unavailable ranges
[    0.000000] On node 2, zone Normal: 16384 pages in unavailable ranges
[    0.000000] On node 2, zone Normal: 16384 pages in unavailable ranges
[    0.000000] cma: Reserved 32 MiB at 0x000000003ce00000
[    0.000000] crashkernel reserved: 0x0000000002000000 - 0x0000000012000000 (256 MB)
[    0.000000] psci: probing for conduit method from ACPI.
[    0.000000] psci: PSCIv1.0 detected in firmware.
[    0.000000] psci: Using standard PSCI v0.2 function IDs
[    0.000000] psci: MIGRATE_INFO_TYPE not supported.
[    0.000000] psci: SMC Calling Convention v1.0
[    0.000000] ACPI: NUMA: SRAT: PXM 0 -> MPIDR 0x10000 -> Node 0
[    0.000000] ACPI: NUMA: SRAT: PXM 0 -> MPIDR 0x10001 -> Node 0
[    0.000000] ACPI: NUMA: SRAT: PXM 0 -> MPIDR 0x10002 -> Node 0
[    0.000000] ACPI: NUMA: SRAT: PXM 0 -> MPIDR 0x10003 -> Node 0
[    0.000000] ACPI: NUMA: SRAT: PXM 0 -> MPIDR 0x10100 -> Node 0
[    0.000000] ACPI: NUMA: SRAT: PXM 0 -> MPIDR 0x10101 -> Node 0
[    0.000000] ACPI: NUMA: SRAT: PXM 0 -> MPIDR 0x10102 -> Node 0
[    0.000000] ACPI: NUMA: SRAT: PXM 0 -> MPIDR 0x10103 -> Node 0
[    0.000000] ACPI: NUMA: SRAT: PXM 0 -> MPIDR 0x10200 -> Node 0
[    0.000000] ACPI: NUMA: SRAT: PXM 0 -> MPIDR 0x10201 -> Node 0
[    0.000000] ACPI: NUMA: SRAT: PXM 0 -> MPIDR 0x10202 -> Node 0
[    0.000000] ACPI: NUMA: SRAT: PXM 0 -> MPIDR 0x10203 -> Node 0
[    0.000000] ACPI: NUMA: SRAT: PXM 0 -> MPIDR 0x10300 -> Node 0
[    0.000000] ACPI: NUMA: SRAT: PXM 0 -> MPIDR 0x10301 -> Node 0
[    0.000000] ACPI: NUMA: SRAT: PXM 0 -> MPIDR 0x10302 -> Node 0
[    0.000000] ACPI: NUMA: SRAT: PXM 0 -> MPIDR 0x10303 -> Node 0
[    0.000000] ACPI: NUMA: SRAT: PXM 1 -> MPIDR 0x30000 -> Node 1
[    0.000000] ACPI: NUMA: SRAT: PXM 1 -> MPIDR 0x30001 -> Node 1
[    0.000000] ACPI: NUMA: SRAT: PXM 1 -> MPIDR 0x30002 -> Node 1
[    0.000000] ACPI: NUMA: SRAT: PXM 1 -> MPIDR 0x30003 -> Node 1
[    0.000000] ACPI: NUMA: SRAT: PXM 1 -> MPIDR 0x30100 -> Node 1
[    0.000000] ACPI: NUMA: SRAT: PXM 1 -> MPIDR 0x30101 -> Node 1
[    0.000000] ACPI: NUMA: SRAT: PXM 1 -> MPIDR 0x30102 -> Node 1
[    0.000000] ACPI: NUMA: SRAT: PXM 1 -> MPIDR 0x30103 -> Node 1
[    0.000000] ACPI: NUMA: SRAT: PXM 1 -> MPIDR 0x30200 -> Node 1
[    0.000000] ACPI: NUMA: SRAT: PXM 1 -> MPIDR 0x30201 -> Node 1
[    0.000000] ACPI: NUMA: SRAT: PXM 1 -> MPIDR 0x30202 -> Node 1
[    0.000000] ACPI: NUMA: SRAT: PXM 1 -> MPIDR 0x30203 -> Node 1
[    0.000000] ACPI: NUMA: SRAT: PXM 1 -> MPIDR 0x30300 -> Node 1
[    0.000000] ACPI: NUMA: SRAT: PXM 1 -> MPIDR 0x30301 -> Node 1
[    0.000000] ACPI: NUMA: SRAT: PXM 1 -> MPIDR 0x30302 -> Node 1
[    0.000000] ACPI: NUMA: SRAT: PXM 1 -> MPIDR 0x30303 -> Node 1
[    0.000000] ACPI: NUMA: SRAT: PXM 2 -> MPIDR 0x50000 -> Node 2
[    0.000000] ACPI: NUMA: SRAT: PXM 2 -> MPIDR 0x50001 -> Node 2
[    0.000000] ACPI: NUMA: SRAT: PXM 2 -> MPIDR 0x50002 -> Node 2
[    0.000000] ACPI: NUMA: SRAT: PXM 2 -> MPIDR 0x50003 -> Node 2
[    0.000000] ACPI: NUMA: SRAT: PXM 2 -> MPIDR 0x50100 -> Node 2
[    0.000000] ACPI: NUMA: SRAT: PXM 2 -> MPIDR 0x50101 -> Node 2
[    0.000000] ACPI: NUMA: SRAT: PXM 2 -> MPIDR 0x50102 -> Node 2
[    0.000000] ACPI: NUMA: SRAT: PXM 2 -> MPIDR 0x50103 -> Node 2
[    0.000000] ACPI: NUMA: SRAT: PXM 2 -> MPIDR 0x50200 -> Node 2
[    0.000000] ACPI: NUMA: SRAT: PXM 2 -> MPIDR 0x50201 -> Node 2
[    0.000000] ACPI: NUMA: SRAT: PXM 2 -> MPIDR 0x50202 -> Node 2
[    0.000000] ACPI: NUMA: SRAT: PXM 2 -> MPIDR 0x50203 -> Node 2
[    0.000000] ACPI: NUMA: SRAT: PXM 2 -> MPIDR 0x50300 -> Node 2
[    0.000000] ACPI: NUMA: SRAT: PXM 2 -> MPIDR 0x50301 -> Node 2
[    0.000000] ACPI: NUMA: SRAT: PXM 2 -> MPIDR 0x50302 -> Node 2
[    0.000000] ACPI: NUMA: SRAT: PXM 2 -> MPIDR 0x50303 -> Node 2
[    0.000000] ACPI: NUMA: SRAT: PXM 3 -> MPIDR 0x70000 -> Node 3
[    0.000000] ACPI: NUMA: SRAT: PXM 3 -> MPIDR 0x70001 -> Node 3
[    0.000000] ACPI: NUMA: SRAT: PXM 3 -> MPIDR 0x70002 -> Node 3
[    0.000000] ACPI: NUMA: SRAT: PXM 3 -> MPIDR 0x70003 -> Node 3
[    0.000000] ACPI: NUMA: SRAT: PXM 3 -> MPIDR 0x70100 -> Node 3
[    0.000000] ACPI: NUMA: SRAT: PXM 3 -> MPIDR 0x70101 -> Node 3
[    0.000000] ACPI: NUMA: SRAT: PXM 3 -> MPIDR 0x70102 -> Node 3
[    0.000000] ACPI: NUMA: SRAT: PXM 3 -> MPIDR 0x70103 -> Node 3
[    0.000000] ACPI: NUMA: SRAT: PXM 3 -> MPIDR 0x70200 -> Node 3
[    0.000000] ACPI: NUMA: SRAT: PXM 3 -> MPIDR 0x70201 -> Node 3
[    0.000000] ACPI: NUMA: SRAT: PXM 3 -> MPIDR 0x70202 -> Node 3
[    0.000000] ACPI: NUMA: SRAT: PXM 3 -> MPIDR 0x70203 -> Node 3
[    0.000000] ACPI: NUMA: SRAT: PXM 3 -> MPIDR 0x70300 -> Node 3
[    0.000000] ACPI: NUMA: SRAT: PXM 3 -> MPIDR 0x70301 -> Node 3
[    0.000000] ACPI: NUMA: SRAT: PXM 3 -> MPIDR 0x70302 -> Node 3
[    0.000000] ACPI: NUMA: SRAT: PXM 3 -> MPIDR 0x70303 -> Node 3
[    0.000000] percpu: Embedded 20 pages/cpu s44520 r8192 d29208 u81920
[    0.000000] pcpu-alloc: s44520 r8192 d29208 u81920 alloc=20*4096
[    0.000000] pcpu-alloc: [0] 00 [0] 01 [0] 02 [0] 03 [0] 04 [0] 05 [0] 06 [0] 07 
[    0.000000] pcpu-alloc: [0] 08 [0] 09 [0] 10 [0] 11 [0] 12 [0] 13 [0] 14 [0] 15 
[    0.000000] pcpu-alloc: [1] 16 [1] 17 [1] 18 [1] 19 [1] 20 [1] 21 [1] 22 [1] 23 
[    0.000000] pcpu-alloc: [1] 24 [1] 25 [1] 26 [1] 27 [1] 28 [1] 29 [1] 30 [1] 31 
[    0.000000] pcpu-alloc: [2] 32 [2] 33 [2] 34 [2] 35 [2] 36 [2] 37 [2] 38 [2] 39 
[    0.000000] pcpu-alloc: [2] 40 [2] 41 [2] 42 [2] 43 [2] 44 [2] 45 [2] 46 [2] 47 
[    0.000000] pcpu-alloc: [3] 48 [3] 49 [3] 50 [3] 51 [3] 52 [3] 53 [3] 54 [3] 55 
[    0.000000] pcpu-alloc: [3] 56 [3] 57 [3] 58 [3] 59 [3] 60 [3] 61 [3] 62 [3] 63 
[    0.000000] Detected PIPT I-cache on CPU0
[    0.000000] CPU features: detected: GIC system register CPU interface
[    0.000000] CPU features: detected: Spectre-v2
[    0.000000] CPU features: detected: Spectre-v3a
[    0.000000] CPU features: detected: Spectre-v4
[    0.000000] CPU features: detected: Spectre-BHB
[    0.000000] CPU features: kernel page table isolation forced ON by KASLR
[    0.000000] CPU features: detected: Kernel page table isolation (KPTI)
[    0.000000] CPU features: detected: ARM errata 1165522, 1319367, or 1530923
[    0.000000] Fallback order for Node 0: 0 2 
[    0.000000] Fallback order for Node 1: 1 0 2 
[    0.000000] Fallback order for Node 2: 2 0 
[    0.000000] Fallback order for Node 3: 3 2 0 
[    0.000000] Built 4 zonelists, mobility grouping on.  Total pages: 16481808
[    0.000000] Policy zone: Normal
[    0.000000] Kernel command line: BOOT_IMAGE=/john/Image rdinit=/init crashkernel=256M@32M console=ttyAMA0,115200 earlycon acpi=force pcie_aspm=off noinitrd root=/dev/sda2 rw log_buf_len=16M user_debug=1 iommu.strict=0 nvme.use_threaded_interrupts=1 irqchip.gicv3_pseudo_nmi=1
[    0.000000] PCIe ASPM is disabled
[    0.000000] Unknown kernel command line parameters "BOOT_IMAGE=/john/Image user_debug=1", will be passed to user space.
[    0.000000] printk: log_buf_len: 16777216 bytes
[    0.000000] printk: early log buf free: 120088(91%)
[    0.000000] mem auto-init: stack:off, heap alloc:off, heap free:off
[    0.000000] software IO TLB: mapped [mem 0x0000000035930000-0x0000000039930000] (64MB)
[    0.000000] Memory: 65310356K/66973696K available (16000K kernel code, 3396K rwdata, 9024K rodata, 6976K init, 581K bss, 1630572K reserved, 32768K cma-reserved)
[    0.000000] SLUB: HWalign=64, Order=0-3, MinObjects=0, CPUs=64, Nodes=4
[    0.000000] rcu: Preemptible hierarchical RCU implementation.
[    0.000000] rcu: 	RCU event tracing is enabled.
[    0.000000] rcu: 	RCU restricting CPUs from NR_CPUS=256 to nr_cpu_ids=64.
[    0.000000] 	Trampoline variant of Tasks RCU enabled.
[    0.000000] 	Tracing variant of Tasks RCU enabled.
[    0.000000] rcu: RCU calculated value of scheduler-enlistment delay is 25 jiffies.
[    0.000000] rcu: Adjusting geometry for rcu_fanout_leaf=16, nr_cpu_ids=64
[    0.000000] NR_IRQS: 64, nr_irqs: 64, preallocated irqs: 0
[    0.000000] GICv3: GIC: Using split EOI/Deactivate mode
[    0.000000] GIC: enabling workaround for GICv3: HIP07 erratum 161010803
[    0.000000] GICv3: 988 SPIs implemented
[    0.000000] GICv3: 0 Extended SPIs implemented
[    0.000000] Root IRQ handler: gic_handle_irq
[    0.000000] GICv3: GICv3 features: 16 PPIs, DirectLPI
[    0.000000] GICv3: GICv4 features: DirectLPI 
[    0.000000] GICv3: CPU0: found redistributor 10000 region 0:0x000000004d100000
[    0.000000] SRAT: PXM 0 -> ITS 0 -> Node 0
[    0.000000] SRAT: PXM 1 -> ITS 1 -> Node 1
[    0.000000] SRAT: PXM 0 -> ITS 2 -> Node 0
[    0.000000] SRAT: PXM 1 -> ITS 3 -> Node 1
[    0.000000] SRAT: PXM 2 -> ITS 4 -> Node 2
[    0.000000] SRAT: PXM 3 -> ITS 5 -> Node 3
[    0.000000] SRAT: PXM 2 -> ITS 6 -> Node 2
[    0.000000] SRAT: PXM 3 -> ITS 7 -> Node 3
[    0.000000] ITS [mem 0x4c000000-0x4c01ffff]
[    0.000000] ITS@0x000000004c000000: Using ITS number 0
[    0.000000] GIC: enabling workaround for ITS: Hip07 erratum 161600802
[    0.000000] ITS@0x000000004c000000: allocated 524288 Devices @1040800000 (flat, esz 8, psz 16K, shr 1)
[    0.000000] ITS@0x000000004c000000: allocated 65536 Virtual CPUs @1040180000 (flat, esz 8, psz 4K, shr 1)
[    0.000000] ITS@0x000000004c000000: allocated 512 Interrupt Collections @1040143000 (flat, esz 8, psz 4K, shr 1)
[    0.000000] ITS [mem 0x6c000000-0x6c01ffff]
[    0.000000] ITS@0x000000006c000000: Using ITS number 1
[    0.000000] GIC: enabling workaround for ITS: Hip07 erratum 161600802
[    0.000000] ITS@0x000000006c000000: allocated 524288 Devices @1040c00000 (flat, esz 8, psz 16K, shr 1)
[    0.000000] ITS@0x000000006c000000: allocated 65536 Virtual CPUs @1040200000 (flat, esz 8, psz 4K, shr 1)
[    0.000000] ITS@0x000000006c000000: allocated 512 Interrupt Collections @1040144000 (flat, esz 8, psz 4K, shr 1)
[    0.000000] ITS [mem 0xc6000000-0xc601ffff]
[    0.000000] ITS@0x00000000c6000000: Using ITS number 2
[    0.000000] GIC: enabling workaround for ITS: Hip07 erratum 161600802
[    0.000000] ITS@0x00000000c6000000: allocated 524288 Devices @1041000000 (flat, esz 8, psz 16K, shr 1)
[    0.000000] ITS@0x00000000c6000000: allocated 65536 Virtual CPUs @1040280000 (flat, esz 8, psz 4K, shr 1)
[    0.000000] ITS@0x00000000c6000000: allocated 512 Interrupt Collections @1040145000 (flat, esz 8, psz 4K, shr 1)
[    0.000000] ITS [mem 0x8c6000000-0x8c601ffff]
[    0.000000] ITS@0x00000008c6000000: Using ITS number 3
[    0.000000] GIC: enabling workaround for ITS: Hip07 erratum 161600802
[    0.000000] ITS@0x00000008c6000000: allocated 524288 Devices @1041400000 (flat, esz 8, psz 16K, shr 1)
[    0.000000] ITS@0x00000008c6000000: allocated 65536 Virtual CPUs @1040380000 (flat, esz 8, psz 4K, shr 1)
[    0.000000] ITS@0x00000008c6000000: allocated 512 Interrupt Collections @1040146000 (flat, esz 8, psz 4K, shr 1)
[    0.000000] ITS [mem 0x4004c000000-0x4004c01ffff]
[    0.000000] ITS@0x000004004c000000: Using ITS number 4
[    0.000000] GIC: enabling workaround for ITS: Hip07 erratum 161600802
[    0.000000] ITS@0x000004004c000000: allocated 524288 Devices @41000400000 (flat, esz 8, psz 16K, shr 1)
[    0.000000] ITS@0x000004004c000000: allocated 65536 Virtual CPUs @41000080000 (flat, esz 8, psz 4K, shr 1)
[    0.000000] ITS@0x000004004c000000: allocated 512 Interrupt Collections @41000002000 (flat, esz 8, psz 4K, shr 1)
[    0.000000] ITS [mem 0x4006c000000-0x4006c01ffff]
[    0.000000] ITS@0x000004006c000000: Using ITS number 5
[    0.000000] GIC: enabling workaround for ITS: Hip07 erratum 161600802
[    0.000000] ITS@0x000004006c000000: allocated 524288 Devices @41000800000 (flat, esz 8, psz 16K, shr 1)
[    0.000000] ITS@0x000004006c000000: allocated 65536 Virtual CPUs @41000100000 (flat, esz 8, psz 4K, shr 1)
[    0.000000] ITS@0x000004006c000000: allocated 512 Interrupt Collections @41000003000 (flat, esz 8, psz 4K, shr 1)
[    0.000000] ITS [mem 0x400c6000000-0x400c601ffff]
[    0.000000] ITS@0x00000400c6000000: Using ITS number 6
[    0.000000] GIC: enabling workaround for ITS: Hip07 erratum 161600802
[    0.000000] ITS@0x00000400c6000000: allocated 524288 Devices @41000c00000 (flat, esz 8, psz 16K, shr 1)
[    0.000000] ITS@0x00000400c6000000: allocated 65536 Virtual CPUs @41000180000 (flat, esz 8, psz 4K, shr 1)
[    0.000000] ITS@0x00000400c6000000: allocated 512 Interrupt Collections @41000004000 (flat, esz 8, psz 4K, shr 1)
[    0.000000] ITS [mem 0x408c6000000-0x408c601ffff]
[    0.000000] ITS@0x00000408c6000000: Using ITS number 7
[    0.000000] GIC: enabling workaround for ITS: Hip07 erratum 161600802
[    0.000000] ITS@0x00000408c6000000: allocated 524288 Devices @41001000000 (flat, esz 8, psz 16K, shr 1)
[    0.000000] ITS@0x00000408c6000000: allocated 65536 Virtual CPUs @41000200000 (flat, esz 8, psz 4K, shr 1)
[    0.000000] ITS@0x00000408c6000000: allocated 512 Interrupt Collections @41000005000 (flat, esz 8, psz 4K, shr 1)
[    0.000000] GICv3: using LPI property table @0x0000001040310000
[    0.000000] ITS: Using DirectLPI for VPE invalidation
[    0.000000] ITS: Enabling GICv4 support
[    0.000000] GICv3: CPU0: using allocated LPI pending table @0x0000001040320000
[    0.000000] rcu: srcu_init: Setting srcu_struct sizes based on contention.
[    0.000000] arch_timer: Enabling global workaround for HiSilicon erratum 161010101
[    0.000000] arch_timer: CPU0: Trapping CNTVCT access
[    0.000000] arch_timer: cp15 timer(s) running at 50.00MHz (phys).
[    0.000000] clocksource: arch_sys_counter: mask: 0xffffffffffffff max_cycles: 0xb8812736b, max_idle_ns: 440795202655 ns
[    0.000000] sched_clock: 56 bits at 50MHz, resolution 20ns, wraps every 4398046511100ns
[    0.008171] Console: colour dummy device 80x25
[    0.012726] mempolicy: Enabling automatic NUMA balancing. Configure with numa_balancing= or the kernel.numa_balancing sysctl
[    0.024013] ACPI: Core revision 20220331
[    0.028010] ACPI BIOS Warning (bug): Incorrect checksum in table [DSDT] - 0x71, should be 0x6F (20220331/tbprint-174)
[    0.038770] Calibrating delay loop (skipped), value calculated using timer frequency.. 100.00 BogoMIPS (lpj=200000)
[    0.049260] pid_max: default: 65536 minimum: 512
[    0.053938] LSM: Security Framework initializing
[    0.080128] Dentry cache hash table entries: 8388608 (order: 14, 67108864 bytes, vmalloc)
[    0.098145] Inode-cache hash table entries: 4194304 (order: 13, 33554432 bytes, vmalloc)
[    0.106649] Mount-cache hash table entries: 131072 (order: 8, 1048576 bytes, vmalloc)
[    0.114852] Mountpoint-cache hash table entries: 131072 (order: 8, 1048576 bytes, vmalloc)
[    0.124790] cblist_init_generic: Setting adjustable number of callback queues.
[    0.132110] cblist_init_generic: Setting shift to 6 and lim to 1.
[    0.138313] cblist_init_generic: Setting shift to 6 and lim to 1.
[    0.144519] rcu: Hierarchical SRCU implementation.
[    0.144539] printk: bootconsole [pl11] printing thread started
[    0.155273] Platform MSI: ITS@0x4c000000 domain created
[    0.155277] Platform MSI: ITS@0x6c000000 domain created
[    0.155280] Platform MSI: ITS@0xc6000000 domain created
[    0.155283] Platform MSI: ITS@0x8c6000000 domain created
[    0.155286] Platform MSI: ITS@0x4004c000000 domain created
[    0.155291] Platform MSI: ITS@0x4006c000000 domain created
[    0.155296] Platform MSI: ITS@0x400c6000000 domain created
[    0.155299] Platform MSI: ITS@0x408c6000000 domain created
[    0.155305] PCI/MSI: ITS@0x4c000000 domain created
[    0.155308] PCI/MSI: ITS@0x6c000000 domain created
[    0.155310] PCI/MSI: ITS@0xc6000000 domain created
[    0.155313] PCI/MSI: ITS@0x8c6000000 domain created
[    0.155316] PCI/MSI: ITS@0x4004c000000 domain created
[    0.155319] PCI/MSI: ITS@0x4006c000000 domain created
[    0.155322] PCI/MSI: ITS@0x400c6000000 domain created
[    0.155324] PCI/MSI: ITS@0x408c6000000 domain created
[    0.155330] fsl-mc MSI: ITS@0x4c000000 domain created
[    0.155332] fsl-mc MSI: ITS@0x6c000000 domain created
[    0.155335] fsl-mc MSI: ITS@0xc6000000 domain created
[    0.155337] fsl-mc MSI: ITS@0x8c6000000 domain created
[    0.155340] fsl-mc MSI: ITS@0x4004c000000 domain created
[    0.155342] fsl-mc MSI: ITS@0x4006c000000 domain created
[    0.155345] fsl-mc MSI: ITS@0x400c6000000 domain created
[    0.155348] fsl-mc MSI: ITS@0x408c6000000 domain created
[    0.155363] Remapping and enabling EFI services.
[    0.157501] smp: Bringing up secondary CPUs ...
[    0.293475] Detected PIPT I-cache on CPU1
[    0.293489] GICv3: CPU1: found redistributor 10001 region 1:0x000000004d140000
[    0.293495] GICv3: CPU1: using allocated LPI pending table @0x0000001040330000
[    0.293646] arch_timer: CPU1: Trapping CNTVCT access
[    0.293651] CPU1: Booted secondary processor 0x0000010001 [0x410fd082]
[    0.296066] Detected PIPT I-cache on CPU2
[    0.296074] GICv3: CPU2: found redistributor 10002 region 2:0x000000004d180000
[    0.296080] GICv3: CPU2: using allocated LPI pending table @0x0000001040340000
[    0.296217] arch_timer: CPU2: Trapping CNTVCT access
[    0.296220] CPU2: Booted secondary processor 0x0000010002 [0x410fd082]
[    0.298631] Detected PIPT I-cache on CPU3
[    0.298640] GICv3: CPU3: found redistributor 10003 region 3:0x000000004d1c0000
[    0.298646] GICv3: CPU3: using allocated LPI pending table @0x0000001040350000
[    0.298783] arch_timer: CPU3: Trapping CNTVCT access
[    0.298786] CPU3: Booted secondary processor 0x0000010003 [0x410fd082]
[    0.390212] Detected PIPT I-cache on CPU4
[    0.390222] GICv3: CPU4: found redistributor 10100 region 4:0x000000004d200000
[    0.390228] GICv3: CPU4: using allocated LPI pending table @0x0000001040360000
[    0.390366] arch_timer: CPU4: Trapping CNTVCT access
[    0.390369] CPU4: Booted secondary processor 0x0000010100 [0x410fd082]
[    0.392800] Detected PIPT I-cache on CPU5
[    0.392809] GICv3: CPU5: found redistributor 10101 region 5:0x000000004d240000
[    0.392815] GICv3: CPU5: using allocated LPI pending table @0x0000001040370000
[    0.392953] arch_timer: CPU5: Trapping CNTVCT access
[    0.392956] CPU5: Booted secondary processor 0x0000010101 [0x410fd082]
[    0.395364] Detected PIPT I-cache on CPU6
[    0.395373] GICv3: CPU6: found redistributor 10102 region 6:0x000000004d280000
[    0.395379] GICv3: CPU6: using allocated LPI pending table @0x0000001041800000
[    0.395518] arch_timer: CPU6: Trapping CNTVCT access
[    0.395521] CPU6: Booted secondary processor 0x0000010102 [0x410fd082]
[    0.486938] Detected PIPT I-cache on CPU7
[    0.486948] GICv3: CPU7: found redistributor 10103 region 7:0x000000004d2c0000
[    0.486953] GICv3: CPU7: using allocated LPI pending table @0x0000001041810000
[    0.487091] arch_timer: CPU7: Trapping CNTVCT access
[    0.487094] CPU7: Booted secondary processor 0x0000010103 [0x410fd082]
[    0.489510] Detected PIPT I-cache on CPU8
[    0.489521] GICv3: CPU8: found redistributor 10200 region 8:0x000000004d300000
[    0.489527] GICv3: CPU8: using allocated LPI pending table @0x0000001041820000
[    0.489665] arch_timer: CPU8: Trapping CNTVCT access
[    0.489668] CPU8: Booted secondary processor 0x0000010200 [0x410fd082]
[    0.492091] Detected PIPT I-cache on CPU9
[    0.492100] GICv3: CPU9: found redistributor 10201 region 9:0x000000004d340000
[    0.492105] GICv3: CPU9: using allocated LPI pending table @0x0000001041830000
[    0.492242] arch_timer: CPU9: Trapping CNTVCT access
[    0.492246] CPU9: Booted secondary processor 0x0000010201 [0x410fd082]
[    0.583667] Detected PIPT I-cache on CPU10
[    0.583677] GICv3: CPU10: found redistributor 10202 region 10:0x000000004d380000
[    0.583683] GICv3: CPU10: using allocated LPI pending table @0x0000001041840000
[    0.583821] arch_timer: CPU10: Trapping CNTVCT access
[    0.583824] CPU10: Booted secondary processor 0x0000010202 [0x410fd082]
[    0.586238] Detected PIPT I-cache on CPU11
[    0.586248] GICv3: CPU11: found redistributor 10203 region 11:0x000000004d3c0000
[    0.586254] GICv3: CPU11: using allocated LPI pending table @0x0000001041850000
[    0.586392] arch_timer: CPU11: Trapping CNTVCT access
[    0.586395] CPU11: Booted secondary processor 0x0000010203 [0x410fd082]
[    0.588819] Detected PIPT I-cache on CPU12
[    0.588832] GICv3: CPU12: found redistributor 10300 region 12:0x000000004d400000
[    0.588838] GICv3: CPU12: using allocated LPI pending table @0x0000001041860000
[    0.588975] arch_timer: CPU12: Trapping CNTVCT access
[    0.588978] CPU12: Booted secondary processor 0x0000010300 [0x410fd082]
[    0.681973] Detected PIPT I-cache on CPU13
[    0.681984] GICv3: CPU13: found redistributor 10301 region 13:0x000000004d440000
[    0.681990] GICv3: CPU13: using allocated LPI pending table @0x0000001041870000
[    0.682125] arch_timer: CPU13: Trapping CNTVCT access
[    0.682128] CPU13: Booted secondary processor 0x0000010301 [0x410fd082]
[    0.684543] Detected PIPT I-cache on CPU14
[    0.684554] GICv3: CPU14: found redistributor 10302 region 14:0x000000004d480000
[    0.684560] GICv3: CPU14: using allocated LPI pending table @0x0000001041880000
[    0.684696] arch_timer: CPU14: Trapping CNTVCT access
[    0.684699] CPU14: Booted secondary processor 0x0000010302 [0x410fd082]
[    0.687123] Detected PIPT I-cache on CPU15
[    0.687133] GICv3: CPU15: found redistributor 10303 region 15:0x000000004d4c0000
[    0.687139] GICv3: CPU15: using allocated LPI pending table @0x0000001041890000
[    0.687274] arch_timer: CPU15: Trapping CNTVCT access
[    0.687277] CPU15: Booted secondary processor 0x0000010303 [0x410fd082]
[    0.780246] Detected PIPT I-cache on CPU16
[    0.780262] GICv3: CPU16: found redistributor 30000 region 16:0x000000006d100000
[    0.780269] GICv3: CPU16: using allocated LPI pending table @0x00000010418a0000
[    0.780450] arch_timer: CPU16: Trapping CNTVCT access
[    0.780455] CPU16: Booted secondary processor 0x0000030000 [0x410fd082]
[    0.782934] Detected PIPT I-cache on CPU17
[    0.782946] GICv3: CPU17: found redistributor 30001 region 17:0x000000006d140000
[    0.782952] GICv3: CPU17: using allocated LPI pending table @0x00000010418b0000
[    0.783130] arch_timer: CPU17: Trapping CNTVCT access
[    0.783133] CPU17: Booted secondary processor 0x0000030001 [0x410fd082]
[    0.785529] Detected PIPT I-cache on CPU18
[    0.785541] GICv3: CPU18: found redistributor 30002 region 18:0x000000006d180000
[    0.785546] GICv3: CPU18: using allocated LPI pending table @0x00000010418c0000
[    0.785724] arch_timer: CPU18: Trapping CNTVCT access
[    0.785727] CPU18: Booted secondary processor 0x0000030002 [0x410fd082]
[    0.878579] Detected PIPT I-cache on CPU19
[    0.878591] GICv3: CPU19: found redistributor 30003 region 19:0x000000006d1c0000
[    0.878597] GICv3: CPU19: using allocated LPI pending table @0x00000010418d0000
[    0.878774] arch_timer: CPU19: Trapping CNTVCT access
[    0.878777] CPU19: Booted secondary processor 0x0000030003 [0x410fd082]
[    0.881179] Detected PIPT I-cache on CPU20
[    0.881196] GICv3: CPU20: found redistributor 30100 region 20:0x000000006d200000
[    0.881204] GICv3: CPU20: using allocated LPI pending table @0x00000010418e0000
[    0.881383] arch_timer: CPU20: Trapping CNTVCT access
[    0.881388] CPU20: Booted secondary processor 0x0000030100 [0x410fd082]
[    0.883803] Detected PIPT I-cache on CPU21
[    0.883816] GICv3: CPU21: found redistributor 30101 region 21:0x000000006d240000
[    0.883822] GICv3: CPU21: using allocated LPI pending table @0x00000010418f0000
[    0.884000] arch_timer: CPU21: Trapping CNTVCT access
[    0.884003] CPU21: Booted secondary processor 0x0000030101 [0x410fd082]
[    0.976900] Detected PIPT I-cache on CPU22
[    0.976914] GICv3: CPU22: found redistributor 30102 region 22:0x000000006d280000
[    0.976920] GICv3: CPU22: using allocated LPI pending table @0x0000001041900000
[    0.977098] arch_timer: CPU22: Trapping CNTVCT access
[    0.977101] CPU22: Booted secondary processor 0x0000030102 [0x410fd082]
[    0.979504] Detected PIPT I-cache on CPU23
[    0.979517] GICv3: CPU23: found redistributor 30103 region 23:0x000000006d2c0000
[    0.979524] GICv3: CPU23: using allocated LPI pending table @0x0000001041910000
[    0.979703] arch_timer: CPU23: Trapping CNTVCT access
[    0.979706] CPU23: Booted secondary processor 0x0000030103 [0x410fd082]
[    0.982109] Detected PIPT I-cache on CPU24
[    0.982127] GICv3: CPU24: found redistributor 30200 region 24:0x000000006d300000
[    0.982135] GICv3: CPU24: using allocated LPI pending table @0x0000001041920000
[    0.982315] arch_timer: CPU24: Trapping CNTVCT access
[    0.982320] CPU24: Booted secondary processor 0x0000030200 [0x410fd082]
[    1.075248] Detected PIPT I-cache on CPU25
[    1.075262] GICv3: CPU25: found redistributor 30201 region 25:0x000000006d340000
[    1.075269] GICv3: CPU25: using allocated LPI pending table @0x0000001041930000
[    1.075447] arch_timer: CPU25: Trapping CNTVCT access
[    1.075451] CPU25: Booted secondary processor 0x0000030201 [0x410fd082]
[    1.077857] Detected PIPT I-cache on CPU26
[    1.077871] GICv3: CPU26: found redistributor 30202 region 26:0x000000006d380000
[    1.077877] GICv3: CPU26: using allocated LPI pending table @0x0000001041940000
[    1.078056] arch_timer: CPU26: Trapping CNTVCT access
[    1.078059] CPU26: Booted secondary processor 0x0000030202 [0x410fd082]
[    1.080456] Detected PIPT I-cache on CPU27
[    1.080471] GICv3: CPU27: found redistributor 30203 region 27:0x000000006d3c0000
[    1.080478] GICv3: CPU27: using allocated LPI pending table @0x0000001041950000
[    1.080656] arch_timer: CPU27: Trapping CNTVCT access
[    1.080659] CPU27: Booted secondary processor 0x0000030203 [0x410fd082]
[    1.173576] Detected PIPT I-cache on CPU28
[    1.173596] GICv3: CPU28: found redistributor 30300 region 28:0x000000006d400000
[    1.173604] GICv3: CPU28: using allocated LPI pending table @0x0000001041960000
[    1.173785] arch_timer: CPU28: Trapping CNTVCT access
[    1.173790] CPU28: Booted secondary processor 0x0000030300 [0x410fd082]
[    1.176224] Detected PIPT I-cache on CPU29
[    1.176239] GICv3: CPU29: found redistributor 30301 region 29:0x000000006d440000
[    1.176245] GICv3: CPU29: using allocated LPI pending table @0x0000001041970000
[    1.176425] arch_timer: CPU29: Trapping CNTVCT access
[    1.176428] CPU29: Booted secondary processor 0x0000030301 [0x410fd082]
[    1.178817] Detected PIPT I-cache on CPU30
[    1.178832] GICv3: CPU30: found redistributor 30302 region 30:0x000000006d480000
[    1.178839] GICv3: CPU30: using allocated LPI pending table @0x0000001041980000
[    1.179017] arch_timer: CPU30: Trapping CNTVCT access
[    1.179020] CPU30: Booted secondary processor 0x0000030302 [0x410fd082]
[    1.271918] Detected PIPT I-cache on CPU31
[    1.271933] GICv3: CPU31: found redistributor 30303 region 31:0x000000006d4c0000
[    1.271940] GICv3: CPU31: using allocated LPI pending table @0x0000001041990000
[    1.272117] arch_timer: CPU31: Trapping CNTVCT access
[    1.272121] CPU31: Booted secondary processor 0x0000030303 [0x410fd082]
[    1.274714] Detected PIPT I-cache on CPU32
[    1.274767] GICv3: CPU32: found redistributor 50000 region 32:0x000004004d100000
[    1.274786] GICv3: CPU32: using allocated LPI pending table @0x00000010419a0000
[    1.274968] arch_timer: CPU32: Trapping CNTVCT access
[    1.274978] CPU32: Booted secondary processor 0x0000050000 [0x410fd082]
[    1.277810] Detected PIPT I-cache on CPU33
[    1.277842] GICv3: CPU33: found redistributor 50001 region 33:0x000004004d140000
[    1.277852] GICv3: CPU33: using allocated LPI pending table @0x00000010419b0000
[    1.277991] arch_timer: CPU33: Trapping CNTVCT access
[    1.277994] CPU33: Booted secondary processor 0x0000050001 [0x410fd082]
[    1.370449] Detected PIPT I-cache on CPU34
[    1.370483] GICv3: CPU34: found redistributor 50002 region 34:0x000004004d180000
[    1.370493] GICv3: CPU34: using allocated LPI pending table @0x00000010419c0000
[    1.370632] arch_timer: CPU34: Trapping CNTVCT access
[    1.370635] CPU34: Booted secondary processor 0x0000050002 [0x410fd082]
[    1.373232] Detected PIPT I-cache on CPU35
[    1.373264] GICv3: CPU35: found redistributor 50003 region 35:0x000004004d1c0000
[    1.373274] GICv3: CPU35: using allocated LPI pending table @0x00000010419d0000
[    1.373412] arch_timer: CPU35: Trapping CNTVCT access
[    1.373416] CPU35: Booted secondary processor 0x0000050003 [0x410fd082]
[    1.376003] Detected PIPT I-cache on CPU36
[    1.376037] GICv3: CPU36: found redistributor 50100 region 36:0x000004004d200000
[    1.376047] GICv3: CPU36: using allocated LPI pending table @0x00000010419e0000
[    1.376187] arch_timer: CPU36: Trapping CNTVCT access
[    1.376191] CPU36: Booted secondary processor 0x0000050100 [0x410fd082]
[    1.468980] Detected PIPT I-cache on CPU37
[    1.469014] GICv3: CPU37: found redistributor 50101 region 37:0x000004004d240000
[    1.469025] GICv3: CPU37: using allocated LPI pending table @0x00000010419f0000
[    1.469163] arch_timer: CPU37: Trapping CNTVCT access
[    1.469167] CPU37: Booted secondary processor 0x0000050101 [0x410fd082]
[    1.471760] Detected PIPT I-cache on CPU38
[    1.471793] GICv3: CPU38: found redistributor 50102 region 38:0x000004004d280000
[    1.471803] GICv3: CPU38: using allocated LPI pending table @0x0000001041a00000
[    1.471940] arch_timer: CPU38: Trapping CNTVCT access
[    1.471943] CPU38: Booted secondary processor 0x0000050102 [0x410fd082]
[    1.474537] Detected PIPT I-cache on CPU39
[    1.474571] GICv3: CPU39: found redistributor 50103 region 39:0x000004004d2c0000
[    1.474581] GICv3: CPU39: using allocated LPI pending table @0x0000001041a10000
[    1.474719] arch_timer: CPU39: Trapping CNTVCT access
[    1.474722] CPU39: Booted secondary processor 0x0000050103 [0x410fd082]
[    1.567571] Detected PIPT I-cache on CPU40
[    1.567607] GICv3: CPU40: found redistributor 50200 region 40:0x000004004d300000
[    1.567618] GICv3: CPU40: using allocated LPI pending table @0x0000001041a20000
[    1.567757] arch_timer: CPU40: Trapping CNTVCT access
[    1.567761] CPU40: Booted secondary processor 0x0000050200 [0x410fd082]
[    1.570371] Detected PIPT I-cache on CPU41
[    1.570405] GICv3: CPU41: found redistributor 50201 region 41:0x000004004d340000
[    1.570415] GICv3: CPU41: using allocated LPI pending table @0x0000001041a30000
[    1.570553] arch_timer: CPU41: Trapping CNTVCT access
[    1.570556] CPU41: Booted secondary processor 0x0000050201 [0x410fd082]
[    1.573137] Detected PIPT I-cache on CPU42
[    1.573171] GICv3: CPU42: found redistributor 50202 region 42:0x000004004d380000
[    1.573181] GICv3: CPU42: using allocated LPI pending table @0x0000001041a40000
[    1.573318] arch_timer: CPU42: Trapping CNTVCT access
[    1.573321] CPU42: Booted secondary processor 0x0000050202 [0x410fd082]
[    1.666160] Detected PIPT I-cache on CPU43
[    1.666195] GICv3: CPU43: found redistributor 50203 region 43:0x000004004d3c0000
[    1.666206] GICv3: CPU43: using allocated LPI pending table @0x0000001041a50000
[    1.666342] arch_timer: CPU43: Trapping CNTVCT access
[    1.666345] CPU43: Booted secondary processor 0x0000050203 [0x410fd082]
[    1.668943] Detected PIPT I-cache on CPU44
[    1.668980] GICv3: CPU44: found redistributor 50300 region 44:0x000004004d400000
[    1.668991] GICv3: CPU44: using allocated LPI pending table @0x0000001041a60000
[    1.669131] arch_timer: CPU44: Trapping CNTVCT access
[    1.669135] CPU44: Booted secondary processor 0x0000050300 [0x410fd082]
[    1.671733] Detected PIPT I-cache on CPU45
[    1.671767] GICv3: CPU45: found redistributor 50301 region 45:0x000004004d440000
[    1.671777] GICv3: CPU45: using allocated LPI pending table @0x0000001041a70000
[    1.671915] arch_timer: CPU45: Trapping CNTVCT access
[    1.671918] CPU45: Booted secondary processor 0x0000050301 [0x410fd082]
[    1.764678] Detected PIPT I-cache on CPU46
[    1.764714] GICv3: CPU46: found redistributor 50302 region 46:0x000004004d480000
[    1.764725] GICv3: CPU46: using allocated LPI pending table @0x0000001041a80000
[    1.764864] arch_timer: CPU46: Trapping CNTVCT access
[    1.764866] CPU46: Booted secondary processor 0x0000050302 [0x410fd082]
[    1.767469] Detected PIPT I-cache on CPU47
[    1.767504] GICv3: CPU47: found redistributor 50303 region 47:0x000004004d4c0000
[    1.767514] GICv3: CPU47: using allocated LPI pending table @0x0000001041a90000
[    1.767652] arch_timer: CPU47: Trapping CNTVCT access
[    1.767655] CPU47: Booted secondary processor 0x0000050303 [0x410fd082]
[    1.770293] Detected PIPT I-cache on CPU48
[    1.770335] GICv3: CPU48: found redistributor 70000 region 48:0x000004006d100000
[    1.770348] GICv3: CPU48: using allocated LPI pending table @0x0000001041aa0000
[    1.770530] arch_timer: CPU48: Trapping CNTVCT access
[    1.770534] CPU48: Booted secondary processor 0x0000070000 [0x410fd082]
[    1.863342] Detected PIPT I-cache on CPU49
[    1.863382] GICv3: CPU49: found redistributor 70001 region 49:0x000004006d140000
[    1.863393] GICv3: CPU49: using allocated LPI pending table @0x0000001041ab0000
[    1.863572] arch_timer: CPU49: Trapping CNTVCT access
[    1.863575] CPU49: Booted secondary processor 0x0000070001 [0x410fd082]
[    1.866203] Detected PIPT I-cache on CPU50
[    1.866242] GICv3: CPU50: found redistributor 70002 region 50:0x000004006d180000
[    1.866253] GICv3: CPU50: using allocated LPI pending table @0x0000001041ac0000
[    1.866434] arch_timer: CPU50: Trapping CNTVCT access
[    1.866437] CPU50: Booted secondary processor 0x0000070002 [0x410fd082]
[    1.869067] Detected PIPT I-cache on CPU51
[    1.869106] GICv3: CPU51: found redistributor 70003 region 51:0x000004006d1c0000
[    1.869117] GICv3: CPU51: using allocated LPI pending table @0x0000001041ad0000
[    1.869296] arch_timer: CPU51: Trapping CNTVCT access
[    1.869300] CPU51: Booted secondary processor 0x0000070003 [0x410fd082]
[    1.962076] Detected PIPT I-cache on CPU52
[    1.962120] GICv3: CPU52: found redistributor 70100 region 52:0x000004006d200000
[    1.962134] GICv3: CPU52: using allocated LPI pending table @0x0000001041ae0000
[    1.962315] arch_timer: CPU52: Trapping CNTVCT access
[    1.962319] CPU52: Booted secondary processor 0x0000070100 [0x410fd082]
[    1.965003] Detected PIPT I-cache on CPU53
[    1.965042] GICv3: CPU53: found redistributor 70101 region 53:0x000004006d240000
[    1.965053] GICv3: CPU53: using allocated LPI pending table @0x0000001041af0000
[    1.965234] arch_timer: CPU53: Trapping CNTVCT access
[    1.965237] CPU53: Booted secondary processor 0x0000070101 [0x410fd082]
[    1.967869] Detected PIPT I-cache on CPU54
[    1.967908] GICv3: CPU54: found redistributor 70102 region 54:0x000004006d280000
[    1.967920] GICv3: CPU54: using allocated LPI pending table @0x0000001041b00000
[    1.968100] arch_timer: CPU54: Trapping CNTVCT access
[    1.968103] CPU54: Booted secondary processor 0x0000070102 [0x410fd082]
[    2.060741] Detected PIPT I-cache on CPU55
[    2.060782] GICv3: CPU55: found redistributor 70103 region 55:0x000004006d2c0000
[    2.060794] GICv3: CPU55: using allocated LPI pending table @0x0000001041b10000
[    2.060975] arch_timer: CPU55: Trapping CNTVCT access
[    2.060978] CPU55: Booted secondary processor 0x0000070103 [0x410fd082]
[    2.063611] Detected PIPT I-cache on CPU56
[    2.063656] GICv3: CPU56: found redistributor 70200 region 56:0x000004006d300000
[    2.063670] GICv3: CPU56: using allocated LPI pending table @0x0000001041b20000
[    2.063854] arch_timer: CPU56: Trapping CNTVCT access
[    2.063858] CPU56: Booted secondary processor 0x0000070200 [0x410fd082]
[    2.066523] Detected PIPT I-cache on CPU57
[    2.066563] GICv3: CPU57: found redistributor 70201 region 57:0x000004006d340000
[    2.066575] GICv3: CPU57: using allocated LPI pending table @0x0000001041b30000
[    2.066755] arch_timer: CPU57: Trapping CNTVCT access
[    2.066759] CPU57: Booted secondary processor 0x0000070201 [0x410fd082]
[    2.159369] Detected PIPT I-cache on CPU58
[    2.159410] GICv3: CPU58: found redistributor 70202 region 58:0x000004006d380000
[    2.159422] GICv3: CPU58: using allocated LPI pending table @0x0000001041b40000
[    2.159603] arch_timer: CPU58: Trapping CNTVCT access
[    2.159606] CPU58: Booted secondary processor 0x0000070202 [0x410fd082]
[    2.162243] Detected PIPT I-cache on CPU59
[    2.162283] GICv3: CPU59: found redistributor 70203 region 59:0x000004006d3c0000
[    2.162295] GICv3: CPU59: using allocated LPI pending table @0x0000001041b50000
[    2.162476] arch_timer: CPU59: Trapping CNTVCT access
[    2.162479] CPU59: Booted secondary processor 0x0000070203 [0x410fd082]
[    2.165110] Detected PIPT I-cache on CPU60
[    2.165156] GICv3: CPU60: found redistributor 70300 region 60:0x000004006d400000
[    2.165170] GICv3: CPU60: using allocated LPI pending table @0x0000001041b60000
[    2.165352] arch_timer: CPU60: Trapping CNTVCT access
[    2.165357] CPU60: Booted secondary processor 0x0000070300 [0x410fd082]
[    2.257988] Detected PIPT I-cache on CPU61
[    2.258030] GICv3: CPU61: found redistributor 70301 region 61:0x000004006d440000
[    2.258042] GICv3: CPU61: using allocated LPI pending table @0x0000001041b70000
[    2.258222] arch_timer: CPU61: Trapping CNTVCT access
[    2.258225] CPU61: Booted secondary processor 0x0000070301 [0x410fd082]
[    2.260863] Detected PIPT I-cache on CPU62
[    2.260904] GICv3: CPU62: found redistributor 70302 region 62:0x000004006d480000
[    2.260916] GICv3: CPU62: using allocated LPI pending table @0x0000001041b80000
[    2.261097] arch_timer: CPU62: Trapping CNTVCT access
[    2.261101] CPU62: Booted secondary processor 0x0000070302 [0x410fd082]
[    2.263741] Detected PIPT I-cache on CPU63
[    2.263782] GICv3: CPU63: found redistributor 70303 region 63:0x000004006d4c0000
[    2.263794] GICv3: CPU63: using allocated LPI pending table @0x0000001041b90000
[    2.263974] arch_timer: CPU63: Trapping CNTVCT access
[    2.263977] CPU63: Booted secondary processor 0x0000070303 [0x410fd082]
[    2.354134] smp: Brought up 4 nodes, 64 CPUs
[    2.354138] SMP: Total of 64 processors activated.
[    2.354140] CPU features: detected: 32-bit EL0 Support
[    2.354142] CPU features: detected: 32-bit EL1 Support
[    2.354144] CPU features: detected: CRC32 instructions
[    2.356382] CPU: All CPU(s) started at EL2
[    2.356522] alternatives: patching kernel code
[    2.362421] devtmpfs: initialized
[    2.362903] KASLR disabled due to lack of seed
[    2.363001] clocksource: jiffies: mask: 0xffffffff max_cycles: 0xffffffff, max_idle_ns: 7645041785100000 ns
[    2.363086] futex hash table entries: 16384 (order: 8, 1048576 bytes, vmalloc)
[    2.363705] pinctrl core: initialized pinctrl subsystem
[    2.364047] SMBIOS 3.0.0 present.
[    2.364053] DMI: Huawei Taishan 2280 /D05, BIOS Hisilicon D05 IT21 Nemo 2.0 RC0 04/18/2018
[    2.364440] NET: Registered PF_NETLINK/PF_ROUTE protocol family
[    2.366300] DMA: preallocated 4096 KiB GFP_KERNEL pool for atomic allocations
[    2.367172] DMA: preallocated 4096 KiB GFP_KERNEL|GFP_DMA pool for atomic allocations
[    2.367933] DMA: preallocated 4096 KiB GFP_KERNEL|GFP_DMA32 pool for atomic allocations
[    2.367999] audit: initializing netlink subsys (disabled)
[    2.368085] audit: type=2000 audit(2.308:1): state=initialized audit_enabled=0 res=1
[    2.368414] thermal_sys: Registered thermal governor 'step_wise'
[    2.368416] thermal_sys: Registered thermal governor 'power_allocator'
[    2.368447] cpuidle: using governor menu
[    2.368579] hw-breakpoint: found 6 breakpoint and 4 watchpoint registers.
[    2.369339] ASID allocator initialised with 32768 entries
[    2.369343] HugeTLB: can optimize 4095 vmemmap pages for hugepages-1048576kB
[    2.369345] HugeTLB: can optimize 127 vmemmap pages for hugepages-32768kB
[    2.369347] HugeTLB: can optimize 7 vmemmap pages for hugepages-2048kB
[    2.369348] HugeTLB: can optimize 0 vmemmap pages for hugepages-64kB
[    2.369654] acpiphp: ACPI Hot Plug PCI Controller Driver version: 0.5
[    2.369812] Serial: AMBA PL011 UART driver
[    2.374421] HugeTLB registered 1.00 GiB page size, pre-allocated 0 pages
[    2.374424] HugeTLB registered 32.0 MiB page size, pre-allocated 0 pages
[    2.374426] HugeTLB registered 2.00 MiB page size, pre-allocated 0 pages
[    2.374428] HugeTLB registered 64.0 KiB page size, pre-allocated 0 pages
[    2.376599] ACPI: Added _OSI(Module Device)
[    2.376602] ACPI: Added _OSI(Processor Device)
[    2.376603] ACPI: Added _OSI(3.0 _SCP Extensions)
[    2.376605] ACPI: Added _OSI(Processor Aggregator Device)
[    2.376608] ACPI: Added _OSI(Linux-Dell-Video)
[    2.376610] ACPI: Added _OSI(Linux-Lenovo-NV-HDMI-Audio)
[    2.376612] ACPI: Added _OSI(Linux-HPI-Hybrid-Graphics)
[    2.378835] ACPI: 1 ACPI AML tables successfully acquired and loaded
[    2.380424] ACPI: Interpreter enabled
[    2.380426] ACPI: Using GIC for interrupt routing
[    2.380438] ACPI: MCFG table detected, 8 entries
[    2.380442] ACPI: IORT: SMMU-v3[a0040000] Mapped to Proximity domain 0
[    2.380493] ACPI: IORT: SMMU-v3[700a0040000] Mapped to Proximity domain 3
[    2.380528] ACPI: IORT: SMMU-v3[c0040000] Mapped to Proximity domain 0
[    2.380564] ACPI: IORT: SMMU-v3[8a0040000] Mapped to Proximity domain 1
[    2.380599] ACPI: IORT: SMMU-v3[600a0040000] Mapped to Proximity domain 2
[    2.409342] ACPI: PCI Root Bridge [PCI2] (domain 0002 [bus f8-ff])
[    2.409350] acpi PNP0A08:00: _OSC: OS supports [ExtendedConfig Segments MSI HPX-Type3]
[    2.409353] acpi PNP0A08:00: _OSC: not requesting OS control; OS requires [ExtendedConfig ASPM ClockPM MSI]
[    2.409428] acpi PNP0A08:00: MCFG quirk: ECAM at [mem 0xaf800000-0xafffffff] for [bus f8-ff] with hisi_pcie_ops
[    2.410400] acpi PNP0A08:00: ECAM area [mem 0xaf800000-0xafffffff] reserved by PNP0C02:00
[    2.410807] acpi PNP0A08:00: ECAM at [mem 0xaf800000-0xafffffff] for [bus f8-ff]
[    2.410840] ACPI: Remapped I/O 0x00000000af7f0000 to [io  0x0000-0xffff window]
[    2.410893] PCI host bridge to bus 0002:f8
[    2.410895] pci_bus 0002:f8: root bus resource [mem 0xa8000000-0xaf7effff window]
[    2.410898] pci_bus 0002:f8: root bus resource [io  0x0000-0xffff window]
[    2.410900] pci_bus 0002:f8: root bus resource [bus f8-ff]
[    2.410918] pci 0002:f8:00.0: [19e5:1610] type 01 class 0x060400
[    2.410921] pci_bus 0002:f8: 2-byte config write to 0002:f8:00.0 offset 0x4 may corrupt adjacent RW1C bits
[    2.410928] pci 0002:f8:00.0: reg 0x10: [mem 0x00000000-0x0000ffff]
[    2.410962] pci 0002:f8:00.0: supports D1 D2
[    2.410964] pci 0002:f8:00.0: PME# supported from D0 D1 D3hot
[    2.411095] pci 0002:f9:00.0: [9710:9912] type 00 class 0x070002
[    2.411116] pci 0002:f9:00.0: reg 0x10: [io  0x0000-0x0007]
[    2.411127] pci 0002:f9:00.0: reg 0x14: [mem 0xa8005000-0xa8005fff]
[    2.411163] pci 0002:f9:00.0: reg 0x24: [mem 0xa8004000-0xa8004fff]
[    2.411256] pci 0002:f9:00.0: PME# supported from D3hot D3cold
[    2.411393] pci 0002:f9:00.1: [9710:9912] type 00 class 0x070002
[    2.411415] pci 0002:f9:00.1: reg 0x10: [io  0x0000-0x0007]
[    2.411426] pci 0002:f9:00.1: reg 0x14: [mem 0xa8003000-0xa8003fff]
[    2.411462] pci 0002:f9:00.1: reg 0x24: [mem 0xa8002000-0xa8002fff]
[    2.411541] pci 0002:f9:00.1: PME# supported from D3hot D3cold
[    2.411648] pci 0002:f9:00.2: [9710:9912] type 00 class 0x070103
[    2.411669] pci 0002:f9:00.2: reg 0x10: [io  0x0000-0x0007]
[    2.411679] pci 0002:f9:00.2: reg 0x14: [io  0x0000-0x0007]
[    2.411690] pci 0002:f9:00.2: reg 0x18: [mem 0xa8001000-0xa8001fff]
[    2.411717] pci 0002:f9:00.2: reg 0x24: [mem 0xa8000000-0xa8000fff]
[    2.411796] pci 0002:f9:00.2: PME# supported from D3hot D3cold
[    2.411897] pci_bus 0002:f8: on NUMA node 0
[    2.411905] pci 0002:f8:00.0: BAR 14: assigned [mem 0xa8000000-0xa80fffff]
[    2.411908] pci 0002:f8:00.0: BAR 0: assigned [mem 0xa8100000-0xa810ffff]
[    2.411911] pci 0002:f8:00.0: BAR 13: assigned [io  0x1000-0x1fff]
[    2.411915] pci 0002:f9:00.0: BAR 1: assigned [mem 0xa8000000-0xa8000fff]
[    2.411921] pci 0002:f9:00.0: BAR 5: assigned [mem 0xa8001000-0xa8001fff]
[    2.411927] pci 0002:f9:00.1: BAR 1: assigned [mem 0xa8002000-0xa8002fff]
[    2.411932] pci 0002:f9:00.1: BAR 5: assigned [mem 0xa8003000-0xa8003fff]
[    2.411938] pci 0002:f9:00.2: BAR 2: assigned [mem 0xa8004000-0xa8004fff]
[    2.411944] pci 0002:f9:00.2: BAR 5: assigned [mem 0xa8005000-0xa8005fff]
[    2.411949] pci 0002:f9:00.0: BAR 0: assigned [io  0x1000-0x1007]
[    2.411955] pci 0002:f9:00.1: BAR 0: assigned [io  0x1008-0x100f]
[    2.411961] pci 0002:f9:00.2: BAR 0: assigned [io  0x1010-0x1017]
[    2.411966] pci 0002:f9:00.2: BAR 1: assigned [io  0x1018-0x101f]
[    2.411974] pci 0002:f8:00.0: PCI bridge to [bus f9]
[    2.411976] pci 0002:f8:00.0:   bridge window [io  0x1000-0x1fff]
[    2.411979] pci 0002:f8:00.0:   bridge window [mem 0xa8000000-0xa80fffff]
[    2.411983] pci_bus 0002:f8: resource 4 [mem 0xa8000000-0xaf7effff window]
[    2.411985] pci_bus 0002:f8: resource 5 [io  0x0000-0xffff window]
[    2.411987] pci_bus 0002:f9: resource 0 [io  0x1000-0x1fff]
[    2.411989] pci_bus 0002:f9: resource 1 [mem 0xa8000000-0xa80fffff]
[    2.412154] ACPI: PCI Root Bridge [PCI4] (domain 0004 [bus 88-8f])
[    2.412160] acpi PNP0A08:01: _OSC: OS supports [ExtendedConfig Segments MSI HPX-Type3]
[    2.412163] acpi PNP0A08:01: _OSC: not requesting OS control; OS requires [ExtendedConfig ASPM ClockPM MSI]
[    2.412232] acpi PNP0A08:01: MCFG quirk: ECAM at [mem 0x8a8800000-0x8a8ffffff] for [bus 88-8f] with hisi_pcie_ops
[    2.413504] acpi PNP0A08:01: ECAM area [mem 0x8a8800000-0x8a8ffffff] reserved by PNP0C02:01
[    2.413947] acpi PNP0A08:01: ECAM at [mem 0x8a8800000-0x8a8ffffff] for [bus 88-8f]
[    2.413974] ACPI: Remapped I/O 0x00000008abff0000 to [io  0x10000-0x1ffff window]
[    2.414020] PCI host bridge to bus 0004:88
[    2.414023] pci_bus 0004:88: root bus resource [mem 0x8a9000000-0x8abfeffff window] (bus address [0xa9000000-0xabfeffff])
[    2.414027] pci_bus 0004:88: root bus resource [io  0x10000-0x1ffff window] (bus address [0x0000-0xffff])
[    2.414029] pci_bus 0004:88: root bus resource [bus 88-8f]
[    2.414041] pci 0004:88:00.0: [19e5:1610] type 01 class 0x060400
[    2.414044] pci_bus 0004:88: 2-byte config write to 0004:88:00.0 offset 0x4 may corrupt adjacent RW1C bits
[    2.414052] pci 0004:88:00.0: reg 0x10: [mem 0x00000000-0x0000ffff]
[    2.414083] pci 0004:88:00.0: supports D1 D2
[    2.414085] pci 0004:88:00.0: PME# supported from D0 D1 D3hot
[    2.465382] pci_bus 0004:88: on NUMA node 1
[    2.465387] pci 0004:88:00.0: BAR 0: assigned [mem 0x8a9000000-0x8a900ffff]
[    2.465391] pci 0004:88:00.0: PCI bridge to [bus 89]
[    2.465396] pci_bus 0004:88: resource 4 [mem 0x8a9000000-0x8abfeffff window]
[    2.465399] pci_bus 0004:88: resource 5 [io  0x10000-0x1ffff window]
[    2.465568] ACPI: PCI Root Bridge [PCI5] (domain 0005 [bus 78-7f])
[    2.465573] acpi PNP0A08:02: _OSC: OS supports [ExtendedConfig Segments MSI HPX-Type3]
[    2.465576] acpi PNP0A08:02: _OSC: not requesting OS control; OS requires [ExtendedConfig ASPM ClockPM MSI]
[    2.465645] acpi PNP0A08:02: MCFG quirk: ECAM at [mem 0x8b7800000-0x8b7ffffff] for [bus 78-7f] with hisi_pcie_ops
[    2.466916] acpi PNP0A08:02: ECAM area [mem 0x8b7800000-0x8b7ffffff] reserved by PNP0C02:01
[    2.467397] acpi PNP0A08:02: ECAM at [mem 0x8b7800000-0x8b7ffffff] for [bus 78-7f]
[    2.467425] ACPI: Remapped I/O 0x00000008b77f0000 to [io  0x20000-0x2ffff window]
[    2.467470] PCI host bridge to bus 0005:78
[    2.467473] pci_bus 0005:78: root bus resource [mem 0x8b0000000-0x8b77effff window] (bus address [0xb0000000-0xb77effff])
[    2.467476] pci_bus 0005:78: root bus resource [io  0x20000-0x2ffff window] (bus address [0x0000-0xffff])
[    2.467479] pci_bus 0005:78: root bus resource [bus 78-7f]
[    2.467491] pci 0005:78:00.0: [19e5:1610] type 01 class 0x060400
[    2.467494] pci_bus 0005:78: 2-byte config write to 0005:78:00.0 offset 0x4 may corrupt adjacent RW1C bits
[    2.467502] pci 0005:78:00.0: reg 0x10: [mem 0x00000000-0x00000fff]
[    2.467510] pci 0005:78:00.0: reg 0x38: [mem 0xfffe0000-0xffffffff pref]
[    2.467537] pci 0005:78:00.0: supports D1 D2
[    2.467539] pci 0005:78:00.0: PME# supported from D0 D1 D3hot
[    2.518836] pci_bus 0005:78: on NUMA node 1
[    2.518840] pci 0005:78:00.0: BAR 6: assigned [mem 0x8b0000000-0x8b001ffff pref]
[    2.518843] pci 0005:78:00.0: BAR 0: assigned [mem 0x8b0020000-0x8b0020fff]
[    2.518847] pci 0005:78:00.0: PCI bridge to [bus 79]
[    2.518853] pci_bus 0005:78: resource 4 [mem 0x8b0000000-0x8b77effff window]
[    2.518855] pci_bus 0005:78: resource 5 [io  0x20000-0x2ffff window]
[    2.519022] ACPI: PCI Root Bridge [PCI6] (domain 0006 [bus c0-c7])
[    2.519027] acpi PNP0A08:03: _OSC: OS supports [ExtendedConfig Segments MSI HPX-Type3]
[    2.519030] acpi PNP0A08:03: _OSC: not requesting OS control; OS requires [ExtendedConfig ASPM ClockPM MSI]
[    2.519097] acpi PNP0A08:03: MCFG quirk: ECAM at [mem 0x8ac000000-0x8ac7fffff] for [bus c0-c7] with hisi_pcie_ops
[    2.520376] acpi PNP0A08:03: ECAM area [mem 0x8ac000000-0x8ac7fffff] reserved by PNP0C02:01
[    2.520895] acpi PNP0A08:03: ECAM at [mem 0x8ac000000-0x8ac7fffff] for [bus c0-c7]
[    2.520923] ACPI: Remapped I/O 0x00000008afff0000 to [io  0x30000-0x3ffff window]
[    2.520968] PCI host bridge to bus 0006:c0
[    2.520970] pci_bus 0006:c0: root bus resource [mem 0x8ac900000-0x8affeffff window] (bus address [0xac900000-0xaffeffff])
[    2.520973] pci_bus 0006:c0: root bus resource [io  0x30000-0x3ffff window] (bus address [0x0000-0xffff])
[    2.520976] pci_bus 0006:c0: root bus resource [bus c0-c7]
[    2.520987] pci 0006:c0:00.0: [19e5:1610] type 01 class 0x060400
[    2.520991] pci_bus 0006:c0: 2-byte config write to 0006:c0:00.0 offset 0x4 may corrupt adjacent RW1C bits
[    2.520999] pci 0006:c0:00.0: reg 0x10: [mem 0x00000000-0x0000ffff]
[    2.521030] pci 0006:c0:00.0: supports D1 D2
[    2.521032] pci 0006:c0:00.0: PME# supported from D0 D1 D3hot
[    2.572320] pci_bus 0006:c0: on NUMA node 1
[    2.572324] pci 0006:c0:00.0: BAR 0: assigned [mem 0x8ac900000-0x8ac90ffff]
[    2.572328] pci 0006:c0:00.0: PCI bridge to [bus c1]
[    2.572333] pci_bus 0006:c0: resource 4 [mem 0x8ac900000-0x8affeffff window]
[    2.572335] pci_bus 0006:c0: resource 5 [io  0x30000-0x3ffff window]
[    2.572494] ACPI: PCI Root Bridge [PCI7] (domain 0007 [bus 90-97])
[    2.572499] acpi PNP0A08:04: _OSC: OS supports [ExtendedConfig Segments MSI HPX-Type3]
[    2.572502] acpi PNP0A08:04: _OSC: not requesting OS control; OS requires [ExtendedConfig ASPM ClockPM MSI]
[    2.572570] acpi PNP0A08:04: MCFG quirk: ECAM at [mem 0x8b9000000-0x8b97fffff] for [bus 90-97] with hisi_pcie_ops
[    2.573833] acpi PNP0A08:04: ECAM area [mem 0x8b9000000-0x8b97fffff] reserved by PNP0C02:01
[    2.574389] acpi PNP0A08:04: ECAM at [mem 0x8b9000000-0x8b97fffff] for [bus 90-97]
[    2.574416] ACPI: Remapped I/O 0x00000008bfff0000 to [io  0x40000-0x4ffff window]
[    2.574459] PCI host bridge to bus 0007:90
[    2.574463] pci_bus 0007:90: root bus resource [mem 0x8b9800000-0x8bffeffff window] (bus address [0xb9800000-0xbffeffff])
[    2.574466] pci_bus 0007:90: root bus resource [io  0x40000-0x4ffff window] (bus address [0x0000-0xffff])
[    2.574469] pci_bus 0007:90: root bus resource [bus 90-97]
[    2.574480] pci 0007:90:00.0: [19e5:1610] type 01 class 0x060400
[    2.574484] pci_bus 0007:90: 2-byte config write to 0007:90:00.0 offset 0x4 may corrupt adjacent RW1C bits
[    2.574517] pci 0007:90:00.0: supports D1 D2
[    2.574519] pci 0007:90:00.0: PME# supported from D0 D1 D3hot
[    2.574614] pci 0007:91:00.0: [19e5:1711] type 00 class 0x030000
[    2.574635] pci 0007:91:00.0: reg 0x10: [mem 0x8ba000000-0x8bbffffff pref]
[    2.574647] pci 0007:91:00.0: reg 0x14: [mem 0x8b9800000-0x8b99fffff]
[    2.574754] pci 0007:91:00.0: supports D1
[    2.574755] pci 0007:91:00.0: PME# supported from D0 D1 D3hot
[    2.574833] pci_bus 0007:90: on NUMA node 1
[    2.574837] pci 0007:90:00.0: BAR 14: assigned [mem 0x8ba000000-0x8bcffffff]
[    2.574840] pci 0007:91:00.0: BAR 0: assigned [mem 0x8ba000000-0x8bbffffff pref]
[    2.574845] pci 0007:91:00.0: BAR 1: assigned [mem 0x8bc000000-0x8bc1fffff]
[    2.574851] pci 0007:90:00.0: PCI bridge to [bus 91]
[    2.574854] pci 0007:90:00.0:   bridge window [mem 0x8ba000000-0x8bcffffff]
[    2.574858] pci_bus 0007:90: resource 4 [mem 0x8b9800000-0x8bffeffff window]
[    2.574860] pci_bus 0007:90: resource 5 [io  0x40000-0x4ffff window]
[    2.574862] pci_bus 0007:91: resource 1 [mem 0x8ba000000-0x8bcffffff]
[    2.575039] ACPI: PCI Root Bridge [PCIA] (domain 000a [bus 10-1f])
[    2.575044] acpi PNP0A08:05: _OSC: OS supports [ExtendedConfig Segments MSI HPX-Type3]
[    2.575047] acpi PNP0A08:05: _OSC: not requesting OS control; OS requires [ExtendedConfig ASPM ClockPM MSI]
[    2.575115] acpi PNP0A08:05: MCFG quirk: ECAM at [mem 0x64001000000-0x64001ffffff] for [bus 10-1f] with hisi_pcie_ops
[    2.576442] acpi PNP0A08:05: ECAM area [mem 0x64001000000-0x64001ffffff] reserved by PNP0C02:02
[    2.577028] acpi PNP0A08:05: ECAM at [mem 0x64001000000-0x64001ffffff] for [bus 10-1f]
[    2.577056] ACPI: Remapped I/O 0x0000067fffff0000 to [io  0x50000-0x5ffff window]
[    2.577102] PCI host bridge to bus 000a:10
[    2.577104] pci_bus 000a:10: root bus resource [mem 0x65040000000-0x650efffffff window] (bus address [0x40000000-0xefffffff])
[    2.577108] pci_bus 000a:10: root bus resource [io  0x50000-0x5ffff window] (bus address [0x0000-0xffff])
[    2.577111] pci_bus 000a:10: root bus resource [bus 10-1f]
[    2.577124] pci 000a:10:00.0: [19e5:1610] type 01 class 0x060400
[    2.577128] pci_bus 000a:10: 2-byte config write to 000a:10:00.0 offset 0x4 may corrupt adjacent RW1C bits
[    2.577137] pci 000a:10:00.0: reg 0x10: [mem 0x00000000-0x0000ffff]
[    2.577174] pci 000a:10:00.0: supports D1 D2
[    2.577176] pci 000a:10:00.0: PME# supported from D0 D1 D3hot
[    2.628469] pci_bus 000a:10: on NUMA node 2
[    2.628473] pci 000a:10:00.0: BAR 0: assigned [mem 0x65040000000-0x6504000ffff]
[    2.628477] pci 000a:10:00.0: PCI bridge to [bus 11]
[    2.628483] pci_bus 000a:10: resource 4 [mem 0x65040000000-0x650efffffff window]
[    2.628486] pci_bus 000a:10: resource 5 [io  0x50000-0x5ffff window]
[    2.628644] ACPI: PCI Root Bridge [PCIC] (domain 000c [bus 20-2f])
[    2.628649] acpi PNP0A08:06: _OSC: OS supports [ExtendedConfig Segments MSI HPX-Type3]
[    2.628652] acpi PNP0A08:06: _OSC: not requesting OS control; OS requires [ExtendedConfig ASPM ClockPM MSI]
[    2.628722] acpi PNP0A08:06: MCFG quirk: ECAM at [mem 0x74002000000-0x74002ffffff] for [bus 20-2f] with hisi_pcie_ops
[    2.630220] acpi PNP0A08:06: ECAM area [mem 0x74002000000-0x74002ffffff] reserved by PNP0C02:03
[    2.630923] acpi PNP0A08:06: ECAM at [mem 0x74002000000-0x74002ffffff] for [bus 20-2f]
[    2.630951] ACPI: Remapped I/O 0x0000077fffff0000 to [io  0x60000-0x6ffff window]
[    2.630996] PCI host bridge to bus 000c:20
[    2.630999] pci_bus 000c:20: root bus resource [mem 0x75040000000-0x750efffffff window] (bus address [0x40000000-0xefffffff])
[    2.631002] pci_bus 000c:20: root bus resource [io  0x60000-0x6ffff window] (bus address [0x0000-0xffff])
[    2.631005] pci_bus 000c:20: root bus resource [bus 20-2f]
[    2.631018] pci 000c:20:00.0: [19e5:1610] type 01 class 0x060400
[    2.631022] pci_bus 000c:20: 2-byte config write to 000c:20:00.0 offset 0x4 may corrupt adjacent RW1C bits
[    2.631032] pci 000c:20:00.0: reg 0x10: [mem 0x00000000-0x0000ffff]
[    2.631077] pci 000c:20:00.0: supports D1 D2
[    2.631080] pci 000c:20:00.0: PME# supported from D0 D1 D3hot
[    2.682380] pci_bus 000c:20: on NUMA node 3
[    2.682384] pci 000c:20:00.0: BAR 0: assigned [mem 0x75040000000-0x7504000ffff]
[    2.682388] pci 000c:20:00.0: PCI bridge to [bus 21]
[    2.682396] pci_bus 000c:20: resource 4 [mem 0x75040000000-0x750efffffff window]
[    2.682398] pci_bus 000c:20: resource 5 [io  0x60000-0x6ffff window]
[    2.682562] ACPI: PCI Root Bridge [PCID] (domain 000d [bus 30-3f])
[    2.682568] acpi PNP0A08:07: _OSC: OS supports [ExtendedConfig Segments MSI HPX-Type3]
[    2.682570] acpi PNP0A08:07: _OSC: not requesting OS control; OS requires [ExtendedConfig ASPM ClockPM MSI]
[    2.682638] acpi PNP0A08:07: MCFG quirk: ECAM at [mem 0x78003000000-0x78003ffffff] for [bus 30-3f] with hisi_pcie_ops
[    2.684099] acpi PNP0A08:07: ECAM area [mem 0x78003000000-0x78003ffffff] reserved by PNP0C02:03
[    2.684760] acpi PNP0A08:07: ECAM at [mem 0x78003000000-0x78003ffffff] for [bus 30-3f]
[    2.684788] ACPI: Remapped I/O 0x000007bfffff0000 to [io  0x70000-0x7ffff window]
[    2.684832] PCI host bridge to bus 000d:30
[    2.684835] pci_bus 000d:30: root bus resource [mem 0x79040000000-0x790efffffff window] (bus address [0x40000000-0xefffffff])
[    2.684838] pci_bus 000d:30: root bus resource [io  0x70000-0x7ffff window] (bus address [0x0000-0xffff])
[    2.684841] pci_bus 000d:30: root bus resource [bus 30-3f]
[    2.684855] pci 000d:30:00.0: [19e5:1610] type 01 class 0x060400
[    2.684859] pci_bus 000d:30: 2-byte config write to 000d:30:00.0 offset 0x4 may corrupt adjacent RW1C bits
[    2.684869] pci 000d:30:00.0: reg 0x10: [mem 0x00000000-0x00000fff]
[    2.684880] pci 000d:30:00.0: reg 0x38: [mem 0xfffe0000-0xffffffff pref]
[    2.684919] pci 000d:30:00.0: supports D1 D2
[    2.684921] pci 000d:30:00.0: PME# supported from D0 D1 D3hot
[    2.736227] pci_bus 000d:30: on NUMA node 3
[    2.736231] pci 000d:30:00.0: BAR 6: assigned [mem 0x79040000000-0x7904001ffff pref]
[    2.736234] pci 000d:30:00.0: BAR 0: assigned [mem 0x79040020000-0x79040020fff]
[    2.736238] pci 000d:30:00.0: PCI bridge to [bus 31]
[    2.736246] pci_bus 000d:30: resource 4 [mem 0x79040000000-0x790efffffff window]
[    2.736248] pci_bus 000d:30: resource 5 [io  0x70000-0x7ffff window]
[    2.737925] iommu: Default domain type: Translated 
[    2.737927] iommu: DMA domain TLB invalidation policy: lazy mode (set via kernel command line)
[    2.738072] SCSI subsystem initialized
[    2.738137] libata version 3.00 loaded.
[    2.738184] ACPI: bus type USB registered
[    2.738209] usbcore: registered new interface driver usbfs
[    2.738220] usbcore: registered new interface driver hub
[    2.738248] usbcore: registered new device driver usb
[    2.752345] pps_core: LinuxPPS API ver. 1 registered
[    2.752346] pps_core: Software ver. 5.3.6 - Copyright 2005-2007 Rodolfo Giometti <giometti@linux.it>
[    2.752352] PTP clock support registered
[    2.752380] EDAC MC: Ver: 3.0.0
[    2.752589] Registered efivars operations
[    2.753703] FPGA manager framework
[    2.753728] Advanced Linux Sound Architecture Driver Initialized.
[    2.754023] pci 0007:91:00.0: vgaarb: setting as boot VGA device
[    2.754025] pci 0007:91:00.0: vgaarb: bridge control possible
[    2.754027] pci 0007:91:00.0: vgaarb: VGA device added: decodes=io+mem,owns=none,locks=none
[    2.754031] vgaarb: loaded
[    2.754296] clocksource: Switched to clocksource arch_sys_counter
[    2.754397] VFS: Disk quotas dquot_6.6.0
[    2.754419] VFS: Dquot-cache hash table entries: 512 (order 0, 4096 bytes)
[    2.754512] pnp: PnP ACPI init
[    2.755157] system 00:01: [mem 0xa00a0000-0xa00affff] has been reserved
[    2.755215] system 00:02: [mem 0xaf800000-0xafffffff] could not be reserved
[    2.755315] system 00:03: [mem 0x8a0090000-0x8a009ffff] has been reserved
[    2.755412] system 00:04: [mem 0x8a0200000-0x8a020ffff] has been reserved
[    2.755510] system 00:05: [mem 0x8a00a0000-0x8a00affff] has been reserved
[    2.755604] system 00:06: [mem 0x8a00b0000-0x8a00bffff] has been reserved
[    2.755678] system 00:07: [mem 0x8a8800000-0x8a8ffffff] could not be reserved
[    2.755682] system 00:07: [mem 0x8b7800000-0x8b7ffffff] could not be reserved
[    2.755685] system 00:07: [mem 0x8ac000000-0x8ac7fffff] could not be reserved
[    2.755687] system 00:07: [mem 0x8b9000000-0x8b97fffff] could not be reserved
[    2.755750] system 00:08: [mem 0x600a00a0000-0x600a00affff] has been reserved
[    2.755804] system 00:09: [mem 0x64001000000-0x64001ffffff] could not be reserved
[    2.755900] system 00:0a: [mem 0x700a0090000-0x700a009ffff] has been reserved
[    2.755996] system 00:0b: [mem 0x700a0200000-0x700a020ffff] has been reserved
[    2.756067] system 00:0c: [mem 0x74002000000-0x74002ffffff] could not be reserved
[    2.756071] system 00:0c: [mem 0x78003000000-0x78003ffffff] could not be reserved
[    2.756185] pnp: PnP ACPI: found 13 devices
[    2.758467] NET: Registered PF_INET protocol family
[    2.759231] IP idents hash table entries: 262144 (order: 9, 2097152 bytes, vmalloc)
[    2.763574] tcp_listen_portaddr_hash hash table entries: 32768 (order: 7, 524288 bytes, vmalloc)
[    2.763738] Table-perturb hash table entries: 65536 (order: 6, 262144 bytes, vmalloc)
[    2.764057] TCP established hash table entries: 524288 (order: 10, 4194304 bytes, vmalloc)
[    2.765008] TCP bind hash table entries: 65536 (order: 8, 1048576 bytes, vmalloc)
[    2.765544] TCP: Hash tables configured (established 524288 bind 65536)
[    2.765761] UDP hash table entries: 32768 (order: 8, 1048576 bytes, vmalloc)
[    2.766050] UDP-Lite hash table entries: 32768 (order: 8, 1048576 bytes, vmalloc)
[    2.766440] NET: Registered PF_UNIX/PF_LOCAL protocol family
[    2.766591] RPC: Registered named UNIX socket transport module.
[    2.766593] RPC: Registered udp transport module.
[    2.766594] RPC: Registered tcp transport module.
[    2.766596] RPC: Registered tcp NFSv4.1 backchannel transport module.
[    2.766629] PCI: CLS 0 bytes, default 64
[    2.769481] hw perfevents: enabled with armv8_pmuv3_0 PMU driver, 7 counters available
[    2.769542] kvm [1]: IPA Size Limit: 44 bits
[    2.770724] kvm [1]: GICv4 support disabled
[    2.770727] kvm [1]: vgic-v2@fe020000
[    2.770753] kvm [1]: GIC system register CPU interface enabled
[    2.771635] kvm [1]: vgic interrupt IRQ9
[    2.772462] kvm [1]: Hyp mode initialized successfully
[    2.773869] Initialise system trusted keyrings
[    2.773982] workingset: timestamp_bits=42 max_order=24 bucket_order=0
[    2.775992] squashfs: version 4.0 (2009/01/31) Phillip Lougher
[    2.776203] NFS: Registering the id_resolver key type
[    2.776218] Key type id_resolver registered
[    2.776219] Key type id_legacy registered
[    2.776249] nfs4filelayout_init: NFSv4 File Layout Driver Registering...
[    2.776250] nfs4flexfilelayout_init: NFSv4 Flexfile Layout Driver Registering...
[    2.776291] 9p: Installing v9fs 9p2000 file system support
[    2.792127] Key type asymmetric registered
[    2.792128] Asymmetric key parser 'x509' registered
[    2.792143] Block layer SCSI generic (bsg) driver version 0.4 loaded (major 245)
[    2.792146] io scheduler mq-deadline registered
[    2.792148] io scheduler kyber registered
[    2.794215] hisi-lpc HISI0191:00: registered range [0x0000000000ffbfff - 0x0000000000ffffff]
[    2.795846] pcieport 0006:c0:00.0: can't derive routing for PCI INT A
[    2.795849] pcieport 0006:c0:00.0: PCI INT A: no GSI
[    2.795951] pcieport 0007:90:00.0: can't derive routing for PCI INT A
[    2.795953] pcieport 0007:90:00.0: PCI INT A: no GSI
[    2.796669] input: Power Button as /devices/LNXSYSTM:00/LNXSYBUS:00/PNP0C0C:00/input/input0
[    2.796696] ACPI: button: Power Button [PWRB]
[    2.797650] EINJ: EINJ table not found.
[    2.802500] Serial: 8250/16550 driver, 4 ports, IRQ sharing enabled
[    2.823657] serial8250.6.auto: ttyS1 at I/O 0xffc2f7 (irq = 0, base_baud = 115200) is a 16550A
[    2.824188] SuperH (H)SCI(F) driver initialized
[    2.824284] msm_serial: driver initialized
[    2.824518] arm-smmu-v3 arm-smmu-v3.0.auto: option mask 0x1
[    2.824529] arm-smmu-v3 arm-smmu-v3.0.auto: ias 44-bit, oas 44-bit (features 0x00000f0d)
[    2.824757] arm-smmu-v3 arm-smmu-v3.0.auto: allocated 65536 entries for cmdq
[    2.824916] arm-smmu-v3 arm-smmu-v3.0.auto: allocated 32768 entries for evtq
[    2.826185] arm-smmu-v3 arm-smmu-v3.0.auto: no evtq irq - events will not be reported!
[    2.826188] arm-smmu-v3 arm-smmu-v3.0.auto: no gerr irq - errors will not be reported!
[    2.826261] arm-smmu-v3 arm-smmu-v3.1.auto: option mask 0x1
[    2.826290] arm-smmu-v3 arm-smmu-v3.1.auto: ias 44-bit, oas 44-bit (features 0x00000f0d)
[    2.826459] arm-smmu-v3 arm-smmu-v3.1.auto: allocated 65536 entries for cmdq
[    2.826657] arm-smmu-v3 arm-smmu-v3.1.auto: allocated 32768 entries for evtq
[    2.828909] arm-smmu-v3 arm-smmu-v3.1.auto: no evtq irq - events will not be reported!
[    2.828912] arm-smmu-v3 arm-smmu-v3.1.auto: no gerr irq - errors will not be reported!
[    2.828949] arm-smmu-v3 arm-smmu-v3.2.auto: option mask 0x1
[    2.828963] arm-smmu-v3 arm-smmu-v3.2.auto: ias 44-bit, oas 44-bit (features 0x00000f0d)
[    2.829170] arm-smmu-v3 arm-smmu-v3.2.auto: allocated 65536 entries for cmdq
[    2.829319] arm-smmu-v3 arm-smmu-v3.2.auto: allocated 32768 entries for evtq
[    2.830566] arm-smmu-v3 arm-smmu-v3.2.auto: no evtq irq - events will not be reported!
[    2.830568] arm-smmu-v3 arm-smmu-v3.2.auto: no gerr irq - errors will not be reported!
[    2.830611] arm-smmu-v3 arm-smmu-v3.3.auto: option mask 0x1
[    2.830623] arm-smmu-v3 arm-smmu-v3.3.auto: ias 44-bit, oas 44-bit (features 0x00000f0d)
[    2.830801] arm-smmu-v3 arm-smmu-v3.3.auto: allocated 65536 entries for cmdq
[    2.830990] arm-smmu-v3 arm-smmu-v3.3.auto: allocated 32768 entries for evtq
[    2.832146] arm-smmu-v3 arm-smmu-v3.3.auto: no evtq irq - events will not be reported!
[    2.832149] arm-smmu-v3 arm-smmu-v3.3.auto: no gerr irq - errors will not be reported!
[    2.832195] arm-smmu-v3 arm-smmu-v3.4.auto: option mask 0x1
[    2.832211] arm-smmu-v3 arm-smmu-v3.4.auto: ias 44-bit, oas 44-bit (features 0x00000f0d)
[    2.832429] arm-smmu-v3 arm-smmu-v3.4.auto: allocated 65536 entries for cmdq
[    2.832585] arm-smmu-v3 arm-smmu-v3.4.auto: allocated 32768 entries for evtq
[    2.834857] arm-smmu-v3 arm-smmu-v3.4.auto: no evtq irq - events will not be reported!
[    2.834860] arm-smmu-v3 arm-smmu-v3.4.auto: no gerr irq - errors will not be reported!
[    2.850248] loop: module loaded
[    2.850585] megasas: 07.719.03.00-rc1
[    2.850734] ACPI: IORT: [Firmware Bug]: Named component missing memory address limit
[    2.850878] hisi_sas_v2_hw HISI0162:01: Adding to iommu group 0
[    2.871269] scsi host0: hisi_sas_v2_hw
[    3.489677] hisi_sas_v2_hw HISI0162:01: phyup: phy0 link_rate=11
[    3.489687] hisi_sas_v2_hw HISI0162:01: phyup: phy1 link_rate=11
[    3.489785] sas: phy-0:0 added to port-0:0, phy_mask:0x1 (500e004aaaaaaa1f)
[    3.489804] sas: DOING DISCOVERY on port 0, pid:455
[    3.490101] hisi_sas_v2_hw HISI0162:01: dev[0:2] found
[    3.490638] sas: ex 500e004aaaaaaa1f phy00:U:0 attached: 0000000000000000 (no device)
[    3.490742] sas: ex 500e004aaaaaaa1f phy01:U:B attached: 5001e82002865f0e (ssp)
[    3.490835] sas: ex 500e004aaaaaaa1f phy02:U:A attached: 500e004aaaaaaa02 (stp)
[    3.490932] sas: ex 500e004aaaaaaa1f phy03:U:0 attached: 0000000000000000 (no device)
[    3.491038] sas: ex 500e004aaaaaaa1f phy04:U:B attached: 5001e8200287321e (ssp)
[    3.491137] sas: ex 500e004aaaaaaa1f phy05:U:B attached: 5000cca05b01d9c9 (ssp)
[    3.491235] sas: ex 500e004aaaaaaa1f phy06:U:0 attached: 0000000000000000 (no device)
[    3.491329] sas: ex 500e004aaaaaaa1f phy07:U:B attached: 5001e820028580ae (ssp)
[    3.491424] sas: ex 500e004aaaaaaa1f phy08:U:B attached: 5001e82002858496 (ssp)
[    3.491522] sas: ex 500e004aaaaaaa1f phy09:U:0 attached: 0000000000000000 (no device)
[    3.491618] sas: ex 500e004aaaaaaa1f phy10:U:B attached: 5001e82002862816 (ssp)
[    3.491713] sas: ex 500e004aaaaaaa1f phy11:U:B attached: 5001e8200285850a (ssp)
[    3.491809] sas: ex 500e004aaaaaaa1f phy12:U:0 attached: 0000000000000000 (no device)
[    3.491907] sas: ex 500e004aaaaaaa1f phy13:U:0 attached: 0000000000000000 (no device)
[    3.492003] sas: ex 500e004aaaaaaa1f phy14:U:0 attached: 0000000000000000 (no device)
[    3.492109] sas: ex 500e004aaaaaaa1f phy15:U:0 attached: 0000000000000000 (no device)
[    3.492205] sas: ex 500e004aaaaaaa1f phy16:U:0 attached: 0000000000000000 (no device)
[    3.492302] sas: ex 500e004aaaaaaa1f phy17:U:0 attached: 0000000000000000 (no device)
[    3.492395] sas: ex 500e004aaaaaaa1f phy18:U:0 attached: 0000000000000000 (no device)
[    3.492493] sas: ex 500e004aaaaaaa1f phy19:U:0 attached: 0000000000000000 (no device)
[    3.492590] sas: ex 500e004aaaaaaa1f phy20:U:0 attached: 0000000000000000 (no device)
[    3.492685] sas: ex 500e004aaaaaaa1f phy21:U:0 attached: 0000000000000000 (no device)
[    3.492781] sas: ex 500e004aaaaaaa1f phy22:U:0 attached: 0000000000000000 (no device)
[    3.492877] sas: ex 500e004aaaaaaa1f phy23:U:0 attached: 0000000000000000 (no device)
[    3.492976] sas: ex 500e004aaaaaaa1f phy24:D:B attached: 500e004aaaaaaa1e (host+target)
[    3.493009] hisi_sas_v2_hw HISI0162:01: dev[1:1] found
[    3.493226] hisi_sas_v2_hw HISI0162:01: dev[2:5] found
[    3.493255] hisi_sas_v2_hw HISI0162:01: dev[3:1] found
[    3.493281] hisi_sas_v2_hw HISI0162:01: dev[4:1] found
[    3.493307] hisi_sas_v2_hw HISI0162:01: dev[5:1] found
[    3.493336] hisi_sas_v2_hw HISI0162:01: dev[6:1] found
[    3.493363] hisi_sas_v2_hw HISI0162:01: dev[7:1] found
[    3.493389] hisi_sas_v2_hw HISI0162:01: dev[8:1] found
[    3.493418] hisi_sas_v2_hw HISI0162:01: dev[9:1] found
[    3.493423] ata_eh_set_pending fastdrain=1 ATA_PFLAG_EH_PENDING=0
[    3.493425] ata_eh_set_pending2 ap=0xffff001045dbc000 fastdrain=1 cnt=0
[    3.493438] sas: sas_scsi_recover_host Enter sas_scsi_recover_host busy: 0 failed: 0
[    3.493441] sas: sas_eh_handle_sas_errors shost=0xffff001049000000
[    3.493445] sas: sas_ata_strategy_handler shost=0xffff001049000000
[    3.493448] sas: sas_ata_strategy_handler2 shost=0xffff001049000000 calling async_schedule_domain(async_sas_ata_eh)
[    3.493458] sas: ata1: end_device-0:0:2: async_sas_ata_eh dev error handler
[    3.493463] ata_scsi_port_error_handler host=0xffff001049000000 ap=0xffff001045dbc000
[    3.493468] ata_scsi_port_error_handler2 host=0xffff001049000000 ap=0xffff001045dbc000 deleting fastdrain_timer
[    3.493472] ata_do_eh ap=0xffff001045dbc000 calling ata_eh_autopsy
[    3.493474] ata_eh_autopsy ap=0xffff001045dbc000 link=0xffff001045dbe040 calling ata_eh_link_autopsy
[    3.493478] ata_eh_link_autopsy link=0xffff001045dbe040 ATA_EHI_NO_AUTOPSY=1 
[    3.493480] ata_do_eh2 ap=0xffff001045dbc000 calling ata_eh_report
[    3.493483] ata_do_eh3 ap=0xffff001045dbc000 calling ata_eh_recover
[    3.493486] ata_eh_reset ap=0xffff001045dbc000 link=0xffff001045dbe040 prereset=sas_ata_prereset+0x0/0x60 softreset=0x0 hardreset=sas_ata_hard_reset+0x0/0xa0 postreset=0x0
[    3.493499] ata_eh_freeze_port ap=0xffff001045dbc000
[    3.493501] __ata_port_freeze ap=0xffff001045dbc000
[    3.493943] hisi_sas_debug_I_T_nexus_reset device=0xffff001045db4c00
[    3.494676] hisi_sas_v2_hw HISI0162:01: phyup: phy2 link_rate=11
[    3.494682] hisi_sas_v2_hw HISI0162:01: phyup: phy3 link_rate=11
[    3.494685] hisi_sas_v2_hw HISI0162:01: phyup: phy4 link_rate=11
[    3.494689] hisi_sas_v2_hw HISI0162:01: phyup: phy5 link_rate=11
[    3.494692] hisi_sas_v2_hw HISI0162:01: phyup: phy6 link_rate=11
[    3.494696] hisi_sas_v2_hw HISI0162:01: phyup: phy7 link_rate=11
[    3.650488] hisi_sas_I_T_nexus_reset1  device=0xffff001045db4c00 rc=0
[    3.650491] hisi_sas_softreset_ata_disk device=0xffff001045db4c00
[    3.657126] hisi_sas_release_task device=0xffff001045db4c00
[    3.657129] hisi_sas_I_T_nexus_reset8 device=0xffff001045db4c00 calling hisi_sas_release_task
[    3.657131] hisi_sas_release_task device=0xffff001045db4c00
[    3.814437] ata_eh_thaw_port ap=0xffff001045dbc000
[    3.816433] ata1.00: ata_dev_configure: cfg 49:2f00 82:746b 83:7d69 84:4773 85:7469 86:bc41 87:4763 88:407f
[    3.816438] ata1.00: 49==0x2f00  53==0x0007  63==0x0007  64==0x0003  75==0x001f
               80==0x01fc  81==0x0029  82==0x746b  83==0x7d69  84==0x4773
               88==0x407f  93==0x0000
[    3.816444] ata1.00: ATA-8: HGST HUS724040ALA640, MFAOA8B0, max UDMA/133
[    3.816447] ata_log_supported calling ata_read_log_page
[    3.816449] ata1.00: read log page - log 0x0, page 0x0
[    3.816591] ata1.00: 7814037168 sectors, multi 0: LBA48 NCQ (depth 32)
[    3.816597] ata1.00: set features - xfer mode
[    3.818738] ata1.00: ata_dev_configure: cfg 49:2f00 82:746b 83:7d69 84:4773 85:7469 86:bc41 87:4763 88:407f
[    3.818742] ata1.00: 49==0x2f00  53==0x0007  63==0x0007  64==0x0003  75==0x001f
               80==0x01fc  81==0x0029  82==0x746b  83==0x7d69  84==0x4773
               88==0x407f  93==0x0000
[    3.818748] ata1.00: xfer_shift=12, xfer_mode=0x46
[    3.818751] ata1.00: configured for UDMA/133
[    3.818755] scsi_eh_flush_done_q
[    3.818764] scsi_eh_flush_done_q
[    3.818766] sas: --- Exit sas_scsi_recover_host: busy: 0 failed: 0 tries: 1
[    3.835897] hisi_sas_release_task device=0xffff001045db4a00
[    3.902834] scsi 0:0:0:0: Direct-Access     SanDisk  LT0200MO         P404 PQ: 0 ANSI: 6
[    4.517773] hisi_sas_softreset_ata_disk device=0xffff001045db4c00
[    4.523523] hisi_sas_release_task device=0xffff001045db4c00
[    4.523550] scsi 0:0:1:0: Direct-Access     ATA      HGST HUS724040AL A8B0 PQ: 0 ANSI: 5
[    4.523950] sd 0:0:1:0: [sdb] 7814037168 512-byte logical blocks: (4.00 TB/3.64 TiB)
[    4.523961] sd 0:0:1:0: [sdb] Write Protect is off
[    4.523964] sd 0:0:1:0: [sdb] Mode Sense: 00 3a 00 00
[    4.523977] sd 0:0:1:0: [sdb] Write cache: enabled, read cache: enabled, doesn't support DPO or FUA
[    4.523995] sd 0:0:1:0: [sdb] Preferred minimum I/O size 512 bytes
[    4.530999] hisi_sas_release_task device=0xffff001045db4e00
[    4.558466] sd 0:0:0:0: [sda] 390721968 512-byte logical blocks: (200 GB/186 GiB)
[    4.561430]  sdb: sdb1 sdb2 sdb3
[    4.561644] sd 0:0:1:0: [sdb] Attached SCSI disk
[    4.597945] scsi 0:0:2:0: Direct-Access     SanDisk  LT0200MO         P404 PQ: 0 ANSI: 6
[    4.600475] sd 0:0:0:0: [sda] Write Protect is off
[    4.600478] sd 0:0:0:0: [sda] Mode Sense: cf 00 10 08
[    4.682509] sd 0:0:0:0: [sda] Write cache: disabled, read cache: disabled, supports DPO and FUA
[    4.805148] sd 0:0:0:0: [sda] Optimal transfer size 131072 bytes
[    5.166085]  sda: sda1 sda2
[    5.166218] sd 0:0:0:0: [sda] Attached SCSI disk
[    5.177822] hisi_sas_release_task device=0xffff001045db5000
[    5.178019] scsi 0:0:3:0: Direct-Access     HGST     HUC156030CSS200  A3F0 PQ: 0 ANSI: 6
[    5.180417] sd 0:0:3:0: [sdd] 586072368 512-byte logical blocks: (300 GB/279 GiB)
[    5.180928] sd 0:0:3:0: [sdd] Write Protect is off
[    5.180931] sd 0:0:3:0: [sdd] Mode Sense: f7 00 10 08
[    5.181801] sd 0:0:3:0: [sdd] Write cache: enabled, read cache: enabled, supports DPO and FUA
[    5.187337] hisi_sas_release_task device=0xffff001045db5200
[    5.189781]  sdd: sdd1
[    5.189872] sd 0:0:3:0: [sdd] Attached SCSI disk
[    5.253683] sd 0:0:2:0: [sdc] 390721968 512-byte logical blocks: (200 GB/186 GiB)
[    5.254322] scsi 0:0:4:0: Direct-Access     SanDisk  LT0200MO         P404 PQ: 0 ANSI: 6
[    5.295689] sd 0:0:2:0: [sdc] Write Protect is off
[    5.295692] sd 0:0:2:0: [sdc] Mode Sense: cf 00 10 08
[    5.377672] sd 0:0:2:0: [sdc] Write cache: disabled, read cache: disabled, supports DPO and FUA
[    5.500320] sd 0:0:2:0: [sdc] Optimal transfer size 131072 bytes
[    5.840714] hisi_sas_release_task device=0xffff001045db5400
[    5.861353]  sdc: sdc1 sdc2 sdc3
[    5.861535] sd 0:0:2:0: [sdc] Attached SCSI disk
[    5.907631] scsi 0:0:5:0: Direct-Access     SanDisk  LT0200MO         P404 PQ: 0 ANSI: 6
[    5.909885] sd 0:0:4:0: [sde] 390721968 512-byte logical blocks: (200 GB/186 GiB)
[    5.951907] sd 0:0:4:0: [sde] Write Protect is off
[    5.951910] sd 0:0:4:0: [sde] Mode Sense: cf 00 10 08
[    6.033908] sd 0:0:4:0: [sde] Write cache: disabled, read cache: disabled, supports DPO and FUA
[    6.156531] sd 0:0:4:0: [sde] Optimal transfer size 131072 bytes
[    6.494334] hisi_sas_release_task device=0xffff001045db5600
[    6.517284]  sde: sde1 sde2 sde3
[    6.517445] sd 0:0:4:0: [sde] Attached SCSI disk
[    6.561299] scsi 0:0:6:0: Direct-Access     SanDisk  LT0200MO         P404 PQ: 0 ANSI: 6
[    6.563629] sd 0:0:5:0: [sdf] 390721968 512-byte logical blocks: (200 GB/186 GiB)
[    6.605712] sd 0:0:5:0: [sdf] Write Protect is off
[    6.605715] sd 0:0:5:0: [sdf] Mode Sense: cf 00 10 08
[    6.687711] sd 0:0:5:0: [sdf] Write cache: disabled, read cache: disabled, supports DPO and FUA
[    6.810358] sd 0:0:5:0: [sdf] Optimal transfer size 131072 bytes
[    7.147650] hisi_sas_release_task device=0xffff001045db5800
[    7.171306]  sdf: sdf1 sdf2 sdf3 sdf4
[    7.171515] sd 0:0:5:0: [sdf] Attached SCSI disk
[    7.214988] scsi 0:0:7:0: Direct-Access     SanDisk  LT0200MO         P404 PQ: 0 ANSI: 6
[    7.216817] sd 0:0:6:0: [sdg] 390721968 512-byte logical blocks: (200 GB/186 GiB)
[    7.258826] sd 0:0:6:0: [sdg] Write Protect is off
[    7.258829] sd 0:0:6:0: [sdg] Mode Sense: cf 00 10 08
[    7.340834] sd 0:0:6:0: [sdg] Write cache: disabled, read cache: disabled, supports DPO and FUA
[    7.463485] sd 0:0:6:0: [sdg] Optimal transfer size 131072 bytes
[    7.795261] hisi_sas_release_task device=0xffff001045db5a00
[    7.795558] scsi 0:0:8:0: Enclosure         12G SAS  Expander         RevB PQ: 0 ANSI: 6
[    7.795660] scsi 0:0:8:0: Power-on or device reset occurred
[    7.796941] sas: DONE DISCOVERY on port 0, pid:455, result:0
[    7.796954] sas: phy1 matched wide port0
[    7.796960] sas: phy-0:1 added to port-0:0, phy_mask:0x3 (500e004aaaaaaa1f)
[    7.796968] sas: REVALIDATING DOMAIN on port 0, pid:455
[    7.797512] sas: ex 500e004aaaaaaa1f phy02 change count has changed
[    7.797800] sas: ex 500e004aaaaaaa1f phy02 originated BROADCAST(CHANGE)
[    7.797803] sas: ex 500e004aaaaaaa1f rediscovering phy02
[    7.797992] sas: ex 500e004aaaaaaa1f phy02 broadcast flutter
[    7.799339] sas: ex 500e004aaaaaaa1f phy16 originated BROADCAST(CHANGE)
[    7.799341] sas: ex 500e004aaaaaaa1f phy16 new device attached
[    7.799435] sas: ex 500e004aaaaaaa1f phy16:U:B attached: 3201581410000000 (host)
[    7.799532] sas: ex 500e004aaaaaaa1f phy17 originated BROADCAST(CHANGE)
[    7.799534] sas: ex 500e004aaaaaaa1f phy17 new device attached
[    7.799628] sas: ex 500e004aaaaaaa1f phy17:U:B attached: 3201581410000000 (host)
[    7.799724] sas: ex 500e004aaaaaaa1f phy18 originated BROADCAST(CHANGE)
[    7.799726] sas: ex 500e004aaaaaaa1f phy18 new device attached
[    7.799820] sas: ex 500e004aaaaaaa1f phy18:U:B attached: 3201581410000000 (host)
[    7.799916] sas: ex 500e004aaaaaaa1f phy19 originated BROADCAST(CHANGE)
[    7.799919] sas: ex 500e004aaaaaaa1f phy19 new device attached
[    7.800012] sas: ex 500e004aaaaaaa1f phy19:U:B attached: 3201581410000000 (host)
[    7.800108] sas: ex 500e004aaaaaaa1f phy20 originated BROADCAST(CHANGE)
[    7.800110] sas: ex 500e004aaaaaaa1f phy20 new device attached
[    7.800204] sas: ex 500e004aaaaaaa1f phy20:U:B attached: 3201581410000000 (host)
[    7.800300] sas: ex 500e004aaaaaaa1f phy21 originated BROADCAST(CHANGE)
[    7.800302] sas: ex 500e004aaaaaaa1f phy21 new device attached
[    7.800397] sas: ex 500e004aaaaaaa1f phy21:U:B attached: 3201581410000000 (host)
[    7.800493] sas: ex 500e004aaaaaaa1f phy22 originated BROADCAST(CHANGE)
[    7.800495] sas: ex 500e004aaaaaaa1f phy22 new device attached
[    7.800589] sas: ex 500e004aaaaaaa1f phy22:U:B attached: 3201581410000000 (host)
[    7.800685] sas: ex 500e004aaaaaaa1f phy23 originated BROADCAST(CHANGE)
[    7.800687] sas: ex 500e004aaaaaaa1f phy23 new device attached
[    7.800781] sas: ex 500e004aaaaaaa1f phy23:U:B attached: 3201581410000000 (host)
[    7.800878] sas: done REVALIDATING DOMAIN on port 0, pid:455, res 0x0
[    7.800886] sas: broadcast received: 0
[    7.800893] sas: REVALIDATING DOMAIN on port 0, pid:455
[    7.800974] sas: done REVALIDATING DOMAIN on port 0, pid:455, res 0x0
[    7.800981] sas: broadcast received: 0
[    7.800983] sas: broadcast received: 0
[    7.800984] sas: broadcast received: 0
[    7.800986] sas: broadcast received: 0
[    7.800987] sas: broadcast received: 0
[    7.800989] sas: broadcast received: 0
[    7.800992] sas: phy2 matched wide port0
[    7.800997] sas: phy-0:2 added to port-0:0, phy_mask:0x7 (500e004aaaaaaa1f)
[    7.801003] sas: REVALIDATING DOMAIN on port 0, pid:455
[    7.803472] sas: ex 500e004aaaaaaa1f phys DID NOT change
[    7.803474] sas: done REVALIDATING DOMAIN on port 0, pid:455, res 0x0
[    7.803481] sas: phy3 matched wide port0
[    7.803485] sas: phy-0:3 added to port-0:0, phy_mask:0xf (500e004aaaaaaa1f)
[    7.803492] sas: REVALIDATING DOMAIN on port 0, pid:455
[    7.805971] sas: ex 500e004aaaaaaa1f phys DID NOT change
[    7.805973] sas: done REVALIDATING DOMAIN on port 0, pid:455, res 0x0
[    7.805980] sas: phy4 matched wide port0
[    7.805985] sas: phy-0:4 added to port-0:0, phy_mask:0x1f (500e004aaaaaaa1f)
[    7.805991] sas: REVALIDATING DOMAIN on port 0, pid:455
[    7.808470] sas: ex 500e004aaaaaaa1f phys DID NOT change
[    7.808471] sas: done REVALIDATING DOMAIN on port 0, pid:455, res 0x0
[    7.808477] sas: phy5 matched wide port0
[    7.808482] sas: phy-0:5 added to port-0:0, phy_mask:0x3f (500e004aaaaaaa1f)
[    7.808488] sas: REVALIDATING DOMAIN on port 0, pid:455
[    7.810970] sas: ex 500e004aaaaaaa1f phys DID NOT change
[    7.810972] sas: done REVALIDATING DOMAIN on port 0, pid:455, res 0x0
[    7.810978] sas: phy6 matched wide port0
[    7.810983] sas: phy-0:6 added to port-0:0, phy_mask:0x7f (500e004aaaaaaa1f)
[    7.810989] sas: REVALIDATING DOMAIN on port 0, pid:455
[    7.813469] sas: ex 500e004aaaaaaa1f phys DID NOT change
[    7.813471] sas: done REVALIDATING DOMAIN on port 0, pid:455, res 0x0
[    7.813477] sas: phy7 matched wide port0
[    7.813481] sas: phy-0:7 added to port-0:0, phy_mask:0xff (500e004aaaaaaa1f)
[    7.813488] sas: REVALIDATING DOMAIN on port 0, pid:455
[    7.815968] sas: ex 500e004aaaaaaa1f phys DID NOT change
[    7.815970] sas: done REVALIDATING DOMAIN on port 0, pid:455, res 0x0
[    7.815976] sas: broadcast received: 0
[    7.815981] sas: REVALIDATING DOMAIN on port 0, pid:455
[    7.818467] sas: ex 500e004aaaaaaa1f phys DID NOT change
[    7.818469] sas: done REVALIDATING DOMAIN on port 0, pid:455, res 0x0
[    7.818475] sas: broadcast received: 0
[    7.818480] sas: REVALIDATING DOMAIN on port 0, pid:455
[    7.820966] sas: ex 500e004aaaaaaa1f phys DID NOT change
[    7.820968] sas: done REVALIDATING DOMAIN on port 0, pid:455, res 0x0
[    7.820974] sas: broadcast received: 0
[    7.820979] sas: REVALIDATING DOMAIN on port 0, pid:455
[    7.823207] sd 0:0:6:0: [sdg] Attached SCSI disk
[    7.823465] sas: ex 500e004aaaaaaa1f phys DID NOT change
[    7.823467] sas: done REVALIDATING DOMAIN on port 0, pid:455, res 0x0
[    7.823472] sas: broadcast received: 0
[    7.823478] sas: REVALIDATING DOMAIN on port 0, pid:455
[    7.825964] sas: ex 500e004aaaaaaa1f phys DID NOT change
[    7.825965] sas: done REVALIDATING DOMAIN on port 0, pid:455, res 0x0
[    7.825970] sas: broadcast received: 0
[    7.825976] sas: REVALIDATING DOMAIN on port 0, pid:455
[    7.828471] sas: ex 500e004aaaaaaa1f phys DID NOT change
[    7.828473] sas: done REVALIDATING DOMAIN on port 0, pid:455, res 0x0
[    7.828479] sas: broadcast received: 0
[    7.828484] sas: REVALIDATING DOMAIN on port 0, pid:455
[    7.830970] sas: ex 500e004aaaaaaa1f phys DID NOT change
[    7.830972] sas: done REVALIDATING DOMAIN on port 0, pid:455, res 0x0
[    7.830978] sas: broadcast received: 0
[    7.830984] sas: REVALIDATING DOMAIN on port 0, pid:455
[    7.833470] sas: ex 500e004aaaaaaa1f phys DID NOT change
[    7.833472] sas: done REVALIDATING DOMAIN on port 0, pid:455, res 0x0
[    7.833478] sas: broadcast received: 0
[    7.833483] sas: REVALIDATING DOMAIN on port 0, pid:455
[    7.835969] sas: ex 500e004aaaaaaa1f phys DID NOT change
[    7.835970] sas: done REVALIDATING DOMAIN on port 0, pid:455, res 0x0
[    7.835976] sas: broadcast received: 0
[    7.835982] sas: REVALIDATING DOMAIN on port 0, pid:455
[    7.838467] sas: ex 500e004aaaaaaa1f phys DID NOT change
[    7.838469] sas: done REVALIDATING DOMAIN on port 0, pid:455, res 0x0
[    7.838474] sas: broadcast received: 0
[    7.838479] sas: REVALIDATING DOMAIN on port 0, pid:455
[    7.840966] sas: ex 500e004aaaaaaa1f phys DID NOT change
[    7.840968] sas: done REVALIDATING DOMAIN on port 0, pid:455, res 0x0
[    7.840973] sas: broadcast received: 0
[    7.840978] sas: REVALIDATING DOMAIN on port 0, pid:455
[    7.843466] sas: ex 500e004aaaaaaa1f phys DID NOT change
[    7.843468] sas: done REVALIDATING DOMAIN on port 0, pid:455, res 0x0
[    7.843474] sas: broadcast received: 0
[    7.843479] sas: REVALIDATING DOMAIN on port 0, pid:455
[    7.845965] sas: ex 500e004aaaaaaa1f phys DID NOT change
[    7.845967] sas: done REVALIDATING DOMAIN on port 0, pid:455, res 0x0
[    7.845972] sas: broadcast received: 0
[    7.845978] sas: REVALIDATING DOMAIN on port 0, pid:455
[    7.848464] sas: ex 500e004aaaaaaa1f phys DID NOT change
[    7.848466] sas: done REVALIDATING DOMAIN on port 0, pid:455, res 0x0
[    7.848472] sas: broadcast received: 0
[    7.848477] sas: REVALIDATING DOMAIN on port 0, pid:455
[    7.850963] sas: ex 500e004aaaaaaa1f phys DID NOT change
[    7.850965] sas: done REVALIDATING DOMAIN on port 0, pid:455, res 0x0
[    7.850971] sas: broadcast received: 0
[    7.850976] sas: REVALIDATING DOMAIN on port 0, pid:455
[    7.853462] sas: ex 500e004aaaaaaa1f phys DID NOT change
[    7.853464] sas: done REVALIDATING DOMAIN on port 0, pid:455, res 0x0
[    7.853470] sas: broadcast received: 0
[    7.853475] sas: REVALIDATING DOMAIN on port 0, pid:455
[    7.855961] sas: ex 500e004aaaaaaa1f phys DID NOT change
[    7.855963] sas: done REVALIDATING DOMAIN on port 0, pid:455, res 0x0
[    7.857888] tun: Universal TUN/TAP device driver, 1.6
[    7.858102] thunder_xcv, ver 1.0
[    7.858117] thunder_bgx, ver 1.0
[    7.858131] nicpf, ver 1.0
[    7.870863] sd 0:0:7:0: [sdh] 390721968 512-byte logical blocks: (200 GB/186 GiB)
[    7.912891] sd 0:0:7:0: [sdh] Write Protect is off
[    7.912894] sd 0:0:7:0: [sdh] Mode Sense: cf 00 10 08
[    7.938343] ACPI: IORT: [Firmware Bug]: Named component missing memory address limit
[    7.938465] hns_dsaf HISI00B2:00: Adding to iommu group 1
[    7.995050] sd 0:0:7:0: [sdh] Write cache: disabled, read cache: disabled, supports DPO and FUA
[    8.008041] hns_dsaf HISI00B2:00: no mc-mac-mask property, set to default value.
[    8.117682] sd 0:0:7:0: [sdh] Optimal transfer size 131072 bytes
[    8.222362] hns_dsaf HISI00B2:00: no mc-mac-mask property, set to default value.
[    8.438624] hns_dsaf HISI00B2:00: no mc-mac-mask property, set to default value.
[    8.459125] hns_dsaf HISI00B2:00: no mc-mac-mask property, set to default value.
[    8.477656] sd 0:0:7:0: [sdh] Attached SCSI disk
[    8.758161] Generic PHY Mii-HISI0141:00:00: attached PHY driver (mii_bus:phy_addr=Mii-HISI0141:00:00, irq=POLL)
[    8.778578] Generic PHY Mii-HISI0141:00:01: attached PHY driver (mii_bus:phy_addr=Mii-HISI0141:00:01, irq=POLL)
[    8.821859] hns3: Hisilicon Ethernet Network Driver for Hip08 Family - version
[    8.821861] hns3: Copyright (c) 2017 Huawei Corporation.
[    8.821933] hclge is initializing
[    8.821947] e1000: Intel(R) PRO/1000 Network Driver
[    8.821949] e1000: Copyright (c) 1999-2006 Intel Corporation.
[    8.821969] e1000e: Intel(R) PRO/1000 Network Driver
[    8.821971] e1000e: Copyright(c) 1999 - 2015 Intel Corporation.
[    8.821992] igb: Intel(R) Gigabit Ethernet Network Driver
[    8.821993] igb: Copyright (c) 2007-2014 Intel Corporation.
[    8.822014] igbvf: Intel(R) Gigabit Virtual Function Network Driver
[    8.822015] igbvf: Copyright (c) 2009 - 2012 Intel Corporation.
[    8.822169] sky2: driver version 1.30
[    8.822457] VFIO - User Level meta-driver version: 0.3
[    8.823039] ehci_hcd: USB 2.0 'Enhanced' Host Controller (EHCI) Driver
[    8.823042] ehci-pci: EHCI PCI platform driver
[    8.823056] ehci-platform: EHCI generic platform driver
[    8.823087] ehci-orion: EHCI orion driver
[    8.823092] ACPI: IORT: [Firmware Bug]: Named component missing memory address limit
[    8.823114] ehci-exynos: EHCI Exynos driver
[    8.823127] ehci-platform PNP0D20:00: Adding to iommu group 2
[    8.823138] ohci_hcd: USB 1.1 'Open' Host Controller (OHCI) Driver
[    8.823147] ohci-pci: OHCI PCI platform driver
[    8.823164] ohci-platform: OHCI generic platform driver
[    8.823192] ohci-exynos: OHCI Exynos driver
[    8.823324] usbcore: registered new interface driver usb-storage
[    8.824205] ehci-platform PNP0D20:00: EHCI Host Controller
[    8.824213] ehci-platform PNP0D20:00: new USB bus registered, assigned bus number 1
[    8.824265] ehci-platform PNP0D20:00: irq 369, io mem 0xa7020000
[    8.838280] ehci-platform PNP0D20:00: USB 2.0 started, EHCI 1.00
[    8.838463] hub 1-0:1.0: USB hub found
[    8.838473] hub 1-0:1.0: 2 ports detected
[    8.949855] rtc-efi rtc-efi.0: registered as rtc0
[    9.012781] rtc-efi rtc-efi.0: setting system clock to 2022-06-24T14:14:07 UTC (1656080047)
[    9.012961] i2c_dev: i2c /dev entries driver
[    9.014665] sdhci: Secure Digital Host Controller Interface driver
[    9.014667] sdhci: Copyright(c) Pierre Ossman
[    9.014833] Synopsys Designware Multimedia Card Interface Driver
[    9.015044] sdhci-pltfm: SDHCI platform and OF driver helper
[    9.016421] ledtrig-cpu: registered to indicate activity on CPUs
[    9.019095] pstore: Registered efi as persistent store backend
[    9.019434] usbcore: registered new interface driver usbhid
[    9.019436] usbhid: USB HID core driver
[    9.020903] NET: Registered PF_PACKET protocol family
[    9.020973] 9pnet: Installing 9P2000 support
[    9.021000] Key type dns_resolver registered
[    9.021139] registered taskstats version 1
[    9.021154] Loading compiled-in X.509 certificates
[    9.021367] pstore: Using crash dump compression: deflate
[    9.023811] ARMH0011:00: ttyAMA0 at MMIO 0x602b0000 (irq = 370, base_baud = 0) is a SBSA
[    9.033194] printk: console [ttyAMA0] printing thread started
[    9.033197] printk: console [ttyAMA0] enabled
[    9.033199] printk: bootconsole [pl11] disabled
[    9.047556] printk: bootconsole [pl11] printing thread stopped
[    9.049919] pcieport 0002:f8:00.0: Adding to iommu group 3
[    9.050971] pcieport 0002:f8:00.0: can't derive routing for PCI INT A
[    9.050975] pcieport 0002:f8:00.0: PCI INT A: no GSI
[    9.054856] pcieport 0004:88:00.0: Adding to iommu group 4
[    9.055804] pcieport 0004:88:00.0: can't derive routing for PCI INT A
[    9.055807] pcieport 0004:88:00.0: PCI INT A: no GSI
[    9.060687] pcieport 0005:78:00.0: Adding to iommu group 5
[    9.061639] pcieport 0005:78:00.0: can't derive routing for PCI INT A
[    9.061641] pcieport 0005:78:00.0: PCI INT A: no GSI
[    9.066206] pcieport 000a:10:00.0: Adding to iommu group 6
[    9.067115] pcieport 000a:10:00.0: can't derive routing for PCI INT A
[    9.067118] pcieport 000a:10:00.0: PCI INT A: no GSI
[    9.072644] pcieport 000c:20:00.0: Adding to iommu group 7
[    9.073715] pcieport 000c:20:00.0: can't derive routing for PCI INT A
[    9.073718] pcieport 000c:20:00.0: PCI INT A: no GSI
[    9.077592] pcieport 000d:30:00.0: Adding to iommu group 8
[    9.078477] pcieport 000d:30:00.0: can't derive routing for PCI INT A
[    9.078481] pcieport 000d:30:00.0: PCI INT A: no GSI
[    9.083075] serial 0002:f9:00.0: Adding to iommu group 3
[    9.083092] pci 0002:f8:00.0: can't derive routing for PCI INT A
[    9.083094] serial 0002:f9:00.0: PCI INT A: no GSI
[    9.083113] serial 0002:f9:00.0: enabling device (0000 -> 0003)
[    9.094283] usb 1-1: new high-speed USB device number 2 using ehci-platform
[    9.104852] 0002:f9:00.0: ttyS2 at I/O 0x1000 (irq = 372, base_baud = 115200) is a ST16650V2
[    9.104992] serial 0002:f9:00.1: Adding to iommu group 3
[    9.105006] pci 0002:f8:00.0: can't derive routing for PCI INT B
[    9.105009] serial 0002:f9:00.1: PCI INT B: no GSI
[    9.105022] serial 0002:f9:00.1: enabling device (0000 -> 0003)
[    9.126662] 0002:f9:00.1: ttyS3 at I/O 0x1008 (irq = 373, base_baud = 115200) is a ST16650V2
[    9.126951] ALSA device list:
[    9.126954]   No soundcards found.
[    9.182696] EXT4-fs (sda2): mounted filesystem with ordered data mode. Quota mode: none.
[    9.182716] VFS: Mounted root (ext4 filesystem) on device 8:2.
[    9.183239] devtmpfs: mounted
[    9.185074] Freeing unused kernel memory: 6976K
[    9.210379] Run /sbin/init as init process
[    9.210382]   with arguments:
[    9.210383]     /sbin/init
[    9.210384]   with environment:
[    9.210385]     HOME=/
[    9.210386]     TERM=linux
[    9.210387]     BOOT_IMAGE=/john/Image
[    9.210389]     user_debug=1
[    9.250946] hub 1-1:1.0: USB hub found
[    9.251028] hub 1-1:1.0: 4 ports detected
[    9.309081] systemd[1]: systemd 237 running in system mode. (+PAM +AUDIT +SELINUX +IMA +APPARMOR +SMACK +SYSVINIT +UTMP +LIBCRYPTSETUP +GCRYPT +GNUTLS +ACL +XZ +LZ4 +SECCOMP +BLKID +ELFUTILS +KMOD -IDN2 +IDN -PCRE2 default-hierarchy=hybrid)
[    9.309573] systemd[1]: Detected architecture arm64.
[    9.358452] systemd[1]: Set hostname to <ubuntu>.
[    9.378287] usb 1-2: new high-speed USB device number 3 using ehci-platform
[    9.538938] hub 1-2:1.0: USB hub found
[    9.539027] hub 1-2:1.0: 4 ports detected
[    9.826280] usb 1-2.1: new full-speed USB device number 4 using ehci-platform
[    9.938400] input: Keyboard/Mouse KVM 1.1.0 as /devices/platform/PNP0D20:00/usb1/1-2/1-2.1/1-2.1:1.0/0003:12D1:0003.0001/input/input1
[    9.998401] hid-generic 0003:12D1:0003.0001: input: USB HID v1.10 Keyboard [Keyboard/Mouse KVM 1.1.0] on usb-PNP0D20:00-2.1/input0
[    9.999163] input: Keyboard/Mouse KVM 1.1.0 as /devices/platform/PNP0D20:00/usb1/1-2/1-2.1/1-2.1:1.1/0003:12D1:0003.0002/input/input2
[    9.999195] hid-generic 0003:12D1:0003.0002: input: USB HID v1.10 Mouse [Keyboard/Mouse KVM 1.1.0] on usb-PNP0D20:00-2.1/input1
[   10.894276] random: crng init done
[   10.895060] systemd[1]: Started Forward Password Requests to Wall Directory Watch.
[   10.914696] systemd[1]: Created slice User and Session Slice.
[   10.926651] systemd[1]: Created slice System Slice.
[   10.938434] systemd[1]: Listening on LVM2 poll daemon socket.
[   10.950312] systemd[1]: Reached target Slices.
[   10.962358] systemd[1]: Listening on udev Kernel Socket.
[   10.974583] systemd[1]: Created slice system-serial\x2dgetty.slice.
[   11.609830] EXT4-fs (sda2): re-mounted. Quota mode: none.
[   11.633339] Adding 2097148k swap on /swapfile.  Priority:-2 extents:6 across:2260988k SS
[   11.722710] systemd-journald[608]: Received request to flush runtime journal from PID 1
[   11.788848] hns-nic HISI00C2:00 enahisic2i0: renamed from eth0
[   11.822585] hns-nic HISI00C2:05 enahisic2i5: renamed from eth3
