[    0.000000] Booting Linux on physical CPU 0x0000010000 [0x410fd082]
[    0.000000] Linux version 5.19.0-rc3-45034-g780ab77cffe6 (john@debian) (gcc (Debian 10.2.1-6) 10.2.1 20210110, GNU ld (GNU Binutils for Debian) 2.37) #957 SMP PREEMPT Fri Jun 24 14:11:01 BST 2022
[    0.000000] Machine model: Hisilicon PhosphorV660 Development Board
[    0.000000] efi: EFI v2.60 by EDK II
[    0.000000] efi: SMBIOS=0x3eff0000 SMBIOS 3.0=0x39aa0000 ACPI=0x39b70000 ACPI 2.0=0x39b70014 MEMATTR=0x3b8d0018 MEMRESERVE=0x3a002d18 
[    0.000000] ACPI: Early table checksum verification disabled
[    0.000000] ACPI: RSDP 0x0000000039B70014 000024 (v02 HISI  )
[    0.000000] ACPI: XSDT 0x0000000039B600E8 000084 (v01 HISI   HIP07    00000000      01000013)
[    0.000000] ACPI: FACP 0x0000000039A20000 00010C (v05 HISI   HIP07    00000000 INTL 20151124)
[    0.000000] ACPI: DSDT 0x00000000399E0000 0080C8 (v02 HISI   HIP07    00000000 INTL 20170728)
[    0.000000] ACPI: MCFG 0x0000000039A80000 0000AC (v01 HISI   HIP07    00000000 INTL 20151124)
[    0.000000] ACPI: SLIT 0x0000000039A70000 00003C (v01 HISI   HIP07    00000000 INTL 20151124)
[    0.000000] ACPI: SPCR 0x0000000039A60000 000050 (v02 HISI   HIP07    00000000 INTL 20151124)
[    0.000000] ACPI: SRAT 0x0000000039A50000 0005B0 (v03 HISI   HIP07    00000000 INTL 20151124)
[    0.000000] ACPI: DBG2 0x0000000039A40000 00005A (v00 HISI   HIP07    00000000 INTL 20151124)
[    0.000000] ACPI: GTDT 0x0000000039A10000 000098 (v02 HISI   HIP07    00000000 INTL 20151124)
[    0.000000] ACPI: APIC 0x0000000039A00000 0013E4 (v01 HISI   HIP07    00000000 INTL 20151124)
[    0.000000] ACPI: IORT 0x00000000399F0000 00080C (v00 HISI   HIP07    00000000 INTL 20170728)
[    0.000000] ACPI: PPTT 0x0000000031870000 001754 (v01 HISI   HIP07    00000000 INTL 20151124)
[    0.000000] ACPI: SPMI 0x0000000031860000 000041 (v05 HISI   HIP07    00000000 INTL 20151124)
[    0.000000] ACPI: iBFT 0x00000000317C0000 000800 (v01 HISI   HIP07    00000000      00000000)
[    0.000000] ACPI: SPCR: console: pl011,mmio32,0x602b0000,115200
[    0.000000] earlycon: pl11 at MMIO32 0x00000000602b0000 (options '115200')
[    0.000000] printk: bootconsole [pl11] enabled
[    0.000000] ACPI: SRAT: Node 0 PXM 0 [mem 0x00000000-0x3fffffff]
[    0.000000] ACPI: SRAT: Node 0 PXM 0 [mem 0x1000000000-0x17ffffffff]
[    0.000000] ACPI: SRAT: Node 2 PXM 2 [mem 0x40000000000-0x4003fffffff]
[    0.000000] ACPI: SRAT: Node 2 PXM 2 [mem 0x41000000000-0x417ffffffff]
[    0.000000] NUMA: NODE_DATA [mem 0x17fbffdb40-0x17fbffffff]
[    0.000000] NUMA: Initmem setup node 1 [<memory-less node>]
[    0.000000] NUMA: NODE_DATA [mem 0x417f4004b40-0x417f4006fff]
[    0.000000] NUMA: NODE_DATA(1) on node 2
[    0.000000] NUMA: NODE_DATA [mem 0x417f4002680-0x417f4004b3f]
[    0.000000] NUMA: Initmem setup node 3 [<memory-less node>]
[    0.000000] NUMA: NODE_DATA [mem 0x417f40001c0-0x417f400267f]
[    0.000000] NUMA: NODE_DATA(3) on node 2
[    0.000000] Zone ranges:
[    0.000000]   DMA      [mem 0x0000000000000000-0x00000000ffffffff]
[    0.000000]   DMA32    empty
[    0.000000]   Normal   [mem 0x0000000100000000-0x00000417fbffffff]
[    0.000000] Movable zone start for each node
[    0.000000] Early memory node ranges
[    0.000000]   node   0: [mem 0x0000000000000000-0x000000003188afff]
[    0.000000]   node   0: [mem 0x000000003188b000-0x000000003188efff]
[    0.000000]   node   0: [mem 0x000000003188f000-0x000000003992ffff]
[    0.000000]   node   0: [mem 0x0000000039930000-0x00000000399dffff]
[    0.000000]   node   0: [mem 0x00000000399e0000-0x0000000039a2ffff]
[    0.000000]   node   0: [mem 0x0000000039a30000-0x0000000039a3ffff]
[    0.000000]   node   0: [mem 0x0000000039a40000-0x0000000039a8ffff]
[    0.000000]   node   0: [mem 0x0000000039a90000-0x0000000039b5ffff]
[    0.000000]   node   0: [mem 0x0000000039b60000-0x0000000039b7ffff]
[    0.000000]   node   0: [mem 0x0000000039b80000-0x0000000039ffffff]
[    0.000000]   node   0: [mem 0x000000003a000000-0x000000003efeffff]
[    0.000000]   node   0: [mem 0x000000003eff0000-0x000000003f01ffff]
[    0.000000]   node   0: [mem 0x000000003f020000-0x000000003fbfffff]
[    0.000000]   node   0: [mem 0x0000001040000000-0x00000017fbffffff]
[    0.000000]   node   2: [mem 0x0000041000000000-0x00000417fbffffff]
[    0.000000] Initmem setup node 0 [mem 0x0000000000000000-0x00000017fbffffff]
[    0.000000] Initmem setup node 1 as memoryless
[    0.000000] Initmem setup node 2 [mem 0x0000041000000000-0x00000417fbffffff]
[    0.000000] Initmem setup node 3 as memoryless
[    0.000000] On node 0, zone Normal: 1024 pages in unavailable ranges
[    0.000000] On node 2, zone Normal: 16384 pages in unavailable ranges
[    0.000000] On node 2, zone Normal: 16384 pages in unavailable ranges
[    0.000000] cma: Reserved 32 MiB at 0x000000003ce00000
[    0.000000] crashkernel reserved: 0x0000000002000000 - 0x0000000012000000 (256 MB)
[    0.000000] psci: probing for conduit method from ACPI.
[    0.000000] psci: PSCIv1.0 detected in firmware.
[    0.000000] psci: Using standard PSCI v0.2 function IDs
[    0.000000] psci: MIGRATE_INFO_TYPE not supported.
[    0.000000] psci: SMC Calling Convention v1.0
[    0.000000] ACPI: NUMA: SRAT: PXM 0 -> MPIDR 0x10000 -> Node 0
[    0.000000] ACPI: NUMA: SRAT: PXM 0 -> MPIDR 0x10001 -> Node 0
[    0.000000] ACPI: NUMA: SRAT: PXM 0 -> MPIDR 0x10002 -> Node 0
[    0.000000] ACPI: NUMA: SRAT: PXM 0 -> MPIDR 0x10003 -> Node 0
[    0.000000] ACPI: NUMA: SRAT: PXM 0 -> MPIDR 0x10100 -> Node 0
[    0.000000] ACPI: NUMA: SRAT: PXM 0 -> MPIDR 0x10101 -> Node 0
[    0.000000] ACPI: NUMA: SRAT: PXM 0 -> MPIDR 0x10102 -> Node 0
[    0.000000] ACPI: NUMA: SRAT: PXM 0 -> MPIDR 0x10103 -> Node 0
[    0.000000] ACPI: NUMA: SRAT: PXM 0 -> MPIDR 0x10200 -> Node 0
[    0.000000] ACPI: NUMA: SRAT: PXM 0 -> MPIDR 0x10201 -> Node 0
[    0.000000] ACPI: NUMA: SRAT: PXM 0 -> MPIDR 0x10202 -> Node 0
[    0.000000] ACPI: NUMA: SRAT: PXM 0 -> MPIDR 0x10203 -> Node 0
[    0.000000] ACPI: NUMA: SRAT: PXM 0 -> MPIDR 0x10300 -> Node 0
[    0.000000] ACPI: NUMA: SRAT: PXM 0 -> MPIDR 0x10301 -> Node 0
[    0.000000] ACPI: NUMA: SRAT: PXM 0 -> MPIDR 0x10302 -> Node 0
[    0.000000] ACPI: NUMA: SRAT: PXM 0 -> MPIDR 0x10303 -> Node 0
[    0.000000] ACPI: NUMA: SRAT: PXM 1 -> MPIDR 0x30000 -> Node 1
[    0.000000] ACPI: NUMA: SRAT: PXM 1 -> MPIDR 0x30001 -> Node 1
[    0.000000] ACPI: NUMA: SRAT: PXM 1 -> MPIDR 0x30002 -> Node 1
[    0.000000] ACPI: NUMA: SRAT: PXM 1 -> MPIDR 0x30003 -> Node 1
[    0.000000] ACPI: NUMA: SRAT: PXM 1 -> MPIDR 0x30100 -> Node 1
[    0.000000] ACPI: NUMA: SRAT: PXM 1 -> MPIDR 0x30101 -> Node 1
[    0.000000] ACPI: NUMA: SRAT: PXM 1 -> MPIDR 0x30102 -> Node 1
[    0.000000] ACPI: NUMA: SRAT: PXM 1 -> MPIDR 0x30103 -> Node 1
[    0.000000] ACPI: NUMA: SRAT: PXM 1 -> MPIDR 0x30200 -> Node 1
[    0.000000] ACPI: NUMA: SRAT: PXM 1 -> MPIDR 0x30201 -> Node 1
[    0.000000] ACPI: NUMA: SRAT: PXM 1 -> MPIDR 0x30202 -> Node 1
[    0.000000] ACPI: NUMA: SRAT: PXM 1 -> MPIDR 0x30203 -> Node 1
[    0.000000] ACPI: NUMA: SRAT: PXM 1 -> MPIDR 0x30300 -> Node 1
[    0.000000] ACPI: NUMA: SRAT: PXM 1 -> MPIDR 0x30301 -> Node 1
[    0.000000] ACPI: NUMA: SRAT: PXM 1 -> MPIDR 0x30302 -> Node 1
[    0.000000] ACPI: NUMA: SRAT: PXM 1 -> MPIDR 0x30303 -> Node 1
[    0.000000] ACPI: NUMA: SRAT: PXM 2 -> MPIDR 0x50000 -> Node 2
[    0.000000] ACPI: NUMA: SRAT: PXM 2 -> MPIDR 0x50001 -> Node 2
[    0.000000] ACPI: NUMA: SRAT: PXM 2 -> MPIDR 0x50002 -> Node 2
[    0.000000] ACPI: NUMA: SRAT: PXM 2 -> MPIDR 0x50003 -> Node 2
[    0.000000] ACPI: NUMA: SRAT: PXM 2 -> MPIDR 0x50100 -> Node 2
[    0.000000] ACPI: NUMA: SRAT: PXM 2 -> MPIDR 0x50101 -> Node 2
[    0.000000] ACPI: NUMA: SRAT: PXM 2 -> MPIDR 0x50102 -> Node 2
[    0.000000] ACPI: NUMA: SRAT: PXM 2 -> MPIDR 0x50103 -> Node 2
[    0.000000] ACPI: NUMA: SRAT: PXM 2 -> MPIDR 0x50200 -> Node 2
[    0.000000] ACPI: NUMA: SRAT: PXM 2 -> MPIDR 0x50201 -> Node 2
[    0.000000] ACPI: NUMA: SRAT: PXM 2 -> MPIDR 0x50202 -> Node 2
[    0.000000] ACPI: NUMA: SRAT: PXM 2 -> MPIDR 0x50203 -> Node 2
[    0.000000] ACPI: NUMA: SRAT: PXM 2 -> MPIDR 0x50300 -> Node 2
[    0.000000] ACPI: NUMA: SRAT: PXM 2 -> MPIDR 0x50301 -> Node 2
[    0.000000] ACPI: NUMA: SRAT: PXM 2 -> MPIDR 0x50302 -> Node 2
[    0.000000] ACPI: NUMA: SRAT: PXM 2 -> MPIDR 0x50303 -> Node 2
[    0.000000] ACPI: NUMA: SRAT: PXM 3 -> MPIDR 0x70000 -> Node 3
[    0.000000] ACPI: NUMA: SRAT: PXM 3 -> MPIDR 0x70001 -> Node 3
[    0.000000] ACPI: NUMA: SRAT: PXM 3 -> MPIDR 0x70002 -> Node 3
[    0.000000] ACPI: NUMA: SRAT: PXM 3 -> MPIDR 0x70003 -> Node 3
[    0.000000] ACPI: NUMA: SRAT: PXM 3 -> MPIDR 0x70100 -> Node 3
[    0.000000] ACPI: NUMA: SRAT: PXM 3 -> MPIDR 0x70101 -> Node 3
[    0.000000] ACPI: NUMA: SRAT: PXM 3 -> MPIDR 0x70102 -> Node 3
[    0.000000] ACPI: NUMA: SRAT: PXM 3 -> MPIDR 0x70103 -> Node 3
[    0.000000] ACPI: NUMA: SRAT: PXM 3 -> MPIDR 0x70200 -> Node 3
[    0.000000] ACPI: NUMA: SRAT: PXM 3 -> MPIDR 0x70201 -> Node 3
[    0.000000] ACPI: NUMA: SRAT: PXM 3 -> MPIDR 0x70202 -> Node 3
[    0.000000] ACPI: NUMA: SRAT: PXM 3 -> MPIDR 0x70203 -> Node 3
[    0.000000] ACPI: NUMA: SRAT: PXM 3 -> MPIDR 0x70300 -> Node 3
[    0.000000] ACPI: NUMA: SRAT: PXM 3 -> MPIDR 0x70301 -> Node 3
[    0.000000] ACPI: NUMA: SRAT: PXM 3 -> MPIDR 0x70302 -> Node 3
[    0.000000] ACPI: NUMA: SRAT: PXM 3 -> MPIDR 0x70303 -> Node 3
[    0.000000] percpu: Embedded 20 pages/cpu s44520 r8192 d29208 u81920
[    0.000000] pcpu-alloc: s44520 r8192 d29208 u81920 alloc=20*4096
[    0.000000] pcpu-alloc: [0] 00 [0] 01 [0] 02 [0] 03 [0] 04 [0] 05 [0] 06 [0] 07 
[    0.000000] pcpu-alloc: [0] 08 [0] 09 [0] 10 [0] 11 [0] 12 [0] 13 [0] 14 [0] 15 
[    0.000000] pcpu-alloc: [1] 16 [1] 17 [1] 18 [1] 19 [1] 20 [1] 21 [1] 22 [1] 23 
[    0.000000] pcpu-alloc: [1] 24 [1] 25 [1] 26 [1] 27 [1] 28 [1] 29 [1] 30 [1] 31 
[    0.000000] pcpu-alloc: [2] 32 [2] 33 [2] 34 [2] 35 [2] 36 [2] 37 [2] 38 [2] 39 
[    0.000000] pcpu-alloc: [2] 40 [2] 41 [2] 42 [2] 43 [2] 44 [2] 45 [2] 46 [2] 47 
[    0.000000] pcpu-alloc: [3] 48 [3] 49 [3] 50 [3] 51 [3] 52 [3] 53 [3] 54 [3] 55 
[    0.000000] pcpu-alloc: [3] 56 [3] 57 [3] 58 [3] 59 [3] 60 [3] 61 [3] 62 [3] 63 
[    0.000000] Detected PIPT I-cache on CPU0
[    0.000000] CPU features: detected: GIC system register CPU interface
[    0.000000] CPU features: detected: Spectre-v2
[    0.000000] CPU features: detected: Spectre-v3a
[    0.000000] CPU features: detected: Spectre-v4
[    0.000000] CPU features: detected: Spectre-BHB
[    0.000000] CPU features: kernel page table isolation forced ON by KASLR
[    0.000000] CPU features: detected: Kernel page table isolation (KPTI)
[    0.000000] CPU features: detected: ARM errata 1165522, 1319367, or 1530923
[    0.000000] Fallback order for Node 0: 0 2 
[    0.000000] Fallback order for Node 1: 1 0 2 
[    0.000000] Fallback order for Node 2: 2 0 
[    0.000000] Fallback order for Node 3: 3 2 0 
[    0.000000] Built 4 zonelists, mobility grouping on.  Total pages: 16481808
[    0.000000] Policy zone: Normal
[    0.000000] Kernel command line: BOOT_IMAGE=/john/Image rdinit=/init crashkernel=256M@32M console=ttyAMA0,115200 earlycon acpi=force pcie_aspm=off noinitrd root=/dev/sda2 rw log_buf_len=16M user_debug=1 iommu.strict=0 nvme.use_threaded_interrupts=1 irqchip.gicv3_pseudo_nmi=1
[    0.000000] PCIe ASPM is disabled
[    0.000000] Unknown kernel command line parameters "BOOT_IMAGE=/john/Image user_debug=1", will be passed to user space.
[    0.000000] printk: log_buf_len: 16777216 bytes
[    0.000000] printk: early log buf free: 120088(91%)
[    0.000000] mem auto-init: stack:off, heap alloc:off, heap free:off
[    0.000000] software IO TLB: mapped [mem 0x0000000035930000-0x0000000039930000] (64MB)
[    0.000000] Memory: 65310356K/66973696K available (16000K kernel code, 3396K rwdata, 9024K rodata, 6976K init, 581K bss, 1630572K reserved, 32768K cma-reserved)
[    0.000000] SLUB: HWalign=64, Order=0-3, MinObjects=0, CPUs=64, Nodes=4
[    0.000000] rcu: Preemptible hierarchical RCU implementation.
[    0.000000] rcu: 	RCU event tracing is enabled.
[    0.000000] rcu: 	RCU restricting CPUs from NR_CPUS=256 to nr_cpu_ids=64.
[    0.000000] 	Trampoline variant of Tasks RCU enabled.
[    0.000000] 	Tracing variant of Tasks RCU enabled.
[    0.000000] rcu: RCU calculated value of scheduler-enlistment delay is 25 jiffies.
[    0.000000] rcu: Adjusting geometry for rcu_fanout_leaf=16, nr_cpu_ids=64
[    0.000000] NR_IRQS: 64, nr_irqs: 64, preallocated irqs: 0
[    0.000000] GICv3: GIC: Using split EOI/Deactivate mode
[    0.000000] GIC: enabling workaround for GICv3: HIP07 erratum 161010803
[    0.000000] GICv3: 988 SPIs implemented
[    0.000000] GICv3: 0 Extended SPIs implemented
[    0.000000] Root IRQ handler: gic_handle_irq
[    0.000000] GICv3: GICv3 features: 16 PPIs, DirectLPI
[    0.000000] GICv3: GICv4 features: DirectLPI 
[    0.000000] GICv3: CPU0: found redistributor 10000 region 0:0x000000004d100000
[    0.000000] SRAT: PXM 0 -> ITS 0 -> Node 0
[    0.000000] SRAT: PXM 1 -> ITS 1 -> Node 1
[    0.000000] SRAT: PXM 0 -> ITS 2 -> Node 0
[    0.000000] SRAT: PXM 1 -> ITS 3 -> Node 1
[    0.000000] SRAT: PXM 2 -> ITS 4 -> Node 2
[    0.000000] SRAT: PXM 3 -> ITS 5 -> Node 3
[    0.000000] SRAT: PXM 2 -> ITS 6 -> Node 2
[    0.000000] SRAT: PXM 3 -> ITS 7 -> Node 3
[    0.000000] ITS [mem 0x4c000000-0x4c01ffff]
[    0.000000] ITS@0x000000004c000000: Using ITS number 0
[    0.000000] GIC: enabling workaround for ITS: Hip07 erratum 161600802
[    0.000000] ITS@0x000000004c000000: allocated 524288 Devices @1040800000 (flat, esz 8, psz 16K, shr 1)
[    0.000000] ITS@0x000000004c000000: allocated 65536 Virtual CPUs @1040180000 (flat, esz 8, psz 4K, shr 1)
[    0.000000] ITS@0x000000004c000000: allocated 512 Interrupt Collections @1040143000 (flat, esz 8, psz 4K, shr 1)
[    0.000000] ITS [mem 0x6c000000-0x6c01ffff]
[    0.000000] ITS@0x000000006c000000: Using ITS number 1
[    0.000000] GIC: enabling workaround for ITS: Hip07 erratum 161600802
[    0.000000] ITS@0x000000006c000000: allocated 524288 Devices @1040c00000 (flat, esz 8, psz 16K, shr 1)
[    0.000000] ITS@0x000000006c000000: allocated 65536 Virtual CPUs @1040200000 (flat, esz 8, psz 4K, shr 1)
[    0.000000] ITS@0x000000006c000000: allocated 512 Interrupt Collections @1040144000 (flat, esz 8, psz 4K, shr 1)
[    0.000000] ITS [mem 0xc6000000-0xc601ffff]
[    0.000000] ITS@0x00000000c6000000: Using ITS number 2
[    0.000000] GIC: enabling workaround for ITS: Hip07 erratum 161600802
[    0.000000] ITS@0x00000000c6000000: allocated 524288 Devices @1041000000 (flat, esz 8, psz 16K, shr 1)
[    0.000000] ITS@0x00000000c6000000: allocated 65536 Virtual CPUs @1040280000 (flat, esz 8, psz 4K, shr 1)
[    0.000000] ITS@0x00000000c6000000: allocated 512 Interrupt Collections @1040145000 (flat, esz 8, psz 4K, shr 1)
[    0.000000] ITS [mem 0x8c6000000-0x8c601ffff]
[    0.000000] ITS@0x00000008c6000000: Using ITS number 3
[    0.000000] GIC: enabling workaround for ITS: Hip07 erratum 161600802
[    0.000000] ITS@0x00000008c6000000: allocated 524288 Devices @1041400000 (flat, esz 8, psz 16K, shr 1)
[    0.000000] ITS@0x00000008c6000000: allocated 65536 Virtual CPUs @1040380000 (flat, esz 8, psz 4K, shr 1)
[    0.000000] ITS@0x00000008c6000000: allocated 512 Interrupt Collections @1040146000 (flat, esz 8, psz 4K, shr 1)
[    0.000000] ITS [mem 0x4004c000000-0x4004c01ffff]
[    0.000000] ITS@0x000004004c000000: Using ITS number 4
[    0.000000] GIC: enabling workaround for ITS: Hip07 erratum 161600802
[    0.000000] ITS@0x000004004c000000: allocated 524288 Devices @41000400000 (flat, esz 8, psz 16K, shr 1)
[    0.000000] ITS@0x000004004c000000: allocated 65536 Virtual CPUs @41000080000 (flat, esz 8, psz 4K, shr 1)
[    0.000000] ITS@0x000004004c000000: allocated 512 Interrupt Collections @41000002000 (flat, esz 8, psz 4K, shr 1)
[    0.000000] ITS [mem 0x4006c000000-0x4006c01ffff]
[    0.000000] ITS@0x000004006c000000: Using ITS number 5
[    0.000000] GIC: enabling workaround for ITS: Hip07 erratum 161600802
[    0.000000] ITS@0x000004006c000000: allocated 524288 Devices @41000800000 (flat, esz 8, psz 16K, shr 1)
[    0.000000] ITS@0x000004006c000000: allocated 65536 Virtual CPUs @41000100000 (flat, esz 8, psz 4K, shr 1)
[    0.000000] ITS@0x000004006c000000: allocated 512 Interrupt Collections @41000003000 (flat, esz 8, psz 4K, shr 1)
[    0.000000] ITS [mem 0x400c6000000-0x400c601ffff]
[    0.000000] ITS@0x00000400c6000000: Using ITS number 6
[    0.000000] GIC: enabling workaround for ITS: Hip07 erratum 161600802
[    0.000000] ITS@0x00000400c6000000: allocated 524288 Devices @41000c00000 (flat, esz 8, psz 16K, shr 1)
[    0.000000] ITS@0x00000400c6000000: allocated 65536 Virtual CPUs @41000180000 (flat, esz 8, psz 4K, shr 1)
[    0.000000] ITS@0x00000400c6000000: allocated 512 Interrupt Collections @41000004000 (flat, esz 8, psz 4K, shr 1)
[    0.000000] ITS [mem 0x408c6000000-0x408c601ffff]
[    0.000000] ITS@0x00000408c6000000: Using ITS number 7
[    0.000000] GIC: enabling workaround for ITS: Hip07 erratum 161600802
[    0.000000] ITS@0x00000408c6000000: allocated 524288 Devices @41001000000 (flat, esz 8, psz 16K, shr 1)
[    0.000000] ITS@0x00000408c6000000: allocated 65536 Virtual CPUs @41000200000 (flat, esz 8, psz 4K, shr 1)
[    0.000000] ITS@0x00000408c6000000: allocated 512 Interrupt Collections @41000005000 (flat, esz 8, psz 4K, shr 1)
[    0.000000] GICv3: using LPI property table @0x0000001040310000
[    0.000000] ITS: Using DirectLPI for VPE invalidation
[    0.000000] ITS: Enabling GICv4 support
[    0.000000] GICv3: CPU0: using allocated LPI pending table @0x0000001040320000
[    0.000000] rcu: srcu_init: Setting srcu_struct sizes based on contention.
[    0.000000] arch_timer: Enabling global workaround for HiSilicon erratum 161010101
[    0.000000] arch_timer: CPU0: Trapping CNTVCT access
[    0.000000] arch_timer: cp15 timer(s) running at 50.00MHz (phys).
[    0.000000] clocksource: arch_sys_counter: mask: 0xffffffffffffff max_cycles: 0xb8812736b, max_idle_ns: 440795202655 ns
[    0.000000] sched_clock: 56 bits at 50MHz, resolution 20ns, wraps every 4398046511100ns
[    0.008184] Console: colour dummy device 80x25
[    0.012763] mempolicy: Enabling automatic NUMA balancing. Configure with numa_balancing= or the kernel.numa_balancing sysctl
[    0.024050] ACPI: Core revision 20220331
[    0.028046] ACPI BIOS Warning (bug): Incorrect checksum in table [DSDT] - 0x71, should be 0x6F (20220331/tbprint-174)
[    0.038812] Calibrating delay loop (skipped), value calculated using timer frequency.. 100.00 BogoMIPS (lpj=200000)
[    0.049302] pid_max: default: 65536 minimum: 512
[    0.054027] LSM: Security Framework initializing
[    0.080969] Dentry cache hash table entries: 8388608 (order: 14, 67108864 bytes, vmalloc)
[    0.099418] Inode-cache hash table entries: 4194304 (order: 13, 33554432 bytes, vmalloc)
[    0.107952] Mount-cache hash table entries: 131072 (order: 8, 1048576 bytes, vmalloc)
[    0.116181] Mountpoint-cache hash table entries: 131072 (order: 8, 1048576 bytes, vmalloc)
[    0.126133] cblist_init_generic: Setting adjustable number of callback queues.
[    0.133458] cblist_init_generic: Setting shift to 6 and lim to 1.
[    0.139661] cblist_init_generic: Setting shift to 6 and lim to 1.
[    0.145867] rcu: Hierarchical SRCU implementation.
[    0.145886] printk: bootconsole [pl11] printing thread started
[    0.156621] Platform MSI: ITS@0x4c000000 domain created
[    0.156625] Platform MSI: ITS@0x6c000000 domain created
[    0.156628] Platform MSI: ITS@0xc6000000 domain created
[    0.156631] Platform MSI: ITS@0x8c6000000 domain created
[    0.156634] Platform MSI: ITS@0x4004c000000 domain created
[    0.156638] Platform MSI: ITS@0x4006c000000 domain created
[    0.156642] Platform MSI: ITS@0x400c6000000 domain created
[    0.156645] Platform MSI: ITS@0x408c6000000 domain created
[    0.156651] PCI/MSI: ITS@0x4c000000 domain created
[    0.156655] PCI/MSI: ITS@0x6c000000 domain created
[    0.156657] PCI/MSI: ITS@0xc6000000 domain created
[    0.156660] PCI/MSI: ITS@0x8c6000000 domain created
[    0.156663] PCI/MSI: ITS@0x4004c000000 domain created
[    0.156665] PCI/MSI: ITS@0x4006c000000 domain created
[    0.156668] PCI/MSI: ITS@0x400c6000000 domain created
[    0.156671] PCI/MSI: ITS@0x408c6000000 domain created
[    0.156676] fsl-mc MSI: ITS@0x4c000000 domain created
[    0.156678] fsl-mc MSI: ITS@0x6c000000 domain created
[    0.156681] fsl-mc MSI: ITS@0xc6000000 domain created
[    0.156683] fsl-mc MSI: ITS@0x8c6000000 domain created
[    0.156685] fsl-mc MSI: ITS@0x4004c000000 domain created
[    0.156687] fsl-mc MSI: ITS@0x4006c000000 domain created
[    0.156690] fsl-mc MSI: ITS@0x400c6000000 domain created
[    0.156693] fsl-mc MSI: ITS@0x408c6000000 domain created
[    0.156710] Remapping and enabling EFI services.
[    0.158969] smp: Bringing up secondary CPUs ...
[    0.294965] Detected PIPT I-cache on CPU1
[    0.294978] GICv3: CPU1: found redistributor 10001 region 1:0x000000004d140000
[    0.294985] GICv3: CPU1: using allocated LPI pending table @0x0000001040330000
[    0.295135] arch_timer: CPU1: Trapping CNTVCT access
[    0.295140] CPU1: Booted secondary processor 0x0000010001 [0x410fd082]
[    0.297572] Detected PIPT I-cache on CPU2
[    0.297580] GICv3: CPU2: found redistributor 10002 region 2:0x000000004d180000
[    0.297586] GICv3: CPU2: using allocated LPI pending table @0x0000001040340000
[    0.297723] arch_timer: CPU2: Trapping CNTVCT access
[    0.297726] CPU2: Booted secondary processor 0x0000010002 [0x410fd082]
[    0.300145] Detected PIPT I-cache on CPU3
[    0.300153] GICv3: CPU3: found redistributor 10003 region 3:0x000000004d1c0000
[    0.300159] GICv3: CPU3: using allocated LPI pending table @0x0000001040350000
[    0.300297] arch_timer: CPU3: Trapping CNTVCT access
[    0.300300] CPU3: Booted secondary processor 0x0000010003 [0x410fd082]
[    0.391703] Detected PIPT I-cache on CPU4
[    0.391713] GICv3: CPU4: found redistributor 10100 region 4:0x000000004d200000
[    0.391719] GICv3: CPU4: using allocated LPI pending table @0x0000001040360000
[    0.391858] arch_timer: CPU4: Trapping CNTVCT access
[    0.391861] CPU4: Booted secondary processor 0x0000010100 [0x410fd082]
[    0.394297] Detected PIPT I-cache on CPU5
[    0.394305] GICv3: CPU5: found redistributor 10101 region 5:0x000000004d240000
[    0.394311] GICv3: CPU5: using allocated LPI pending table @0x0000001040370000
[    0.394447] arch_timer: CPU5: Trapping CNTVCT access
[    0.394450] CPU5: Booted secondary processor 0x0000010101 [0x410fd082]
[    0.396857] Detected PIPT I-cache on CPU6
[    0.396866] GICv3: CPU6: found redistributor 10102 region 6:0x000000004d280000
[    0.396872] GICv3: CPU6: using allocated LPI pending table @0x0000001041800000
[    0.397010] arch_timer: CPU6: Trapping CNTVCT access
[    0.397013] CPU6: Booted secondary processor 0x0000010102 [0x410fd082]
[    0.488436] Detected PIPT I-cache on CPU7
[    0.488445] GICv3: CPU7: found redistributor 10103 region 7:0x000000004d2c0000
[    0.488450] GICv3: CPU7: using allocated LPI pending table @0x0000001041810000
[    0.488588] arch_timer: CPU7: Trapping CNTVCT access
[    0.488591] CPU7: Booted secondary processor 0x0000010103 [0x410fd082]
[    0.491009] Detected PIPT I-cache on CPU8
[    0.491021] GICv3: CPU8: found redistributor 10200 region 8:0x000000004d300000
[    0.491027] GICv3: CPU8: using allocated LPI pending table @0x0000001041820000
[    0.491165] arch_timer: CPU8: Trapping CNTVCT access
[    0.491169] CPU8: Booted secondary processor 0x0000010200 [0x410fd082]
[    0.493596] Detected PIPT I-cache on CPU9
[    0.493605] GICv3: CPU9: found redistributor 10201 region 9:0x000000004d340000
[    0.493611] GICv3: CPU9: using allocated LPI pending table @0x0000001041830000
[    0.493746] arch_timer: CPU9: Trapping CNTVCT access
[    0.493750] CPU9: Booted secondary processor 0x0000010201 [0x410fd082]
[    0.585164] Detected PIPT I-cache on CPU10
[    0.585174] GICv3: CPU10: found redistributor 10202 region 10:0x000000004d380000
[    0.585179] GICv3: CPU10: using allocated LPI pending table @0x0000001041840000
[    0.585315] arch_timer: CPU10: Trapping CNTVCT access
[    0.585319] CPU10: Booted secondary processor 0x0000010202 [0x410fd082]
[    0.587741] Detected PIPT I-cache on CPU11
[    0.587751] GICv3: CPU11: found redistributor 10203 region 11:0x000000004d3c0000
[    0.587756] GICv3: CPU11: using allocated LPI pending table @0x0000001041850000
[    0.587894] arch_timer: CPU11: Trapping CNTVCT access
[    0.587897] CPU11: Booted secondary processor 0x0000010203 [0x410fd082]
[    0.590320] Detected PIPT I-cache on CPU12
[    0.590332] GICv3: CPU12: found redistributor 10300 region 12:0x000000004d400000
[    0.590338] GICv3: CPU12: using allocated LPI pending table @0x0000001041860000
[    0.590477] arch_timer: CPU12: Trapping CNTVCT access
[    0.590480] CPU12: Booted secondary processor 0x0000010300 [0x410fd082]
[    0.683473] Detected PIPT I-cache on CPU13
[    0.683483] GICv3: CPU13: found redistributor 10301 region 13:0x000000004d440000
[    0.683489] GICv3: CPU13: using allocated LPI pending table @0x0000001041870000
[    0.683624] arch_timer: CPU13: Trapping CNTVCT access
[    0.683627] CPU13: Booted secondary processor 0x0000010301 [0x410fd082]
[    0.686042] Detected PIPT I-cache on CPU14
[    0.686053] GICv3: CPU14: found redistributor 10302 region 14:0x000000004d480000
[    0.686059] GICv3: CPU14: using allocated LPI pending table @0x0000001041880000
[    0.686195] arch_timer: CPU14: Trapping CNTVCT access
[    0.686198] CPU14: Booted secondary processor 0x0000010302 [0x410fd082]
[    0.688622] Detected PIPT I-cache on CPU15
[    0.688633] GICv3: CPU15: found redistributor 10303 region 15:0x000000004d4c0000
[    0.688639] GICv3: CPU15: using allocated LPI pending table @0x0000001041890000
[    0.688775] arch_timer: CPU15: Trapping CNTVCT access
[    0.688778] CPU15: Booted secondary processor 0x0000010303 [0x410fd082]
[    0.781755] Detected PIPT I-cache on CPU16
[    0.781770] GICv3: CPU16: found redistributor 30000 region 16:0x000000006d100000
[    0.781777] GICv3: CPU16: using allocated LPI pending table @0x00000010418a0000
[    0.781960] arch_timer: CPU16: Trapping CNTVCT access
[    0.781964] CPU16: Booted secondary processor 0x0000030000 [0x410fd082]
[    0.784448] Detected PIPT I-cache on CPU17
[    0.784460] GICv3: CPU17: found redistributor 30001 region 17:0x000000006d140000
[    0.784466] GICv3: CPU17: using allocated LPI pending table @0x00000010418b0000
[    0.784643] arch_timer: CPU17: Trapping CNTVCT access
[    0.784646] CPU17: Booted secondary processor 0x0000030001 [0x410fd082]
[    0.787045] Detected PIPT I-cache on CPU18
[    0.787057] GICv3: CPU18: found redistributor 30002 region 18:0x000000006d180000
[    0.787062] GICv3: CPU18: using allocated LPI pending table @0x00000010418c0000
[    0.787241] arch_timer: CPU18: Trapping CNTVCT access
[    0.787244] CPU18: Booted secondary processor 0x0000030002 [0x410fd082]
[    0.880087] Detected PIPT I-cache on CPU19
[    0.880099] GICv3: CPU19: found redistributor 30003 region 19:0x000000006d1c0000
[    0.880106] GICv3: CPU19: using allocated LPI pending table @0x00000010418d0000
[    0.880284] arch_timer: CPU19: Trapping CNTVCT access
[    0.880287] CPU19: Booted secondary processor 0x0000030003 [0x410fd082]
[    0.882689] Detected PIPT I-cache on CPU20
[    0.882706] GICv3: CPU20: found redistributor 30100 region 20:0x000000006d200000
[    0.882713] GICv3: CPU20: using allocated LPI pending table @0x00000010418e0000
[    0.882894] arch_timer: CPU20: Trapping CNTVCT access
[    0.882898] CPU20: Booted secondary processor 0x0000030100 [0x410fd082]
[    0.885317] Detected PIPT I-cache on CPU21
[    0.885330] GICv3: CPU21: found redistributor 30101 region 21:0x000000006d240000
[    0.885336] GICv3: CPU21: using allocated LPI pending table @0x00000010418f0000
[    0.885514] arch_timer: CPU21: Trapping CNTVCT access
[    0.885517] CPU21: Booted secondary processor 0x0000030101 [0x410fd082]
[    0.978407] Detected PIPT I-cache on CPU22
[    0.978421] GICv3: CPU22: found redistributor 30102 region 22:0x000000006d280000
[    0.978428] GICv3: CPU22: using allocated LPI pending table @0x0000001041900000
[    0.978606] arch_timer: CPU22: Trapping CNTVCT access
[    0.978609] CPU22: Booted secondary processor 0x0000030102 [0x410fd082]
[    0.981011] Detected PIPT I-cache on CPU23
[    0.981024] GICv3: CPU23: found redistributor 30103 region 23:0x000000006d2c0000
[    0.981030] GICv3: CPU23: using allocated LPI pending table @0x0000001041910000
[    0.981208] arch_timer: CPU23: Trapping CNTVCT access
[    0.981212] CPU23: Booted secondary processor 0x0000030103 [0x410fd082]
[    0.983619] Detected PIPT I-cache on CPU24
[    0.983637] GICv3: CPU24: found redistributor 30200 region 24:0x000000006d300000
[    0.983645] GICv3: CPU24: using allocated LPI pending table @0x0000001041920000
[    0.983827] arch_timer: CPU24: Trapping CNTVCT access
[    0.983832] CPU24: Booted secondary processor 0x0000030200 [0x410fd082]
[    1.076757] Detected PIPT I-cache on CPU25
[    1.076771] GICv3: CPU25: found redistributor 30201 region 25:0x000000006d340000
[    1.076778] GICv3: CPU25: using allocated LPI pending table @0x0000001041930000
[    1.076957] arch_timer: CPU25: Trapping CNTVCT access
[    1.076961] CPU25: Booted secondary processor 0x0000030201 [0x410fd082]
[    1.079359] Detected PIPT I-cache on CPU26
[    1.079374] GICv3: CPU26: found redistributor 30202 region 26:0x000000006d380000
[    1.079380] GICv3: CPU26: using allocated LPI pending table @0x0000001041940000
[    1.079559] arch_timer: CPU26: Trapping CNTVCT access
[    1.079562] CPU26: Booted secondary processor 0x0000030202 [0x410fd082]
[    1.081968] Detected PIPT I-cache on CPU27
[    1.081982] GICv3: CPU27: found redistributor 30203 region 27:0x000000006d3c0000
[    1.081989] GICv3: CPU27: using allocated LPI pending table @0x0000001041950000
[    1.082167] arch_timer: CPU27: Trapping CNTVCT access
[    1.082171] CPU27: Booted secondary processor 0x0000030203 [0x410fd082]
[    1.175091] Detected PIPT I-cache on CPU28
[    1.175111] GICv3: CPU28: found redistributor 30300 region 28:0x000000006d400000
[    1.175119] GICv3: CPU28: using allocated LPI pending table @0x0000001041960000
[    1.175299] arch_timer: CPU28: Trapping CNTVCT access
[    1.175304] CPU28: Booted secondary processor 0x0000030300 [0x410fd082]
[    1.177734] Detected PIPT I-cache on CPU29
[    1.177750] GICv3: CPU29: found redistributor 30301 region 29:0x000000006d440000
[    1.177757] GICv3: CPU29: using allocated LPI pending table @0x0000001041970000
[    1.177935] arch_timer: CPU29: Trapping CNTVCT access
[    1.177938] CPU29: Booted secondary processor 0x0000030301 [0x410fd082]
[    1.180338] Detected PIPT I-cache on CPU30
[    1.180353] GICv3: CPU30: found redistributor 30302 region 30:0x000000006d480000
[    1.180359] GICv3: CPU30: using allocated LPI pending table @0x0000001041980000
[    1.180537] arch_timer: CPU30: Trapping CNTVCT access
[    1.180540] CPU30: Booted secondary processor 0x0000030302 [0x410fd082]
[    1.273432] Detected PIPT I-cache on CPU31
[    1.273447] GICv3: CPU31: found redistributor 30303 region 31:0x000000006d4c0000
[    1.273454] GICv3: CPU31: using allocated LPI pending table @0x0000001041990000
[    1.273632] arch_timer: CPU31: Trapping CNTVCT access
[    1.273635] CPU31: Booted secondary processor 0x0000030303 [0x410fd082]
[    1.276220] Detected PIPT I-cache on CPU32
[    1.276273] GICv3: CPU32: found redistributor 50000 region 32:0x000004004d100000
[    1.276293] GICv3: CPU32: using allocated LPI pending table @0x00000010419a0000
[    1.276474] arch_timer: CPU32: Trapping CNTVCT access
[    1.276484] CPU32: Booted secondary processor 0x0000050000 [0x410fd082]
[    1.279307] Detected PIPT I-cache on CPU33
[    1.279339] GICv3: CPU33: found redistributor 50001 region 33:0x000004004d140000
[    1.279349] GICv3: CPU33: using allocated LPI pending table @0x00000010419b0000
[    1.279489] arch_timer: CPU33: Trapping CNTVCT access
[    1.279492] CPU33: Booted secondary processor 0x0000050001 [0x410fd082]
[    1.371967] Detected PIPT I-cache on CPU34
[    1.372001] GICv3: CPU34: found redistributor 50002 region 34:0x000004004d180000
[    1.372011] GICv3: CPU34: using allocated LPI pending table @0x00000010419c0000
[    1.372149] arch_timer: CPU34: Trapping CNTVCT access
[    1.372152] CPU34: Booted secondary processor 0x0000050002 [0x410fd082]
[    1.374746] Detected PIPT I-cache on CPU35
[    1.374779] GICv3: CPU35: found redistributor 50003 region 35:0x000004004d1c0000
[    1.374789] GICv3: CPU35: using allocated LPI pending table @0x00000010419d0000
[    1.374929] arch_timer: CPU35: Trapping CNTVCT access
[    1.374932] CPU35: Booted secondary processor 0x0000050003 [0x410fd082]
[    1.377526] Detected PIPT I-cache on CPU36
[    1.377560] GICv3: CPU36: found redistributor 50100 region 36:0x000004004d200000
[    1.377570] GICv3: CPU36: using allocated LPI pending table @0x00000010419e0000
[    1.377710] arch_timer: CPU36: Trapping CNTVCT access
[    1.377713] CPU36: Booted secondary processor 0x0000050100 [0x410fd082]
[    1.470495] Detected PIPT I-cache on CPU37
[    1.470529] GICv3: CPU37: found redistributor 50101 region 37:0x000004004d240000
[    1.470539] GICv3: CPU37: using allocated LPI pending table @0x00000010419f0000
[    1.470678] arch_timer: CPU37: Trapping CNTVCT access
[    1.470681] CPU37: Booted secondary processor 0x0000050101 [0x410fd082]
[    1.473276] Detected PIPT I-cache on CPU38
[    1.473309] GICv3: CPU38: found redistributor 50102 region 38:0x000004004d280000
[    1.473319] GICv3: CPU38: using allocated LPI pending table @0x0000001041a00000
[    1.473458] arch_timer: CPU38: Trapping CNTVCT access
[    1.473461] CPU38: Booted secondary processor 0x0000050102 [0x410fd082]
[    1.476056] Detected PIPT I-cache on CPU39
[    1.476089] GICv3: CPU39: found redistributor 50103 region 39:0x000004004d2c0000
[    1.476099] GICv3: CPU39: using allocated LPI pending table @0x0000001041a10000
[    1.476239] arch_timer: CPU39: Trapping CNTVCT access
[    1.476242] CPU39: Booted secondary processor 0x0000050103 [0x410fd082]
[    1.569072] Detected PIPT I-cache on CPU40
[    1.569109] GICv3: CPU40: found redistributor 50200 region 40:0x000004004d300000
[    1.569121] GICv3: CPU40: using allocated LPI pending table @0x0000001041a20000
[    1.569261] arch_timer: CPU40: Trapping CNTVCT access
[    1.569264] CPU40: Booted secondary processor 0x0000050200 [0x410fd082]
[    1.571868] Detected PIPT I-cache on CPU41
[    1.571902] GICv3: CPU41: found redistributor 50201 region 41:0x000004004d340000
[    1.571912] GICv3: CPU41: using allocated LPI pending table @0x0000001041a30000
[    1.572048] arch_timer: CPU41: Trapping CNTVCT access
[    1.572051] CPU41: Booted secondary processor 0x0000050201 [0x410fd082]
[    1.574631] Detected PIPT I-cache on CPU42
[    1.574665] GICv3: CPU42: found redistributor 50202 region 42:0x000004004d380000
[    1.574675] GICv3: CPU42: using allocated LPI pending table @0x0000001041a40000
[    1.574812] arch_timer: CPU42: Trapping CNTVCT access
[    1.574815] CPU42: Booted secondary processor 0x0000050202 [0x410fd082]
[    1.667647] Detected PIPT I-cache on CPU43
[    1.667682] GICv3: CPU43: found redistributor 50203 region 43:0x000004004d3c0000
[    1.667693] GICv3: CPU43: using allocated LPI pending table @0x0000001041a50000
[    1.667831] arch_timer: CPU43: Trapping CNTVCT access
[    1.667834] CPU43: Booted secondary processor 0x0000050203 [0x410fd082]
[    1.670427] Detected PIPT I-cache on CPU44
[    1.670463] GICv3: CPU44: found redistributor 50300 region 44:0x000004004d400000
[    1.670475] GICv3: CPU44: using allocated LPI pending table @0x0000001041a60000
[    1.670614] arch_timer: CPU44: Trapping CNTVCT access
[    1.670618] CPU44: Booted secondary processor 0x0000050300 [0x410fd082]
[    1.673219] Detected PIPT I-cache on CPU45
[    1.673254] GICv3: CPU45: found redistributor 50301 region 45:0x000004004d440000
[    1.673264] GICv3: CPU45: using allocated LPI pending table @0x0000001041a70000
[    1.673402] arch_timer: CPU45: Trapping CNTVCT access
[    1.673405] CPU45: Booted secondary processor 0x0000050301 [0x410fd082]
[    1.766160] Detected PIPT I-cache on CPU46
[    1.766196] GICv3: CPU46: found redistributor 50302 region 46:0x000004004d480000
[    1.766207] GICv3: CPU46: using allocated LPI pending table @0x0000001041a80000
[    1.766346] arch_timer: CPU46: Trapping CNTVCT access
[    1.766349] CPU46: Booted secondary processor 0x0000050302 [0x410fd082]
[    1.768955] Detected PIPT I-cache on CPU47
[    1.768990] GICv3: CPU47: found redistributor 50303 region 47:0x000004004d4c0000
[    1.769000] GICv3: CPU47: using allocated LPI pending table @0x0000001041a90000
[    1.769139] arch_timer: CPU47: Trapping CNTVCT access
[    1.769143] CPU47: Booted secondary processor 0x0000050303 [0x410fd082]
[    1.771773] Detected PIPT I-cache on CPU48
[    1.771815] GICv3: CPU48: found redistributor 70000 region 48:0x000004006d100000
[    1.771828] GICv3: CPU48: using allocated LPI pending table @0x0000001041aa0000
[    1.772013] arch_timer: CPU48: Trapping CNTVCT access
[    1.772018] CPU48: Booted secondary processor 0x0000070000 [0x410fd082]
[    1.864839] Detected PIPT I-cache on CPU49
[    1.864879] GICv3: CPU49: found redistributor 70001 region 49:0x000004006d140000
[    1.864891] GICv3: CPU49: using allocated LPI pending table @0x0000001041ab0000
[    1.865074] arch_timer: CPU49: Trapping CNTVCT access
[    1.865077] CPU49: Booted secondary processor 0x0000070001 [0x410fd082]
[    1.867702] Detected PIPT I-cache on CPU50
[    1.867741] GICv3: CPU50: found redistributor 70002 region 50:0x000004006d180000
[    1.867752] GICv3: CPU50: using allocated LPI pending table @0x0000001041ac0000
[    1.867936] arch_timer: CPU50: Trapping CNTVCT access
[    1.867939] CPU50: Booted secondary processor 0x0000070002 [0x410fd082]
[    1.870574] Detected PIPT I-cache on CPU51
[    1.870613] GICv3: CPU51: found redistributor 70003 region 51:0x000004006d1c0000
[    1.870625] GICv3: CPU51: using allocated LPI pending table @0x0000001041ad0000
[    1.870808] arch_timer: CPU51: Trapping CNTVCT access
[    1.870811] CPU51: Booted secondary processor 0x0000070003 [0x410fd082]
[    1.963592] Detected PIPT I-cache on CPU52
[    1.963636] GICv3: CPU52: found redistributor 70100 region 52:0x000004006d200000
[    1.963650] GICv3: CPU52: using allocated LPI pending table @0x0000001041ae0000
[    1.963837] arch_timer: CPU52: Trapping CNTVCT access
[    1.963841] CPU52: Booted secondary processor 0x0000070100 [0x410fd082]
[    1.966532] Detected PIPT I-cache on CPU53
[    1.966571] GICv3: CPU53: found redistributor 70101 region 53:0x000004006d240000
[    1.966583] GICv3: CPU53: using allocated LPI pending table @0x0000001041af0000
[    1.966767] arch_timer: CPU53: Trapping CNTVCT access
[    1.966770] CPU53: Booted secondary processor 0x0000070101 [0x410fd082]
[    1.969395] Detected PIPT I-cache on CPU54
[    1.969434] GICv3: CPU54: found redistributor 70102 region 54:0x000004006d280000
[    1.969445] GICv3: CPU54: using allocated LPI pending table @0x0000001041b00000
[    1.969628] arch_timer: CPU54: Trapping CNTVCT access
[    1.969631] CPU54: Booted secondary processor 0x0000070102 [0x410fd082]
[    2.062265] Detected PIPT I-cache on CPU55
[    2.062306] GICv3: CPU55: found redistributor 70103 region 55:0x000004006d2c0000
[    2.062318] GICv3: CPU55: using allocated LPI pending table @0x0000001041b10000
[    2.062502] arch_timer: CPU55: Trapping CNTVCT access
[    2.062505] CPU55: Booted secondary processor 0x0000070103 [0x410fd082]
[    2.065139] Detected PIPT I-cache on CPU56
[    2.065184] GICv3: CPU56: found redistributor 70200 region 56:0x000004006d300000
[    2.065198] GICv3: CPU56: using allocated LPI pending table @0x0000001041b20000
[    2.065386] arch_timer: CPU56: Trapping CNTVCT access
[    2.065390] CPU56: Booted secondary processor 0x0000070200 [0x410fd082]
[    2.068054] Detected PIPT I-cache on CPU57
[    2.068094] GICv3: CPU57: found redistributor 70201 region 57:0x000004006d340000
[    2.068106] GICv3: CPU57: using allocated LPI pending table @0x0000001041b30000
[    2.068290] arch_timer: CPU57: Trapping CNTVCT access
[    2.068293] CPU57: Booted secondary processor 0x0000070201 [0x410fd082]
[    2.160908] Detected PIPT I-cache on CPU58
[    2.160950] GICv3: CPU58: found redistributor 70202 region 58:0x000004006d380000
[    2.160962] GICv3: CPU58: using allocated LPI pending table @0x0000001041b40000
[    2.161146] arch_timer: CPU58: Trapping CNTVCT access
[    2.161149] CPU58: Booted secondary processor 0x0000070202 [0x410fd082]
[    2.163788] Detected PIPT I-cache on CPU59
[    2.163829] GICv3: CPU59: found redistributor 70203 region 59:0x000004006d3c0000
[    2.163841] GICv3: CPU59: using allocated LPI pending table @0x0000001041b50000
[    2.164025] arch_timer: CPU59: Trapping CNTVCT access
[    2.164029] CPU59: Booted secondary processor 0x0000070203 [0x410fd082]
[    2.166656] Detected PIPT I-cache on CPU60
[    2.166702] GICv3: CPU60: found redistributor 70300 region 60:0x000004006d400000
[    2.166716] GICv3: CPU60: using allocated LPI pending table @0x0000001041b60000
[    2.166904] arch_timer: CPU60: Trapping CNTVCT access
[    2.166908] CPU60: Booted secondary processor 0x0000070300 [0x410fd082]
[    2.259552] Detected PIPT I-cache on CPU61
[    2.259594] GICv3: CPU61: found redistributor 70301 region 61:0x000004006d440000
[    2.259606] GICv3: CPU61: using allocated LPI pending table @0x0000001041b70000
[    2.259790] arch_timer: CPU61: Trapping CNTVCT access
[    2.259793] CPU61: Booted secondary processor 0x0000070301 [0x410fd082]
[    2.262429] Detected PIPT I-cache on CPU62
[    2.262470] GICv3: CPU62: found redistributor 70302 region 62:0x000004006d480000
[    2.262483] GICv3: CPU62: using allocated LPI pending table @0x0000001041b80000
[    2.262665] arch_timer: CPU62: Trapping CNTVCT access
[    2.262668] CPU62: Booted secondary processor 0x0000070302 [0x410fd082]
[    2.265305] Detected PIPT I-cache on CPU63
[    2.265346] GICv3: CPU63: found redistributor 70303 region 63:0x000004006d4c0000
[    2.265358] GICv3: CPU63: using allocated LPI pending table @0x0000001041b90000
[    2.265541] arch_timer: CPU63: Trapping CNTVCT access
[    2.265544] CPU63: Booted secondary processor 0x0000070303 [0x410fd082]
[    2.355689] smp: Brought up 4 nodes, 64 CPUs
[    2.355693] SMP: Total of 64 processors activated.
[    2.355695] CPU features: detected: 32-bit EL0 Support
[    2.355696] CPU features: detected: 32-bit EL1 Support
[    2.355699] CPU features: detected: CRC32 instructions
[    2.357949] CPU: All CPU(s) started at EL2
[    2.358089] alternatives: patching kernel code
[    2.364036] devtmpfs: initialized
[    2.364539] KASLR disabled due to lack of seed
[    2.364644] clocksource: jiffies: mask: 0xffffffff max_cycles: 0xffffffff, max_idle_ns: 7645041785100000 ns
[    2.364728] futex hash table entries: 16384 (order: 8, 1048576 bytes, vmalloc)
[    2.365353] pinctrl core: initialized pinctrl subsystem
[    2.365687] SMBIOS 3.0.0 present.
[    2.365694] DMI: Huawei Taishan 2280 /D05, BIOS Hisilicon D05 IT21 Nemo 2.0 RC0 04/18/2018
[    2.366079] NET: Registered PF_NETLINK/PF_ROUTE protocol family
[    2.367917] DMA: preallocated 4096 KiB GFP_KERNEL pool for atomic allocations
[    2.368795] DMA: preallocated 4096 KiB GFP_KERNEL|GFP_DMA pool for atomic allocations
[    2.369567] DMA: preallocated 4096 KiB GFP_KERNEL|GFP_DMA32 pool for atomic allocations
[    2.369628] audit: initializing netlink subsys (disabled)
[    2.369710] audit: type=2000 audit(2.308:1): state=initialized audit_enabled=0 res=1
[    2.370019] thermal_sys: Registered thermal governor 'step_wise'
[    2.370021] thermal_sys: Registered thermal governor 'power_allocator'
[    2.370053] cpuidle: using governor menu
[    2.370176] hw-breakpoint: found 6 breakpoint and 4 watchpoint registers.
[    2.370943] ASID allocator initialised with 32768 entries
[    2.370946] HugeTLB: can optimize 4095 vmemmap pages for hugepages-1048576kB
[    2.370949] HugeTLB: can optimize 127 vmemmap pages for hugepages-32768kB
[    2.370951] HugeTLB: can optimize 7 vmemmap pages for hugepages-2048kB
[    2.370952] HugeTLB: can optimize 0 vmemmap pages for hugepages-64kB
[    2.371207] acpiphp: ACPI Hot Plug PCI Controller Driver version: 0.5
[    2.371344] Serial: AMBA PL011 UART driver
[    2.375644] HugeTLB registered 1.00 GiB page size, pre-allocated 0 pages
[    2.375648] HugeTLB registered 32.0 MiB page size, pre-allocated 0 pages
[    2.375650] HugeTLB registered 2.00 MiB page size, pre-allocated 0 pages
[    2.375652] HugeTLB registered 64.0 KiB page size, pre-allocated 0 pages
[    2.400404] ACPI: Added _OSI(Module Device)
[    2.400406] ACPI: Added _OSI(Processor Device)
[    2.400408] ACPI: Added _OSI(3.0 _SCP Extensions)
[    2.400410] ACPI: Added _OSI(Processor Aggregator Device)
[    2.400413] ACPI: Added _OSI(Linux-Dell-Video)
[    2.400414] ACPI: Added _OSI(Linux-Lenovo-NV-HDMI-Audio)
[    2.400417] ACPI: Added _OSI(Linux-HPI-Hybrid-Graphics)
[    2.402654] ACPI: 1 ACPI AML tables successfully acquired and loaded
[    2.404240] ACPI: Interpreter enabled
[    2.404241] ACPI: Using GIC for interrupt routing
[    2.404253] ACPI: MCFG table detected, 8 entries
[    2.404257] ACPI: IORT: SMMU-v3[a0040000] Mapped to Proximity domain 0
[    2.404308] ACPI: IORT: SMMU-v3[700a0040000] Mapped to Proximity domain 3
[    2.404343] ACPI: IORT: SMMU-v3[c0040000] Mapped to Proximity domain 0
[    2.404381] ACPI: IORT: SMMU-v3[8a0040000] Mapped to Proximity domain 1
[    2.404415] ACPI: IORT: SMMU-v3[600a0040000] Mapped to Proximity domain 2
[    2.435454] ACPI: PCI Root Bridge [PCI2] (domain 0002 [bus f8-ff])
[    2.435462] acpi PNP0A08:00: _OSC: OS supports [ExtendedConfig Segments MSI HPX-Type3]
[    2.435466] acpi PNP0A08:00: _OSC: not requesting OS control; OS requires [ExtendedConfig ASPM ClockPM MSI]
[    2.435543] acpi PNP0A08:00: MCFG quirk: ECAM at [mem 0xaf800000-0xafffffff] for [bus f8-ff] with hisi_pcie_ops
[    2.436536] acpi PNP0A08:00: ECAM area [mem 0xaf800000-0xafffffff] reserved by PNP0C02:00
[    2.436942] acpi PNP0A08:00: ECAM at [mem 0xaf800000-0xafffffff] for [bus f8-ff]
[    2.436974] ACPI: Remapped I/O 0x00000000af7f0000 to [io  0x0000-0xffff window]
[    2.437025] PCI host bridge to bus 0002:f8
[    2.437027] pci_bus 0002:f8: root bus resource [mem 0xa8000000-0xaf7effff window]
[    2.437029] pci_bus 0002:f8: root bus resource [io  0x0000-0xffff window]
[    2.437032] pci_bus 0002:f8: root bus resource [bus f8-ff]
[    2.437050] pci 0002:f8:00.0: [19e5:1610] type 01 class 0x060400
[    2.437054] pci_bus 0002:f8: 2-byte config write to 0002:f8:00.0 offset 0x4 may corrupt adjacent RW1C bits
[    2.437061] pci 0002:f8:00.0: reg 0x10: [mem 0x00000000-0x0000ffff]
[    2.437095] pci 0002:f8:00.0: supports D1 D2
[    2.437098] pci 0002:f8:00.0: PME# supported from D0 D1 D3hot
[    2.437215] pci 0002:f9:00.0: [9710:9912] type 00 class 0x070002
[    2.437237] pci 0002:f9:00.0: reg 0x10: [io  0x0000-0x0007]
[    2.437247] pci 0002:f9:00.0: reg 0x14: [mem 0xa8005000-0xa8005fff]
[    2.437283] pci 0002:f9:00.0: reg 0x24: [mem 0xa8004000-0xa8004fff]
[    2.437376] pci 0002:f9:00.0: PME# supported from D3hot D3cold
[    2.437495] pci 0002:f9:00.1: [9710:9912] type 00 class 0x070002
[    2.437521] pci 0002:f9:00.1: reg 0x10: [io  0x0000-0x0007]
[    2.437532] pci 0002:f9:00.1: reg 0x14: [mem 0xa8003000-0xa8003fff]
[    2.437568] pci 0002:f9:00.1: reg 0x24: [mem 0xa8002000-0xa8002fff]
[    2.437647] pci 0002:f9:00.1: PME# supported from D3hot D3cold
[    2.437743] pci 0002:f9:00.2: [9710:9912] type 00 class 0x070103
[    2.437764] pci 0002:f9:00.2: reg 0x10: [io  0x0000-0x0007]
[    2.437774] pci 0002:f9:00.2: reg 0x14: [io  0x0000-0x0007]
[    2.437785] pci 0002:f9:00.2: reg 0x18: [mem 0xa8001000-0xa8001fff]
[    2.437812] pci 0002:f9:00.2: reg 0x24: [mem 0xa8000000-0xa8000fff]
[    2.437891] pci 0002:f9:00.2: PME# supported from D3hot D3cold
[    2.437980] pci_bus 0002:f8: on NUMA node 0
[    2.437988] pci 0002:f8:00.0: BAR 14: assigned [mem 0xa8000000-0xa80fffff]
[    2.437991] pci 0002:f8:00.0: BAR 0: assigned [mem 0xa8100000-0xa810ffff]
[    2.437994] pci 0002:f8:00.0: BAR 13: assigned [io  0x1000-0x1fff]
[    2.437998] pci 0002:f9:00.0: BAR 1: assigned [mem 0xa8000000-0xa8000fff]
[    2.438004] pci 0002:f9:00.0: BAR 5: assigned [mem 0xa8001000-0xa8001fff]
[    2.438010] pci 0002:f9:00.1: BAR 1: assigned [mem 0xa8002000-0xa8002fff]
[    2.438016] pci 0002:f9:00.1: BAR 5: assigned [mem 0xa8003000-0xa8003fff]
[    2.438021] pci 0002:f9:00.2: BAR 2: assigned [mem 0xa8004000-0xa8004fff]
[    2.438027] pci 0002:f9:00.2: BAR 5: assigned [mem 0xa8005000-0xa8005fff]
[    2.438033] pci 0002:f9:00.0: BAR 0: assigned [io  0x1000-0x1007]
[    2.438038] pci 0002:f9:00.1: BAR 0: assigned [io  0x1008-0x100f]
[    2.438044] pci 0002:f9:00.2: BAR 0: assigned [io  0x1010-0x1017]
[    2.438049] pci 0002:f9:00.2: BAR 1: assigned [io  0x1018-0x101f]
[    2.438056] pci 0002:f8:00.0: PCI bridge to [bus f9]
[    2.438059] pci 0002:f8:00.0:   bridge window [io  0x1000-0x1fff]
[    2.438062] pci 0002:f8:00.0:   bridge window [mem 0xa8000000-0xa80fffff]
[    2.438066] pci_bus 0002:f8: resource 4 [mem 0xa8000000-0xaf7effff window]
[    2.438069] pci_bus 0002:f8: resource 5 [io  0x0000-0xffff window]
[    2.438071] pci_bus 0002:f9: resource 0 [io  0x1000-0x1fff]
[    2.438073] pci_bus 0002:f9: resource 1 [mem 0xa8000000-0xa80fffff]
[    2.438231] ACPI: PCI Root Bridge [PCI4] (domain 0004 [bus 88-8f])
[    2.438236] acpi PNP0A08:01: _OSC: OS supports [ExtendedConfig Segments MSI HPX-Type3]
[    2.438239] acpi PNP0A08:01: _OSC: not requesting OS control; OS requires [ExtendedConfig ASPM ClockPM MSI]
[    2.438309] acpi PNP0A08:01: MCFG quirk: ECAM at [mem 0x8a8800000-0x8a8ffffff] for [bus 88-8f] with hisi_pcie_ops
[    2.439577] acpi PNP0A08:01: ECAM area [mem 0x8a8800000-0x8a8ffffff] reserved by PNP0C02:01
[    2.440023] acpi PNP0A08:01: ECAM at [mem 0x8a8800000-0x8a8ffffff] for [bus 88-8f]
[    2.440051] ACPI: Remapped I/O 0x00000008abff0000 to [io  0x10000-0x1ffff window]
[    2.440093] PCI host bridge to bus 0004:88
[    2.440096] pci_bus 0004:88: root bus resource [mem 0x8a9000000-0x8abfeffff window] (bus address [0xa9000000-0xabfeffff])
[    2.440099] pci_bus 0004:88: root bus resource [io  0x10000-0x1ffff window] (bus address [0x0000-0xffff])
[    2.440102] pci_bus 0004:88: root bus resource [bus 88-8f]
[    2.440114] pci 0004:88:00.0: [19e5:1610] type 01 class 0x060400
[    2.440117] pci_bus 0004:88: 2-byte config write to 0004:88:00.0 offset 0x4 may corrupt adjacent RW1C bits
[    2.440124] pci 0004:88:00.0: reg 0x10: [mem 0x00000000-0x0000ffff]
[    2.440155] pci 0004:88:00.0: supports D1 D2
[    2.440157] pci 0004:88:00.0: PME# supported from D0 D1 D3hot
[    2.491450] pci_bus 0004:88: on NUMA node 1
[    2.491454] pci 0004:88:00.0: BAR 0: assigned [mem 0x8a9000000-0x8a900ffff]
[    2.491458] pci 0004:88:00.0: PCI bridge to [bus 89]
[    2.491463] pci_bus 0004:88: resource 4 [mem 0x8a9000000-0x8abfeffff window]
[    2.491465] pci_bus 0004:88: resource 5 [io  0x10000-0x1ffff window]
[    2.491623] ACPI: PCI Root Bridge [PCI5] (domain 0005 [bus 78-7f])
[    2.491628] acpi PNP0A08:02: _OSC: OS supports [ExtendedConfig Segments MSI HPX-Type3]
[    2.491631] acpi PNP0A08:02: _OSC: not requesting OS control; OS requires [ExtendedConfig ASPM ClockPM MSI]
[    2.491700] acpi PNP0A08:02: MCFG quirk: ECAM at [mem 0x8b7800000-0x8b7ffffff] for [bus 78-7f] with hisi_pcie_ops
[    2.492962] acpi PNP0A08:02: ECAM area [mem 0x8b7800000-0x8b7ffffff] reserved by PNP0C02:01
[    2.493442] acpi PNP0A08:02: ECAM at [mem 0x8b7800000-0x8b7ffffff] for [bus 78-7f]
[    2.493470] ACPI: Remapped I/O 0x00000008b77f0000 to [io  0x20000-0x2ffff window]
[    2.493511] PCI host bridge to bus 0005:78
[    2.493514] pci_bus 0005:78: root bus resource [mem 0x8b0000000-0x8b77effff window] (bus address [0xb0000000-0xb77effff])
[    2.493517] pci_bus 0005:78: root bus resource [io  0x20000-0x2ffff window] (bus address [0x0000-0xffff])
[    2.493520] pci_bus 0005:78: root bus resource [bus 78-7f]
[    2.493532] pci 0005:78:00.0: [19e5:1610] type 01 class 0x060400
[    2.493535] pci_bus 0005:78: 2-byte config write to 0005:78:00.0 offset 0x4 may corrupt adjacent RW1C bits
[    2.493543] pci 0005:78:00.0: reg 0x10: [mem 0x00000000-0x00000fff]
[    2.493551] pci 0005:78:00.0: reg 0x38: [mem 0xfffe0000-0xffffffff pref]
[    2.493578] pci 0005:78:00.0: supports D1 D2
[    2.493580] pci 0005:78:00.0: PME# supported from D0 D1 D3hot
[    2.544887] pci_bus 0005:78: on NUMA node 1
[    2.544891] pci 0005:78:00.0: BAR 6: assigned [mem 0x8b0000000-0x8b001ffff pref]
[    2.544894] pci 0005:78:00.0: BAR 0: assigned [mem 0x8b0020000-0x8b0020fff]
[    2.544898] pci 0005:78:00.0: PCI bridge to [bus 79]
[    2.544903] pci_bus 0005:78: resource 4 [mem 0x8b0000000-0x8b77effff window]
[    2.544905] pci_bus 0005:78: resource 5 [io  0x20000-0x2ffff window]
[    2.545071] ACPI: PCI Root Bridge [PCI6] (domain 0006 [bus c0-c7])
[    2.545076] acpi PNP0A08:03: _OSC: OS supports [ExtendedConfig Segments MSI HPX-Type3]
[    2.545079] acpi PNP0A08:03: _OSC: not requesting OS control; OS requires [ExtendedConfig ASPM ClockPM MSI]
[    2.545148] acpi PNP0A08:03: MCFG quirk: ECAM at [mem 0x8ac000000-0x8ac7fffff] for [bus c0-c7] with hisi_pcie_ops
[    2.546411] acpi PNP0A08:03: ECAM area [mem 0x8ac000000-0x8ac7fffff] reserved by PNP0C02:01
[    2.546931] acpi PNP0A08:03: ECAM at [mem 0x8ac000000-0x8ac7fffff] for [bus c0-c7]
[    2.546959] ACPI: Remapped I/O 0x00000008afff0000 to [io  0x30000-0x3ffff window]
[    2.547003] PCI host bridge to bus 0006:c0
[    2.547006] pci_bus 0006:c0: root bus resource [mem 0x8ac900000-0x8affeffff window] (bus address [0xac900000-0xaffeffff])
[    2.547010] pci_bus 0006:c0: root bus resource [io  0x30000-0x3ffff window] (bus address [0x0000-0xffff])
[    2.547012] pci_bus 0006:c0: root bus resource [bus c0-c7]
[    2.547024] pci 0006:c0:00.0: [19e5:1610] type 01 class 0x060400
[    2.547027] pci_bus 0006:c0: 2-byte config write to 0006:c0:00.0 offset 0x4 may corrupt adjacent RW1C bits
[    2.547035] pci 0006:c0:00.0: reg 0x10: [mem 0x00000000-0x0000ffff]
[    2.547066] pci 0006:c0:00.0: supports D1 D2
[    2.547068] pci 0006:c0:00.0: PME# supported from D0 D1 D3hot
[    2.598357] pci_bus 0006:c0: on NUMA node 1
[    2.598361] pci 0006:c0:00.0: BAR 0: assigned [mem 0x8ac900000-0x8ac90ffff]
[    2.598365] pci 0006:c0:00.0: PCI bridge to [bus c1]
[    2.598370] pci_bus 0006:c0: resource 4 [mem 0x8ac900000-0x8affeffff window]
[    2.598372] pci_bus 0006:c0: resource 5 [io  0x30000-0x3ffff window]
[    2.598530] ACPI: PCI Root Bridge [PCI7] (domain 0007 [bus 90-97])
[    2.598535] acpi PNP0A08:04: _OSC: OS supports [ExtendedConfig Segments MSI HPX-Type3]
[    2.598539] acpi PNP0A08:04: _OSC: not requesting OS control; OS requires [ExtendedConfig ASPM ClockPM MSI]
[    2.598608] acpi PNP0A08:04: MCFG quirk: ECAM at [mem 0x8b9000000-0x8b97fffff] for [bus 90-97] with hisi_pcie_ops
[    2.599866] acpi PNP0A08:04: ECAM area [mem 0x8b9000000-0x8b97fffff] reserved by PNP0C02:01
[    2.600422] acpi PNP0A08:04: ECAM at [mem 0x8b9000000-0x8b97fffff] for [bus 90-97]
[    2.600450] ACPI: Remapped I/O 0x00000008bfff0000 to [io  0x40000-0x4ffff window]
[    2.600493] PCI host bridge to bus 0007:90
[    2.600496] pci_bus 0007:90: root bus resource [mem 0x8b9800000-0x8bffeffff window] (bus address [0xb9800000-0xbffeffff])
[    2.600499] pci_bus 0007:90: root bus resource [io  0x40000-0x4ffff window] (bus address [0x0000-0xffff])
[    2.600502] pci_bus 0007:90: root bus resource [bus 90-97]
[    2.600513] pci 0007:90:00.0: [19e5:1610] type 01 class 0x060400
[    2.600516] pci_bus 0007:90: 2-byte config write to 0007:90:00.0 offset 0x4 may corrupt adjacent RW1C bits
[    2.600550] pci 0007:90:00.0: supports D1 D2
[    2.600552] pci 0007:90:00.0: PME# supported from D0 D1 D3hot
[    2.600648] pci 0007:91:00.0: [19e5:1711] type 00 class 0x030000
[    2.600670] pci 0007:91:00.0: reg 0x10: [mem 0x8ba000000-0x8bbffffff pref]
[    2.600682] pci 0007:91:00.0: reg 0x14: [mem 0x8b9800000-0x8b99fffff]
[    2.600788] pci 0007:91:00.0: supports D1
[    2.600790] pci 0007:91:00.0: PME# supported from D0 D1 D3hot
[    2.600870] pci_bus 0007:90: on NUMA node 1
[    2.600874] pci 0007:90:00.0: BAR 14: assigned [mem 0x8ba000000-0x8bcffffff]
[    2.600877] pci 0007:91:00.0: BAR 0: assigned [mem 0x8ba000000-0x8bbffffff pref]
[    2.600882] pci 0007:91:00.0: BAR 1: assigned [mem 0x8bc000000-0x8bc1fffff]
[    2.600887] pci 0007:90:00.0: PCI bridge to [bus 91]
[    2.600891] pci 0007:90:00.0:   bridge window [mem 0x8ba000000-0x8bcffffff]
[    2.600895] pci_bus 0007:90: resource 4 [mem 0x8b9800000-0x8bffeffff window]
[    2.600897] pci_bus 0007:90: resource 5 [io  0x40000-0x4ffff window]
[    2.600899] pci_bus 0007:91: resource 1 [mem 0x8ba000000-0x8bcffffff]
[    2.601068] ACPI: PCI Root Bridge [PCIA] (domain 000a [bus 10-1f])
[    2.601073] acpi PNP0A08:05: _OSC: OS supports [ExtendedConfig Segments MSI HPX-Type3]
[    2.601076] acpi PNP0A08:05: _OSC: not requesting OS control; OS requires [ExtendedConfig ASPM ClockPM MSI]
[    2.601145] acpi PNP0A08:05: MCFG quirk: ECAM at [mem 0x64001000000-0x64001ffffff] for [bus 10-1f] with hisi_pcie_ops
[    2.602462] acpi PNP0A08:05: ECAM area [mem 0x64001000000-0x64001ffffff] reserved by PNP0C02:02
[    2.603045] acpi PNP0A08:05: ECAM at [mem 0x64001000000-0x64001ffffff] for [bus 10-1f]
[    2.603073] ACPI: Remapped I/O 0x0000067fffff0000 to [io  0x50000-0x5ffff window]
[    2.603118] PCI host bridge to bus 000a:10
[    2.603122] pci_bus 000a:10: root bus resource [mem 0x65040000000-0x650efffffff window] (bus address [0x40000000-0xefffffff])
[    2.603125] pci_bus 000a:10: root bus resource [io  0x50000-0x5ffff window] (bus address [0x0000-0xffff])
[    2.603128] pci_bus 000a:10: root bus resource [bus 10-1f]
[    2.603141] pci 000a:10:00.0: [19e5:1610] type 01 class 0x060400
[    2.603144] pci_bus 000a:10: 2-byte config write to 000a:10:00.0 offset 0x4 may corrupt adjacent RW1C bits
[    2.603153] pci 000a:10:00.0: reg 0x10: [mem 0x00000000-0x0000ffff]
[    2.603191] pci 000a:10:00.0: supports D1 D2
[    2.603193] pci 000a:10:00.0: PME# supported from D0 D1 D3hot
[    2.654487] pci_bus 000a:10: on NUMA node 2
[    2.654491] pci 000a:10:00.0: BAR 0: assigned [mem 0x65040000000-0x6504000ffff]
[    2.654494] pci 000a:10:00.0: PCI bridge to [bus 11]
[    2.654501] pci_bus 000a:10: resource 4 [mem 0x65040000000-0x650efffffff window]
[    2.654503] pci_bus 000a:10: resource 5 [io  0x50000-0x5ffff window]
[    2.654655] ACPI: PCI Root Bridge [PCIC] (domain 000c [bus 20-2f])
[    2.654661] acpi PNP0A08:06: _OSC: OS supports [ExtendedConfig Segments MSI HPX-Type3]
[    2.654664] acpi PNP0A08:06: _OSC: not requesting OS control; OS requires [ExtendedConfig ASPM ClockPM MSI]
[    2.654732] acpi PNP0A08:06: MCFG quirk: ECAM at [mem 0x74002000000-0x74002ffffff] for [bus 20-2f] with hisi_pcie_ops
[    2.656203] acpi PNP0A08:06: ECAM area [mem 0x74002000000-0x74002ffffff] reserved by PNP0C02:03
[    2.656825] acpi PNP0A08:06: ECAM at [mem 0x74002000000-0x74002ffffff] for [bus 20-2f]
[    2.656854] ACPI: Remapped I/O 0x0000077fffff0000 to [io  0x60000-0x6ffff window]
[    2.656898] PCI host bridge to bus 000c:20
[    2.656901] pci_bus 000c:20: root bus resource [mem 0x75040000000-0x750efffffff window] (bus address [0x40000000-0xefffffff])
[    2.656904] pci_bus 000c:20: root bus resource [io  0x60000-0x6ffff window] (bus address [0x0000-0xffff])
[    2.656907] pci_bus 000c:20: root bus resource [bus 20-2f]
[    2.656922] pci 000c:20:00.0: [19e5:1610] type 01 class 0x060400
[    2.656925] pci_bus 000c:20: 2-byte config write to 000c:20:00.0 offset 0x4 may corrupt adjacent RW1C bits
[    2.656936] pci 000c:20:00.0: reg 0x10: [mem 0x00000000-0x0000ffff]
[    2.656981] pci 000c:20:00.0: supports D1 D2
[    2.656983] pci 000c:20:00.0: PME# supported from D0 D1 D3hot
[    2.708285] pci_bus 000c:20: on NUMA node 3
[    2.708289] pci 000c:20:00.0: BAR 0: assigned [mem 0x75040000000-0x7504000ffff]
[    2.708293] pci 000c:20:00.0: PCI bridge to [bus 21]
[    2.708301] pci_bus 000c:20: resource 4 [mem 0x75040000000-0x750efffffff window]
[    2.708303] pci_bus 000c:20: resource 5 [io  0x60000-0x6ffff window]
[    2.708468] ACPI: PCI Root Bridge [PCID] (domain 000d [bus 30-3f])
[    2.708474] acpi PNP0A08:07: _OSC: OS supports [ExtendedConfig Segments MSI HPX-Type3]
[    2.708477] acpi PNP0A08:07: _OSC: not requesting OS control; OS requires [ExtendedConfig ASPM ClockPM MSI]
[    2.708546] acpi PNP0A08:07: MCFG quirk: ECAM at [mem 0x78003000000-0x78003ffffff] for [bus 30-3f] with hisi_pcie_ops
[    2.710012] acpi PNP0A08:07: ECAM area [mem 0x78003000000-0x78003ffffff] reserved by PNP0C02:03
[    2.710671] acpi PNP0A08:07: ECAM at [mem 0x78003000000-0x78003ffffff] for [bus 30-3f]
[    2.710699] ACPI: Remapped I/O 0x000007bfffff0000 to [io  0x70000-0x7ffff window]
[    2.710750] PCI host bridge to bus 000d:30
[    2.710752] pci_bus 000d:30: root bus resource [mem 0x79040000000-0x790efffffff window] (bus address [0x40000000-0xefffffff])
[    2.710756] pci_bus 000d:30: root bus resource [io  0x70000-0x7ffff window] (bus address [0x0000-0xffff])
[    2.710759] pci_bus 000d:30: root bus resource [bus 30-3f]
[    2.710773] pci 000d:30:00.0: [19e5:1610] type 01 class 0x060400
[    2.710777] pci_bus 000d:30: 2-byte config write to 000d:30:00.0 offset 0x4 may corrupt adjacent RW1C bits
[    2.710787] pci 000d:30:00.0: reg 0x10: [mem 0x00000000-0x00000fff]
[    2.710798] pci 000d:30:00.0: reg 0x38: [mem 0xfffe0000-0xffffffff pref]
[    2.710837] pci 000d:30:00.0: supports D1 D2
[    2.710839] pci 000d:30:00.0: PME# supported from D0 D1 D3hot
[    2.762167] pci_bus 000d:30: on NUMA node 3
[    2.762171] pci 000d:30:00.0: BAR 6: assigned [mem 0x79040000000-0x7904001ffff pref]
[    2.762174] pci 000d:30:00.0: BAR 0: assigned [mem 0x79040020000-0x79040020fff]
[    2.762178] pci 000d:30:00.0: PCI bridge to [bus 31]
[    2.762185] pci_bus 000d:30: resource 4 [mem 0x79040000000-0x790efffffff window]
[    2.762187] pci_bus 000d:30: resource 5 [io  0x70000-0x7ffff window]
[    2.763804] iommu: Default domain type: Translated 
[    2.763806] iommu: DMA domain TLB invalidation policy: lazy mode (set via kernel command line)
[    2.763939] SCSI subsystem initialized
[    2.764001] libata version 3.00 loaded.
[    2.764049] ACPI: bus type USB registered
[    2.764076] usbcore: registered new interface driver usbfs
[    2.764086] usbcore: registered new interface driver hub
[    2.764113] usbcore: registered new device driver usb
[    2.782286] pps_core: LinuxPPS API ver. 1 registered
[    2.782288] pps_core: Software ver. 5.3.6 - Copyright 2005-2007 Rodolfo Giometti <giometti@linux.it>
[    2.782293] PTP clock support registered
[    2.782320] EDAC MC: Ver: 3.0.0
[    2.782542] Registered efivars operations
[    2.783652] FPGA manager framework
[    2.783681] Advanced Linux Sound Architecture Driver Initialized.
[    2.783962] pci 0007:91:00.0: vgaarb: setting as boot VGA device
[    2.783964] pci 0007:91:00.0: vgaarb: bridge control possible
[    2.783966] pci 0007:91:00.0: vgaarb: VGA device added: decodes=io+mem,owns=none,locks=none
[    2.783969] vgaarb: loaded
[    2.784242] clocksource: Switched to clocksource arch_sys_counter
[    2.784351] VFS: Disk quotas dquot_6.6.0
[    2.784373] VFS: Dquot-cache hash table entries: 512 (order 0, 4096 bytes)
[    2.784455] pnp: PnP ACPI init
[    2.785110] system 00:01: [mem 0xa00a0000-0xa00affff] has been reserved
[    2.785171] system 00:02: [mem 0xaf800000-0xafffffff] could not be reserved
[    2.785277] system 00:03: [mem 0x8a0090000-0x8a009ffff] has been reserved
[    2.785378] system 00:04: [mem 0x8a0200000-0x8a020ffff] has been reserved
[    2.785482] system 00:05: [mem 0x8a00a0000-0x8a00affff] has been reserved
[    2.785580] system 00:06: [mem 0x8a00b0000-0x8a00bffff] has been reserved
[    2.785660] system 00:07: [mem 0x8a8800000-0x8a8ffffff] could not be reserved
[    2.785664] system 00:07: [mem 0x8b7800000-0x8b7ffffff] could not be reserved
[    2.785668] system 00:07: [mem 0x8ac000000-0x8ac7fffff] could not be reserved
[    2.785671] system 00:07: [mem 0x8b9000000-0x8b97fffff] could not be reserved
[    2.785746] system 00:08: [mem 0x600a00a0000-0x600a00affff] has been reserved
[    2.785806] system 00:09: [mem 0x64001000000-0x64001ffffff] could not be reserved
[    2.785905] system 00:0a: [mem 0x700a0090000-0x700a009ffff] has been reserved
[    2.786008] system 00:0b: [mem 0x700a0200000-0x700a020ffff] has been reserved
[    2.786087] system 00:0c: [mem 0x74002000000-0x74002ffffff] could not be reserved
[    2.786091] system 00:0c: [mem 0x78003000000-0x78003ffffff] could not be reserved
[    2.786217] pnp: PnP ACPI: found 13 devices
[    2.788664] NET: Registered PF_INET protocol family
[    2.789419] IP idents hash table entries: 262144 (order: 9, 2097152 bytes, vmalloc)
[    2.793752] tcp_listen_portaddr_hash hash table entries: 32768 (order: 7, 524288 bytes, vmalloc)
[    2.793926] Table-perturb hash table entries: 65536 (order: 6, 262144 bytes, vmalloc)
[    2.794245] TCP established hash table entries: 524288 (order: 10, 4194304 bytes, vmalloc)
[    2.795195] TCP bind hash table entries: 65536 (order: 8, 1048576 bytes, vmalloc)
[    2.795473] TCP: Hash tables configured (established 524288 bind 65536)
[    2.795673] UDP hash table entries: 32768 (order: 8, 1048576 bytes, vmalloc)
[    2.795968] UDP-Lite hash table entries: 32768 (order: 8, 1048576 bytes, vmalloc)
[    2.796293] NET: Registered PF_UNIX/PF_LOCAL protocol family
[    2.796437] RPC: Registered named UNIX socket transport module.
[    2.796438] RPC: Registered udp transport module.
[    2.796440] RPC: Registered tcp transport module.
[    2.796441] RPC: Registered tcp NFSv4.1 backchannel transport module.
[    2.796469] PCI: CLS 0 bytes, default 64
[    2.799318] hw perfevents: enabled with armv8_pmuv3_0 PMU driver, 7 counters available
[    2.799381] kvm [1]: IPA Size Limit: 44 bits
[    2.800555] kvm [1]: GICv4 support disabled
[    2.800559] kvm [1]: vgic-v2@fe020000
[    2.800585] kvm [1]: GIC system register CPU interface enabled
[    2.801450] kvm [1]: vgic interrupt IRQ9
[    2.802270] kvm [1]: Hyp mode initialized successfully
[    2.803897] Initialise system trusted keyrings
[    2.804007] workingset: timestamp_bits=42 max_order=24 bucket_order=0
[    2.806714] squashfs: version 4.0 (2009/01/31) Phillip Lougher
[    2.806989] NFS: Registering the id_resolver key type
[    2.807001] Key type id_resolver registered
[    2.807003] Key type id_legacy registered
[    2.807042] nfs4filelayout_init: NFSv4 File Layout Driver Registering...
[    2.807044] nfs4flexfilelayout_init: NFSv4 Flexfile Layout Driver Registering...
[    2.807086] 9p: Installing v9fs 9p2000 file system support
[    2.823377] Key type asymmetric registered
[    2.823379] Asymmetric key parser 'x509' registered
[    2.823394] Block layer SCSI generic (bsg) driver version 0.4 loaded (major 245)
[    2.823397] io scheduler mq-deadline registered
[    2.823399] io scheduler kyber registered
[    2.825437] hisi-lpc HISI0191:00: registered range [0x0000000000ffbfff - 0x0000000000ffffff]
[    2.827072] pcieport 0006:c0:00.0: can't derive routing for PCI INT A
[    2.827075] pcieport 0006:c0:00.0: PCI INT A: no GSI
[    2.827169] pcieport 0007:90:00.0: can't derive routing for PCI INT A
[    2.827171] pcieport 0007:90:00.0: PCI INT A: no GSI
[    2.827880] input: Power Button as /devices/LNXSYSTM:00/LNXSYBUS:00/PNP0C0C:00/input/input0
[    2.827907] ACPI: button: Power Button [PWRB]
[    2.828866] EINJ: EINJ table not found.
[    2.833446] Serial: 8250/16550 driver, 4 ports, IRQ sharing enabled
[    2.854607] serial8250.6.auto: ttyS1 at I/O 0xffc2f7 (irq = 0, base_baud = 115200) is a 16550A
[    2.855135] SuperH (H)SCI(F) driver initialized
[    2.855226] msm_serial: driver initialized
[    2.855456] arm-smmu-v3 arm-smmu-v3.0.auto: option mask 0x1
[    2.855469] arm-smmu-v3 arm-smmu-v3.0.auto: ias 44-bit, oas 44-bit (features 0x00000f0d)
[    2.855700] arm-smmu-v3 arm-smmu-v3.0.auto: allocated 65536 entries for cmdq
[    2.855857] arm-smmu-v3 arm-smmu-v3.0.auto: allocated 32768 entries for evtq
[    2.857149] arm-smmu-v3 arm-smmu-v3.0.auto: no evtq irq - events will not be reported!
[    2.857153] arm-smmu-v3 arm-smmu-v3.0.auto: no gerr irq - errors will not be reported!
[    2.857224] arm-smmu-v3 arm-smmu-v3.1.auto: option mask 0x1
[    2.857241] arm-smmu-v3 arm-smmu-v3.1.auto: ias 44-bit, oas 44-bit (features 0x00000f0d)
[    2.857409] arm-smmu-v3 arm-smmu-v3.1.auto: allocated 65536 entries for cmdq
[    2.857606] arm-smmu-v3 arm-smmu-v3.1.auto: allocated 32768 entries for evtq
[    2.859874] arm-smmu-v3 arm-smmu-v3.1.auto: no evtq irq - events will not be reported!
[    2.859877] arm-smmu-v3 arm-smmu-v3.1.auto: no gerr irq - errors will not be reported!
[    2.859916] arm-smmu-v3 arm-smmu-v3.2.auto: option mask 0x1
[    2.859926] arm-smmu-v3 arm-smmu-v3.2.auto: ias 44-bit, oas 44-bit (features 0x00000f0d)
[    2.860134] arm-smmu-v3 arm-smmu-v3.2.auto: allocated 65536 entries for cmdq
[    2.860288] arm-smmu-v3 arm-smmu-v3.2.auto: allocated 32768 entries for evtq
[    2.861530] arm-smmu-v3 arm-smmu-v3.2.auto: no evtq irq - events will not be reported!
[    2.861533] arm-smmu-v3 arm-smmu-v3.2.auto: no gerr irq - errors will not be reported!
[    2.861577] arm-smmu-v3 arm-smmu-v3.3.auto: option mask 0x1
[    2.861590] arm-smmu-v3 arm-smmu-v3.3.auto: ias 44-bit, oas 44-bit (features 0x00000f0d)
[    2.861767] arm-smmu-v3 arm-smmu-v3.3.auto: allocated 65536 entries for cmdq
[    2.861954] arm-smmu-v3 arm-smmu-v3.3.auto: allocated 32768 entries for evtq
[    2.863122] arm-smmu-v3 arm-smmu-v3.3.auto: no evtq irq - events will not be reported!
[    2.863124] arm-smmu-v3 arm-smmu-v3.3.auto: no gerr irq - errors will not be reported!
[    2.863171] arm-smmu-v3 arm-smmu-v3.4.auto: option mask 0x1
[    2.863187] arm-smmu-v3 arm-smmu-v3.4.auto: ias 44-bit, oas 44-bit (features 0x00000f0d)
[    2.863403] arm-smmu-v3 arm-smmu-v3.4.auto: allocated 65536 entries for cmdq
[    2.863559] arm-smmu-v3 arm-smmu-v3.4.auto: allocated 32768 entries for evtq
[    2.865839] arm-smmu-v3 arm-smmu-v3.4.auto: no evtq irq - events will not be reported!
[    2.865841] arm-smmu-v3 arm-smmu-v3.4.auto: no gerr irq - errors will not be reported!
[    2.879206] loop: module loaded
[    2.879512] megasas: 07.719.03.00-rc1
[    2.879646] ACPI: IORT: [Firmware Bug]: Named component missing memory address limit
[    2.879789] hisi_sas_v2_hw HISI0162:01: Adding to iommu group 0
[    2.900494] scsi host0: hisi_sas_v2_hw
[    3.519715] hisi_sas_v2_hw HISI0162:01: phyup: phy0 link_rate=11
[    3.519725] hisi_sas_v2_hw HISI0162:01: phyup: phy1 link_rate=11
[    3.519828] sas: phy-0:0 added to port-0:0, phy_mask:0x1 (500e004aaaaaaa1f)
[    3.519850] sas: DOING DISCOVERY on port 0, pid:455
[    3.520141] hisi_sas_v2_hw HISI0162:01: dev[0:2] found
[    3.520685] sas: ex 500e004aaaaaaa1f phy00:U:0 attached: 0000000000000000 (no device)
[    3.520788] sas: ex 500e004aaaaaaa1f phy01:U:B attached: 5001e82002865f0e (ssp)
[    3.520885] sas: ex 500e004aaaaaaa1f phy02:U:A attached: 500e004aaaaaaa02 (stp)
[    3.520980] sas: ex 500e004aaaaaaa1f phy03:U:0 attached: 0000000000000000 (no device)
[    3.521076] sas: ex 500e004aaaaaaa1f phy04:U:B attached: 5001e8200287321e (ssp)
[    3.521173] sas: ex 500e004aaaaaaa1f phy05:U:B attached: 5000cca05b01d9c9 (ssp)
[    3.521269] sas: ex 500e004aaaaaaa1f phy06:U:0 attached: 0000000000000000 (no device)
[    3.521374] sas: ex 500e004aaaaaaa1f phy07:U:B attached: 5001e820028580ae (ssp)
[    3.521478] sas: ex 500e004aaaaaaa1f phy08:U:B attached: 5001e82002858496 (ssp)
[    3.521567] sas: ex 500e004aaaaaaa1f phy09:U:0 attached: 0000000000000000 (no device)
[    3.521665] sas: ex 500e004aaaaaaa1f phy10:U:B attached: 5001e82002862816 (ssp)
[    3.521760] sas: ex 500e004aaaaaaa1f phy11:U:B attached: 5001e8200285850a (ssp)
[    3.521857] sas: ex 500e004aaaaaaa1f phy12:U:0 attached: 0000000000000000 (no device)
[    3.521953] sas: ex 500e004aaaaaaa1f phy13:U:0 attached: 0000000000000000 (no device)
[    3.522049] sas: ex 500e004aaaaaaa1f phy14:U:0 attached: 0000000000000000 (no device)
[    3.522145] sas: ex 500e004aaaaaaa1f phy15:U:0 attached: 0000000000000000 (no device)
[    3.522244] sas: ex 500e004aaaaaaa1f phy16:U:0 attached: 0000000000000000 (no device)
[    3.522340] sas: ex 500e004aaaaaaa1f phy17:U:0 attached: 0000000000000000 (no device)
[    3.522441] sas: ex 500e004aaaaaaa1f phy18:U:0 attached: 0000000000000000 (no device)
[    3.522540] sas: ex 500e004aaaaaaa1f phy19:U:0 attached: 0000000000000000 (no device)
[    3.522637] sas: ex 500e004aaaaaaa1f phy20:U:0 attached: 0000000000000000 (no device)
[    3.522749] sas: ex 500e004aaaaaaa1f phy21:U:0 attached: 0000000000000000 (no device)
[    3.522863] sas: ex 500e004aaaaaaa1f phy22:U:0 attached: 0000000000000000 (no device)
[    3.522975] sas: ex 500e004aaaaaaa1f phy23:U:0 attached: 0000000000000000 (no device)
[    3.523088] sas: ex 500e004aaaaaaa1f phy24:D:B attached: 500e004aaaaaaa1e (host+target)
[    3.523118] hisi_sas_v2_hw HISI0162:01: dev[1:1] found
[    3.523334] hisi_sas_v2_hw HISI0162:01: dev[2:5] found
[    3.523365] hisi_sas_v2_hw HISI0162:01: dev[3:1] found
[    3.523392] hisi_sas_v2_hw HISI0162:01: dev[4:1] found
[    3.523419] hisi_sas_v2_hw HISI0162:01: dev[5:1] found
[    3.523445] hisi_sas_v2_hw HISI0162:01: dev[6:1] found
[    3.523473] hisi_sas_v2_hw HISI0162:01: dev[7:1] found
[    3.523501] hisi_sas_v2_hw HISI0162:01: dev[8:1] found
[    3.523530] hisi_sas_v2_hw HISI0162:01: dev[9:1] found
[    3.523535] ata_eh_set_pending fastdrain=1 ATA_PFLAG_EH_PENDING=0
[    3.523537] ata_eh_set_pending2 ap=0xffff001045d98000 fastdrain=1 cnt=0
[    3.523550] sas: sas_scsi_recover_host Enter sas_scsi_recover_host busy: 0 failed: 0
[    3.523554] sas: sas_eh_handle_sas_errors shost=0xffff041008000000
[    3.523558] sas: sas_ata_strategy_handler shost=0xffff041008000000
[    3.523561] sas: sas_ata_strategy_handler2 shost=0xffff041008000000 calling async_schedule_domain(async_sas_ata_eh)
[    3.523572] sas: ata1: end_device-0:0:2: async_sas_ata_eh dev error handler
[    3.523575] ata_scsi_port_error_handler host=0xffff041008000000 ap=0xffff001045d98000
[    3.523579] ata_scsi_port_error_handler2 host=0xffff041008000000 ap=0xffff001045d98000 deleting fastdrain_timer
[    3.523583] ata_do_eh ap=0xffff001045d98000 calling ata_eh_autopsy
[    3.523585] ata_eh_autopsy ap=0xffff001045d98000 link=0xffff001045d9a040 calling ata_eh_link_autopsy
[    3.523588] ata_eh_link_autopsy link=0xffff001045d9a040 ATA_EHI_NO_AUTOPSY=1 
[    3.523591] ata_do_eh2 ap=0xffff001045d98000 calling ata_eh_report
[    3.523593] ata_do_eh3 ap=0xffff001045d98000 calling ata_eh_recover
[    3.523597] ata_eh_reset ap=0xffff001045d98000 link=0xffff001045d9a040 prereset=sas_ata_prereset+0x0/0x60 softreset=0x0 hardreset=sas_ata_hard_reset+0x0/0xa0 postreset=0x0
[    3.523611] ata_eh_freeze_port ap=0xffff001045d98000
[    3.523613] __ata_port_freeze ap=0xffff001045d98000
[    3.524048] hisi_sas_debug_I_T_nexus_reset device=0xffff001045d8e200
[    3.524714] hisi_sas_v2_hw HISI0162:01: phyup: phy2 link_rate=11
[    3.524719] hisi_sas_v2_hw HISI0162:01: phyup: phy3 link_rate=11
[    3.524723] hisi_sas_v2_hw HISI0162:01: phyup: phy4 link_rate=11
[    3.524727] hisi_sas_v2_hw HISI0162:01: phyup: phy5 link_rate=11
[    3.524731] hisi_sas_v2_hw HISI0162:01: phyup: phy6 link_rate=11
[    3.524736] hisi_sas_v2_hw HISI0162:01: phyup: phy7 link_rate=11
[    3.680430] hisi_sas_I_T_nexus_reset1  device=0xffff001045d8e200 rc=0
[    3.680433] hisi_sas_softreset_ata_disk device=0xffff001045d8e200
[    3.687096] hisi_sas_release_task device=0xffff001045d8e200
[    3.687098] hisi_sas_I_T_nexus_reset8 device=0xffff001045d8e200 calling hisi_sas_release_task
[    3.687101] hisi_sas_release_task device=0xffff001045d8e200
[    3.844375] ata_eh_thaw_port ap=0xffff001045d98000
[    3.846378] ata1.00: ata_dev_configure: cfg 49:2f00 82:746b 83:7d69 84:4773 85:7469 86:bc41 87:4763 88:407f
[    3.846382] ata1.00: 49==0x2f00  53==0x0007  63==0x0007  64==0x0003  75==0x001f
               80==0x01fc  81==0x0029  82==0x746b  83==0x7d69  84==0x4773
               88==0x407f  93==0x0000
[    3.846388] ata1.00: ATA-8: HGST HUS724040ALA640, MFAOA8B0, max UDMA/133
[    3.846392] ata_log_supported calling ata_read_log_page
[    3.846393] ata1.00: read log page - log 0x0, page 0x0
[    3.846533] ata1.00: 7814037168 sectors, multi 0: LBA48 NCQ (depth 32)
[    3.846539] ata1.00: set features - xfer mode
[    3.848675] ata1.00: ata_dev_configure: cfg 49:2f00 82:746b 83:7d69 84:4773 85:7469 86:bc41 87:4763 88:407f
[    3.848679] ata1.00: 49==0x2f00  53==0x0007  63==0x0007  64==0x0003  75==0x001f
               80==0x01fc  81==0x0029  82==0x746b  83==0x7d69  84==0x4773
               88==0x407f  93==0x0000
[    3.848685] ata1.00: xfer_shift=12, xfer_mode=0x46
[    3.848688] ata1.00: configured for UDMA/133
[    3.848692] scsi_eh_flush_done_q
[    3.848701] scsi_eh_flush_done_q
[    3.848703] sas: --- Exit sas_scsi_recover_host: busy: 0 failed: 0 tries: 1
[    3.865834] hisi_sas_release_task device=0xffff001045d8e000
[    3.932754] scsi 0:0:0:0: Direct-Access     SanDisk  LT0200MO         P404 PQ: 0 ANSI: 6
[    4.547805] hisi_sas_softreset_ata_disk device=0xffff001045d8e200
[    4.553523] hisi_sas_release_task device=0xffff001045d8e200
[    4.553549] scsi 0:0:1:0: Direct-Access     ATA      HGST HUS724040AL A8B0 PQ: 0 ANSI: 5
[    4.553951] sd 0:0:1:0: [sdb] 7814037168 512-byte logical blocks: (4.00 TB/3.64 TiB)
[    4.553962] sd 0:0:1:0: [sdb] Write Protect is off
[    4.553965] sd 0:0:1:0: [sdb] Mode Sense: 00 3a 00 00
[    4.553979] sd 0:0:1:0: [sdb] Write cache: enabled, read cache: enabled, doesn't support DPO or FUA
[    4.553996] sd 0:0:1:0: [sdb] Preferred minimum I/O size 512 bytes
[    4.561000] hisi_sas_release_task device=0xffff001045d8e400
[    4.588496] sd 0:0:0:0: [sda] 390721968 512-byte logical blocks: (200 GB/186 GiB)
[    4.594968]  sdb: sdb1 sdb2 sdb3
[    4.595176] sd 0:0:1:0: [sdb] Attached SCSI disk
[    4.627943] scsi 0:0:2:0: Direct-Access     SanDisk  LT0200MO         P404 PQ: 0 ANSI: 6
[    4.630513] sd 0:0:0:0: [sda] Write Protect is off
[    4.630515] sd 0:0:0:0: [sda] Mode Sense: cf 00 10 08
[    4.679847] scsi 0:0:2:0: Power-on or device reset occurred
[    4.712525] sd 0:0:0:0: [sda] Write cache: disabled, read cache: disabled, supports DPO and FUA
[    4.835199] sd 0:0:0:0: [sda] Optimal transfer size 131072 bytes
[    5.196227]  sda: sda1 sda2
[    5.196363] sd 0:0:0:0: [sda] Attached SCSI disk
[    5.259666] hisi_sas_release_task device=0xffff001045d8e600
[    5.259873] scsi 0:0:3:0: Direct-Access     HGST     HUC156030CSS200  A3F0 PQ: 0 ANSI: 6
[    5.262135] sd 0:0:3:0: [sdd] 586072368 512-byte logical blocks: (300 GB/279 GiB)
[    5.262544] sd 0:0:3:0: [sdd] Write Protect is off
[    5.262546] sd 0:0:3:0: [sdd] Mode Sense: f7 00 10 08
[    5.263205] sd 0:0:3:0: [sdd] Write cache: enabled, read cache: enabled, supports DPO and FUA
[    5.269127] hisi_sas_release_task device=0xffff001045d8e800
[    5.284472]  sdd: sdd1
[    5.284559] sd 0:0:3:0: [sdd] Attached SCSI disk
[    5.335355] sd 0:0:2:0: [sdc] 390721968 512-byte logical blocks: (200 GB/186 GiB)
[    5.336019] scsi 0:0:4:0: Direct-Access     SanDisk  LT0200MO         P404 PQ: 0 ANSI: 6
[    5.377358] sd 0:0:2:0: [sdc] Write Protect is off
[    5.377360] sd 0:0:2:0: [sdc] Mode Sense: cf 00 10 08
[    5.387912] scsi 0:0:4:0: Power-on or device reset occurred
[    5.459387] sd 0:0:2:0: [sdc] Write cache: disabled, read cache: disabled, supports DPO and FUA
[    5.582038] sd 0:0:2:0: [sdc] Optimal transfer size 131072 bytes
[    5.942978]  sdc: sdc1 sdc2 sdc3
[    5.943151] sd 0:0:2:0: [sdc] Attached SCSI disk
[    5.974395] hisi_sas_release_task device=0xffff001045d8ea00
[    6.041346] scsi 0:0:5:0: Direct-Access     SanDisk  LT0200MO         P404 PQ: 0 ANSI: 6
[    6.043539] sd 0:0:4:0: [sde] 390721968 512-byte logical blocks: (200 GB/186 GiB)
[    6.085547] sd 0:0:4:0: [sde] Write Protect is off
[    6.085551] sd 0:0:4:0: [sde] Mode Sense: cf 00 10 08
[    6.093221] scsi 0:0:5:0: Power-on or device reset occurred
[    6.167574] sd 0:0:4:0: [sde] Write cache: disabled, read cache: disabled, supports DPO and FUA
[    6.290210] sd 0:0:4:0: [sde] Optimal transfer size 131072 bytes
[    6.651092]  sde: sde1 sde2 sde3
[    6.651251] sd 0:0:4:0: [sde] Attached SCSI disk
[    6.679745] hisi_sas_release_task device=0xffff001045d8ec00
[    6.746690] scsi 0:0:6:0: Direct-Access     SanDisk  LT0200MO         P404 PQ: 0 ANSI: 6
[    6.748922] sd 0:0:5:0: [sdf] 390721968 512-byte logical blocks: (200 GB/186 GiB)
[    6.790947] sd 0:0:5:0: [sdf] Write Protect is off
[    6.790950] sd 0:0:5:0: [sdf] Mode Sense: cf 00 10 08
[    6.798563] scsi 0:0:6:0: Power-on or device reset occurred
[    6.872975] sd 0:0:5:0: [sdf] Write cache: disabled, read cache: disabled, supports DPO and FUA
[    6.995657] sd 0:0:5:0: [sdf] Optimal transfer size 131072 bytes
[    7.356754]  sdf: sdf1 sdf2 sdf3 sdf4
[    7.356951] sd 0:0:5:0: [sdf] Attached SCSI disk
[    7.384860] hisi_sas_release_task device=0xffff001045d8ee00
[    7.451825] scsi 0:0:7:0: Direct-Access     SanDisk  LT0200MO         P404 PQ: 0 ANSI: 6
[    7.454031] sd 0:0:6:0: [sdg] 390721968 512-byte logical blocks: (200 GB/186 GiB)
[    7.496043] sd 0:0:6:0: [sdg] Write Protect is off
[    7.496046] sd 0:0:6:0: [sdg] Mode Sense: cf 00 10 08
[    7.503363] scsi 0:0:7:0: Power-on or device reset occurred
[    7.578082] sd 0:0:6:0: [sdg] Write cache: disabled, read cache: disabled, supports DPO and FUA
[    7.700721] sd 0:0:6:0: [sdg] Optimal transfer size 131072 bytes
[    8.060731] sd 0:0:6:0: [sdg] Attached SCSI disk
[    8.083429] hisi_sas_release_task device=0xffff001045d8f000
[    8.083720] scsi 0:0:8:0: Enclosure         12G SAS  Expander         RevB PQ: 0 ANSI: 6
[    8.083821] scsi 0:0:8:0: Power-on or device reset occurred
[    8.085593] sas: DONE DISCOVERY on port 0, pid:455, result:0
[    8.085606] sas: phy1 matched wide port0
[    8.085614] sas: phy-0:1 added to port-0:0, phy_mask:0x3 (500e004aaaaaaa1f)
[    8.085624] sas: REVALIDATING DOMAIN on port 0, pid:455
[    8.086159] sas: ex 500e004aaaaaaa1f phy02 change count has changed
[    8.086448] sas: ex 500e004aaaaaaa1f phy02 originated BROADCAST(CHANGE)
[    8.086451] sas: ex 500e004aaaaaaa1f rediscovering phy02
[    8.086641] sas: ex 500e004aaaaaaa1f phy02 broadcast flutter
[    8.087986] sas: ex 500e004aaaaaaa1f phy16 originated BROADCAST(CHANGE)
[    8.087988] sas: ex 500e004aaaaaaa1f phy16 new device attached
[    8.088082] sas: ex 500e004aaaaaaa1f phy16:U:B attached: 3201581410000000 (host)
[    8.088178] sas: ex 500e004aaaaaaa1f phy17 originated BROADCAST(CHANGE)
[    8.088181] sas: ex 500e004aaaaaaa1f phy17 new device attached
[    8.088275] sas: ex 500e004aaaaaaa1f phy17:U:B attached: 3201581410000000 (host)
[    8.088370] sas: ex 500e004aaaaaaa1f phy18 originated BROADCAST(CHANGE)
[    8.088372] sas: ex 500e004aaaaaaa1f phy18 new device attached
[    8.088467] sas: ex 500e004aaaaaaa1f phy18:U:B attached: 3201581410000000 (host)
[    8.088563] sas: ex 500e004aaaaaaa1f phy19 originated BROADCAST(CHANGE)
[    8.088564] sas: ex 500e004aaaaaaa1f phy19 new device attached
[    8.088659] sas: ex 500e004aaaaaaa1f phy19:U:B attached: 3201581410000000 (host)
[    8.088755] sas: ex 500e004aaaaaaa1f phy20 originated BROADCAST(CHANGE)
[    8.088757] sas: ex 500e004aaaaaaa1f phy20 new device attached
[    8.088851] sas: ex 500e004aaaaaaa1f phy20:U:B attached: 3201581410000000 (host)
[    8.088947] sas: ex 500e004aaaaaaa1f phy21 originated BROADCAST(CHANGE)
[    8.088949] sas: ex 500e004aaaaaaa1f phy21 new device attached
[    8.089043] sas: ex 500e004aaaaaaa1f phy21:U:B attached: 3201581410000000 (host)
[    8.089139] sas: ex 500e004aaaaaaa1f phy22 originated BROADCAST(CHANGE)
[    8.089141] sas: ex 500e004aaaaaaa1f phy22 new device attached
[    8.089235] sas: ex 500e004aaaaaaa1f phy22:U:B attached: 3201581410000000 (host)
[    8.089331] sas: ex 500e004aaaaaaa1f phy23 originated BROADCAST(CHANGE)
[    8.089333] sas: ex 500e004aaaaaaa1f phy23 new device attached
[    8.089428] sas: ex 500e004aaaaaaa1f phy23:U:B attached: 3201581410000000 (host)
[    8.089524] sas: done REVALIDATING DOMAIN on port 0, pid:455, res 0x0
[    8.089531] sas: broadcast received: 0
[    8.089537] sas: REVALIDATING DOMAIN on port 0, pid:455
[    8.089620] sas: done REVALIDATING DOMAIN on port 0, pid:455, res 0x0
[    8.089627] sas: broadcast received: 0
[    8.089629] sas: broadcast received: 0
[    8.089631] sas: broadcast received: 0
[    8.089632] sas: broadcast received: 0
[    8.089634] sas: broadcast received: 0
[    8.089636] sas: broadcast received: 0
[    8.089638] sas: phy2 matched wide port0
[    8.089643] sas: phy-0:2 added to port-0:0, phy_mask:0x7 (500e004aaaaaaa1f)
[    8.089650] sas: REVALIDATING DOMAIN on port 0, pid:455
[    8.092119] sas: ex 500e004aaaaaaa1f phys DID NOT change
[    8.092121] sas: done REVALIDATING DOMAIN on port 0, pid:455, res 0x0
[    8.092127] sas: phy3 matched wide port0
[    8.092133] sas: phy-0:3 added to port-0:0, phy_mask:0xf (500e004aaaaaaa1f)
[    8.092139] sas: REVALIDATING DOMAIN on port 0, pid:455
[    8.094618] sas: ex 500e004aaaaaaa1f phys DID NOT change
[    8.094620] sas: done REVALIDATING DOMAIN on port 0, pid:455, res 0x0
[    8.094627] sas: phy4 matched wide port0
[    8.094632] sas: phy-0:4 added to port-0:0, phy_mask:0x1f (500e004aaaaaaa1f)
[    8.094639] sas: REVALIDATING DOMAIN on port 0, pid:455
[    8.097117] sas: ex 500e004aaaaaaa1f phys DID NOT change
[    8.097119] sas: done REVALIDATING DOMAIN on port 0, pid:455, res 0x0
[    8.097125] sas: phy5 matched wide port0
[    8.097131] sas: phy-0:5 added to port-0:0, phy_mask:0x3f (500e004aaaaaaa1f)
[    8.097137] sas: REVALIDATING DOMAIN on port 0, pid:455
[    8.099617] sas: ex 500e004aaaaaaa1f phys DID NOT change
[    8.099619] sas: done REVALIDATING DOMAIN on port 0, pid:455, res 0x0
[    8.099625] sas: phy6 matched wide port0
[    8.099631] sas: phy-0:6 added to port-0:0, phy_mask:0x7f (500e004aaaaaaa1f)
[    8.099637] sas: REVALIDATING DOMAIN on port 0, pid:455
[    8.102116] sas: ex 500e004aaaaaaa1f phys DID NOT change
[    8.102117] sas: done REVALIDATING DOMAIN on port 0, pid:455, res 0x0
[    8.102124] sas: phy7 matched wide port0
[    8.102129] sas: phy-0:7 added to port-0:0, phy_mask:0xff (500e004aaaaaaa1f)
[    8.102135] sas: REVALIDATING DOMAIN on port 0, pid:455
[    8.104614] sas: ex 500e004aaaaaaa1f phys DID NOT change
[    8.104616] sas: done REVALIDATING DOMAIN on port 0, pid:455, res 0x0
[    8.104622] sas: broadcast received: 0
[    8.104627] sas: REVALIDATING DOMAIN on port 0, pid:455
[    8.107113] sas: ex 500e004aaaaaaa1f phys DID NOT change
[    8.107115] sas: done REVALIDATING DOMAIN on port 0, pid:455, res 0x0
[    8.107121] sas: broadcast received: 0
[    8.107128] sas: REVALIDATING DOMAIN on port 0, pid:455
[    8.109613] sas: ex 500e004aaaaaaa1f phys DID NOT change
[    8.109614] sas: done REVALIDATING DOMAIN on port 0, pid:455, res 0x0
[    8.109620] sas: broadcast received: 0
[    8.109626] sas: REVALIDATING DOMAIN on port 0, pid:455
[    8.112112] sas: ex 500e004aaaaaaa1f phys DID NOT change
[    8.112114] sas: done REVALIDATING DOMAIN on port 0, pid:455, res 0x0
[    8.112120] sas: broadcast received: 0
[    8.112126] sas: REVALIDATING DOMAIN on port 0, pid:455
[    8.114611] sas: ex 500e004aaaaaaa1f phys DID NOT change
[    8.114613] sas: done REVALIDATING DOMAIN on port 0, pid:455, res 0x0
[    8.114619] sas: broadcast received: 0
[    8.114624] sas: REVALIDATING DOMAIN on port 0, pid:455
[    8.117110] sas: ex 500e004aaaaaaa1f phys DID NOT change
[    8.117112] sas: done REVALIDATING DOMAIN on port 0, pid:455, res 0x0
[    8.117118] sas: broadcast received: 0
[    8.117124] sas: REVALIDATING DOMAIN on port 0, pid:455
[    8.119609] sas: ex 500e004aaaaaaa1f phys DID NOT change
[    8.119611] sas: done REVALIDATING DOMAIN on port 0, pid:455, res 0x0
[    8.119617] sas: broadcast received: 0
[    8.119622] sas: REVALIDATING DOMAIN on port 0, pid:455
[    8.122108] sas: ex 500e004aaaaaaa1f phys DID NOT change
[    8.122110] sas: done REVALIDATING DOMAIN on port 0, pid:455, res 0x0
[    8.122117] sas: broadcast received: 0
[    8.122123] sas: REVALIDATING DOMAIN on port 0, pid:455
[    8.124607] sas: ex 500e004aaaaaaa1f phys DID NOT change
[    8.124609] sas: done REVALIDATING DOMAIN on port 0, pid:455, res 0x0
[    8.124615] sas: broadcast received: 0
[    8.124621] sas: REVALIDATING DOMAIN on port 0, pid:455
[    8.127106] sas: ex 500e004aaaaaaa1f phys DID NOT change
[    8.127108] sas: done REVALIDATING DOMAIN on port 0, pid:455, res 0x0
[    8.127114] sas: broadcast received: 0
[    8.127120] sas: REVALIDATING DOMAIN on port 0, pid:455
[    8.129606] sas: ex 500e004aaaaaaa1f phys DID NOT change
[    8.129607] sas: done REVALIDATING DOMAIN on port 0, pid:455, res 0x0
[    8.129612] sas: broadcast received: 0
[    8.129618] sas: REVALIDATING DOMAIN on port 0, pid:455
[    8.132105] sas: ex 500e004aaaaaaa1f phys DID NOT change
[    8.132106] sas: done REVALIDATING DOMAIN on port 0, pid:455, res 0x0
[    8.132112] sas: broadcast received: 0
[    8.132118] sas: REVALIDATING DOMAIN on port 0, pid:455
[    8.134604] sas: ex 500e004aaaaaaa1f phys DID NOT change
[    8.134605] sas: done REVALIDATING DOMAIN on port 0, pid:455, res 0x0
[    8.134611] sas: broadcast received: 0
[    8.134617] sas: REVALIDATING DOMAIN on port 0, pid:455
[    8.137103] sas: ex 500e004aaaaaaa1f phys DID NOT change
[    8.137105] sas: done REVALIDATING DOMAIN on port 0, pid:455, res 0x0
[    8.137111] sas: broadcast received: 0
[    8.137117] sas: REVALIDATING DOMAIN on port 0, pid:455
[    8.139602] sas: ex 500e004aaaaaaa1f phys DID NOT change
[    8.139604] sas: done REVALIDATING DOMAIN on port 0, pid:455, res 0x0
[    8.139609] sas: broadcast received: 0
[    8.139615] sas: REVALIDATING DOMAIN on port 0, pid:455
[    8.142102] sas: ex 500e004aaaaaaa1f phys DID NOT change
[    8.142104] sas: done REVALIDATING DOMAIN on port 0, pid:455, res 0x0
[    8.142110] sas: broadcast received: 0
[    8.142116] sas: REVALIDATING DOMAIN on port 0, pid:455
[    8.144607] sas: ex 500e004aaaaaaa1f phys DID NOT change
[    8.144609] sas: done REVALIDATING DOMAIN on port 0, pid:455, res 0x0
[    8.146458] tun: Universal TUN/TAP device driver, 1.6
[    8.146668] thunder_xcv, ver 1.0
[    8.146685] thunder_bgx, ver 1.0
[    8.146698] nicpf, ver 1.0
[    8.158933] sd 0:0:7:0: [sdh] 390721968 512-byte logical blocks: (200 GB/186 GiB)
[    8.200951] sd 0:0:7:0: [sdh] Write Protect is off
[    8.200954] sd 0:0:7:0: [sdh] Mode Sense: cf 00 10 08
[    8.224283] ACPI: IORT: [Firmware Bug]: Named component missing memory address limit
[    8.224404] hns_dsaf HISI00B2:00: Adding to iommu group 1
[    8.282960] sd 0:0:7:0: [sdh] Write cache: disabled, read cache: disabled, supports DPO and FUA
[    8.294543] hns_dsaf HISI00B2:00: no mc-mac-mask property, set to default value.
[    8.405609] sd 0:0:7:0: [sdh] Optimal transfer size 131072 bytes
[    8.508302] hns_dsaf HISI00B2:00: no mc-mac-mask property, set to default value.
[    8.724566] hns_dsaf HISI00B2:00: no mc-mac-mask property, set to default value.
[    8.745077] hns_dsaf HISI00B2:00: no mc-mac-mask property, set to default value.
[    8.765612] sd 0:0:7:0: [sdh] Attached SCSI disk
[    9.044236] Generic PHY Mii-HISI0141:00:00: attached PHY driver (mii_bus:phy_addr=Mii-HISI0141:00:00, irq=POLL)
[    9.064877] Generic PHY Mii-HISI0141:00:01: attached PHY driver (mii_bus:phy_addr=Mii-HISI0141:00:01, irq=POLL)
[    9.107856] hns3: Hisilicon Ethernet Network Driver for Hip08 Family - version
[    9.107860] hns3: Copyright (c) 2017 Huawei Corporation.
[    9.107920] hclge is initializing
[    9.107936] e1000: Intel(R) PRO/1000 Network Driver
[    9.107937] e1000: Copyright (c) 1999-2006 Intel Corporation.
[    9.107955] e1000e: Intel(R) PRO/1000 Network Driver
[    9.107956] e1000e: Copyright(c) 1999 - 2015 Intel Corporation.
[    9.107975] igb: Intel(R) Gigabit Ethernet Network Driver
[    9.107976] igb: Copyright (c) 2007-2014 Intel Corporation.
[    9.107992] igbvf: Intel(R) Gigabit Virtual Function Network Driver
[    9.107995] igbvf: Copyright (c) 2009 - 2012 Intel Corporation.
[    9.108132] sky2: driver version 1.30
[    9.108405] VFIO - User Level meta-driver version: 0.3
[    9.108923] ehci_hcd: USB 2.0 'Enhanced' Host Controller (EHCI) Driver
[    9.108926] ehci-pci: EHCI PCI platform driver
[    9.108937] ehci-platform: EHCI generic platform driver
[    9.108966] ehci-orion: EHCI orion driver
[    9.108973] ACPI: IORT: [Firmware Bug]: Named component missing memory address limit
[    9.108990] ehci-exynos: EHCI Exynos driver
[    9.109006] ehci-platform PNP0D20:00: Adding to iommu group 2
[    9.109013] ohci_hcd: USB 1.1 'Open' Host Controller (OHCI) Driver
[    9.109021] ohci-pci: OHCI PCI platform driver
[    9.109034] ohci-platform: OHCI generic platform driver
[    9.109057] ohci-exynos: OHCI Exynos driver
[    9.109164] usbcore: registered new interface driver usb-storage
[    9.110058] ehci-platform PNP0D20:00: EHCI Host Controller
[    9.110068] ehci-platform PNP0D20:00: new USB bus registered, assigned bus number 1
[    9.110125] ehci-platform PNP0D20:00: irq 369, io mem 0xa7020000
[    9.124219] ehci-platform PNP0D20:00: USB 2.0 started, EHCI 1.00
[    9.124418] hub 1-0:1.0: USB hub found
[    9.124427] hub 1-0:1.0: 2 ports detected
[    9.235621] rtc-efi rtc-efi.0: registered as rtc0
[    9.298549] rtc-efi rtc-efi.0: setting system clock to 2022-06-24T13:51:14 UTC (1656078674)
[    9.298703] i2c_dev: i2c /dev entries driver
[    9.300233] sdhci: Secure Digital Host Controller Interface driver
[    9.300235] sdhci: Copyright(c) Pierre Ossman
[    9.300388] Synopsys Designware Multimedia Card Interface Driver
[    9.300584] sdhci-pltfm: SDHCI platform and OF driver helper
[    9.301919] ledtrig-cpu: registered to indicate activity on CPUs
[    9.304585] pstore: Registered efi as persistent store backend
[    9.304909] usbcore: registered new interface driver usbhid
[    9.304910] usbhid: USB HID core driver
[    9.306292] NET: Registered PF_PACKET protocol family
[    9.306358] 9pnet: Installing 9P2000 support
[    9.306382] Key type dns_resolver registered
[    9.306519] registered taskstats version 1
[    9.306535] Loading compiled-in X.509 certificates
[    9.306753] pstore: Using crash dump compression: deflate
[    9.309170] ARMH0011:00: ttyAMA0 at MMIO 0x602b0000 (irq = 370, base_baud = 0) is a SBSA
[    9.319138] printk: console [ttyAMA0] printing thread started
[    9.319144] printk: console [ttyAMA0] enabled
[    9.319146] printk: bootconsole [pl11] disabled
[    9.333498] printk: bootconsole [pl11] printing thread stopped
[    9.335847] pcieport 0002:f8:00.0: Adding to iommu group 3
[    9.336966] pcieport 0002:f8:00.0: can't derive routing for PCI INT A
[    9.336970] pcieport 0002:f8:00.0: PCI INT A: no GSI
[    9.340786] pcieport 0004:88:00.0: Adding to iommu group 4
[    9.341728] pcieport 0004:88:00.0: can't derive routing for PCI INT A
[    9.341731] pcieport 0004:88:00.0: PCI INT A: no GSI
[    9.346612] pcieport 0005:78:00.0: Adding to iommu group 5
[    9.347474] pcieport 0005:78:00.0: can't derive routing for PCI INT A
[    9.347476] pcieport 0005:78:00.0: PCI INT A: no GSI
[    9.352087] pcieport 000a:10:00.0: Adding to iommu group 6
[    9.352987] pcieport 000a:10:00.0: can't derive routing for PCI INT A
[    9.352990] pcieport 000a:10:00.0: PCI INT A: no GSI
[    9.358521] pcieport 000c:20:00.0: Adding to iommu group 7
[    9.359557] pcieport 000c:20:00.0: can't derive routing for PCI INT A
[    9.359559] pcieport 000c:20:00.0: PCI INT A: no GSI
[    9.363476] pcieport 000d:30:00.0: Adding to iommu group 8
[    9.364340] pcieport 000d:30:00.0: can't derive routing for PCI INT A
[    9.364342] pcieport 000d:30:00.0: PCI INT A: no GSI
[    9.368954] serial 0002:f9:00.0: Adding to iommu group 3
[    9.368970] pci 0002:f8:00.0: can't derive routing for PCI INT A
[    9.368973] serial 0002:f9:00.0: PCI INT A: no GSI
[    9.368991] serial 0002:f9:00.0: enabling device (0000 -> 0003)
[    9.384219] usb 1-1: new high-speed USB device number 2 using ehci-platform
[    9.390709] 0002:f9:00.0: ttyS2 at I/O 0x1000 (irq = 372, base_baud = 115200) is a ST16650V2
[    9.390843] serial 0002:f9:00.1: Adding to iommu group 3
[    9.390856] pci 0002:f8:00.0: can't derive routing for PCI INT B
[    9.390858] serial 0002:f9:00.1: PCI INT B: no GSI
[    9.390869] serial 0002:f9:00.1: enabling device (0000 -> 0003)
[    9.412501] 0002:f9:00.1: ttyS3 at I/O 0x1008 (irq = 373, base_baud = 115200) is a ST16650V2
[    9.412755] ALSA device list:
[    9.412759]   No soundcards found.
[    9.434396] EXT4-fs (sda2): mounted filesystem with ordered data mode. Quota mode: none.
[    9.434414] VFS: Mounted root (ext4 filesystem) on device 8:2.
[    9.434954] devtmpfs: mounted
[    9.436832] Freeing unused kernel memory: 6976K
[    9.460307] Run /sbin/init as init process
[    9.460309]   with arguments:
[    9.460310]     /sbin/init
[    9.460311]   with environment:
[    9.460313]     HOME=/
[    9.460313]     TERM=linux
[    9.460314]     BOOT_IMAGE=/john/Image
[    9.460316]     user_debug=1
[    9.548931] hub 1-1:1.0: USB hub found
[    9.549012] hub 1-1:1.0: 4 ports detected
[    9.565229] systemd[1]: systemd 237 running in system mode. (+PAM +AUDIT +SELINUX +IMA +APPARMOR +SMACK +SYSVINIT +UTMP +LIBCRYPTSETUP +GCRYPT +GNUTLS +ACL +XZ +LZ4 +SECCOMP +BLKID +ELFUTILS +KMOD -IDN2 +IDN -PCRE2 default-hierarchy=hybrid)
[    9.565703] systemd[1]: Detected architecture arm64.
[    9.616378] systemd[1]: Set hostname to <ubuntu>.
[    9.677176] usb 1-2: new high-speed USB device number 3 using ehci-platform
[    9.836799] hub 1-2:1.0: USB hub found
[    9.836887] hub 1-2:1.0: 4 ports detected
[   10.124219] usb 1-2.1: new full-speed USB device number 4 using ehci-platform
[   10.236511] input: Keyboard/Mouse KVM 1.1.0 as /devices/platform/PNP0D20:00/usb1/1-2/1-2.1/1-2.1:1.0/0003:12D1:0003.0001/input/input1
[   10.296337] hid-generic 0003:12D1:0003.0001: input: USB HID v1.10 Keyboard [Keyboard/Mouse KVM 1.1.0] on usb-PNP0D20:00-2.1/input0
[   10.297020] input: Keyboard/Mouse KVM 1.1.0 as /devices/platform/PNP0D20:00/usb1/1-2/1-2.1/1-2.1:1.1/0003:12D1:0003.0002/input/input2
[   10.297051] hid-generic 0003:12D1:0003.0002: input: USB HID v1.10 Mouse [Keyboard/Mouse KVM 1.1.0] on usb-PNP0D20:00-2.1/input1
[   11.148216] random: crng init done
[   11.148340] systemd[1]: Reached target User and Group Name Lookups.
[   11.172515] systemd[1]: Created slice User and Session Slice.
[   11.184302] systemd[1]: Started Forward Password Requests to Wall Directory Watch.
[   11.208458] systemd[1]: Created slice System Slice.
[   11.220357] systemd[1]: Listening on Journal Socket.
[   11.233192] systemd[1]: Mounting Huge Pages File System...
[   11.245457] systemd[1]: Mounting Kernel Debug File System...
[   11.851422] EXT4-fs (sda2): re-mounted. Quota mode: none.
