[    0.000000] Booting Linux on physical CPU 0x0000010000 [0x410fd082]
[    0.000000] Linux version 5.19.0-rc3-36897-g23df3e1ac2fa (john@debian) (gcc (Debian 6.3.0-18+deb9u1) 6.3.0 20170516, GNU ld (GNU Binutils for Debian) 2.38) #322 SMP PREEMPT Wed Jul 6 16:14:30 BST 2022
[    0.000000] Machine model: Hisilicon PhosphorV660 Development Board
[    0.000000] efi: EFI v2.60 by EDK II
[    0.000000] efi: SMBIOS=0x3eff0000 SMBIOS 3.0=0x39aa0000 ACPI=0x39b70000 ACPI 2.0=0x39b70014 MEMATTR=0x3b8d0018 MEMRESERVE=0x3a002d18 
[    0.000000] ACPI: Early table checksum verification disabled
[    0.000000] ACPI: RSDP 0x0000000039B70014 000024 (v02 HISI  )
[    0.000000] ACPI: XSDT 0x0000000039B600E8 000084 (v01 HISI   HIP07    00000000      01000013)
[    0.000000] ACPI: FACP 0x0000000039A20000 00010C (v05 HISI   HIP07    00000000 INTL 20151124)
[    0.000000] ACPI: DSDT 0x00000000399E0000 0080C8 (v02 HISI   HIP07    00000000 INTL 20170728)
[    0.000000] ACPI: MCFG 0x0000000039A80000 0000AC (v01 HISI   HIP07    00000000 INTL 20151124)
[    0.000000] ACPI: SLIT 0x0000000039A70000 00003C (v01 HISI   HIP07    00000000 INTL 20151124)
[    0.000000] ACPI: SPCR 0x0000000039A60000 000050 (v02 HISI   HIP07    00000000 INTL 20151124)
[    0.000000] ACPI: SRAT 0x0000000039A50000 0005B0 (v03 HISI   HIP07    00000000 INTL 20151124)
[    0.000000] ACPI: DBG2 0x0000000039A40000 00005A (v00 HISI   HIP07    00000000 INTL 20151124)
[    0.000000] ACPI: GTDT 0x0000000039A10000 000098 (v02 HISI   HIP07    00000000 INTL 20151124)
[    0.000000] ACPI: APIC 0x0000000039A00000 0013E4 (v01 HISI   HIP07    00000000 INTL 20151124)
[    0.000000] ACPI: IORT 0x00000000399F0000 00080C (v00 HISI   HIP07    00000000 INTL 20170728)
[    0.000000] ACPI: PPTT 0x0000000031870000 001754 (v01 HISI   HIP07    00000000 INTL 20151124)
[    0.000000] ACPI: SPMI 0x0000000031860000 000041 (v05 HISI   HIP07    00000000 INTL 20151124)
[    0.000000] ACPI: iBFT 0x00000000317C0000 000800 (v01 HISI   HIP07    00000000      00000000)
[    0.000000] ACPI: SPCR: console: pl011,mmio32,0x602b0000,115200
[    0.000000] earlycon: pl11 at MMIO32 0x00000000602b0000 (options '115200')
[    0.000000] printk: bootconsole [pl11] enabled
[    0.000000] ACPI: SRAT: Node 0 PXM 0 [mem 0x00000000-0x3fffffff]
[    0.000000] ACPI: SRAT: Node 0 PXM 0 [mem 0x1000000000-0x17ffffffff]
[    0.000000] ACPI: SRAT: Node 2 PXM 2 [mem 0x40000000000-0x4003fffffff]
[    0.000000] ACPI: SRAT: Node 2 PXM 2 [mem 0x41000000000-0x417ffffffff]
[    0.000000] NUMA: NODE_DATA [mem 0x17fbffdb40-0x17fbffffff]
[    0.000000] NUMA: Initmem setup node 1 [<memory-less node>]
[    0.000000] NUMA: NODE_DATA [mem 0x417f4002b40-0x417f4004fff]
[    0.000000] NUMA: NODE_DATA(1) on node 2
[    0.000000] NUMA: NODE_DATA [mem 0x417f4000680-0x417f4002b3f]
[    0.000000] NUMA: Initmem setup node 3 [<memory-less node>]
[    0.000000] NUMA: NODE_DATA [mem 0x417f3ffe1c0-0x417f400067f]
[    0.000000] NUMA: NODE_DATA(3) on node 2
[    0.000000] Zone ranges:
[    0.000000]   DMA      [mem 0x0000000000000000-0x00000000ffffffff]
[    0.000000]   DMA32    empty
[    0.000000]   Normal   [mem 0x0000000100000000-0x00000417fbffffff]
[    0.000000] Movable zone start for each node
[    0.000000] Early memory node ranges
[    0.000000]   node   0: [mem 0x0000000000000000-0x000000003188afff]
[    0.000000]   node   0: [mem 0x000000003188b000-0x000000003188efff]
[    0.000000]   node   0: [mem 0x000000003188f000-0x000000003992ffff]
[    0.000000]   node   0: [mem 0x0000000039930000-0x00000000399dffff]
[    0.000000]   node   0: [mem 0x00000000399e0000-0x0000000039a2ffff]
[    0.000000]   node   0: [mem 0x0000000039a30000-0x0000000039a3ffff]
[    0.000000]   node   0: [mem 0x0000000039a40000-0x0000000039a8ffff]
[    0.000000]   node   0: [mem 0x0000000039a90000-0x0000000039b5ffff]
[    0.000000]   node   0: [mem 0x0000000039b60000-0x0000000039b7ffff]
[    0.000000]   node   0: [mem 0x0000000039b80000-0x0000000039ffffff]
[    0.000000]   node   0: [mem 0x000000003a000000-0x000000003efeffff]
[    0.000000]   node   0: [mem 0x000000003eff0000-0x000000003f01ffff]
[    0.000000]   node   0: [mem 0x000000003f020000-0x000000003fbfffff]
[    0.000000]   node   0: [mem 0x0000001040000000-0x00000017fbffffff]
[    0.000000]   node   2: [mem 0x0000041000000000-0x00000417fbffffff]
[    0.000000] Initmem setup node 0 [mem 0x0000000000000000-0x00000017fbffffff]
[    0.000000] Initmem setup node 1 as memoryless
[    0.000000] Initmem setup node 2 [mem 0x0000041000000000-0x00000417fbffffff]
[    0.000000] Initmem setup node 3 as memoryless
[    0.000000] On node 0, zone Normal: 1024 pages in unavailable ranges
[    0.000000] On node 2, zone Normal: 16384 pages in unavailable ranges
[    0.000000] On node 2, zone Normal: 16384 pages in unavailable ranges
[    0.000000] cma: Reserved 32 MiB at 0x000000003ce00000
[    0.000000] crashkernel reserved: 0x0000000002000000 - 0x0000000012000000 (256 MB)
[    0.000000] psci: probing for conduit method from ACPI.
[    0.000000] psci: PSCIv1.0 detected in firmware.
[    0.000000] psci: Using standard PSCI v0.2 function IDs
[    0.000000] psci: MIGRATE_INFO_TYPE not supported.
[    0.000000] psci: SMC Calling Convention v1.0
[    0.000000] ACPI: NUMA: SRAT: PXM 0 -> MPIDR 0x10000 -> Node 0
[    0.000000] ACPI: NUMA: SRAT: PXM 0 -> MPIDR 0x10001 -> Node 0
[    0.000000] ACPI: NUMA: SRAT: PXM 0 -> MPIDR 0x10002 -> Node 0
[    0.000000] ACPI: NUMA: SRAT: PXM 0 -> MPIDR 0x10003 -> Node 0
[    0.000000] ACPI: NUMA: SRAT: PXM 0 -> MPIDR 0x10100 -> Node 0
[    0.000000] ACPI: NUMA: SRAT: PXM 0 -> MPIDR 0x10101 -> Node 0
[    0.000000] ACPI: NUMA: SRAT: PXM 0 -> MPIDR 0x10102 -> Node 0
[    0.000000] ACPI: NUMA: SRAT: PXM 0 -> MPIDR 0x10103 -> Node 0
[    0.000000] ACPI: NUMA: SRAT: PXM 0 -> MPIDR 0x10200 -> Node 0
[    0.000000] ACPI: NUMA: SRAT: PXM 0 -> MPIDR 0x10201 -> Node 0
[    0.000000] ACPI: NUMA: SRAT: PXM 0 -> MPIDR 0x10202 -> Node 0
[    0.000000] ACPI: NUMA: SRAT: PXM 0 -> MPIDR 0x10203 -> Node 0
[    0.000000] ACPI: NUMA: SRAT: PXM 0 -> MPIDR 0x10300 -> Node 0
[    0.000000] ACPI: NUMA: SRAT: PXM 0 -> MPIDR 0x10301 -> Node 0
[    0.000000] ACPI: NUMA: SRAT: PXM 0 -> MPIDR 0x10302 -> Node 0
[    0.000000] ACPI: NUMA: SRAT: PXM 0 -> MPIDR 0x10303 -> Node 0
[    0.000000] ACPI: NUMA: SRAT: PXM 1 -> MPIDR 0x30000 -> Node 1
[    0.000000] ACPI: NUMA: SRAT: PXM 1 -> MPIDR 0x30001 -> Node 1
[    0.000000] ACPI: NUMA: SRAT: PXM 1 -> MPIDR 0x30002 -> Node 1
[    0.000000] ACPI: NUMA: SRAT: PXM 1 -> MPIDR 0x30003 -> Node 1
[    0.000000] ACPI: NUMA: SRAT: PXM 1 -> MPIDR 0x30100 -> Node 1
[    0.000000] ACPI: NUMA: SRAT: PXM 1 -> MPIDR 0x30101 -> Node 1
[    0.000000] ACPI: NUMA: SRAT: PXM 1 -> MPIDR 0x30102 -> Node 1
[    0.000000] ACPI: NUMA: SRAT: PXM 1 -> MPIDR 0x30103 -> Node 1
[    0.000000] ACPI: NUMA: SRAT: PXM 1 -> MPIDR 0x30200 -> Node 1
[    0.000000] ACPI: NUMA: SRAT: PXM 1 -> MPIDR 0x30201 -> Node 1
[    0.000000] ACPI: NUMA: SRAT: PXM 1 -> MPIDR 0x30202 -> Node 1
[    0.000000] ACPI: NUMA: SRAT: PXM 1 -> MPIDR 0x30203 -> Node 1
[    0.000000] ACPI: NUMA: SRAT: PXM 1 -> MPIDR 0x30300 -> Node 1
[    0.000000] ACPI: NUMA: SRAT: PXM 1 -> MPIDR 0x30301 -> Node 1
[    0.000000] ACPI: NUMA: SRAT: PXM 1 -> MPIDR 0x30302 -> Node 1
[    0.000000] ACPI: NUMA: SRAT: PXM 1 -> MPIDR 0x30303 -> Node 1
[    0.000000] ACPI: NUMA: SRAT: PXM 2 -> MPIDR 0x50000 -> Node 2
[    0.000000] ACPI: NUMA: SRAT: PXM 2 -> MPIDR 0x50001 -> Node 2
[    0.000000] ACPI: NUMA: SRAT: PXM 2 -> MPIDR 0x50002 -> Node 2
[    0.000000] ACPI: NUMA: SRAT: PXM 2 -> MPIDR 0x50003 -> Node 2
[    0.000000] ACPI: NUMA: SRAT: PXM 2 -> MPIDR 0x50100 -> Node 2
[    0.000000] ACPI: NUMA: SRAT: PXM 2 -> MPIDR 0x50101 -> Node 2
[    0.000000] ACPI: NUMA: SRAT: PXM 2 -> MPIDR 0x50102 -> Node 2
[    0.000000] ACPI: NUMA: SRAT: PXM 2 -> MPIDR 0x50103 -> Node 2
[    0.000000] ACPI: NUMA: SRAT: PXM 2 -> MPIDR 0x50200 -> Node 2
[    0.000000] ACPI: NUMA: SRAT: PXM 2 -> MPIDR 0x50201 -> Node 2
[    0.000000] ACPI: NUMA: SRAT: PXM 2 -> MPIDR 0x50202 -> Node 2
[    0.000000] ACPI: NUMA: SRAT: PXM 2 -> MPIDR 0x50203 -> Node 2
[    0.000000] ACPI: NUMA: SRAT: PXM 2 -> MPIDR 0x50300 -> Node 2
[    0.000000] ACPI: NUMA: SRAT: PXM 2 -> MPIDR 0x50301 -> Node 2
[    0.000000] ACPI: NUMA: SRAT: PXM 2 -> MPIDR 0x50302 -> Node 2
[    0.000000] ACPI: NUMA: SRAT: PXM 2 -> MPIDR 0x50303 -> Node 2
[    0.000000] ACPI: NUMA: SRAT: PXM 3 -> MPIDR 0x70000 -> Node 3
[    0.000000] ACPI: NUMA: SRAT: PXM 3 -> MPIDR 0x70001 -> Node 3
[    0.000000] ACPI: NUMA: SRAT: PXM 3 -> MPIDR 0x70002 -> Node 3
[    0.000000] ACPI: NUMA: SRAT: PXM 3 -> MPIDR 0x70003 -> Node 3
[    0.000000] ACPI: NUMA: SRAT: PXM 3 -> MPIDR 0x70100 -> Node 3
[    0.000000] ACPI: NUMA: SRAT: PXM 3 -> MPIDR 0x70101 -> Node 3
[    0.000000] ACPI: NUMA: SRAT: PXM 3 -> MPIDR 0x70102 -> Node 3
[    0.000000] ACPI: NUMA: SRAT: PXM 3 -> MPIDR 0x70103 -> Node 3
[    0.000000] ACPI: NUMA: SRAT: PXM 3 -> MPIDR 0x70200 -> Node 3
[    0.000000] ACPI: NUMA: SRAT: PXM 3 -> MPIDR 0x70201 -> Node 3
[    0.000000] ACPI: NUMA: SRAT: PXM 3 -> MPIDR 0x70202 -> Node 3
[    0.000000] ACPI: NUMA: SRAT: PXM 3 -> MPIDR 0x70203 -> Node 3
[    0.000000] ACPI: NUMA: SRAT: PXM 3 -> MPIDR 0x70300 -> Node 3
[    0.000000] ACPI: NUMA: SRAT: PXM 3 -> MPIDR 0x70301 -> Node 3
[    0.000000] ACPI: NUMA: SRAT: PXM 3 -> MPIDR 0x70302 -> Node 3
[    0.000000] ACPI: NUMA: SRAT: PXM 3 -> MPIDR 0x70303 -> Node 3
[    0.000000] percpu: Embedded 20 pages/cpu s44520 r8192 d29208 u81920
[    0.000000] pcpu-alloc: s44520 r8192 d29208 u81920 alloc=20*4096
[    0.000000] pcpu-alloc: [0] 00 [0] 01 [0] 02 [0] 03 [0] 04 [0] 05 [0] 06 [0] 07 
[    0.000000] pcpu-alloc: [0] 08 [0] 09 [0] 10 [0] 11 [0] 12 [0] 13 [0] 14 [0] 15 
[    0.000000] pcpu-alloc: [1] 16 [1] 17 [1] 18 [1] 19 [1] 20 [1] 21 [1] 22 [1] 23 
[    0.000000] pcpu-alloc: [1] 24 [1] 25 [1] 26 [1] 27 [1] 28 [1] 29 [1] 30 [1] 31 
[    0.000000] pcpu-alloc: [2] 32 [2] 33 [2] 34 [2] 35 [2] 36 [2] 37 [2] 38 [2] 39 
[    0.000000] pcpu-alloc: [2] 40 [2] 41 [2] 42 [2] 43 [2] 44 [2] 45 [2] 46 [2] 47 
[    0.000000] pcpu-alloc: [3] 48 [3] 49 [3] 50 [3] 51 [3] 52 [3] 53 [3] 54 [3] 55 
[    0.000000] pcpu-alloc: [3] 56 [3] 57 [3] 58 [3] 59 [3] 60 [3] 61 [3] 62 [3] 63 
[    0.000000] Detected PIPT I-cache on CPU0
[    0.000000] CPU features: detected: GIC system register CPU interface
[    0.000000] CPU features: detected: Spectre-v2
[    0.000000] CPU features: detected: Spectre-v3a
[    0.000000] CPU features: detected: Spectre-v4
[    0.000000] CPU features: detected: Spectre-BHB
[    0.000000] CPU features: kernel page table isolation forced ON by KASLR
[    0.000000] CPU features: detected: Kernel page table isolation (KPTI)
[    0.000000] CPU features: detected: ARM errata 1165522, 1319367, or 1530923
[    0.000000] Fallback order for Node 0: 0 2 
[    0.000000] Fallback order for Node 1: 1 0 2 
[    0.000000] Fallback order for Node 2: 2 0 
[    0.000000] Fallback order for Node 3: 3 2 0 
[    0.000000] Built 4 zonelists, mobility grouping on.  Total pages: 16481808
[    0.000000] Policy zone: Normal
[    0.000000] Kernel command line: BOOT_IMAGE=/john/Image rdinit=/init crashkernel=256M@32M console=ttyAMA0,115200 earlycon acpi=force pcie_aspm=off noinitrd root=/dev/sda2 rw log_buf_len=16M user_debug=1 iommu.strict=0 nvme.use_threaded_interrupts=1 irqchip.gicv3_pseudo_nmi=1
[    0.000000] PCIe ASPM is disabled
[    0.000000] Unknown kernel command line parameters "BOOT_IMAGE=/john/Image user_debug=1", will be passed to user space.
[    0.000000] printk: log_buf_len: 16777216 bytes
[    0.000000] printk: early log buf free: 120080(91%)
[    0.000000] mem auto-init: stack:off, heap alloc:off, heap free:off
[    0.000000] Stack Depot early init allocating hash table with memblock_alloc, 8388608 bytes
[    0.000000] software IO TLB: mapped [mem 0x0000000035930000-0x0000000039930000] (64MB)
[    0.000000] Memory: 65302732K/66973696K available (15360K kernel code, 3396K rwdata, 9152K rodata, 6912K init, 586K bss, 1638196K reserved, 32768K cma-reserved)
[    0.000000] SLUB: HWalign=64, Order=0-3, MinObjects=0, CPUs=64, Nodes=4
[    0.000000] rcu: Preemptible hierarchical RCU implementation.
[    0.000000] rcu: 	RCU event tracing is enabled.
[    0.000000] rcu: 	RCU restricting CPUs from NR_CPUS=256 to nr_cpu_ids=64.
[    0.000000] 	Trampoline variant of Tasks RCU enabled.
[    0.000000] 	Tracing variant of Tasks RCU enabled.
[    0.000000] rcu: RCU calculated value of scheduler-enlistment delay is 25 jiffies.
[    0.000000] rcu: Adjusting geometry for rcu_fanout_leaf=16, nr_cpu_ids=64
[    0.000000] NR_IRQS: 64, nr_irqs: 64, preallocated irqs: 0
[    0.000000] GICv3: GIC: Using split EOI/Deactivate mode
[    0.000000] GIC: enabling workaround for GICv3: HIP07 erratum 161010803
[    0.000000] GICv3: 988 SPIs implemented
[    0.000000] GICv3: 0 Extended SPIs implemented
[    0.000000] Root IRQ handler: gic_handle_irq
[    0.000000] GICv3: GICv3 features: 16 PPIs, DirectLPI
[    0.000000] GICv3: GICv4 features: DirectLPI 
[    0.000000] GICv3: CPU0: found redistributor 10000 region 0:0x000000004d100000
[    0.000000] SRAT: PXM 0 -> ITS 0 -> Node 0
[    0.000000] SRAT: PXM 1 -> ITS 1 -> Node 1
[    0.000000] SRAT: PXM 0 -> ITS 2 -> Node 0
[    0.000000] SRAT: PXM 1 -> ITS 3 -> Node 1
[    0.000000] SRAT: PXM 2 -> ITS 4 -> Node 2
[    0.000000] SRAT: PXM 3 -> ITS 5 -> Node 3
[    0.000000] SRAT: PXM 2 -> ITS 6 -> Node 2
[    0.000000] SRAT: PXM 3 -> ITS 7 -> Node 3
[    0.000000] ITS [mem 0x4c000000-0x4c01ffff]
[    0.000000] ITS@0x000000004c000000: Using ITS number 0
[    0.000000] GIC: enabling workaround for ITS: Hip07 erratum 161600802
[    0.000000] ITS@0x000000004c000000: allocated 524288 Devices @1040800000 (flat, esz 8, psz 16K, shr 1)
[    0.000000] ITS@0x000000004c000000: allocated 65536 Virtual CPUs @1040180000 (flat, esz 8, psz 4K, shr 1)
[    0.000000] ITS@0x000000004c000000: allocated 512 Interrupt Collections @1040143000 (flat, esz 8, psz 4K, shr 1)
[    0.000000] ITS [mem 0x6c000000-0x6c01ffff]
[    0.000000] ITS@0x000000006c000000: Using ITS number 1
[    0.000000] GIC: enabling workaround for ITS: Hip07 erratum 161600802
[    0.000000] ITS@0x000000006c000000: allocated 524288 Devices @1040c00000 (flat, esz 8, psz 16K, shr 1)
[    0.000000] ITS@0x000000006c000000: allocated 65536 Virtual CPUs @1040200000 (flat, esz 8, psz 4K, shr 1)
[    0.000000] ITS@0x000000006c000000: allocated 512 Interrupt Collections @1040144000 (flat, esz 8, psz 4K, shr 1)
[    0.000000] ITS [mem 0xc6000000-0xc601ffff]
[    0.000000] ITS@0x00000000c6000000: Using ITS number 2
[    0.000000] GIC: enabling workaround for ITS: Hip07 erratum 161600802
[    0.000000] ITS@0x00000000c6000000: allocated 524288 Devices @1041000000 (flat, esz 8, psz 16K, shr 1)
[    0.000000] ITS@0x00000000c6000000: allocated 65536 Virtual CPUs @1040280000 (flat, esz 8, psz 4K, shr 1)
[    0.000000] ITS@0x00000000c6000000: allocated 512 Interrupt Collections @1040145000 (flat, esz 8, psz 4K, shr 1)
[    0.000000] ITS [mem 0x8c6000000-0x8c601ffff]
[    0.000000] ITS@0x00000008c6000000: Using ITS number 3
[    0.000000] GIC: enabling workaround for ITS: Hip07 erratum 161600802
[    0.000000] ITS@0x00000008c6000000: allocated 524288 Devices @1041400000 (flat, esz 8, psz 16K, shr 1)
[    0.000000] ITS@0x00000008c6000000: allocated 65536 Virtual CPUs @1040380000 (flat, esz 8, psz 4K, shr 1)
[    0.000000] ITS@0x00000008c6000000: allocated 512 Interrupt Collections @1040146000 (flat, esz 8, psz 4K, shr 1)
[    0.000000] ITS [mem 0x4004c000000-0x4004c01ffff]
[    0.000000] ITS@0x000004004c000000: Using ITS number 4
[    0.000000] GIC: enabling workaround for ITS: Hip07 erratum 161600802
[    0.000000] ITS@0x000004004c000000: allocated 524288 Devices @41000400000 (flat, esz 8, psz 16K, shr 1)
[    0.000000] ITS@0x000004004c000000: allocated 65536 Virtual CPUs @41000080000 (flat, esz 8, psz 4K, shr 1)
[    0.000000] ITS@0x000004004c000000: allocated 512 Interrupt Collections @41000002000 (flat, esz 8, psz 4K, shr 1)
[    0.000000] ITS [mem 0x4006c000000-0x4006c01ffff]
[    0.000000] ITS@0x000004006c000000: Using ITS number 5
[    0.000000] GIC: enabling workaround for ITS: Hip07 erratum 161600802
[    0.000000] ITS@0x000004006c000000: allocated 524288 Devices @41000800000 (flat, esz 8, psz 16K, shr 1)
[    0.000000] ITS@0x000004006c000000: allocated 65536 Virtual CPUs @41000100000 (flat, esz 8, psz 4K, shr 1)
[    0.000000] ITS@0x000004006c000000: allocated 512 Interrupt Collections @41000003000 (flat, esz 8, psz 4K, shr 1)
[    0.000000] ITS [mem 0x400c6000000-0x400c601ffff]
[    0.000000] ITS@0x00000400c6000000: Using ITS number 6
[    0.000000] GIC: enabling workaround for ITS: Hip07 erratum 161600802
[    0.000000] ITS@0x00000400c6000000: allocated 524288 Devices @41000c00000 (flat, esz 8, psz 16K, shr 1)
[    0.000000] ITS@0x00000400c6000000: allocated 65536 Virtual CPUs @41000180000 (flat, esz 8, psz 4K, shr 1)
[    0.000000] ITS@0x00000400c6000000: allocated 512 Interrupt Collections @41000004000 (flat, esz 8, psz 4K, shr 1)
[    0.000000] ITS [mem 0x408c6000000-0x408c601ffff]
[    0.000000] ITS@0x00000408c6000000: Using ITS number 7
[    0.000000] GIC: enabling workaround for ITS: Hip07 erratum 161600802
[    0.000000] ITS@0x00000408c6000000: allocated 524288 Devices @41001000000 (flat, esz 8, psz 16K, shr 1)
[    0.000000] ITS@0x00000408c6000000: allocated 65536 Virtual CPUs @41000200000 (flat, esz 8, psz 4K, shr 1)
[    0.000000] ITS@0x00000408c6000000: allocated 512 Interrupt Collections @41000005000 (flat, esz 8, psz 4K, shr 1)
[    0.000000] GICv3: using LPI property table @0x0000001040310000
[    0.000000] ITS: Using DirectLPI for VPE invalidation
[    0.000000] ITS: Enabling GICv4 support
[    0.000000] GICv3: CPU0: using allocated LPI pending table @0x0000001040320000
[    0.000000] rcu: srcu_init: Setting srcu_struct sizes based on contention.
[    0.000000] arch_timer: Enabling global workaround for HiSilicon erratum 161010101
[    0.000000] arch_timer: CPU0: Trapping CNTVCT access
[    0.000000] arch_timer: cp15 timer(s) running at 50.00MHz (phys).
[    0.000000] clocksource: arch_sys_counter: mask: 0xffffffffffffff max_cycles: 0xb8812736b, max_idle_ns: 440795202655 ns
[    0.000000] sched_clock: 56 bits at 50MHz, resolution 20ns, wraps every 4398046511100ns
[    0.008174] Console: colour dummy device 80x25
[    0.012745] mempolicy: Enabling automatic NUMA balancing. Configure with numa_balancing= or the kernel.numa_balancing sysctl
[    0.024033] ACPI: Core revision 20220331
[    0.028031] ACPI BIOS Warning (bug): Incorrect checksum in table [DSDT] - 0x71, should be 0x6F (20220331/tbprint-178)
[    0.038796] Calibrating delay loop (skipped), value calculated using timer frequency.. 100.00 BogoMIPS (lpj=200000)
[    0.049287] pid_max: default: 65536 minimum: 512
[    0.054015] LSM: Security Framework initializing
[    0.081200] Dentry cache hash table entries: 8388608 (order: 14, 67108864 bytes, vmalloc)
[    0.100499] Inode-cache hash table entries: 4194304 (order: 13, 33554432 bytes, vmalloc)
[    0.109024] Mount-cache hash table entries: 131072 (order: 8, 1048576 bytes, vmalloc)
[    0.117240] Mountpoint-cache hash table entries: 131072 (order: 8, 1048576 bytes, vmalloc)
[    0.127212] cblist_init_generic: Setting adjustable number of callback queues.
[    0.134535] cblist_init_generic: Setting shift to 6 and lim to 1.
[    0.140736] cblist_init_generic: Setting shift to 6 and lim to 1.
[    0.146949] rcu: Hierarchical SRCU implementation.
[    0.146970] printk: bootconsole [pl11] printing thread started
[    0.157708] Platform MSI: ITS@0x4c000000 domain created
[    0.157713] Platform MSI: ITS@0x6c000000 domain created
[    0.157716] Platform MSI: ITS@0xc6000000 domain created
[    0.157719] Platform MSI: ITS@0x8c6000000 domain created
[    0.157722] Platform MSI: ITS@0x4004c000000 domain created
[    0.157728] Platform MSI: ITS@0x4006c000000 domain created
[    0.157731] Platform MSI: ITS@0x400c6000000 domain created
[    0.157734] Platform MSI: ITS@0x408c6000000 domain created
[    0.157741] PCI/MSI: ITS@0x4c000000 domain created
[    0.157744] PCI/MSI: ITS@0x6c000000 domain created
[    0.157747] PCI/MSI: ITS@0xc6000000 domain created
[    0.157750] PCI/MSI: ITS@0x8c6000000 domain created
[    0.157753] PCI/MSI: ITS@0x4004c000000 domain created
[    0.157756] PCI/MSI: ITS@0x4006c000000 domain created
[    0.157758] PCI/MSI: ITS@0x400c6000000 domain created
[    0.157761] PCI/MSI: ITS@0x408c6000000 domain created
[    0.157766] fsl-mc MSI: ITS@0x4c000000 domain created
[    0.157769] fsl-mc MSI: ITS@0x6c000000 domain created
[    0.157772] fsl-mc MSI: ITS@0xc6000000 domain created
[    0.157774] fsl-mc MSI: ITS@0x8c6000000 domain created
[    0.157776] fsl-mc MSI: ITS@0x4004c000000 domain created
[    0.157779] fsl-mc MSI: ITS@0x4006c000000 domain created
[    0.157782] fsl-mc MSI: ITS@0x400c6000000 domain created
[    0.157784] fsl-mc MSI: ITS@0x408c6000000 domain created
[    0.157802] Remapping and enabling EFI services.
[    0.159996] smp: Bringing up secondary CPUs ...
[    0.295979] Detected PIPT I-cache on CPU1
[    0.295994] GICv3: CPU1: found redistributor 10001 region 1:0x000000004d140000
[    0.296000] GICv3: CPU1: using allocated LPI pending table @0x0000001040330000
[    0.296150] arch_timer: CPU1: Trapping CNTVCT access
[    0.296155] CPU1: Booted secondary processor 0x0000010001 [0x410fd082]
[    0.298580] Detected PIPT I-cache on CPU2
[    0.298588] GICv3: CPU2: found redistributor 10002 region 2:0x000000004d180000
[    0.298594] GICv3: CPU2: using allocated LPI pending table @0x0000001040340000
[    0.298732] arch_timer: CPU2: Trapping CNTVCT access
[    0.298735] CPU2: Booted secondary processor 0x0000010002 [0x410fd082]
[    0.301157] Detected PIPT I-cache on CPU3
[    0.301166] GICv3: CPU3: found redistributor 10003 region 3:0x000000004d1c0000
[    0.301172] GICv3: CPU3: using allocated LPI pending table @0x0000001040350000
[    0.301311] arch_timer: CPU3: Trapping CNTVCT access
[    0.301314] CPU3: Booted secondary processor 0x0000010003 [0x410fd082]
[    0.392722] Detected PIPT I-cache on CPU4
[    0.392733] GICv3: CPU4: found redistributor 10100 region 4:0x000000004d200000
[    0.392739] GICv3: CPU4: using allocated LPI pending table @0x0000001040360000
[    0.392876] arch_timer: CPU4: Trapping CNTVCT access
[    0.392880] CPU4: Booted secondary processor 0x0000010100 [0x410fd082]
[    0.395321] Detected PIPT I-cache on CPU5
[    0.395329] GICv3: CPU5: found redistributor 10101 region 5:0x000000004d240000
[    0.395335] GICv3: CPU5: using allocated LPI pending table @0x0000001040370000
[    0.395472] arch_timer: CPU5: Trapping CNTVCT access
[    0.395475] CPU5: Booted secondary processor 0x0000010101 [0x410fd082]
[    0.397894] Detected PIPT I-cache on CPU6
[    0.397903] GICv3: CPU6: found redistributor 10102 region 6:0x000000004d280000
[    0.397909] GICv3: CPU6: using allocated LPI pending table @0x0000001041800000
[    0.398047] arch_timer: CPU6: Trapping CNTVCT access
[    0.398050] CPU6: Booted secondary processor 0x0000010102 [0x410fd082]
[    0.489456] Detected PIPT I-cache on CPU7
[    0.489465] GICv3: CPU7: found redistributor 10103 region 7:0x000000004d2c0000
[    0.489471] GICv3: CPU7: using allocated LPI pending table @0x0000001041810000
[    0.489607] arch_timer: CPU7: Trapping CNTVCT access
[    0.489610] CPU7: Booted secondary processor 0x0000010103 [0x410fd082]
[    0.492037] Detected PIPT I-cache on CPU8
[    0.492049] GICv3: CPU8: found redistributor 10200 region 8:0x000000004d300000
[    0.492055] GICv3: CPU8: using allocated LPI pending table @0x0000001041820000
[    0.492193] arch_timer: CPU8: Trapping CNTVCT access
[    0.492197] CPU8: Booted secondary processor 0x0000010200 [0x410fd082]
[    0.494633] Detected PIPT I-cache on CPU9
[    0.494642] GICv3: CPU9: found redistributor 10201 region 9:0x000000004d340000
[    0.494647] GICv3: CPU9: using allocated LPI pending table @0x0000001041830000
[    0.494784] arch_timer: CPU9: Trapping CNTVCT access
[    0.494787] CPU9: Booted secondary processor 0x0000010201 [0x410fd082]
[    0.586189] Detected PIPT I-cache on CPU10
[    0.586199] GICv3: CPU10: found redistributor 10202 region 10:0x000000004d380000
[    0.586205] GICv3: CPU10: using allocated LPI pending table @0x0000001041840000
[    0.586342] arch_timer: CPU10: Trapping CNTVCT access
[    0.586345] CPU10: Booted secondary processor 0x0000010202 [0x410fd082]
[    0.588771] Detected PIPT I-cache on CPU11
[    0.588781] GICv3: CPU11: found redistributor 10203 region 11:0x000000004d3c0000
[    0.588787] GICv3: CPU11: using allocated LPI pending table @0x0000001041850000
[    0.588924] arch_timer: CPU11: Trapping CNTVCT access
[    0.588927] CPU11: Booted secondary processor 0x0000010203 [0x410fd082]
[    0.591361] Detected PIPT I-cache on CPU12
[    0.591373] GICv3: CPU12: found redistributor 10300 region 12:0x000000004d400000
[    0.591379] GICv3: CPU12: using allocated LPI pending table @0x0000001041860000
[    0.591518] arch_timer: CPU12: Trapping CNTVCT access
[    0.591523] CPU12: Booted secondary processor 0x0000010300 [0x410fd082]
[    0.684509] Detected PIPT I-cache on CPU13
[    0.684520] GICv3: CPU13: found redistributor 10301 region 13:0x000000004d440000
[    0.684526] GICv3: CPU13: using allocated LPI pending table @0x0000001041870000
[    0.684662] arch_timer: CPU13: Trapping CNTVCT access
[    0.684665] CPU13: Booted secondary processor 0x0000010301 [0x410fd082]
[    0.687090] Detected PIPT I-cache on CPU14
[    0.687101] GICv3: CPU14: found redistributor 10302 region 14:0x000000004d480000
[    0.687107] GICv3: CPU14: using allocated LPI pending table @0x0000001041880000
[    0.687242] arch_timer: CPU14: Trapping CNTVCT access
[    0.687245] CPU14: Booted secondary processor 0x0000010302 [0x410fd082]
[    0.689679] Detected PIPT I-cache on CPU15
[    0.689690] GICv3: CPU15: found redistributor 10303 region 15:0x000000004d4c0000
[    0.689695] GICv3: CPU15: using allocated LPI pending table @0x0000001041890000
[    0.689831] arch_timer: CPU15: Trapping CNTVCT access
[    0.689835] CPU15: Booted secondary processor 0x0000010303 [0x410fd082]
[    0.782796] Detected PIPT I-cache on CPU16
[    0.782812] GICv3: CPU16: found redistributor 30000 region 16:0x000000006d100000
[    0.782819] GICv3: CPU16: using allocated LPI pending table @0x00000010418a0000
[    0.783000] arch_timer: CPU16: Trapping CNTVCT access
[    0.783004] CPU16: Booted secondary processor 0x0000030000 [0x410fd082]
[    0.785496] Detected PIPT I-cache on CPU17
[    0.785508] GICv3: CPU17: found redistributor 30001 region 17:0x000000006d140000
[    0.785513] GICv3: CPU17: using allocated LPI pending table @0x00000010418b0000
[    0.785692] arch_timer: CPU17: Trapping CNTVCT access
[    0.785695] CPU17: Booted secondary processor 0x0000030001 [0x410fd082]
[    0.788100] Detected PIPT I-cache on CPU18
[    0.788112] GICv3: CPU18: found redistributor 30002 region 18:0x000000006d180000
[    0.788118] GICv3: CPU18: using allocated LPI pending table @0x00000010418c0000
[    0.788296] arch_timer: CPU18: Trapping CNTVCT access
[    0.788299] CPU18: Booted secondary processor 0x0000030002 [0x410fd082]
[    0.881137] Detected PIPT I-cache on CPU19
[    0.881150] GICv3: CPU19: found redistributor 30003 region 19:0x000000006d1c0000
[    0.881156] GICv3: CPU19: using allocated LPI pending table @0x00000010418d0000
[    0.881334] arch_timer: CPU19: Trapping CNTVCT access
[    0.881337] CPU19: Booted secondary processor 0x0000030003 [0x410fd082]
[    0.883754] Detected PIPT I-cache on CPU20
[    0.883772] GICv3: CPU20: found redistributor 30100 region 20:0x000000006d200000
[    0.883779] GICv3: CPU20: using allocated LPI pending table @0x00000010418e0000
[    0.883960] arch_timer: CPU20: Trapping CNTVCT access
[    0.883965] CPU20: Booted secondary processor 0x0000030100 [0x410fd082]
[    0.886390] Detected PIPT I-cache on CPU21
[    0.886403] GICv3: CPU21: found redistributor 30101 region 21:0x000000006d240000
[    0.886409] GICv3: CPU21: using allocated LPI pending table @0x00000010418f0000
[    0.886587] arch_timer: CPU21: Trapping CNTVCT access
[    0.886590] CPU21: Booted secondary processor 0x0000030101 [0x410fd082]
[    0.979467] Detected PIPT I-cache on CPU22
[    0.979480] GICv3: CPU22: found redistributor 30102 region 22:0x000000006d280000
[    0.979487] GICv3: CPU22: using allocated LPI pending table @0x0000001041900000
[    0.979666] arch_timer: CPU22: Trapping CNTVCT access
[    0.979670] CPU22: Booted secondary processor 0x0000030102 [0x410fd082]
[    0.982085] Detected PIPT I-cache on CPU23
[    0.982100] GICv3: CPU23: found redistributor 30103 region 23:0x000000006d2c0000
[    0.982106] GICv3: CPU23: using allocated LPI pending table @0x0000001041910000
[    0.982284] arch_timer: CPU23: Trapping CNTVCT access
[    0.982288] CPU23: Booted secondary processor 0x0000030103 [0x410fd082]
[    0.984700] Detected PIPT I-cache on CPU24
[    0.984719] GICv3: CPU24: found redistributor 30200 region 24:0x000000006d300000
[    0.984726] GICv3: CPU24: using allocated LPI pending table @0x0000001041920000
[    0.984907] arch_timer: CPU24: Trapping CNTVCT access
[    0.984912] CPU24: Booted secondary processor 0x0000030200 [0x410fd082]
[    1.077824] Detected PIPT I-cache on CPU25
[    1.077838] GICv3: CPU25: found redistributor 30201 region 25:0x000000006d340000
[    1.077845] GICv3: CPU25: using allocated LPI pending table @0x0000001041930000
[    1.078025] arch_timer: CPU25: Trapping CNTVCT access
[    1.078028] CPU25: Booted secondary processor 0x0000030201 [0x410fd082]
[    1.080443] Detected PIPT I-cache on CPU26
[    1.080457] GICv3: CPU26: found redistributor 30202 region 26:0x000000006d380000
[    1.080463] GICv3: CPU26: using allocated LPI pending table @0x0000001041940000
[    1.080642] arch_timer: CPU26: Trapping CNTVCT access
[    1.080646] CPU26: Booted secondary processor 0x0000030202 [0x410fd082]
[    1.083058] Detected PIPT I-cache on CPU27
[    1.083072] GICv3: CPU27: found redistributor 30203 region 27:0x000000006d3c0000
[    1.083079] GICv3: CPU27: using allocated LPI pending table @0x0000001041950000
[    1.083257] arch_timer: CPU27: Trapping CNTVCT access
[    1.083261] CPU27: Booted secondary processor 0x0000030203 [0x410fd082]
[    1.176156] Detected PIPT I-cache on CPU28
[    1.176176] GICv3: CPU28: found redistributor 30300 region 28:0x000000006d400000
[    1.176184] GICv3: CPU28: using allocated LPI pending table @0x0000001041960000
[    1.176366] arch_timer: CPU28: Trapping CNTVCT access
[    1.176371] CPU28: Booted secondary processor 0x0000030300 [0x410fd082]
[    1.178816] Detected PIPT I-cache on CPU29
[    1.178830] GICv3: CPU29: found redistributor 30301 region 29:0x000000006d440000
[    1.178837] GICv3: CPU29: using allocated LPI pending table @0x0000001041970000
[    1.179016] arch_timer: CPU29: Trapping CNTVCT access
[    1.179019] CPU29: Booted secondary processor 0x0000030301 [0x410fd082]
[    1.181423] Detected PIPT I-cache on CPU30
[    1.181437] GICv3: CPU30: found redistributor 30302 region 30:0x000000006d480000
[    1.181444] GICv3: CPU30: using allocated LPI pending table @0x0000001041980000
[    1.181623] arch_timer: CPU30: Trapping CNTVCT access
[    1.181626] CPU30: Booted secondary processor 0x0000030302 [0x410fd082]
[    1.274501] Detected PIPT I-cache on CPU31
[    1.274517] GICv3: CPU31: found redistributor 30303 region 31:0x000000006d4c0000
[    1.274524] GICv3: CPU31: using allocated LPI pending table @0x0000001041990000
[    1.274701] arch_timer: CPU31: Trapping CNTVCT access
[    1.274705] CPU31: Booted secondary processor 0x0000030303 [0x410fd082]
[    1.277315] Detected PIPT I-cache on CPU32
[    1.277371] GICv3: CPU32: found redistributor 50000 region 32:0x000004004d100000
[    1.277391] GICv3: CPU32: using allocated LPI pending table @0x00000010419a0000
[    1.277571] arch_timer: CPU32: Trapping CNTVCT access
[    1.277581] CPU32: Booted secondary processor 0x0000050000 [0x410fd082]
[    1.280432] Detected PIPT I-cache on CPU33
[    1.280465] GICv3: CPU33: found redistributor 50001 region 33:0x000004004d140000
[    1.280475] GICv3: CPU33: using allocated LPI pending table @0x00000010419b0000
[    1.280614] arch_timer: CPU33: Trapping CNTVCT access
[    1.280617] CPU33: Booted secondary processor 0x0000050001 [0x410fd082]
[    1.373047] Detected PIPT I-cache on CPU34
[    1.373081] GICv3: CPU34: found redistributor 50002 region 34:0x000004004d180000
[    1.373092] GICv3: CPU34: using allocated LPI pending table @0x00000010419c0000
[    1.373228] arch_timer: CPU34: Trapping CNTVCT access
[    1.373231] CPU34: Booted secondary processor 0x0000050002 [0x410fd082]
[    1.375839] Detected PIPT I-cache on CPU35
[    1.375872] GICv3: CPU35: found redistributor 50003 region 35:0x000004004d1c0000
[    1.375882] GICv3: CPU35: using allocated LPI pending table @0x00000010419d0000
[    1.376021] arch_timer: CPU35: Trapping CNTVCT access
[    1.376024] CPU35: Booted secondary processor 0x0000050003 [0x410fd082]
[    1.378625] Detected PIPT I-cache on CPU36
[    1.378660] GICv3: CPU36: found redistributor 50100 region 36:0x000004004d200000
[    1.378670] GICv3: CPU36: using allocated LPI pending table @0x00000010419e0000
[    1.378811] arch_timer: CPU36: Trapping CNTVCT access
[    1.378815] CPU36: Booted secondary processor 0x0000050100 [0x410fd082]
[    1.471593] Detected PIPT I-cache on CPU37
[    1.471627] GICv3: CPU37: found redistributor 50101 region 37:0x000004004d240000
[    1.471637] GICv3: CPU37: using allocated LPI pending table @0x00000010419f0000
[    1.471776] arch_timer: CPU37: Trapping CNTVCT access
[    1.471780] CPU37: Booted secondary processor 0x0000050101 [0x410fd082]
[    1.474385] Detected PIPT I-cache on CPU38
[    1.474418] GICv3: CPU38: found redistributor 50102 region 38:0x000004004d280000
[    1.474429] GICv3: CPU38: using allocated LPI pending table @0x0000001041a00000
[    1.474566] arch_timer: CPU38: Trapping CNTVCT access
[    1.474569] CPU38: Booted secondary processor 0x0000050102 [0x410fd082]
[    1.477176] Detected PIPT I-cache on CPU39
[    1.477210] GICv3: CPU39: found redistributor 50103 region 39:0x000004004d2c0000
[    1.477220] GICv3: CPU39: using allocated LPI pending table @0x0000001041a10000
[    1.477357] arch_timer: CPU39: Trapping CNTVCT access
[    1.477360] CPU39: Booted secondary processor 0x0000050103 [0x410fd082]
[    1.570208] Detected PIPT I-cache on CPU40
[    1.570246] GICv3: CPU40: found redistributor 50200 region 40:0x000004004d300000
[    1.570257] GICv3: CPU40: using allocated LPI pending table @0x0000001041a20000
[    1.570397] arch_timer: CPU40: Trapping CNTVCT access
[    1.570400] CPU40: Booted secondary processor 0x0000050200 [0x410fd082]
[    1.573024] Detected PIPT I-cache on CPU41
[    1.573058] GICv3: CPU41: found redistributor 50201 region 41:0x000004004d340000
[    1.573068] GICv3: CPU41: using allocated LPI pending table @0x0000001041a30000
[    1.573206] arch_timer: CPU41: Trapping CNTVCT access
[    1.573209] CPU41: Booted secondary processor 0x0000050201 [0x410fd082]
[    1.575806] Detected PIPT I-cache on CPU42
[    1.575841] GICv3: CPU42: found redistributor 50202 region 42:0x000004004d380000
[    1.575851] GICv3: CPU42: using allocated LPI pending table @0x0000001041a40000
[    1.575989] arch_timer: CPU42: Trapping CNTVCT access
[    1.575992] CPU42: Booted secondary processor 0x0000050202 [0x410fd082]
[    1.668812] Detected PIPT I-cache on CPU43
[    1.668848] GICv3: CPU43: found redistributor 50203 region 43:0x000004004d3c0000
[    1.668858] GICv3: CPU43: using allocated LPI pending table @0x0000001041a50000
[    1.668995] arch_timer: CPU43: Trapping CNTVCT access
[    1.668998] CPU43: Booted secondary processor 0x0000050203 [0x410fd082]
[    1.671615] Detected PIPT I-cache on CPU44
[    1.671652] GICv3: CPU44: found redistributor 50300 region 44:0x000004004d400000
[    1.671664] GICv3: CPU44: using allocated LPI pending table @0x0000001041a60000
[    1.671803] arch_timer: CPU44: Trapping CNTVCT access
[    1.671807] CPU44: Booted secondary processor 0x0000050300 [0x410fd082]
[    1.674420] Detected PIPT I-cache on CPU45
[    1.674455] GICv3: CPU45: found redistributor 50301 region 45:0x000004004d440000
[    1.674465] GICv3: CPU45: using allocated LPI pending table @0x0000001041a70000
[    1.674602] arch_timer: CPU45: Trapping CNTVCT access
[    1.674606] CPU45: Booted secondary processor 0x0000050301 [0x410fd082]
[    1.767335] Detected PIPT I-cache on CPU46
[    1.767371] GICv3: CPU46: found redistributor 50302 region 46:0x000004004d480000
[    1.767382] GICv3: CPU46: using allocated LPI pending table @0x0000001041a80000
[    1.767520] arch_timer: CPU46: Trapping CNTVCT access
[    1.767523] CPU46: Booted secondary processor 0x0000050302 [0x410fd082]
[    1.770145] Detected PIPT I-cache on CPU47
[    1.770180] GICv3: CPU47: found redistributor 50303 region 47:0x000004004d4c0000
[    1.770191] GICv3: CPU47: using allocated LPI pending table @0x0000001041a90000
[    1.770329] arch_timer: CPU47: Trapping CNTVCT access
[    1.770332] CPU47: Booted secondary processor 0x0000050303 [0x410fd082]
[    1.772985] Detected PIPT I-cache on CPU48
[    1.773028] GICv3: CPU48: found redistributor 70000 region 48:0x000004006d100000
[    1.773041] GICv3: CPU48: using allocated LPI pending table @0x0000001041aa0000
[    1.773223] arch_timer: CPU48: Trapping CNTVCT access
[    1.773228] CPU48: Booted secondary processor 0x0000070000 [0x410fd082]
[    1.866041] Detected PIPT I-cache on CPU49
[    1.866081] GICv3: CPU49: found redistributor 70001 region 49:0x000004006d140000
[    1.866093] GICv3: CPU49: using allocated LPI pending table @0x0000001041ab0000
[    1.866272] arch_timer: CPU49: Trapping CNTVCT access
[    1.866275] CPU49: Booted secondary processor 0x0000070001 [0x410fd082]
[    1.868916] Detected PIPT I-cache on CPU50
[    1.868955] GICv3: CPU50: found redistributor 70002 region 50:0x000004006d180000
[    1.868966] GICv3: CPU50: using allocated LPI pending table @0x0000001041ac0000
[    1.869145] arch_timer: CPU50: Trapping CNTVCT access
[    1.869149] CPU50: Booted secondary processor 0x0000070002 [0x410fd082]
[    1.871792] Detected PIPT I-cache on CPU51
[    1.871831] GICv3: CPU51: found redistributor 70003 region 51:0x000004006d1c0000
[    1.871843] GICv3: CPU51: using allocated LPI pending table @0x0000001041ad0000
[    1.872021] arch_timer: CPU51: Trapping CNTVCT access
[    1.872024] CPU51: Booted secondary processor 0x0000070003 [0x410fd082]
[    1.964776] Detected PIPT I-cache on CPU52
[    1.964820] GICv3: CPU52: found redistributor 70100 region 52:0x000004006d200000
[    1.964834] GICv3: CPU52: using allocated LPI pending table @0x0000001041ae0000
[    1.965017] arch_timer: CPU52: Trapping CNTVCT access
[    1.965022] CPU52: Booted secondary processor 0x0000070100 [0x410fd082]
[    1.967723] Detected PIPT I-cache on CPU53
[    1.967763] GICv3: CPU53: found redistributor 70101 region 53:0x000004006d240000
[    1.967775] GICv3: CPU53: using allocated LPI pending table @0x0000001041af0000
[    1.967954] arch_timer: CPU53: Trapping CNTVCT access
[    1.967957] CPU53: Booted secondary processor 0x0000070101 [0x410fd082]
[    1.970594] Detected PIPT I-cache on CPU54
[    1.970634] GICv3: CPU54: found redistributor 70102 region 54:0x000004006d280000
[    1.970646] GICv3: CPU54: using allocated LPI pending table @0x0000001041b00000
[    1.970825] arch_timer: CPU54: Trapping CNTVCT access
[    1.970828] CPU54: Booted secondary processor 0x0000070102 [0x410fd082]
[    2.063479] Detected PIPT I-cache on CPU55
[    2.063520] GICv3: CPU55: found redistributor 70103 region 55:0x000004006d2c0000
[    2.063532] GICv3: CPU55: using allocated LPI pending table @0x0000001041b10000
[    2.063712] arch_timer: CPU55: Trapping CNTVCT access
[    2.063715] CPU55: Booted secondary processor 0x0000070103 [0x410fd082]
[    2.066370] Detected PIPT I-cache on CPU56
[    2.066416] GICv3: CPU56: found redistributor 70200 region 56:0x000004006d300000
[    2.066429] GICv3: CPU56: using allocated LPI pending table @0x0000001041b20000
[    2.066612] arch_timer: CPU56: Trapping CNTVCT access
[    2.066617] CPU56: Booted secondary processor 0x0000070200 [0x410fd082]
[    2.069293] Detected PIPT I-cache on CPU57
[    2.069334] GICv3: CPU57: found redistributor 70201 region 57:0x000004006d340000
[    2.069346] GICv3: CPU57: using allocated LPI pending table @0x0000001041b30000
[    2.069526] arch_timer: CPU57: Trapping CNTVCT access
[    2.069529] CPU57: Booted secondary processor 0x0000070201 [0x410fd082]
[    2.162117] Detected PIPT I-cache on CPU58
[    2.162159] GICv3: CPU58: found redistributor 70202 region 58:0x000004006d380000
[    2.162171] GICv3: CPU58: using allocated LPI pending table @0x0000001041b40000
[    2.162351] arch_timer: CPU58: Trapping CNTVCT access
[    2.162354] CPU58: Booted secondary processor 0x0000070202 [0x410fd082]
[    2.165009] Detected PIPT I-cache on CPU59
[    2.165050] GICv3: CPU59: found redistributor 70203 region 59:0x000004006d3c0000
[    2.165061] GICv3: CPU59: using allocated LPI pending table @0x0000001041b50000
[    2.165241] arch_timer: CPU59: Trapping CNTVCT access
[    2.165244] CPU59: Booted secondary processor 0x0000070203 [0x410fd082]
[    2.167885] Detected PIPT I-cache on CPU60
[    2.167932] GICv3: CPU60: found redistributor 70300 region 60:0x000004006d400000
[    2.167946] GICv3: CPU60: using allocated LPI pending table @0x0000001041b60000
[    2.168130] arch_timer: CPU60: Trapping CNTVCT access
[    2.168134] CPU60: Booted secondary processor 0x0000070300 [0x410fd082]
[    2.260753] Detected PIPT I-cache on CPU61
[    2.260795] GICv3: CPU61: found redistributor 70301 region 61:0x000004006d440000
[    2.260807] GICv3: CPU61: using allocated LPI pending table @0x0000001041b70000
[    2.260987] arch_timer: CPU61: Trapping CNTVCT access
[    2.260990] CPU61: Booted secondary processor 0x0000070301 [0x410fd082]
[    2.263642] Detected PIPT I-cache on CPU62
[    2.263683] GICv3: CPU62: found redistributor 70302 region 62:0x000004006d480000
[    2.263696] GICv3: CPU62: using allocated LPI pending table @0x0000001041b80000
[    2.263875] arch_timer: CPU62: Trapping CNTVCT access
[    2.263878] CPU62: Booted secondary processor 0x0000070302 [0x410fd082]
[    2.266537] Detected PIPT I-cache on CPU63
[    2.266579] GICv3: CPU63: found redistributor 70303 region 63:0x000004006d4c0000
[    2.266590] GICv3: CPU63: using allocated LPI pending table @0x0000001041b90000
[    2.266770] arch_timer: CPU63: Trapping CNTVCT access
[    2.266773] CPU63: Booted secondary processor 0x0000070303 [0x410fd082]
[    2.356874] smp: Brought up 4 nodes, 64 CPUs
[    2.356878] SMP: Total of 64 processors activated.
[    2.356880] CPU features: detected: 32-bit EL0 Support
[    2.356882] CPU features: detected: 32-bit EL1 Support
[    2.356884] CPU features: detected: CRC32 instructions
[    2.359434] CPU: All CPU(s) started at EL2
[    2.359577] alternatives: patching kernel code
[    2.365662] devtmpfs: initialized
[    2.366295] KASLR disabled due to lack of seed
[    2.366400] clocksource: jiffies: mask: 0xffffffff max_cycles: 0xffffffff, max_idle_ns: 7645041785100000 ns
[    2.366487] futex hash table entries: 16384 (order: 8, 1048576 bytes, vmalloc)
[    2.367102] pinctrl core: initialized pinctrl subsystem
[    2.367446] SMBIOS 3.0.0 present.
[    2.367452] DMI: Huawei Taishan 2280 /D05, BIOS Hisilicon D05 IT21 Nemo 2.0 RC0 04/18/2018
[    2.367873] NET: Registered PF_NETLINK/PF_ROUTE protocol family
[    2.369813] DMA: preallocated 4096 KiB GFP_KERNEL pool for atomic allocations
[    2.370697] DMA: preallocated 4096 KiB GFP_KERNEL|GFP_DMA pool for atomic allocations
[    2.371468] DMA: preallocated 4096 KiB GFP_KERNEL|GFP_DMA32 pool for atomic allocations
[    2.371535] audit: initializing netlink subsys (disabled)
[    2.371600] audit: type=2000 audit(2.308:1): state=initialized audit_enabled=0 res=1
[    2.371905] thermal_sys: Registered thermal governor 'step_wise'
[    2.371908] thermal_sys: Registered thermal governor 'power_allocator'
[    2.371939] cpuidle: using governor menu
[    2.372127] hw-breakpoint: found 6 breakpoint and 4 watchpoint registers.
[    2.372917] ASID allocator initialised with 32768 entries
[    2.372921] HugeTLB: can optimize 4095 vmemmap pages for hugepages-1048576kB
[    2.372924] HugeTLB: can optimize 127 vmemmap pages for hugepages-32768kB
[    2.372926] HugeTLB: can optimize 7 vmemmap pages for hugepages-2048kB
[    2.372928] HugeTLB: can optimize 0 vmemmap pages for hugepages-64kB
[    2.373206] acpiphp: ACPI Hot Plug PCI Controller Driver version: 0.5
[    2.373350] Serial: AMBA PL011 UART driver
[    2.377800] HugeTLB registered 1.00 GiB page size, pre-allocated 0 pages
[    2.377811] HugeTLB registered 32.0 MiB page size, pre-allocated 0 pages
[    2.377813] HugeTLB registered 2.00 MiB page size, pre-allocated 0 pages
[    2.377815] HugeTLB registered 64.0 KiB page size, pre-allocated 0 pages
[    2.379846] ACPI: Added _OSI(Module Device)
[    2.379848] ACPI: Added _OSI(Processor Device)
[    2.379850] ACPI: Added _OSI(3.0 _SCP Extensions)
[    2.379852] ACPI: Added _OSI(Processor Aggregator Device)
[    2.379854] ACPI: Added _OSI(Linux-Dell-Video)
[    2.379857] ACPI: Added _OSI(Linux-Lenovo-NV-HDMI-Audio)
[    2.379859] ACPI: Added _OSI(Linux-HPI-Hybrid-Graphics)
[    2.382450] ACPI: 1 ACPI AML tables successfully acquired and loaded
[    2.384088] ACPI: Interpreter enabled
[    2.384089] ACPI: Using GIC for interrupt routing
[    2.384101] ACPI: MCFG table detected, 8 entries
[    2.384106] ACPI: IORT: SMMU-v3[a0040000] Mapped to Proximity domain 0
[    2.384162] ACPI: IORT: SMMU-v3[700a0040000] Mapped to Proximity domain 3
[    2.384202] ACPI: IORT: SMMU-v3[c0040000] Mapped to Proximity domain 0
[    2.384244] ACPI: IORT: SMMU-v3[8a0040000] Mapped to Proximity domain 1
[    2.384283] ACPI: IORT: SMMU-v3[600a0040000] Mapped to Proximity domain 2
[    2.415998] ACPI: PCI Root Bridge [PCI2] (domain 0002 [bus f8-ff])
[    2.416006] acpi PNP0A08:00: _OSC: OS supports [ExtendedConfig Segments MSI HPX-Type3]
[    2.416009] acpi PNP0A08:00: _OSC: not requesting OS control; OS requires [ExtendedConfig ASPM ClockPM MSI]
[    2.416086] acpi PNP0A08:00: MCFG quirk: ECAM at [mem 0xaf800000-0xafffffff] for [bus f8-ff] with hisi_pcie_ops
[    2.417138] acpi PNP0A08:00: ECAM area [mem 0xaf800000-0xafffffff] reserved by PNP0C02:00
[    2.417574] acpi PNP0A08:00: ECAM at [mem 0xaf800000-0xafffffff] for [bus f8-ff]
[    2.417606] ACPI: Remapped I/O 0x00000000af7f0000 to [io  0x0000-0xffff window]
[    2.417655] PCI host bridge to bus 0002:f8
[    2.417658] pci_bus 0002:f8: root bus resource [mem 0xa8000000-0xaf7effff window]
[    2.417661] pci_bus 0002:f8: root bus resource [io  0x0000-0xffff window]
[    2.417663] pci_bus 0002:f8: root bus resource [bus f8-ff]
[    2.417681] pci 0002:f8:00.0: [19e5:1610] type 01 class 0x060400
[    2.417685] pci_bus 0002:f8: 2-byte config write to 0002:f8:00.0 offset 0x4 may corrupt adjacent RW1C bits
[    2.417693] pci 0002:f8:00.0: reg 0x10: [mem 0x00000000-0x0000ffff]
[    2.417726] pci 0002:f8:00.0: supports D1 D2
[    2.417728] pci 0002:f8:00.0: PME# supported from D0 D1 D3hot
[    2.417844] pci 0002:f9:00.0: [9710:9912] type 00 class 0x070002
[    2.417866] pci 0002:f9:00.0: reg 0x10: [io  0x0000-0x0007]
[    2.417876] pci 0002:f9:00.0: reg 0x14: [mem 0xa8005000-0xa8005fff]
[    2.417912] pci 0002:f9:00.0: reg 0x24: [mem 0xa8004000-0xa8004fff]
[    2.418004] pci 0002:f9:00.0: PME# supported from D3hot D3cold
[    2.418121] pci 0002:f9:00.1: [9710:9912] type 00 class 0x070002
[    2.418142] pci 0002:f9:00.1: reg 0x10: [io  0x0000-0x0007]
[    2.418152] pci 0002:f9:00.1: reg 0x14: [mem 0xa8003000-0xa8003fff]
[    2.418188] pci 0002:f9:00.1: reg 0x24: [mem 0xa8002000-0xa8002fff]
[    2.418266] pci 0002:f9:00.1: PME# supported from D3hot D3cold
[    2.418361] pci 0002:f9:00.2: [9710:9912] type 00 class 0x070103
[    2.418383] pci 0002:f9:00.2: reg 0x10: [io  0x0000-0x0007]
[    2.418393] pci 0002:f9:00.2: reg 0x14: [io  0x0000-0x0007]
[    2.418405] pci 0002:f9:00.2: reg 0x18: [mem 0xa8001000-0xa8001fff]
[    2.418432] pci 0002:f9:00.2: reg 0x24: [mem 0xa8000000-0xa8000fff]
[    2.418510] pci 0002:f9:00.2: PME# supported from D3hot D3cold
[    2.418598] pci_bus 0002:f8: on NUMA node 0
[    2.418607] pci 0002:f8:00.0: BAR 14: assigned [mem 0xa8000000-0xa80fffff]
[    2.418610] pci 0002:f8:00.0: BAR 0: assigned [mem 0xa8100000-0xa810ffff]
[    2.418614] pci 0002:f8:00.0: BAR 13: assigned [io  0x1000-0x1fff]
[    2.418618] pci 0002:f9:00.0: BAR 1: assigned [mem 0xa8000000-0xa8000fff]
[    2.418624] pci 0002:f9:00.0: BAR 5: assigned [mem 0xa8001000-0xa8001fff]
[    2.418629] pci 0002:f9:00.1: BAR 1: assigned [mem 0xa8002000-0xa8002fff]
[    2.418635] pci 0002:f9:00.1: BAR 5: assigned [mem 0xa8003000-0xa8003fff]
[    2.418641] pci 0002:f9:00.2: BAR 2: assigned [mem 0xa8004000-0xa8004fff]
[    2.418646] pci 0002:f9:00.2: BAR 5: assigned [mem 0xa8005000-0xa8005fff]
[    2.418652] pci 0002:f9:00.0: BAR 0: assigned [io  0x1000-0x1007]
[    2.418658] pci 0002:f9:00.1: BAR 0: assigned [io  0x1008-0x100f]
[    2.418664] pci 0002:f9:00.2: BAR 0: assigned [io  0x1010-0x1017]
[    2.418670] pci 0002:f9:00.2: BAR 1: assigned [io  0x1018-0x101f]
[    2.418677] pci 0002:f8:00.0: PCI bridge to [bus f9]
[    2.418680] pci 0002:f8:00.0:   bridge window [io  0x1000-0x1fff]
[    2.418683] pci 0002:f8:00.0:   bridge window [mem 0xa8000000-0xa80fffff]
[    2.418687] pci_bus 0002:f8: resource 4 [mem 0xa8000000-0xaf7effff window]
[    2.418690] pci_bus 0002:f8: resource 5 [io  0x0000-0xffff window]
[    2.418692] pci_bus 0002:f9: resource 0 [io  0x1000-0x1fff]
[    2.418695] pci_bus 0002:f9: resource 1 [mem 0xa8000000-0xa80fffff]
[    2.418862] ACPI: PCI Root Bridge [PCI4] (domain 0004 [bus 88-8f])
[    2.418867] acpi PNP0A08:01: _OSC: OS supports [ExtendedConfig Segments MSI HPX-Type3]
[    2.418870] acpi PNP0A08:01: _OSC: not requesting OS control; OS requires [ExtendedConfig ASPM ClockPM MSI]
[    2.418942] acpi PNP0A08:01: MCFG quirk: ECAM at [mem 0x8a8800000-0x8a8ffffff] for [bus 88-8f] with hisi_pcie_ops
[    2.420287] acpi PNP0A08:01: ECAM area [mem 0x8a8800000-0x8a8ffffff] reserved by PNP0C02:01
[    2.420759] acpi PNP0A08:01: ECAM at [mem 0x8a8800000-0x8a8ffffff] for [bus 88-8f]
[    2.420788] ACPI: Remapped I/O 0x00000008abff0000 to [io  0x10000-0x1ffff window]
[    2.420832] PCI host bridge to bus 0004:88
[    2.420835] pci_bus 0004:88: root bus resource [mem 0x8a9000000-0x8abfeffff window] (bus address [0xa9000000-0xabfeffff])
[    2.420838] pci_bus 0004:88: root bus resource [io  0x10000-0x1ffff window] (bus address [0x0000-0xffff])
[    2.420841] pci_bus 0004:88: root bus resource [bus 88-8f]
[    2.420853] pci 0004:88:00.0: [19e5:1610] type 01 class 0x060400
[    2.420856] pci_bus 0004:88: 2-byte config write to 0004:88:00.0 offset 0x4 may corrupt adjacent RW1C bits
[    2.420864] pci 0004:88:00.0: reg 0x10: [mem 0x00000000-0x0000ffff]
[    2.420895] pci 0004:88:00.0: supports D1 D2
[    2.420897] pci 0004:88:00.0: PME# supported from D0 D1 D3hot
[    2.472196] pci_bus 0004:88: on NUMA node 1
[    2.472200] pci 0004:88:00.0: BAR 0: assigned [mem 0x8a9000000-0x8a900ffff]
[    2.472204] pci 0004:88:00.0: PCI bridge to [bus 89]
[    2.472209] pci_bus 0004:88: resource 4 [mem 0x8a9000000-0x8abfeffff window]
[    2.472212] pci_bus 0004:88: resource 5 [io  0x10000-0x1ffff window]
[    2.472393] ACPI: PCI Root Bridge [PCI5] (domain 0005 [bus 78-7f])
[    2.472398] acpi PNP0A08:02: _OSC: OS supports [ExtendedConfig Segments MSI HPX-Type3]
[    2.472401] acpi PNP0A08:02: _OSC: not requesting OS control; OS requires [ExtendedConfig ASPM ClockPM MSI]
[    2.472473] acpi PNP0A08:02: MCFG quirk: ECAM at [mem 0x8b7800000-0x8b7ffffff] for [bus 78-7f] with hisi_pcie_ops
[    2.473823] acpi PNP0A08:02: ECAM area [mem 0x8b7800000-0x8b7ffffff] reserved by PNP0C02:01
[    2.474335] acpi PNP0A08:02: ECAM at [mem 0x8b7800000-0x8b7ffffff] for [bus 78-7f]
[    2.474363] ACPI: Remapped I/O 0x00000008b77f0000 to [io  0x20000-0x2ffff window]
[    2.474408] PCI host bridge to bus 0005:78
[    2.474411] pci_bus 0005:78: root bus resource [mem 0x8b0000000-0x8b77effff window] (bus address [0xb0000000-0xb77effff])
[    2.474414] pci_bus 0005:78: root bus resource [io  0x20000-0x2ffff window] (bus address [0x0000-0xffff])
[    2.474417] pci_bus 0005:78: root bus resource [bus 78-7f]
[    2.474429] pci 0005:78:00.0: [19e5:1610] type 01 class 0x060400
[    2.474432] pci_bus 0005:78: 2-byte config write to 0005:78:00.0 offset 0x4 may corrupt adjacent RW1C bits
[    2.474440] pci 0005:78:00.0: reg 0x10: [mem 0x00000000-0x00000fff]
[    2.474448] pci 0005:78:00.0: reg 0x38: [mem 0xfffe0000-0xffffffff pref]
[    2.474476] pci 0005:78:00.0: supports D1 D2
[    2.474478] pci 0005:78:00.0: PME# supported from D0 D1 D3hot
[    2.525776] pci_bus 0005:78: on NUMA node 1
[    2.525780] pci 0005:78:00.0: BAR 6: assigned [mem 0x8b0000000-0x8b001ffff pref]
[    2.525784] pci 0005:78:00.0: BAR 0: assigned [mem 0x8b0020000-0x8b0020fff]
[    2.525787] pci 0005:78:00.0: PCI bridge to [bus 79]
[    2.525793] pci_bus 0005:78: resource 4 [mem 0x8b0000000-0x8b77effff window]
[    2.525795] pci_bus 0005:78: resource 5 [io  0x20000-0x2ffff window]
[    2.525971] ACPI: PCI Root Bridge [PCI6] (domain 0006 [bus c0-c7])
[    2.525976] acpi PNP0A08:03: _OSC: OS supports [ExtendedConfig Segments MSI HPX-Type3]
[    2.525979] acpi PNP0A08:03: _OSC: not requesting OS control; OS requires [ExtendedConfig ASPM ClockPM MSI]
[    2.526051] acpi PNP0A08:03: MCFG quirk: ECAM at [mem 0x8ac000000-0x8ac7fffff] for [bus c0-c7] with hisi_pcie_ops
[    2.527398] acpi PNP0A08:03: ECAM area [mem 0x8ac000000-0x8ac7fffff] reserved by PNP0C02:01
[    2.527952] acpi PNP0A08:03: ECAM at [mem 0x8ac000000-0x8ac7fffff] for [bus c0-c7]
[    2.527981] ACPI: Remapped I/O 0x00000008afff0000 to [io  0x30000-0x3ffff window]
[    2.528031] PCI host bridge to bus 0006:c0
[    2.528034] pci_bus 0006:c0: root bus resource [mem 0x8ac900000-0x8affeffff window] (bus address [0xac900000-0xaffeffff])
[    2.528037] pci_bus 0006:c0: root bus resource [io  0x30000-0x3ffff window] (bus address [0x0000-0xffff])
[    2.528040] pci_bus 0006:c0: root bus resource [bus c0-c7]
[    2.528052] pci 0006:c0:00.0: [19e5:1610] type 01 class 0x060400
[    2.528056] pci_bus 0006:c0: 2-byte config write to 0006:c0:00.0 offset 0x4 may corrupt adjacent RW1C bits
[    2.528064] pci 0006:c0:00.0: reg 0x10: [mem 0x00000000-0x0000ffff]
[    2.528095] pci 0006:c0:00.0: supports D1 D2
[    2.528096] pci 0006:c0:00.0: PME# supported from D0 D1 D3hot
[    2.579406] pci_bus 0006:c0: on NUMA node 1
[    2.579410] pci 0006:c0:00.0: BAR 0: assigned [mem 0x8ac900000-0x8ac90ffff]
[    2.579414] pci 0006:c0:00.0: PCI bridge to [bus c1]
[    2.579419] pci_bus 0006:c0: resource 4 [mem 0x8ac900000-0x8affeffff window]
[    2.579422] pci_bus 0006:c0: resource 5 [io  0x30000-0x3ffff window]
[    2.579600] ACPI: PCI Root Bridge [PCI7] (domain 0007 [bus 90-97])
[    2.579605] acpi PNP0A08:04: _OSC: OS supports [ExtendedConfig Segments MSI HPX-Type3]
[    2.579607] acpi PNP0A08:04: _OSC: not requesting OS control; OS requires [ExtendedConfig ASPM ClockPM MSI]
[    2.579679] acpi PNP0A08:04: MCFG quirk: ECAM at [mem 0x8b9000000-0x8b97fffff] for [bus 90-97] with hisi_pcie_ops
[    2.581029] acpi PNP0A08:04: ECAM area [mem 0x8b9000000-0x8b97fffff] reserved by PNP0C02:01
[    2.581622] acpi PNP0A08:04: ECAM at [mem 0x8b9000000-0x8b97fffff] for [bus 90-97]
[    2.581650] ACPI: Remapped I/O 0x00000008bfff0000 to [io  0x40000-0x4ffff window]
[    2.581695] PCI host bridge to bus 0007:90
[    2.581698] pci_bus 0007:90: root bus resource [mem 0x8b9800000-0x8bffeffff window] (bus address [0xb9800000-0xbffeffff])
[    2.581701] pci_bus 0007:90: root bus resource [io  0x40000-0x4ffff window] (bus address [0x0000-0xffff])
[    2.581704] pci_bus 0007:90: root bus resource [bus 90-97]
[    2.581716] pci 0007:90:00.0: [19e5:1610] type 01 class 0x060400
[    2.581719] pci_bus 0007:90: 2-byte config write to 0007:90:00.0 offset 0x4 may corrupt adjacent RW1C bits
[    2.581753] pci 0007:90:00.0: supports D1 D2
[    2.581755] pci 0007:90:00.0: PME# supported from D0 D1 D3hot
[    2.581860] pci 0007:91:00.0: [19e5:1711] type 00 class 0x030000
[    2.581881] pci 0007:91:00.0: reg 0x10: [mem 0x8ba000000-0x8bbffffff pref]
[    2.581893] pci 0007:91:00.0: reg 0x14: [mem 0x8b9800000-0x8b99fffff]
[    2.582000] pci 0007:91:00.0: supports D1
[    2.582001] pci 0007:91:00.0: PME# supported from D0 D1 D3hot
[    2.582095] pci_bus 0007:90: on NUMA node 1
[    2.582100] pci 0007:90:00.0: BAR 14: assigned [mem 0x8ba000000-0x8bcffffff]
[    2.582103] pci 0007:91:00.0: BAR 0: assigned [mem 0x8ba000000-0x8bbffffff pref]
[    2.582109] pci 0007:91:00.0: BAR 1: assigned [mem 0x8bc000000-0x8bc1fffff]
[    2.582114] pci 0007:90:00.0: PCI bridge to [bus 91]
[    2.582117] pci 0007:90:00.0:   bridge window [mem 0x8ba000000-0x8bcffffff]
[    2.582121] pci_bus 0007:90: resource 4 [mem 0x8b9800000-0x8bffeffff window]
[    2.582123] pci_bus 0007:90: resource 5 [io  0x40000-0x4ffff window]
[    2.582126] pci_bus 0007:91: resource 1 [mem 0x8ba000000-0x8bcffffff]
[    2.582317] ACPI: PCI Root Bridge [PCIA] (domain 000a [bus 10-1f])
[    2.582321] acpi PNP0A08:05: _OSC: OS supports [ExtendedConfig Segments MSI HPX-Type3]
[    2.582325] acpi PNP0A08:05: _OSC: not requesting OS control; OS requires [ExtendedConfig ASPM ClockPM MSI]
[    2.582396] acpi PNP0A08:05: MCFG quirk: ECAM at [mem 0x64001000000-0x64001ffffff] for [bus 10-1f] with hisi_pcie_ops
[    2.583794] acpi PNP0A08:05: ECAM area [mem 0x64001000000-0x64001ffffff] reserved by PNP0C02:02
[    2.584414] acpi PNP0A08:05: ECAM at [mem 0x64001000000-0x64001ffffff] for [bus 10-1f]
[    2.584442] ACPI: Remapped I/O 0x0000067fffff0000 to [io  0x50000-0x5ffff window]
[    2.584489] PCI host bridge to bus 000a:10
[    2.584492] pci_bus 000a:10: root bus resource [mem 0x65040000000-0x650efffffff window] (bus address [0x40000000-0xefffffff])
[    2.584495] pci_bus 000a:10: root bus resource [io  0x50000-0x5ffff window] (bus address [0x0000-0xffff])
[    2.584498] pci_bus 000a:10: root bus resource [bus 10-1f]
[    2.584512] pci 000a:10:00.0: [19e5:1610] type 01 class 0x060400
[    2.584515] pci_bus 000a:10: 2-byte config write to 000a:10:00.0 offset 0x4 may corrupt adjacent RW1C bits
[    2.584524] pci 000a:10:00.0: reg 0x10: [mem 0x00000000-0x0000ffff]
[    2.584562] pci 000a:10:00.0: supports D1 D2
[    2.584564] pci 000a:10:00.0: PME# supported from D0 D1 D3hot
[    2.635860] pci_bus 000a:10: on NUMA node 2
[    2.635864] pci 000a:10:00.0: BAR 0: assigned [mem 0x65040000000-0x6504000ffff]
[    2.635868] pci 000a:10:00.0: PCI bridge to [bus 11]
[    2.635874] pci_bus 000a:10: resource 4 [mem 0x65040000000-0x650efffffff window]
[    2.635876] pci_bus 000a:10: resource 5 [io  0x50000-0x5ffff window]
[    2.636048] ACPI: PCI Root Bridge [PCIC] (domain 000c [bus 20-2f])
[    2.636053] acpi PNP0A08:06: _OSC: OS supports [ExtendedConfig Segments MSI HPX-Type3]
[    2.636056] acpi PNP0A08:06: _OSC: not requesting OS control; OS requires [ExtendedConfig ASPM ClockPM MSI]
[    2.636128] acpi PNP0A08:06: MCFG quirk: ECAM at [mem 0x74002000000-0x74002ffffff] for [bus 20-2f] with hisi_pcie_ops
[    2.637704] acpi PNP0A08:06: ECAM area [mem 0x74002000000-0x74002ffffff] reserved by PNP0C02:03
[    2.638373] acpi PNP0A08:06: ECAM at [mem 0x74002000000-0x74002ffffff] for [bus 20-2f]
[    2.638402] ACPI: Remapped I/O 0x0000077fffff0000 to [io  0x60000-0x6ffff window]
[    2.638447] PCI host bridge to bus 000c:20
[    2.638449] pci_bus 000c:20: root bus resource [mem 0x75040000000-0x750efffffff window] (bus address [0x40000000-0xefffffff])
[    2.638453] pci_bus 000c:20: root bus resource [io  0x60000-0x6ffff window] (bus address [0x0000-0xffff])
[    2.638455] pci_bus 000c:20: root bus resource [bus 20-2f]
[    2.638469] pci 000c:20:00.0: [19e5:1610] type 01 class 0x060400
[    2.638473] pci_bus 000c:20: 2-byte config write to 000c:20:00.0 offset 0x4 may corrupt adjacent RW1C bits
[    2.638483] pci 000c:20:00.0: reg 0x10: [mem 0x00000000-0x0000ffff]
[    2.638528] pci 000c:20:00.0: supports D1 D2
[    2.638531] pci 000c:20:00.0: PME# supported from D0 D1 D3hot
[    2.689840] pci_bus 000c:20: on NUMA node 3
[    2.689844] pci 000c:20:00.0: BAR 0: assigned [mem 0x75040000000-0x7504000ffff]
[    2.689848] pci 000c:20:00.0: PCI bridge to [bus 21]
[    2.689855] pci_bus 000c:20: resource 4 [mem 0x75040000000-0x750efffffff window]
[    2.689858] pci_bus 000c:20: resource 5 [io  0x60000-0x6ffff window]
[    2.690041] ACPI: PCI Root Bridge [PCID] (domain 000d [bus 30-3f])
[    2.690046] acpi PNP0A08:07: _OSC: OS supports [ExtendedConfig Segments MSI HPX-Type3]
[    2.690049] acpi PNP0A08:07: _OSC: not requesting OS control; OS requires [ExtendedConfig ASPM ClockPM MSI]
[    2.690120] acpi PNP0A08:07: MCFG quirk: ECAM at [mem 0x78003000000-0x78003ffffff] for [bus 30-3f] with hisi_pcie_ops
[    2.691690] acpi PNP0A08:07: ECAM area [mem 0x78003000000-0x78003ffffff] reserved by PNP0C02:03
[    2.692393] acpi PNP0A08:07: ECAM at [mem 0x78003000000-0x78003ffffff] for [bus 30-3f]
[    2.692421] ACPI: Remapped I/O 0x000007bfffff0000 to [io  0x70000-0x7ffff window]
[    2.692465] PCI host bridge to bus 000d:30
[    2.692468] pci_bus 000d:30: root bus resource [mem 0x79040000000-0x790efffffff window] (bus address [0x40000000-0xefffffff])
[    2.692472] pci_bus 000d:30: root bus resource [io  0x70000-0x7ffff window] (bus address [0x0000-0xffff])
[    2.692474] pci_bus 000d:30: root bus resource [bus 30-3f]
[    2.692488] pci 000d:30:00.0: [19e5:1610] type 01 class 0x060400
[    2.692492] pci_bus 000d:30: 2-byte config write to 000d:30:00.0 offset 0x4 may corrupt adjacent RW1C bits
[    2.692502] pci 000d:30:00.0: reg 0x10: [mem 0x00000000-0x00000fff]
[    2.692514] pci 000d:30:00.0: reg 0x38: [mem 0xfffe0000-0xffffffff pref]
[    2.692553] pci 000d:30:00.0: supports D1 D2
[    2.692556] pci 000d:30:00.0: PME# supported from D0 D1 D3hot
[    2.743861] pci_bus 000d:30: on NUMA node 3
[    2.743866] pci 000d:30:00.0: BAR 6: assigned [mem 0x79040000000-0x7904001ffff pref]
[    2.743869] pci 000d:30:00.0: BAR 0: assigned [mem 0x79040020000-0x79040020fff]
[    2.743873] pci 000d:30:00.0: PCI bridge to [bus 31]
[    2.743881] pci_bus 000d:30: resource 4 [mem 0x79040000000-0x790efffffff window]
[    2.743883] pci_bus 000d:30: resource 5 [io  0x70000-0x7ffff window]
[    2.745576] iommu: Default domain type: Translated 
[    2.745578] iommu: DMA domain TLB invalidation policy: lazy mode (set via kernel command line)
[    2.745731] SCSI subsystem initialized
[    2.745799] libata version 3.00 loaded.
[    2.745841] ACPI: bus type USB registered
[    2.745866] usbcore: registered new interface driver usbfs
[    2.745880] usbcore: registered new interface driver hub
[    2.745911] usbcore: registered new device driver usb
[    2.759988] pps_core: LinuxPPS API ver. 1 registered
[    2.759990] pps_core: Software ver. 5.3.6 - Copyright 2005-2007 Rodolfo Giometti <giometti@linux.it>
[    2.759994] PTP clock support registered
[    2.760025] EDAC MC: Ver: 3.0.0
[    2.760267] Registered efivars operations
[    2.761409] FPGA manager framework
[    2.761440] Advanced Linux Sound Architecture Driver Initialized.
[    2.761743] pci 0007:91:00.0: vgaarb: setting as boot VGA device
[    2.761746] pci 0007:91:00.0: vgaarb: bridge control possible
[    2.761748] pci 0007:91:00.0: vgaarb: VGA device added: decodes=io+mem,owns=none,locks=none
[    2.761751] vgaarb: loaded
[    2.762070] clocksource: Switched to clocksource arch_sys_counter
[    2.762181] VFS: Disk quotas dquot_6.6.0
[    2.762205] VFS: Dquot-cache hash table entries: 512 (order 0, 4096 bytes)
[    2.762295] pnp: PnP ACPI init
[    2.762975] system 00:01: [mem 0xa00a0000-0xa00affff] has been reserved
[    2.763035] system 00:02: [mem 0xaf800000-0xafffffff] could not be reserved
[    2.763142] system 00:03: [mem 0x8a0090000-0x8a009ffff] has been reserved
[    2.763248] system 00:04: [mem 0x8a0200000-0x8a020ffff] has been reserved
[    2.763356] system 00:05: [mem 0x8a00a0000-0x8a00affff] has been reserved
[    2.763463] system 00:06: [mem 0x8a00b0000-0x8a00bffff] has been reserved
[    2.763546] system 00:07: [mem 0x8a8800000-0x8a8ffffff] could not be reserved
[    2.763550] system 00:07: [mem 0x8b7800000-0x8b7ffffff] could not be reserved
[    2.763553] system 00:07: [mem 0x8ac000000-0x8ac7fffff] could not be reserved
[    2.763557] system 00:07: [mem 0x8b9000000-0x8b97fffff] could not be reserved
[    2.763630] system 00:08: [mem 0x600a00a0000-0x600a00affff] has been reserved
[    2.763692] system 00:09: [mem 0x64001000000-0x64001ffffff] could not be reserved
[    2.763796] system 00:0a: [mem 0x700a0090000-0x700a009ffff] has been reserved
[    2.763910] system 00:0b: [mem 0x700a0200000-0x700a020ffff] has been reserved
[    2.763988] system 00:0c: [mem 0x74002000000-0x74002ffffff] could not be reserved
[    2.763992] system 00:0c: [mem 0x78003000000-0x78003ffffff] could not be reserved
[    2.764111] pnp: PnP ACPI: found 13 devices
[    2.766380] NET: Registered PF_INET protocol family
[    2.767128] IP idents hash table entries: 262144 (order: 9, 2097152 bytes, vmalloc)
[    2.771418] tcp_listen_portaddr_hash hash table entries: 32768 (order: 7, 524288 bytes, vmalloc)
[    2.771588] Table-perturb hash table entries: 65536 (order: 6, 262144 bytes, vmalloc)
[    2.771915] TCP established hash table entries: 524288 (order: 10, 4194304 bytes, vmalloc)
[    2.772924] TCP bind hash table entries: 65536 (order: 8, 1048576 bytes, vmalloc)
[    2.773209] TCP: Hash tables configured (established 524288 bind 65536)
[    2.773411] UDP hash table entries: 32768 (order: 8, 1048576 bytes, vmalloc)
[    2.773704] UDP-Lite hash table entries: 32768 (order: 8, 1048576 bytes, vmalloc)
[    2.774103] NET: Registered PF_UNIX/PF_LOCAL protocol family
[    2.774262] RPC: Registered named UNIX socket transport module.
[    2.774264] RPC: Registered udp transport module.
[    2.774265] RPC: Registered tcp transport module.
[    2.774267] RPC: Registered tcp NFSv4.1 backchannel transport module.
[    2.774302] PCI: CLS 0 bytes, default 64
[    2.777260] hw perfevents: enabled with armv8_pmuv3_0 PMU driver, 7 counters available
[    2.777322] kvm [1]: IPA Size Limit: 44 bits
[    2.778477] kvm [1]: GICv4 support disabled
[    2.778480] kvm [1]: vgic-v2@fe020000
[    2.778506] kvm [1]: GIC system register CPU interface enabled
[    2.779427] kvm [1]: vgic interrupt IRQ9
[    2.780266] kvm [1]: Hyp mode initialized successfully
[    2.782001] Initialise system trusted keyrings
[    2.782113] workingset: timestamp_bits=42 max_order=24 bucket_order=0
[    2.785087] squashfs: version 4.0 (2009/01/31) Phillip Lougher
[    2.785331] NFS: Registering the id_resolver key type
[    2.785346] Key type id_resolver registered
[    2.785348] Key type id_legacy registered
[    2.785389] nfs4filelayout_init: NFSv4 File Layout Driver Registering...
[    2.785391] nfs4flexfilelayout_init: NFSv4 Flexfile Layout Driver Registering...
[    2.785436] 9p: Installing v9fs 9p2000 file system support
[    2.801781] Key type asymmetric registered
[    2.801783] Asymmetric key parser 'x509' registered
[    2.801801] Block layer SCSI generic (bsg) driver version 0.4 loaded (major 245)
[    2.801803] io scheduler mq-deadline registered
[    2.801805] io scheduler kyber registered
[    2.803942] hisi-lpc HISI0191:00: registered range [0x0000000000ffbfff - 0x0000000000ffffff]
[    2.805667] pcieport 0006:c0:00.0: can't derive routing for PCI INT A
[    2.805670] pcieport 0006:c0:00.0: PCI INT A: no GSI
[    2.805776] pcieport 0007:90:00.0: can't derive routing for PCI INT A
[    2.805778] pcieport 0007:90:00.0: PCI INT A: no GSI
[    2.806579] input: Power Button as /devices/LNXSYSTM:00/LNXSYBUS:00/PNP0C0C:00/input/input0
[    2.806614] ACPI: button: Power Button [PWRB]
[    2.807660] EINJ: EINJ table not found.
[    2.812853] Serial: 8250/16550 driver, 4 ports, IRQ sharing enabled
[    2.834084] serial8250.6.auto: ttyS1 at I/O 0xffc2f7 (irq = 0, base_baud = 115200) is a 16550A
[    2.834631] SuperH (H)SCI(F) driver initialized
[    2.834734] msm_serial: driver initialized
[    2.835002] arm-smmu-v3 arm-smmu-v3.0.auto: option mask 0x1
[    2.835015] arm-smmu-v3 arm-smmu-v3.0.auto: ias 44-bit, oas 44-bit (features 0x00000f0d)
[    2.835253] arm-smmu-v3 arm-smmu-v3.0.auto: allocated 65536 entries for cmdq
[    2.835414] arm-smmu-v3 arm-smmu-v3.0.auto: allocated 32768 entries for evtq
[    2.836668] arm-smmu-v3 arm-smmu-v3.0.auto: no evtq irq - events will not be reported!
[    2.836671] arm-smmu-v3 arm-smmu-v3.0.auto: no gerr irq - errors will not be reported!
[    2.836760] arm-smmu-v3 arm-smmu-v3.1.auto: option mask 0x1
[    2.836779] arm-smmu-v3 arm-smmu-v3.1.auto: ias 44-bit, oas 44-bit (features 0x00000f0d)
[    2.836948] arm-smmu-v3 arm-smmu-v3.1.auto: allocated 65536 entries for cmdq
[    2.837152] arm-smmu-v3 arm-smmu-v3.1.auto: allocated 32768 entries for evtq
[    2.839357] arm-smmu-v3 arm-smmu-v3.1.auto: no evtq irq - events will not be reported!
[    2.839359] arm-smmu-v3 arm-smmu-v3.1.auto: no gerr irq - errors will not be reported!
[    2.839408] arm-smmu-v3 arm-smmu-v3.2.auto: option mask 0x1
[    2.839420] arm-smmu-v3 arm-smmu-v3.2.auto: ias 44-bit, oas 44-bit (features 0x00000f0d)
[    2.839632] arm-smmu-v3 arm-smmu-v3.2.auto: allocated 65536 entries for cmdq
[    2.839784] arm-smmu-v3 arm-smmu-v3.2.auto: allocated 32768 entries for evtq
[    2.841022] arm-smmu-v3 arm-smmu-v3.2.auto: no evtq irq - events will not be reported!
[    2.841025] arm-smmu-v3 arm-smmu-v3.2.auto: no gerr irq - errors will not be reported!
[    2.841076] arm-smmu-v3 arm-smmu-v3.3.auto: option mask 0x1
[    2.841089] arm-smmu-v3 arm-smmu-v3.3.auto: ias 44-bit, oas 44-bit (features 0x00000f0d)
[    2.841266] arm-smmu-v3 arm-smmu-v3.3.auto: allocated 65536 entries for cmdq
[    2.841460] arm-smmu-v3 arm-smmu-v3.3.auto: allocated 32768 entries for evtq
[    2.842631] arm-smmu-v3 arm-smmu-v3.3.auto: no evtq irq - events will not be reported!
[    2.842634] arm-smmu-v3 arm-smmu-v3.3.auto: no gerr irq - errors will not be reported!
[    2.842681] arm-smmu-v3 arm-smmu-v3.4.auto: option mask 0x1
[    2.842698] arm-smmu-v3 arm-smmu-v3.4.auto: ias 44-bit, oas 44-bit (features 0x00000f0d)
[    2.842920] arm-smmu-v3 arm-smmu-v3.4.auto: allocated 65536 entries for cmdq
[    2.843080] arm-smmu-v3 arm-smmu-v3.4.auto: allocated 32768 entries for evtq
[    2.845292] arm-smmu-v3 arm-smmu-v3.4.auto: no evtq irq - events will not be reported!
[    2.845295] arm-smmu-v3 arm-smmu-v3.4.auto: no gerr irq - errors will not be reported!
[    2.860157] loop: module loaded
[    2.860496] megasas: 07.719.03.00-rc1
[    2.860635] ACPI: IORT: [Firmware Bug]: Named component missing memory address limit
[    2.860782] hisi_sas_v2_hw HISI0162:01: Adding to iommu group 0
[    2.882359] scsi host0: hisi_sas_v2_hw
[    3.501491] hisi_sas_v2_hw HISI0162:01: phyup: phy0 link_rate=11
[    3.501501] hisi_sas_v2_hw HISI0162:01: phyup: phy1 link_rate=11
[    3.501603] sas: phy-0:0 added to port-0:0, phy_mask:0x1 (500e004aaaaaaa1f)
[    3.501622] sas: DOING DISCOVERY on port 0, pid:455
[    3.501932] hisi_sas_v2_hw HISI0162:01: dev[0:2] found
[    3.502467] sas: ex 500e004aaaaaaa1f phy00:U:0 attached: 0000000000000000 (no device)
[    3.502575] sas: ex 500e004aaaaaaa1f phy01:U:B attached: 5001e82002865f0e (ssp)
[    3.502670] sas: ex 500e004aaaaaaa1f phy02:U:A attached: 500e004aaaaaaa02 (stp)
[    3.502765] sas: ex 500e004aaaaaaa1f phy03:U:0 attached: 0000000000000000 (no device)
[    3.502862] sas: ex 500e004aaaaaaa1f phy04:U:B attached: 5001e8200287321e (ssp)
[    3.502960] sas: ex 500e004aaaaaaa1f phy05:U:B attached: 5000cca05b01d9c9 (ssp)
[    3.503060] sas: ex 500e004aaaaaaa1f phy06:U:0 attached: 0000000000000000 (no device)
[    3.503155] sas: ex 500e004aaaaaaa1f phy07:U:B attached: 5001e820028580ae (ssp)
[    3.503252] sas: ex 500e004aaaaaaa1f phy08:U:B attached: 5001e82002858496 (ssp)
[    3.503351] sas: ex 500e004aaaaaaa1f phy09:U:0 attached: 0000000000000000 (no device)
[    3.503445] sas: ex 500e004aaaaaaa1f phy10:U:B attached: 5001e82002862816 (ssp)
[    3.503542] sas: ex 500e004aaaaaaa1f phy11:U:B attached: 5001e8200285850a (ssp)
[    3.503644] sas: ex 500e004aaaaaaa1f phy12:U:0 attached: 0000000000000000 (no device)
[    3.503751] sas: ex 500e004aaaaaaa1f phy13:U:0 attached: 0000000000000000 (no device)
[    3.503845] sas: ex 500e004aaaaaaa1f phy14:U:0 attached: 0000000000000000 (no device)
[    3.503942] sas: ex 500e004aaaaaaa1f phy15:U:0 attached: 0000000000000000 (no device)
[    3.504045] sas: ex 500e004aaaaaaa1f phy16:U:0 attached: 0000000000000000 (no device)
[    3.504141] sas: ex 500e004aaaaaaa1f phy17:U:0 attached: 0000000000000000 (no device)
[    3.504237] sas: ex 500e004aaaaaaa1f phy18:U:0 attached: 0000000000000000 (no device)
[    3.504335] sas: ex 500e004aaaaaaa1f phy19:U:0 attached: 0000000000000000 (no device)
[    3.504430] sas: ex 500e004aaaaaaa1f phy20:U:0 attached: 0000000000000000 (no device)
[    3.504526] sas: ex 500e004aaaaaaa1f phy21:U:0 attached: 0000000000000000 (no device)
[    3.504622] sas: ex 500e004aaaaaaa1f phy22:U:0 attached: 0000000000000000 (no device)
[    3.504718] sas: ex 500e004aaaaaaa1f phy23:U:0 attached: 0000000000000000 (no device)
[    3.504820] sas: ex 500e004aaaaaaa1f phy24:D:B attached: 500e004aaaaaaa1e (host+target)
[    3.504856] hisi_sas_v2_hw HISI0162:01: dev[1:1] found
[    3.505083] hisi_sas_v2_hw HISI0162:01: dev[2:5] found
[    3.505113] hisi_sas_v2_hw HISI0162:01: dev[3:1] found
[    3.505140] hisi_sas_v2_hw HISI0162:01: dev[4:1] found
[    3.505166] hisi_sas_v2_hw HISI0162:01: dev[5:1] found
[    3.505196] hisi_sas_v2_hw HISI0162:01: dev[6:1] found
[    3.505224] hisi_sas_v2_hw HISI0162:01: dev[7:1] found
[    3.505251] hisi_sas_v2_hw HISI0162:01: dev[8:1] found
[    3.505282] hisi_sas_v2_hw HISI0162:01: dev[9:1] found
[    3.505286] ata_std_sched_eh ap=0xffff001045dc0000 ATA_PFLAG_INITIALIZING=0
[    3.505291] ata_eh_set_pending fastdrain=1 ATA_PFLAG_EH_PENDING=0
[    3.505294] ata_eh_set_pending2 ap=0xffff001045dc0000 fastdrain=1 cnt=0
[    3.505306] sas: sas_scsi_recover_host Enter sas_scsi_recover_host busy: 0 failed: 0
[    3.505310] sas: sas_eh_handle_sas_errors shost=0xffff041008400000
[    3.505313] sas: sas_ata_strategy_handler shost=0xffff041008400000
[    3.505316] sas: sas_ata_strategy_handler2 shost=0xffff041008400000 calling async_schedule_domain(async_sas_ata_eh)
[    3.505327] sas: ata1: end_device-0:0:2: async_sas_ata_eh dev error handler
[    3.505331] ata_scsi_port_error_handler host=0xffff041008400000 ap=0xffff001045dc0000
[    3.505335] ata_scsi_port_error_handler2 host=0xffff041008400000 ap=0xffff001045dc0000 deleting fastdrain_timer
[    3.505339] ata_do_eh ap=0xffff001045dc0000 calling ata_eh_autopsy
[    3.505342] ata_eh_autopsy ap=0xffff001045dc0000 link=0xffff001045dc2040 calling ata_eh_link_autopsy
[    3.505345] ata_eh_link_autopsy link=0xffff001045dc2040 ATA_EHI_NO_AUTOPSY=1 
[    3.505347] ata_do_eh2 ap=0xffff001045dc0000 calling ata_eh_report
[    3.505349] ata_do_eh3 ap=0xffff001045dc0000 calling ata_eh_recover
[    3.505354] ata_eh_reset ap=0xffff001045dc0000 link=0xffff001045dc2040 prereset=sas_ata_prereset+0x0/0x50 softreset=0x0 hardreset=sas_ata_hard_reset+0x0/0x98 postreset=0x0
[    3.505368] ata_eh_freeze_port ap=0xffff001045dc0000
[    3.505371] __ata_port_freeze ap=0xffff001045dc0000
[    3.505830] hisi_sas_debug_I_T_nexus_reset device=0xffff001045db8a00
[    3.506490] hisi_sas_v2_hw HISI0162:01: phyup: phy2 link_rate=11
[    3.506496] hisi_sas_v2_hw HISI0162:01: phyup: phy3 link_rate=11
[    3.506501] hisi_sas_v2_hw HISI0162:01: phyup: phy4 link_rate=11
[    3.506506] hisi_sas_v2_hw HISI0162:01: phyup: phy5 link_rate=11
[    3.506511] hisi_sas_v2_hw HISI0162:01: phyup: phy6 link_rate=11
[    3.506515] hisi_sas_v2_hw HISI0162:01: phyup: phy7 link_rate=11
[    3.662275] hisi_sas_I_T_nexus_reset1  device=0xffff001045db8a00 rc=0
[    3.662278] hisi_sas_softreset_ata_disk device=0xffff001045db8a00
[    3.668990] hisi_sas_release_task device=0xffff001045db8a00
[    3.668992] hisi_sas_I_T_nexus_reset8 device=0xffff001045db8a00 calling hisi_sas_release_task
[    3.668994] hisi_sas_release_task device=0xffff001045db8a00
[    3.826206] ata_eh_thaw_port ap=0xffff001045dc0000
[    3.828048] sas: sas_ata_task_done qc=0xffff001045dc1f30 err_mask=0x0 scsicmd=0x0 task=0xffff001045c38000
[    3.828053] sas: sas_ata_task_done2 qc=0xffff001045dc1f30 err_mask=0x0 scsicmd=0x0 task=0xffff001045c38000
[    3.828056] sas: sas_ata_task_done3 qc=0xffff001045dc1f30 scsicmd=0x0 task=0xffff001045c38000
[    3.828060] ata_qc_complete qc=0xffff001045dc1f30 err_mask=0x0 scsicmd=0x0
[    3.828224] sas: sas_ata_task_done qc=0xffff001045dc1f30 err_mask=0x0 scsicmd=0x0 task=0xffff001045c38180
[    3.828228] sas: sas_ata_task_done2 qc=0xffff001045dc1f30 err_mask=0x0 scsicmd=0x0 task=0xffff001045c38180
[    3.828231] sas: sas_ata_task_done3 qc=0xffff001045dc1f30 scsicmd=0x0 task=0xffff001045c38180
[    3.828234] ata_qc_complete qc=0xffff001045dc1f30 err_mask=0x0 scsicmd=0x0
[    3.828242] ata1.00: ata_dev_configure: cfg 49:2f00 82:746b 83:7d69 84:4773 85:7469 86:bc41 87:4763 88:407f
[    3.828246] ata1.00: 49==0x2f00  53==0x0007  63==0x0007  64==0x0003  75==0x001f
               80==0x01fc  81==0x0029  82==0x746b  83==0x7d69  84==0x4773
               88==0x407f  93==0x0000
[    3.828252] ata1.00: ATA-8: HGST HUS724040ALA640, MFAOA8B0, max UDMA/133
[    3.828255] ata_log_supported calling ata_read_log_page
[    3.828256] ata1.00: read log page - log 0x0, page 0x0
[    3.828388] sas: sas_ata_task_done qc=0xffff001045dc1f30 err_mask=0x0 scsicmd=0x0 task=0xffff001045c38300
[    3.828391] sas: sas_ata_task_done2 qc=0xffff001045dc1f30 err_mask=0x0 scsicmd=0x0 task=0xffff001045c38300
[    3.828395] sas: sas_ata_task_done3 qc=0xffff001045dc1f30 scsicmd=0x0 task=0xffff001045c38300
[    3.828398] ata_qc_complete qc=0xffff001045dc1f30 err_mask=0x0 scsicmd=0x0
[    3.828405] ata_read_log_page3 ata_exec_internal err_mask=0x0
[    3.828407] ata1.00: 7814037168 sectors, multi 0: LBA48 NCQ (depth 32)
[    3.828413] ata1.00: set features - xfer mode
[    3.828552] sas: sas_ata_task_done qc=0xffff001045dc1f30 err_mask=0x0 scsicmd=0x0 task=0xffff001045c38480
[    3.828556] sas: sas_ata_task_done2 qc=0xffff001045dc1f30 err_mask=0x0 scsicmd=0x0 task=0xffff001045c38480
[    3.828559] sas: sas_ata_task_done3 qc=0xffff001045dc1f30 scsicmd=0x0 task=0xffff001045c38480
[    3.828562] ata_qc_complete qc=0xffff001045dc1f30 err_mask=0x0 scsicmd=0x0
[    3.830378] sas: sas_ata_task_done qc=0xffff001045dc1f30 err_mask=0x0 scsicmd=0x0 task=0xffff001045c38600
[    3.830382] sas: sas_ata_task_done2 qc=0xffff001045dc1f30 err_mask=0x0 scsicmd=0x0 task=0xffff001045c38600
[    3.830385] sas: sas_ata_task_done3 qc=0xffff001045dc1f30 scsicmd=0x0 task=0xffff001045c38600
[    3.830388] ata_qc_complete qc=0xffff001045dc1f30 err_mask=0x0 scsicmd=0x0
[    3.830566] sas: sas_ata_task_done qc=0xffff001045dc1f30 err_mask=0x0 scsicmd=0x0 task=0xffff001045c38780
[    3.830569] sas: sas_ata_task_done2 qc=0xffff001045dc1f30 err_mask=0x0 scsicmd=0x0 task=0xffff001045c38780
[    3.830573] sas: sas_ata_task_done3 qc=0xffff001045dc1f30 scsicmd=0x0 task=0xffff001045c38780
[    3.830575] ata_qc_complete qc=0xffff001045dc1f30 err_mask=0x0 scsicmd=0x0
[    3.830582] ata1.00: ata_dev_configure: cfg 49:2f00 82:746b 83:7d69 84:4773 85:7469 86:bc41 87:4763 88:407f
[    3.830586] ata1.00: 49==0x2f00  53==0x0007  63==0x0007  64==0x0003  75==0x001f
               80==0x01fc  81==0x0029  82==0x746b  83==0x7d69  84==0x4773
               88==0x407f  93==0x0000
[    3.830592] ata1.00: xfer_shift=12, xfer_mode=0x46
[    3.830594] ata1.00: configured for UDMA/133
[    3.830597] scsi_eh_flush_done_q
[    3.830606] scsi_eh_flush_done_q
[    3.830608] sas: --- Exit sas_scsi_recover_host: busy: 0 failed: 0 tries: 1
[    3.847745] hisi_sas_release_task device=0xffff001045db8800
[    3.914667] scsi 0:0:0:0: Direct-Access     SanDisk  LT0200MO         P404 PQ: 0 ANSI: 6
[    4.529552] hisi_sas_softreset_ata_disk device=0xffff001045db8a00
[    4.536197] hisi_sas_release_task device=0xffff001045db8a00
[    4.536226] scsi 0:0:1:0: Direct-Access     ATA      HGST HUS724040AL A8B0 PQ: 0 ANSI: 5
[    4.536627] sd 0:0:1:0: [sdb] 7814037168 512-byte logical blocks: (4.00 TB/3.64 TiB)
[    4.536637] sd 0:0:1:0: [sdb] Write Protect is off
[    4.536640] sd 0:0:1:0: [sdb] Mode Sense: 00 3a 00 00
[    4.536652] sd 0:0:1:0: [sdb] Write cache: enabled, read cache: enabled, doesn't support DPO or FUA
[    4.536670] sd 0:0:1:0: [sdb] Preferred minimum I/O size 512 bytes
[    4.543660] hisi_sas_release_task device=0xffff001045db8c00
[    4.570265] sd 0:0:0:0: [sda] 390721968 512-byte logical blocks: (200 GB/186 GiB)
[    4.571127]  sdb: sdb1 sdb2 sdb3
[    4.571338] sd 0:0:1:0: [sdb] Attached SCSI disk
[    4.610651] scsi 0:0:2:0: Direct-Access     SanDisk  LT0200MO         P404 PQ: 0 ANSI: 6
[    4.612361] sd 0:0:0:0: [sda] Write Protect is off
[    4.612363] sd 0:0:0:0: [sda] Mode Sense: cf 00 10 08
[    4.694366] sd 0:0:0:0: [sda] Write cache: disabled, read cache: disabled, supports DPO and FUA
[    4.816990] sd 0:0:0:0: [sda] Optimal transfer size 131072 bytes
[    5.177946]  sda: sda1 sda2
[    5.178086] sd 0:0:0:0: [sda] Attached SCSI disk
[    5.190522] hisi_sas_release_task device=0xffff001045db8e00
[    5.190719] scsi 0:0:3:0: Direct-Access     HGST     HUC156030CSS200  A3F0 PQ: 0 ANSI: 6
[    5.193110] sd 0:0:3:0: [sdd] 586072368 512-byte logical blocks: (300 GB/279 GiB)
[    5.193611] sd 0:0:3:0: [sdd] Write Protect is off
[    5.193614] sd 0:0:3:0: [sdd] Mode Sense: f7 00 10 08
[    5.194473] sd 0:0:3:0: [sdd] Write cache: enabled, read cache: enabled, supports DPO and FUA
[    5.200090] hisi_sas_release_task device=0xffff001045db9000
[    5.209551]  sdd: sdd1
[    5.209643] sd 0:0:3:0: [sdd] Attached SCSI disk
[    5.266227] sd 0:0:2:0: [sdc] 390721968 512-byte logical blocks: (200 GB/186 GiB)
[    5.266979] scsi 0:0:4:0: Direct-Access     SanDisk  LT0200MO         P404 PQ: 0 ANSI: 6
[    5.308253] sd 0:0:2:0: [sdc] Write Protect is off
[    5.308256] sd 0:0:2:0: [sdc] Mode Sense: cf 00 10 08
[    5.390245] sd 0:0:2:0: [sdc] Write cache: disabled, read cache: disabled, supports DPO and FUA
[    5.512903] sd 0:0:2:0: [sdc] Optimal transfer size 131072 bytes
[    5.853579] hisi_sas_release_task device=0xffff001045db9200
[    5.873889]  sdc: sdc1 sdc2 sdc3
[    5.874083] sd 0:0:2:0: [sdc] Attached SCSI disk
[    5.920535] scsi 0:0:5:0: Direct-Access     SanDisk  LT0200MO         P404 PQ: 0 ANSI: 6
[    5.922753] sd 0:0:4:0: [sde] 390721968 512-byte logical blocks: (200 GB/186 GiB)
[    5.964766] sd 0:0:4:0: [sde] Write Protect is off
[    5.964769] sd 0:0:4:0: [sde] Mode Sense: cf 00 10 08
[    6.046774] sd 0:0:4:0: [sde] Write cache: disabled, read cache: disabled, supports DPO and FUA
[    6.169408] sd 0:0:4:0: [sde] Optimal transfer size 131072 bytes
[    6.530339]  sde: sde1 sde2 sde3
[    6.530503] sd 0:0:4:0: [sde] Attached SCSI disk
[    6.540510] sd 0:0:5:0: [sdf] 390721968 512-byte logical blocks: (200 GB/186 GiB)
[    6.582518] sd 0:0:5:0: [sdf] Write Protect is off
[    6.582521] sd 0:0:5:0: [sdf] Mode Sense: cf 00 10 08
[    6.625191] hisi_sas_release_task device=0xffff001045db9400
[    6.692133] scsi 0:0:6:0: Direct-Access     SanDisk  LT0200MO         P404 PQ: 0 ANSI: 6
[    6.700138] sd 0:0:5:0: [sdf] Write cache: disabled, read cache: disabled, supports DPO and FUA
[    6.822801] sd 0:0:5:0: [sdf] Optimal transfer size 131072 bytes
[    7.183756]  sdf: sdf1 sdf2 sdf3 sdf4
[    7.183968] sd 0:0:5:0: [sdf] Attached SCSI disk
[    7.278467] hisi_sas_release_task device=0xffff001045db9600
[    7.345435] scsi 0:0:7:0: Direct-Access     SanDisk  LT0200MO         P404 PQ: 0 ANSI: 6
[    7.347673] sd 0:0:6:0: [sdg] 390721968 512-byte logical blocks: (200 GB/186 GiB)
[    7.389680] sd 0:0:6:0: [sdg] Write Protect is off
[    7.389683] sd 0:0:6:0: [sdg] Mode Sense: cf 00 10 08
[    7.471724] sd 0:0:6:0: [sdg] Write cache: disabled, read cache: disabled, supports DPO and FUA
[    7.594340] sd 0:0:6:0: [sdg] Optimal transfer size 131072 bytes
[    7.925557] hisi_sas_release_task device=0xffff001045db9800
[    7.925850] scsi 0:0:8:0: Enclosure         12G SAS  Expander         RevB PQ: 0 ANSI: 6
[    7.925958] scsi 0:0:8:0: Power-on or device reset occurred
[    7.927252] sas: DONE DISCOVERY on port 0, pid:455, result:0
[    7.927263] sas: phy1 matched wide port0
[    7.927269] sas: phy-0:1 added to port-0:0, phy_mask:0x3 (500e004aaaaaaa1f)
[    7.927278] sas: REVALIDATING DOMAIN on port 0, pid:455
[    7.927820] sas: ex 500e004aaaaaaa1f phy02 change count has changed
[    7.928109] sas: ex 500e004aaaaaaa1f phy02 originated BROADCAST(CHANGE)
[    7.928112] sas: ex 500e004aaaaaaa1f rediscovering phy02
[    7.928301] sas: ex 500e004aaaaaaa1f phy02 broadcast flutter
[    7.929646] sas: ex 500e004aaaaaaa1f phy16 originated BROADCAST(CHANGE)
[    7.929649] sas: ex 500e004aaaaaaa1f phy16 new device attached
[    7.929743] sas: ex 500e004aaaaaaa1f phy16:U:B attached: 3201581410000000 (host)
[    7.929839] sas: ex 500e004aaaaaaa1f phy17 originated BROADCAST(CHANGE)
[    7.929841] sas: ex 500e004aaaaaaa1f phy17 new device attached
[    7.929935] sas: ex 500e004aaaaaaa1f phy17:U:B attached: 3201581410000000 (host)
[    7.930031] sas: ex 500e004aaaaaaa1f phy18 originated BROADCAST(CHANGE)
[    7.930034] sas: ex 500e004aaaaaaa1f phy18 new device attached
[    7.930129] sas: ex 500e004aaaaaaa1f phy18:U:B attached: 3201581410000000 (host)
[    7.930224] sas: ex 500e004aaaaaaa1f phy19 originated BROADCAST(CHANGE)
[    7.930226] sas: ex 500e004aaaaaaa1f phy19 new device attached
[    7.930319] sas: ex 500e004aaaaaaa1f phy19:U:B attached: 3201581410000000 (host)
[    7.930416] sas: ex 500e004aaaaaaa1f phy20 originated BROADCAST(CHANGE)
[    7.930418] sas: ex 500e004aaaaaaa1f phy20 new device attached
[    7.930511] sas: ex 500e004aaaaaaa1f phy20:U:B attached: 3201581410000000 (host)
[    7.930608] sas: ex 500e004aaaaaaa1f phy21 originated BROADCAST(CHANGE)
[    7.930610] sas: ex 500e004aaaaaaa1f phy21 new device attached
[    7.930704] sas: ex 500e004aaaaaaa1f phy21:U:B attached: 3201581410000000 (host)
[    7.930800] sas: ex 500e004aaaaaaa1f phy22 originated BROADCAST(CHANGE)
[    7.930802] sas: ex 500e004aaaaaaa1f phy22 new device attached
[    7.930896] sas: ex 500e004aaaaaaa1f phy22:U:B attached: 3201581410000000 (host)
[    7.930992] sas: ex 500e004aaaaaaa1f phy23 originated BROADCAST(CHANGE)
[    7.930994] sas: ex 500e004aaaaaaa1f phy23 new device attached
[    7.931088] sas: ex 500e004aaaaaaa1f phy23:U:B attached: 3201581410000000 (host)
[    7.931184] sas: done REVALIDATING DOMAIN on port 0, pid:455, res 0x0
[    7.931193] sas: phy2 matched wide port0
[    7.931197] sas: phy-0:2 added to port-0:0, phy_mask:0x7 (500e004aaaaaaa1f)
[    7.931204] sas: REVALIDATING DOMAIN on port 0, pid:455
[    7.933683] sas: ex 500e004aaaaaaa1f phys DID NOT change
[    7.933685] sas: done REVALIDATING DOMAIN on port 0, pid:455, res 0x0
[    7.933692] sas: phy3 matched wide port0
[    7.933697] sas: phy-0:3 added to port-0:0, phy_mask:0xf (500e004aaaaaaa1f)
[    7.933703] sas: REVALIDATING DOMAIN on port 0, pid:455
[    7.936183] sas: ex 500e004aaaaaaa1f phys DID NOT change
[    7.936185] sas: done REVALIDATING DOMAIN on port 0, pid:455, res 0x0
[    7.936192] sas: phy4 matched wide port0
[    7.936196] sas: phy-0:4 added to port-0:0, phy_mask:0x1f (500e004aaaaaaa1f)
[    7.936203] sas: REVALIDATING DOMAIN on port 0, pid:455
[    7.938682] sas: ex 500e004aaaaaaa1f phys DID NOT change
[    7.938684] sas: done REVALIDATING DOMAIN on port 0, pid:455, res 0x0
[    7.938691] sas: phy5 matched wide port0
[    7.938695] sas: phy-0:5 added to port-0:0, phy_mask:0x3f (500e004aaaaaaa1f)
[    7.938701] sas: REVALIDATING DOMAIN on port 0, pid:455
[    7.941181] sas: ex 500e004aaaaaaa1f phys DID NOT change
[    7.941183] sas: done REVALIDATING DOMAIN on port 0, pid:455, res 0x0
[    7.941190] sas: phy6 matched wide port0
[    7.941194] sas: phy-0:6 added to port-0:0, phy_mask:0x7f (500e004aaaaaaa1f)
[    7.941201] sas: REVALIDATING DOMAIN on port 0, pid:455
[    7.943680] sas: ex 500e004aaaaaaa1f phys DID NOT change
[    7.943682] sas: done REVALIDATING DOMAIN on port 0, pid:455, res 0x0
[    7.943689] sas: phy7 matched wide port0
[    7.943693] sas: phy-0:7 added to port-0:0, phy_mask:0xff (500e004aaaaaaa1f)
[    7.943700] sas: REVALIDATING DOMAIN on port 0, pid:455
[    7.946179] sas: ex 500e004aaaaaaa1f phys DID NOT change
[    7.946181] sas: done REVALIDATING DOMAIN on port 0, pid:455, res 0x0
[    7.946188] sas: broadcast received: 0
[    7.946194] sas: REVALIDATING DOMAIN on port 0, pid:455
[    7.948678] sas: ex 500e004aaaaaaa1f phys DID NOT change
[    7.948680] sas: done REVALIDATING DOMAIN on port 0, pid:455, res 0x0
[    7.948686] sas: broadcast received: 0
[    7.948692] sas: REVALIDATING DOMAIN on port 0, pid:455
[    7.951177] sas: ex 500e004aaaaaaa1f phys DID NOT change
[    7.951179] sas: done REVALIDATING DOMAIN on port 0, pid:455, res 0x0
[    7.951186] sas: broadcast received: 0
[    7.951192] sas: REVALIDATING DOMAIN on port 0, pid:455
[    7.953676] sas: ex 500e004aaaaaaa1f phys DID NOT change
[    7.953678] sas: done REVALIDATING DOMAIN on port 0, pid:455, res 0x0
[    7.953685] sas: broadcast received: 0
[    7.953690] sas: REVALIDATING DOMAIN on port 0, pid:455
[    7.954319] sd 0:0:6:0: [sdg] Attached SCSI disk
[    7.956175] sas: ex 500e004aaaaaaa1f phys DID NOT change
[    7.956178] sas: done REVALIDATING DOMAIN on port 0, pid:455, res 0x0
[    7.956185] sas: broadcast received: 0
[    7.956190] sas: REVALIDATING DOMAIN on port 0, pid:455
[    7.958675] sas: ex 500e004aaaaaaa1f phys DID NOT change
[    7.958677] sas: done REVALIDATING DOMAIN on port 0, pid:455, res 0x0
[    7.958683] sas: broadcast received: 0
[    7.958689] sas: REVALIDATING DOMAIN on port 0, pid:455
[    7.961174] sas: ex 500e004aaaaaaa1f phys DID NOT change
[    7.961176] sas: done REVALIDATING DOMAIN on port 0, pid:455, res 0x0
[    7.961182] sas: broadcast received: 0
[    7.961188] sas: REVALIDATING DOMAIN on port 0, pid:455
[    7.963673] sas: ex 500e004aaaaaaa1f phys DID NOT change
[    7.963674] sas: done REVALIDATING DOMAIN on port 0, pid:455, res 0x0
[    7.963680] sas: broadcast received: 0
[    7.963686] sas: REVALIDATING DOMAIN on port 0, pid:455
[    7.966172] sas: ex 500e004aaaaaaa1f phys DID NOT change
[    7.966174] sas: done REVALIDATING DOMAIN on port 0, pid:455, res 0x0
[    7.966180] sas: broadcast received: 0
[    7.966186] sas: REVALIDATING DOMAIN on port 0, pid:455
[    7.968671] sas: ex 500e004aaaaaaa1f phys DID NOT change
[    7.968673] sas: done REVALIDATING DOMAIN on port 0, pid:455, res 0x0
[    7.968678] sas: broadcast received: 0
[    7.968684] sas: REVALIDATING DOMAIN on port 0, pid:455
[    7.971170] sas: ex 500e004aaaaaaa1f phys DID NOT change
[    7.971172] sas: done REVALIDATING DOMAIN on port 0, pid:455, res 0x0
[    7.971178] sas: broadcast received: 0
[    7.971184] sas: REVALIDATING DOMAIN on port 0, pid:455
[    7.973669] sas: ex 500e004aaaaaaa1f phys DID NOT change
[    7.973671] sas: done REVALIDATING DOMAIN on port 0, pid:455, res 0x0
[    7.973677] sas: broadcast received: 0
[    7.973683] sas: REVALIDATING DOMAIN on port 0, pid:455
[    7.976168] sas: ex 500e004aaaaaaa1f phys DID NOT change
[    7.976170] sas: done REVALIDATING DOMAIN on port 0, pid:455, res 0x0
[    7.976177] sas: broadcast received: 0
[    7.976183] sas: REVALIDATING DOMAIN on port 0, pid:455
[    7.978667] sas: ex 500e004aaaaaaa1f phys DID NOT change
[    7.978669] sas: done REVALIDATING DOMAIN on port 0, pid:455, res 0x0
[    7.978675] sas: broadcast received: 0
[    7.978681] sas: REVALIDATING DOMAIN on port 0, pid:455
[    7.981167] sas: ex 500e004aaaaaaa1f phys DID NOT change
[    7.981169] sas: done REVALIDATING DOMAIN on port 0, pid:455, res 0x0
[    7.981175] sas: broadcast received: 0
[    7.981181] sas: REVALIDATING DOMAIN on port 0, pid:455
[    7.983666] sas: ex 500e004aaaaaaa1f phys DID NOT change
[    7.983667] sas: done REVALIDATING DOMAIN on port 0, pid:455, res 0x0
[    7.983674] sas: broadcast received: 0
[    7.983680] sas: REVALIDATING DOMAIN on port 0, pid:455
[    7.986165] sas: ex 500e004aaaaaaa1f phys DID NOT change
[    7.986167] sas: done REVALIDATING DOMAIN on port 0, pid:455, res 0x0
[    7.988035] tun: Universal TUN/TAP device driver, 1.6
[    7.988246] thunder_xcv, ver 1.0
[    7.988260] thunder_bgx, ver 1.0
[    7.988272] nicpf, ver 1.0
[    8.001069] sd 0:0:7:0: [sdh] 390721968 512-byte logical blocks: (200 GB/186 GiB)
[    8.043063] sd 0:0:7:0: [sdh] Write Protect is off
[    8.043066] sd 0:0:7:0: [sdh] Mode Sense: cf 00 10 08
[    8.066128] ACPI: IORT: [Firmware Bug]: Named component missing memory address limit
[    8.066249] hns_dsaf HISI00B2:00: Adding to iommu group 1
[    8.125107] sd 0:0:7:0: [sdh] Write cache: disabled, read cache: disabled, supports DPO and FUA
[    8.135794] hns_dsaf HISI00B2:00: no mc-mac-mask property, set to default value.
[    8.247753] sd 0:0:7:0: [sdh] Optimal transfer size 131072 bytes
[    8.350140] hns_dsaf HISI00B2:00: no mc-mac-mask property, set to default value.
[    8.566407] hns_dsaf HISI00B2:00: no mc-mac-mask property, set to default value.
[    8.586969] hns_dsaf HISI00B2:00: no mc-mac-mask property, set to default value.
[    8.607758] sd 0:0:7:0: [sdh] Attached SCSI disk
[    8.886102] Generic PHY Mii-HISI0141:00:00: attached PHY driver (mii_bus:phy_addr=Mii-HISI0141:00:00, irq=POLL)
[    8.906679] Generic PHY Mii-HISI0141:00:01: attached PHY driver (mii_bus:phy_addr=Mii-HISI0141:00:01, irq=POLL)
[    8.950390] hns3: Hisilicon Ethernet Network Driver for Hip08 Family - version
[    8.950393] hns3: Copyright (c) 2017 Huawei Corporation.
[    8.950446] hclge is initializing
[    8.950465] e1000: Intel(R) PRO/1000 Network Driver
[    8.950466] e1000: Copyright (c) 1999-2006 Intel Corporation.
[    8.950487] e1000e: Intel(R) PRO/1000 Network Driver
[    8.950489] e1000e: Copyright(c) 1999 - 2015 Intel Corporation.
[    8.950510] igb: Intel(R) Gigabit Ethernet Network Driver
[    8.950512] igb: Copyright (c) 2007-2014 Intel Corporation.
[    8.950529] igbvf: Intel(R) Gigabit Virtual Function Network Driver
[    8.950531] igbvf: Copyright (c) 2009 - 2012 Intel Corporation.
[    8.950698] sky2: driver version 1.30
[    8.950994] VFIO - User Level meta-driver version: 0.3
[    8.951592] ehci_hcd: USB 2.0 'Enhanced' Host Controller (EHCI) Driver
[    8.951594] ehci-pci: EHCI PCI platform driver
[    8.951607] ehci-platform: EHCI generic platform driver
[    8.951640] ehci-orion: EHCI orion driver
[    8.951645] ACPI: IORT: [Firmware Bug]: Named component missing memory address limit
[    8.951669] ehci-exynos: EHCI Exynos driver
[    8.951680] ehci-platform PNP0D20:00: Adding to iommu group 2
[    8.951695] ohci_hcd: USB 1.1 'Open' Host Controller (OHCI) Driver
[    8.951702] ohci-pci: OHCI PCI platform driver
[    8.951716] ohci-platform: OHCI generic platform driver
[    8.951742] ohci-exynos: OHCI Exynos driver
[    8.951877] usbcore: registered new interface driver usb-storage
[    8.952662] ehci-platform PNP0D20:00: EHCI Host Controller
[    8.952670] ehci-platform PNP0D20:00: new USB bus registered, assigned bus number 1
[    8.952722] ehci-platform PNP0D20:00: irq 369, io mem 0xa7020000
[    8.966057] ehci-platform PNP0D20:00: USB 2.0 started, EHCI 1.00
[    8.966314] hub 1-0:1.0: USB hub found
[    8.966327] hub 1-0:1.0: 2 ports detected
[    9.078418] rtc-efi rtc-efi.0: registered as rtc0
[    9.141344] rtc-efi rtc-efi.0: setting system clock to 2022-07-06T15:27:13 UTC (1657121233)
[    9.141526] i2c_dev: i2c /dev entries driver
[    9.143311] sdhci: Secure Digital Host Controller Interface driver
[    9.143313] sdhci: Copyright(c) Pierre Ossman
[    9.143477] Synopsys Designware Multimedia Card Interface Driver
[    9.143689] sdhci-pltfm: SDHCI platform and OF driver helper
[    9.145062] ledtrig-cpu: registered to indicate activity on CPUs
[    9.147689] pstore: Registered efi as persistent store backend
[    9.148045] usbcore: registered new interface driver usbhid
[    9.148047] usbhid: USB HID core driver
[    9.149599] NET: Registered PF_PACKET protocol family
[    9.149658] 9pnet: Installing 9P2000 support
[    9.149682] Key type dns_resolver registered
[    9.149889] registered taskstats version 1
[    9.149905] Loading compiled-in X.509 certificates
[    9.150129] pstore: Using crash dump compression: deflate
[    9.152495] ARMH0011:00: ttyAMA0 at MMIO 0x602b0000 (irq = 370, base_baud = 0) is a SBSA
[    9.154778] printk: console [ttyAMA0] printing thread started
[    9.154779] printk: console [ttyAMA0] enabled
[    9.154782] printk: bootconsole [pl11] disabled
[    9.175573] printk: bootconsole [pl11] printing thread stopped
[    9.177980] pcieport 0002:f8:00.0: Adding to iommu group 3
[    9.178873] pcieport 0002:f8:00.0: can't derive routing for PCI INT A
[    9.178876] pcieport 0002:f8:00.0: PCI INT A: no GSI
[    9.183930] pcieport 0004:88:00.0: Adding to iommu group 4
[    9.184896] pcieport 0004:88:00.0: can't derive routing for PCI INT A
[    9.184898] pcieport 0004:88:00.0: PCI INT A: no GSI
[    9.189412] pcieport 0005:78:00.0: Adding to iommu group 5
[    9.190258] pcieport 0005:78:00.0: can't derive routing for PCI INT A
[    9.190261] pcieport 0005:78:00.0: PCI INT A: no GSI
[    9.195842] pcieport 000a:10:00.0: Adding to iommu group 6
[    9.196764] pcieport 000a:10:00.0: can't derive routing for PCI INT A
[    9.196766] pcieport 000a:10:00.0: PCI INT A: no GSI
[    9.200805] pcieport 000c:20:00.0: Adding to iommu group 7
[    9.201869] pcieport 000c:20:00.0: can't derive routing for PCI INT A
[    9.201871] pcieport 000c:20:00.0: PCI INT A: no GSI
[    9.206278] pcieport 000d:30:00.0: Adding to iommu group 8
[    9.207171] pcieport 000d:30:00.0: can't derive routing for PCI INT A
[    9.207173] pcieport 000d:30:00.0: PCI INT A: no GSI
[    9.212713] serial 0002:f9:00.0: Adding to iommu group 3
[    9.212731] pci 0002:f8:00.0: can't derive routing for PCI INT A
[    9.212733] serial 0002:f9:00.0: PCI INT A: no GSI
[    9.212754] serial 0002:f9:00.0: enabling device (0000 -> 0003)
[    9.226074] usb 1-1: new high-speed USB device number 2 using ehci-platform
[    9.234515] 0002:f9:00.0: ttyS2 at I/O 0x1000 (irq = 372, base_baud = 115200) is a ST16650V2
[    9.234655] serial 0002:f9:00.1: Adding to iommu group 3
[    9.234670] pci 0002:f8:00.0: can't derive routing for PCI INT B
[    9.234672] serial 0002:f9:00.1: PCI INT B: no GSI
[    9.234685] serial 0002:f9:00.1: enabling device (0000 -> 0003)
[    9.256325] 0002:f9:00.1: ttyS3 at I/O 0x1008 (irq = 373, base_baud = 115200) is a ST16650V2
[    9.256589] ALSA device list:
[    9.256593]   No soundcards found.
[    9.289366] EXT4-fs (sda2): mounted filesystem with ordered data mode. Quota mode: none.
[    9.289386] VFS: Mounted root (ext4 filesystem) on device 8:2.
[    9.289928] devtmpfs: mounted
[    9.291726] Freeing unused kernel memory: 6912K
[    9.310335] Run /sbin/init as init process
[    9.310337]   with arguments:
[    9.310337]     /sbin/init
[    9.310338]   with environment:
[    9.310339]     HOME=/
[    9.310341]     TERM=linux
