[    0.000000] Booting Linux on physical CPU 0x0000010000 [0x410fd082]
[    0.000000] Linux version 5.19.0-rc3-36899-gbc983fe8015f (john@debian) (gcc (Debian 6.3.0-18+deb9u1) 6.3.0 20170516, GNU ld (GNU Binutils for Debian) 2.38) #323 SMP PREEMPT Wed Jul 6 16:37:50 BST 2022
[    0.000000] Machine model: Hisilicon PhosphorV660 Development Board
[    0.000000] efi: EFI v2.60 by EDK II
[    0.000000] efi: SMBIOS=0x3eff0000 SMBIOS 3.0=0x39aa0000 ACPI=0x39b70000 ACPI 2.0=0x39b70014 MEMATTR=0x3b8d0018 MEMRESERVE=0x3a002d18 
[    0.000000] ACPI: Early table checksum verification disabled
[    0.000000] ACPI: RSDP 0x0000000039B70014 000024 (v02 HISI  )
[    0.000000] ACPI: XSDT 0x0000000039B600E8 000084 (v01 HISI   HIP07    00000000      01000013)
[    0.000000] ACPI: FACP 0x0000000039A20000 00010C (v05 HISI   HIP07    00000000 INTL 20151124)
[    0.000000] ACPI: DSDT 0x00000000399E0000 0080C8 (v02 HISI   HIP07    00000000 INTL 20170728)
[    0.000000] ACPI: MCFG 0x0000000039A80000 0000AC (v01 HISI   HIP07    00000000 INTL 20151124)
[    0.000000] ACPI: SLIT 0x0000000039A70000 00003C (v01 HISI   HIP07    00000000 INTL 20151124)
[    0.000000] ACPI: SPCR 0x0000000039A60000 000050 (v02 HISI   HIP07    00000000 INTL 20151124)
[    0.000000] ACPI: SRAT 0x0000000039A50000 0005B0 (v03 HISI   HIP07    00000000 INTL 20151124)
[    0.000000] ACPI: DBG2 0x0000000039A40000 00005A (v00 HISI   HIP07    00000000 INTL 20151124)
[    0.000000] ACPI: GTDT 0x0000000039A10000 000098 (v02 HISI   HIP07    00000000 INTL 20151124)
[    0.000000] ACPI: APIC 0x0000000039A00000 0013E4 (v01 HISI   HIP07    00000000 INTL 20151124)
[    0.000000] ACPI: IORT 0x00000000399F0000 00080C (v00 HISI   HIP07    00000000 INTL 20170728)
[    0.000000] ACPI: PPTT 0x0000000031870000 001754 (v01 HISI   HIP07    00000000 INTL 20151124)
[    0.000000] ACPI: SPMI 0x0000000031860000 000041 (v05 HISI   HIP07    00000000 INTL 20151124)
[    0.000000] ACPI: iBFT 0x00000000317C0000 000800 (v01 HISI   HIP07    00000000      00000000)
[    0.000000] ACPI: SPCR: console: pl011,mmio32,0x602b0000,115200
[    0.000000] earlycon: pl11 at MMIO32 0x00000000602b0000 (options '115200')
[    0.000000] printk: bootconsole [pl11] enabled
[    0.000000] ACPI: SRAT: Node 0 PXM 0 [mem 0x00000000-0x3fffffff]
[    0.000000] ACPI: SRAT: Node 0 PXM 0 [mem 0x1000000000-0x17ffffffff]
[    0.000000] ACPI: SRAT: Node 2 PXM 2 [mem 0x40000000000-0x4003fffffff]
[    0.000000] ACPI: SRAT: Node 2 PXM 2 [mem 0x41000000000-0x417ffffffff]
[    0.000000] NUMA: NODE_DATA [mem 0x17fbffdb40-0x17fbffffff]
[    0.000000] NUMA: Initmem setup node 1 [<memory-less node>]
[    0.000000] NUMA: NODE_DATA [mem 0x417f4002b40-0x417f4004fff]
[    0.000000] NUMA: NODE_DATA(1) on node 2
[    0.000000] NUMA: NODE_DATA [mem 0x417f4000680-0x417f4002b3f]
[    0.000000] NUMA: Initmem setup node 3 [<memory-less node>]
[    0.000000] NUMA: NODE_DATA [mem 0x417f3ffe1c0-0x417f400067f]
[    0.000000] NUMA: NODE_DATA(3) on node 2
[    0.000000] Zone ranges:
[    0.000000]   DMA      [mem 0x0000000000000000-0x00000000ffffffff]
[    0.000000]   DMA32    empty
[    0.000000]   Normal   [mem 0x0000000100000000-0x00000417fbffffff]
[    0.000000] Movable zone start for each node
[    0.000000] Early memory node ranges
[    0.000000]   node   0: [mem 0x0000000000000000-0x000000003188afff]
[    0.000000]   node   0: [mem 0x000000003188b000-0x000000003188efff]
[    0.000000]   node   0: [mem 0x000000003188f000-0x000000003992ffff]
[    0.000000]   node   0: [mem 0x0000000039930000-0x00000000399dffff]
[    0.000000]   node   0: [mem 0x00000000399e0000-0x0000000039a2ffff]
[    0.000000]   node   0: [mem 0x0000000039a30000-0x0000000039a3ffff]
[    0.000000]   node   0: [mem 0x0000000039a40000-0x0000000039a8ffff]
[    0.000000]   node   0: [mem 0x0000000039a90000-0x0000000039b5ffff]
[    0.000000]   node   0: [mem 0x0000000039b60000-0x0000000039b7ffff]
[    0.000000]   node   0: [mem 0x0000000039b80000-0x0000000039ffffff]
[    0.000000]   node   0: [mem 0x000000003a000000-0x000000003efeffff]
[    0.000000]   node   0: [mem 0x000000003eff0000-0x000000003f01ffff]
[    0.000000]   node   0: [mem 0x000000003f020000-0x000000003fbfffff]
[    0.000000]   node   0: [mem 0x0000001040000000-0x00000017fbffffff]
[    0.000000]   node   2: [mem 0x0000041000000000-0x00000417fbffffff]
[    0.000000] Initmem setup node 0 [mem 0x0000000000000000-0x00000017fbffffff]
[    0.000000] Initmem setup node 1 as memoryless
[    0.000000] Initmem setup node 2 [mem 0x0000041000000000-0x00000417fbffffff]
[    0.000000] Initmem setup node 3 as memoryless
[    0.000000] On node 0, zone Normal: 1024 pages in unavailable ranges
[    0.000000] On node 2, zone Normal: 16384 pages in unavailable ranges
[    0.000000] On node 2, zone Normal: 16384 pages in unavailable ranges
[    0.000000] cma: Reserved 32 MiB at 0x000000003ce00000
[    0.000000] crashkernel reserved: 0x0000000002000000 - 0x0000000012000000 (256 MB)
[    0.000000] psci: probing for conduit method from ACPI.
[    0.000000] psci: PSCIv1.0 detected in firmware.
[    0.000000] psci: Using standard PSCI v0.2 function IDs
[    0.000000] psci: MIGRATE_INFO_TYPE not supported.
[    0.000000] psci: SMC Calling Convention v1.0
[    0.000000] ACPI: NUMA: SRAT: PXM 0 -> MPIDR 0x10000 -> Node 0
[    0.000000] ACPI: NUMA: SRAT: PXM 0 -> MPIDR 0x10001 -> Node 0
[    0.000000] ACPI: NUMA: SRAT: PXM 0 -> MPIDR 0x10002 -> Node 0
[    0.000000] ACPI: NUMA: SRAT: PXM 0 -> MPIDR 0x10003 -> Node 0
[    0.000000] ACPI: NUMA: SRAT: PXM 0 -> MPIDR 0x10100 -> Node 0
[    0.000000] ACPI: NUMA: SRAT: PXM 0 -> MPIDR 0x10101 -> Node 0
[    0.000000] ACPI: NUMA: SRAT: PXM 0 -> MPIDR 0x10102 -> Node 0
[    0.000000] ACPI: NUMA: SRAT: PXM 0 -> MPIDR 0x10103 -> Node 0
[    0.000000] ACPI: NUMA: SRAT: PXM 0 -> MPIDR 0x10200 -> Node 0
[    0.000000] ACPI: NUMA: SRAT: PXM 0 -> MPIDR 0x10201 -> Node 0
[    0.000000] ACPI: NUMA: SRAT: PXM 0 -> MPIDR 0x10202 -> Node 0
[    0.000000] ACPI: NUMA: SRAT: PXM 0 -> MPIDR 0x10203 -> Node 0
[    0.000000] ACPI: NUMA: SRAT: PXM 0 -> MPIDR 0x10300 -> Node 0
[    0.000000] ACPI: NUMA: SRAT: PXM 0 -> MPIDR 0x10301 -> Node 0
[    0.000000] ACPI: NUMA: SRAT: PXM 0 -> MPIDR 0x10302 -> Node 0
[    0.000000] ACPI: NUMA: SRAT: PXM 0 -> MPIDR 0x10303 -> Node 0
[    0.000000] ACPI: NUMA: SRAT: PXM 1 -> MPIDR 0x30000 -> Node 1
[    0.000000] ACPI: NUMA: SRAT: PXM 1 -> MPIDR 0x30001 -> Node 1
[    0.000000] ACPI: NUMA: SRAT: PXM 1 -> MPIDR 0x30002 -> Node 1
[    0.000000] ACPI: NUMA: SRAT: PXM 1 -> MPIDR 0x30003 -> Node 1
[    0.000000] ACPI: NUMA: SRAT: PXM 1 -> MPIDR 0x30100 -> Node 1
[    0.000000] ACPI: NUMA: SRAT: PXM 1 -> MPIDR 0x30101 -> Node 1
[    0.000000] ACPI: NUMA: SRAT: PXM 1 -> MPIDR 0x30102 -> Node 1
[    0.000000] ACPI: NUMA: SRAT: PXM 1 -> MPIDR 0x30103 -> Node 1
[    0.000000] ACPI: NUMA: SRAT: PXM 1 -> MPIDR 0x30200 -> Node 1
[    0.000000] ACPI: NUMA: SRAT: PXM 1 -> MPIDR 0x30201 -> Node 1
[    0.000000] ACPI: NUMA: SRAT: PXM 1 -> MPIDR 0x30202 -> Node 1
[    0.000000] ACPI: NUMA: SRAT: PXM 1 -> MPIDR 0x30203 -> Node 1
[    0.000000] ACPI: NUMA: SRAT: PXM 1 -> MPIDR 0x30300 -> Node 1
[    0.000000] ACPI: NUMA: SRAT: PXM 1 -> MPIDR 0x30301 -> Node 1
[    0.000000] ACPI: NUMA: SRAT: PXM 1 -> MPIDR 0x30302 -> Node 1
[    0.000000] ACPI: NUMA: SRAT: PXM 1 -> MPIDR 0x30303 -> Node 1
[    0.000000] ACPI: NUMA: SRAT: PXM 2 -> MPIDR 0x50000 -> Node 2
[    0.000000] ACPI: NUMA: SRAT: PXM 2 -> MPIDR 0x50001 -> Node 2
[    0.000000] ACPI: NUMA: SRAT: PXM 2 -> MPIDR 0x50002 -> Node 2
[    0.000000] ACPI: NUMA: SRAT: PXM 2 -> MPIDR 0x50003 -> Node 2
[    0.000000] ACPI: NUMA: SRAT: PXM 2 -> MPIDR 0x50100 -> Node 2
[    0.000000] ACPI: NUMA: SRAT: PXM 2 -> MPIDR 0x50101 -> Node 2
[    0.000000] ACPI: NUMA: SRAT: PXM 2 -> MPIDR 0x50102 -> Node 2
[    0.000000] ACPI: NUMA: SRAT: PXM 2 -> MPIDR 0x50103 -> Node 2
[    0.000000] ACPI: NUMA: SRAT: PXM 2 -> MPIDR 0x50200 -> Node 2
[    0.000000] ACPI: NUMA: SRAT: PXM 2 -> MPIDR 0x50201 -> Node 2
[    0.000000] ACPI: NUMA: SRAT: PXM 2 -> MPIDR 0x50202 -> Node 2
[    0.000000] ACPI: NUMA: SRAT: PXM 2 -> MPIDR 0x50203 -> Node 2
[    0.000000] ACPI: NUMA: SRAT: PXM 2 -> MPIDR 0x50300 -> Node 2
[    0.000000] ACPI: NUMA: SRAT: PXM 2 -> MPIDR 0x50301 -> Node 2
[    0.000000] ACPI: NUMA: SRAT: PXM 2 -> MPIDR 0x50302 -> Node 2
[    0.000000] ACPI: NUMA: SRAT: PXM 2 -> MPIDR 0x50303 -> Node 2
[    0.000000] ACPI: NUMA: SRAT: PXM 3 -> MPIDR 0x70000 -> Node 3
[    0.000000] ACPI: NUMA: SRAT: PXM 3 -> MPIDR 0x70001 -> Node 3
[    0.000000] ACPI: NUMA: SRAT: PXM 3 -> MPIDR 0x70002 -> Node 3
[    0.000000] ACPI: NUMA: SRAT: PXM 3 -> MPIDR 0x70003 -> Node 3
[    0.000000] ACPI: NUMA: SRAT: PXM 3 -> MPIDR 0x70100 -> Node 3
[    0.000000] ACPI: NUMA: SRAT: PXM 3 -> MPIDR 0x70101 -> Node 3
[    0.000000] ACPI: NUMA: SRAT: PXM 3 -> MPIDR 0x70102 -> Node 3
[    0.000000] ACPI: NUMA: SRAT: PXM 3 -> MPIDR 0x70103 -> Node 3
[    0.000000] ACPI: NUMA: SRAT: PXM 3 -> MPIDR 0x70200 -> Node 3
[    0.000000] ACPI: NUMA: SRAT: PXM 3 -> MPIDR 0x70201 -> Node 3
[    0.000000] ACPI: NUMA: SRAT: PXM 3 -> MPIDR 0x70202 -> Node 3
[    0.000000] ACPI: NUMA: SRAT: PXM 3 -> MPIDR 0x70203 -> Node 3
[    0.000000] ACPI: NUMA: SRAT: PXM 3 -> MPIDR 0x70300 -> Node 3
[    0.000000] ACPI: NUMA: SRAT: PXM 3 -> MPIDR 0x70301 -> Node 3
[    0.000000] ACPI: NUMA: SRAT: PXM 3 -> MPIDR 0x70302 -> Node 3
[    0.000000] ACPI: NUMA: SRAT: PXM 3 -> MPIDR 0x70303 -> Node 3
[    0.000000] percpu: Embedded 20 pages/cpu s44520 r8192 d29208 u81920
[    0.000000] pcpu-alloc: s44520 r8192 d29208 u81920 alloc=20*4096
[    0.000000] pcpu-alloc: [0] 00 [0] 01 [0] 02 [0] 03 [0] 04 [0] 05 [0] 06 [0] 07 
[    0.000000] pcpu-alloc: [0] 08 [0] 09 [0] 10 [0] 11 [0] 12 [0] 13 [0] 14 [0] 15 
[    0.000000] pcpu-alloc: [1] 16 [1] 17 [1] 18 [1] 19 [1] 20 [1] 21 [1] 22 [1] 23 
[    0.000000] pcpu-alloc: [1] 24 [1] 25 [1] 26 [1] 27 [1] 28 [1] 29 [1] 30 [1] 31 
[    0.000000] pcpu-alloc: [2] 32 [2] 33 [2] 34 [2] 35 [2] 36 [2] 37 [2] 38 [2] 39 
[    0.000000] pcpu-alloc: [2] 40 [2] 41 [2] 42 [2] 43 [2] 44 [2] 45 [2] 46 [2] 47 
[    0.000000] pcpu-alloc: [3] 48 [3] 49 [3] 50 [3] 51 [3] 52 [3] 53 [3] 54 [3] 55 
[    0.000000] pcpu-alloc: [3] 56 [3] 57 [3] 58 [3] 59 [3] 60 [3] 61 [3] 62 [3] 63 
[    0.000000] Detected PIPT I-cache on CPU0
[    0.000000] CPU features: detected: GIC system register CPU interface
[    0.000000] CPU features: detected: Spectre-v2
[    0.000000] CPU features: detected: Spectre-v3a
[    0.000000] CPU features: detected: Spectre-v4
[    0.000000] CPU features: detected: Spectre-BHB
[    0.000000] CPU features: kernel page table isolation forced ON by KASLR
[    0.000000] CPU features: detected: Kernel page table isolation (KPTI)
[    0.000000] CPU features: detected: ARM errata 1165522, 1319367, or 1530923
[    0.000000] Fallback order for Node 0: 0 2 
[    0.000000] Fallback order for Node 1: 1 0 2 
[    0.000000] Fallback order for Node 2: 2 0 
[    0.000000] Fallback order for Node 3: 3 2 0 
[    0.000000] Built 4 zonelists, mobility grouping on.  Total pages: 16481808
[    0.000000] Policy zone: Normal
[    0.000000] Kernel command line: BOOT_IMAGE=/john/Image rdinit=/init crashkernel=256M@32M console=ttyAMA0,115200 earlycon acpi=force pcie_aspm=off noinitrd root=/dev/sda2 rw log_buf_len=16M user_debug=1 iommu.strict=0 nvme.use_threaded_interrupts=1 irqchip.gicv3_pseudo_nmi=1
[    0.000000] PCIe ASPM is disabled
[    0.000000] Unknown kernel command line parameters "BOOT_IMAGE=/john/Image user_debug=1", will be passed to user space.
[    0.000000] printk: log_buf_len: 16777216 bytes
[    0.000000] printk: early log buf free: 120080(91%)
[    0.000000] mem auto-init: stack:off, heap alloc:off, heap free:off
[    0.000000] Stack Depot early init allocating hash table with memblock_alloc, 8388608 bytes
[    0.000000] software IO TLB: mapped [mem 0x0000000035930000-0x0000000039930000] (64MB)
[    0.000000] Memory: 65302668K/66973696K available (15424K kernel code, 3396K rwdata, 9152K rodata, 6912K init, 586K bss, 1638260K reserved, 32768K cma-reserved)
[    0.000000] SLUB: HWalign=64, Order=0-3, MinObjects=0, CPUs=64, Nodes=4
[    0.000000] rcu: Preemptible hierarchical RCU implementation.
[    0.000000] rcu: 	RCU event tracing is enabled.
[    0.000000] rcu: 	RCU restricting CPUs from NR_CPUS=256 to nr_cpu_ids=64.
[    0.000000] 	Trampoline variant of Tasks RCU enabled.
[    0.000000] 	Tracing variant of Tasks RCU enabled.
[    0.000000] rcu: RCU calculated value of scheduler-enlistment delay is 25 jiffies.
[    0.000000] rcu: Adjusting geometry for rcu_fanout_leaf=16, nr_cpu_ids=64
[    0.000000] NR_IRQS: 64, nr_irqs: 64, preallocated irqs: 0
[    0.000000] GICv3: GIC: Using split EOI/Deactivate mode
[    0.000000] GIC: enabling workaround for GICv3: HIP07 erratum 161010803
[    0.000000] GICv3: 988 SPIs implemented
[    0.000000] GICv3: 0 Extended SPIs implemented
[    0.000000] Root IRQ handler: gic_handle_irq
[    0.000000] GICv3: GICv3 features: 16 PPIs, DirectLPI
[    0.000000] GICv3: GICv4 features: DirectLPI 
[    0.000000] GICv3: CPU0: found redistributor 10000 region 0:0x000000004d100000
[    0.000000] SRAT: PXM 0 -> ITS 0 -> Node 0
[    0.000000] SRAT: PXM 1 -> ITS 1 -> Node 1
[    0.000000] SRAT: PXM 0 -> ITS 2 -> Node 0
[    0.000000] SRAT: PXM 1 -> ITS 3 -> Node 1
[    0.000000] SRAT: PXM 2 -> ITS 4 -> Node 2
[    0.000000] SRAT: PXM 3 -> ITS 5 -> Node 3
[    0.000000] SRAT: PXM 2 -> ITS 6 -> Node 2
[    0.000000] SRAT: PXM 3 -> ITS 7 -> Node 3
[    0.000000] ITS [mem 0x4c000000-0x4c01ffff]
[    0.000000] ITS@0x000000004c000000: Using ITS number 0
[    0.000000] GIC: enabling workaround for ITS: Hip07 erratum 161600802
[    0.000000] ITS@0x000000004c000000: allocated 524288 Devices @1040800000 (flat, esz 8, psz 16K, shr 1)
[    0.000000] ITS@0x000000004c000000: allocated 65536 Virtual CPUs @1040180000 (flat, esz 8, psz 4K, shr 1)
[    0.000000] ITS@0x000000004c000000: allocated 512 Interrupt Collections @1040143000 (flat, esz 8, psz 4K, shr 1)
[    0.000000] ITS [mem 0x6c000000-0x6c01ffff]
[    0.000000] ITS@0x000000006c000000: Using ITS number 1
[    0.000000] GIC: enabling workaround for ITS: Hip07 erratum 161600802
[    0.000000] ITS@0x000000006c000000: allocated 524288 Devices @1040c00000 (flat, esz 8, psz 16K, shr 1)
[    0.000000] ITS@0x000000006c000000: allocated 65536 Virtual CPUs @1040200000 (flat, esz 8, psz 4K, shr 1)
[    0.000000] ITS@0x000000006c000000: allocated 512 Interrupt Collections @1040144000 (flat, esz 8, psz 4K, shr 1)
[    0.000000] ITS [mem 0xc6000000-0xc601ffff]
[    0.000000] ITS@0x00000000c6000000: Using ITS number 2
[    0.000000] GIC: enabling workaround for ITS: Hip07 erratum 161600802
[    0.000000] ITS@0x00000000c6000000: allocated 524288 Devices @1041000000 (flat, esz 8, psz 16K, shr 1)
[    0.000000] ITS@0x00000000c6000000: allocated 65536 Virtual CPUs @1040280000 (flat, esz 8, psz 4K, shr 1)
[    0.000000] ITS@0x00000000c6000000: allocated 512 Interrupt Collections @1040145000 (flat, esz 8, psz 4K, shr 1)
[    0.000000] ITS [mem 0x8c6000000-0x8c601ffff]
[    0.000000] ITS@0x00000008c6000000: Using ITS number 3
[    0.000000] GIC: enabling workaround for ITS: Hip07 erratum 161600802
[    0.000000] ITS@0x00000008c6000000: allocated 524288 Devices @1041400000 (flat, esz 8, psz 16K, shr 1)
[    0.000000] ITS@0x00000008c6000000: allocated 65536 Virtual CPUs @1040380000 (flat, esz 8, psz 4K, shr 1)
[    0.000000] ITS@0x00000008c6000000: allocated 512 Interrupt Collections @1040146000 (flat, esz 8, psz 4K, shr 1)
[    0.000000] ITS [mem 0x4004c000000-0x4004c01ffff]
[    0.000000] ITS@0x000004004c000000: Using ITS number 4
[    0.000000] GIC: enabling workaround for ITS: Hip07 erratum 161600802
[    0.000000] ITS@0x000004004c000000: allocated 524288 Devices @41000400000 (flat, esz 8, psz 16K, shr 1)
[    0.000000] ITS@0x000004004c000000: allocated 65536 Virtual CPUs @41000080000 (flat, esz 8, psz 4K, shr 1)
[    0.000000] ITS@0x000004004c000000: allocated 512 Interrupt Collections @41000002000 (flat, esz 8, psz 4K, shr 1)
[    0.000000] ITS [mem 0x4006c000000-0x4006c01ffff]
[    0.000000] ITS@0x000004006c000000: Using ITS number 5
[    0.000000] GIC: enabling workaround for ITS: Hip07 erratum 161600802
[    0.000000] ITS@0x000004006c000000: allocated 524288 Devices @41000800000 (flat, esz 8, psz 16K, shr 1)
[    0.000000] ITS@0x000004006c000000: allocated 65536 Virtual CPUs @41000100000 (flat, esz 8, psz 4K, shr 1)
[    0.000000] ITS@0x000004006c000000: allocated 512 Interrupt Collections @41000003000 (flat, esz 8, psz 4K, shr 1)
[    0.000000] ITS [mem 0x400c6000000-0x400c601ffff]
[    0.000000] ITS@0x00000400c6000000: Using ITS number 6
[    0.000000] GIC: enabling workaround for ITS: Hip07 erratum 161600802
[    0.000000] ITS@0x00000400c6000000: allocated 524288 Devices @41000c00000 (flat, esz 8, psz 16K, shr 1)
[    0.000000] ITS@0x00000400c6000000: allocated 65536 Virtual CPUs @41000180000 (flat, esz 8, psz 4K, shr 1)
[    0.000000] ITS@0x00000400c6000000: allocated 512 Interrupt Collections @41000004000 (flat, esz 8, psz 4K, shr 1)
[    0.000000] ITS [mem 0x408c6000000-0x408c601ffff]
[    0.000000] ITS@0x00000408c6000000: Using ITS number 7
[    0.000000] GIC: enabling workaround for ITS: Hip07 erratum 161600802
[    0.000000] ITS@0x00000408c6000000: allocated 524288 Devices @41001000000 (flat, esz 8, psz 16K, shr 1)
[    0.000000] ITS@0x00000408c6000000: allocated 65536 Virtual CPUs @41000200000 (flat, esz 8, psz 4K, shr 1)
[    0.000000] ITS@0x00000408c6000000: allocated 512 Interrupt Collections @41000005000 (flat, esz 8, psz 4K, shr 1)
[    0.000000] GICv3: using LPI property table @0x0000001040310000
[    0.000000] ITS: Using DirectLPI for VPE invalidation
[    0.000000] ITS: Enabling GICv4 support
[    0.000000] GICv3: CPU0: using allocated LPI pending table @0x0000001040320000
[    0.000000] rcu: srcu_init: Setting srcu_struct sizes based on contention.
[    0.000000] arch_timer: Enabling global workaround for HiSilicon erratum 161010101
[    0.000000] arch_timer: CPU0: Trapping CNTVCT access
[    0.000000] arch_timer: cp15 timer(s) running at 50.00MHz (phys).
[    0.000000] clocksource: arch_sys_counter: mask: 0xffffffffffffff max_cycles: 0xb8812736b, max_idle_ns: 440795202655 ns
[    0.000000] sched_clock: 56 bits at 50MHz, resolution 20ns, wraps every 4398046511100ns
[    0.008173] Console: colour dummy device 80x25
[    0.012769] mempolicy: Enabling automatic NUMA balancing. Configure with numa_balancing= or the kernel.numa_balancing sysctl
[    0.024057] ACPI: Core revision 20220331
[    0.028054] ACPI BIOS Warning (bug): Incorrect checksum in table [DSDT] - 0x71, should be 0x6F (20220331/tbprint-178)
[    0.038820] Calibrating delay loop (skipped), value calculated using timer frequency.. 100.00 BogoMIPS (lpj=200000)
[    0.049310] pid_max: default: 65536 minimum: 512
[    0.054038] LSM: Security Framework initializing
[    0.081161] Dentry cache hash table entries: 8388608 (order: 14, 67108864 bytes, vmalloc)
[    0.100659] Inode-cache hash table entries: 4194304 (order: 13, 33554432 bytes, vmalloc)
[    0.109189] Mount-cache hash table entries: 131072 (order: 8, 1048576 bytes, vmalloc)
[    0.117416] Mountpoint-cache hash table entries: 131072 (order: 8, 1048576 bytes, vmalloc)
[    0.127451] cblist_init_generic: Setting adjustable number of callback queues.
[    0.134777] cblist_init_generic: Setting shift to 6 and lim to 1.
[    0.140980] cblist_init_generic: Setting shift to 6 and lim to 1.
[    0.147190] rcu: Hierarchical SRCU implementation.
[    0.147216] printk: bootconsole [pl11] printing thread started
[    0.157956] Platform MSI: ITS@0x4c000000 domain created
[    0.157960] Platform MSI: ITS@0x6c000000 domain created
[    0.157963] Platform MSI: ITS@0xc6000000 domain created
[    0.157966] Platform MSI: ITS@0x8c6000000 domain created
[    0.157969] Platform MSI: ITS@0x4004c000000 domain created
[    0.157972] Platform MSI: ITS@0x4006c000000 domain created
[    0.157975] Platform MSI: ITS@0x400c6000000 domain created
[    0.157978] Platform MSI: ITS@0x408c6000000 domain created
[    0.157985] PCI/MSI: ITS@0x4c000000 domain created
[    0.157988] PCI/MSI: ITS@0x6c000000 domain created
[    0.157991] PCI/MSI: ITS@0xc6000000 domain created
[    0.157994] PCI/MSI: ITS@0x8c6000000 domain created
[    0.157996] PCI/MSI: ITS@0x4004c000000 domain created
[    0.157999] PCI/MSI: ITS@0x4006c000000 domain created
[    0.158002] PCI/MSI: ITS@0x400c6000000 domain created
[    0.158004] PCI/MSI: ITS@0x408c6000000 domain created
[    0.158009] fsl-mc MSI: ITS@0x4c000000 domain created
[    0.158012] fsl-mc MSI: ITS@0x6c000000 domain created
[    0.158014] fsl-mc MSI: ITS@0xc6000000 domain created
[    0.158017] fsl-mc MSI: ITS@0x8c6000000 domain created
[    0.158020] fsl-mc MSI: ITS@0x4004c000000 domain created
[    0.158023] fsl-mc MSI: ITS@0x4006c000000 domain created
[    0.158028] fsl-mc MSI: ITS@0x400c6000000 domain created
[    0.158031] fsl-mc MSI: ITS@0x408c6000000 domain created
[    0.158049] Remapping and enabling EFI services.
[    0.160431] smp: Bringing up secondary CPUs ...
[    0.296435] Detected PIPT I-cache on CPU1
[    0.296449] GICv3: CPU1: found redistributor 10001 region 1:0x000000004d140000
[    0.296456] GICv3: CPU1: using allocated LPI pending table @0x0000001040330000
[    0.296608] arch_timer: CPU1: Trapping CNTVCT access
[    0.296612] CPU1: Booted secondary processor 0x0000010001 [0x410fd082]
[    0.299051] Detected PIPT I-cache on CPU2
[    0.299059] GICv3: CPU2: found redistributor 10002 region 2:0x000000004d180000
[    0.299064] GICv3: CPU2: using allocated LPI pending table @0x0000001040340000
[    0.299200] arch_timer: CPU2: Trapping CNTVCT access
[    0.299203] CPU2: Booted secondary processor 0x0000010002 [0x410fd082]
[    0.301631] Detected PIPT I-cache on CPU3
[    0.301640] GICv3: CPU3: found redistributor 10003 region 3:0x000000004d1c0000
[    0.301646] GICv3: CPU3: using allocated LPI pending table @0x0000001040350000
[    0.301782] arch_timer: CPU3: Trapping CNTVCT access
[    0.301785] CPU3: Booted secondary processor 0x0000010003 [0x410fd082]
[    0.393181] Detected PIPT I-cache on CPU4
[    0.393192] GICv3: CPU4: found redistributor 10100 region 4:0x000000004d200000
[    0.393198] GICv3: CPU4: using allocated LPI pending table @0x0000001040360000
[    0.393334] arch_timer: CPU4: Trapping CNTVCT access
[    0.393338] CPU4: Booted secondary processor 0x0000010100 [0x410fd082]
[    0.395772] Detected PIPT I-cache on CPU5
[    0.395780] GICv3: CPU5: found redistributor 10101 region 5:0x000000004d240000
[    0.395786] GICv3: CPU5: using allocated LPI pending table @0x0000001040370000
[    0.395921] arch_timer: CPU5: Trapping CNTVCT access
[    0.395924] CPU5: Booted secondary processor 0x0000010101 [0x410fd082]
[    0.398350] Detected PIPT I-cache on CPU6
[    0.398358] GICv3: CPU6: found redistributor 10102 region 6:0x000000004d280000
[    0.398364] GICv3: CPU6: using allocated LPI pending table @0x0000001041800000
[    0.398499] arch_timer: CPU6: Trapping CNTVCT access
[    0.398502] CPU6: Booted secondary processor 0x0000010102 [0x410fd082]
[    0.489918] Detected PIPT I-cache on CPU7
[    0.489927] GICv3: CPU7: found redistributor 10103 region 7:0x000000004d2c0000
[    0.489932] GICv3: CPU7: using allocated LPI pending table @0x0000001041810000
[    0.490068] arch_timer: CPU7: Trapping CNTVCT access
[    0.490071] CPU7: Booted secondary processor 0x0000010103 [0x410fd082]
[    0.492502] Detected PIPT I-cache on CPU8
[    0.492513] GICv3: CPU8: found redistributor 10200 region 8:0x000000004d300000
[    0.492519] GICv3: CPU8: using allocated LPI pending table @0x0000001041820000
[    0.492655] arch_timer: CPU8: Trapping CNTVCT access
[    0.492659] CPU8: Booted secondary processor 0x0000010200 [0x410fd082]
[    0.495097] Detected PIPT I-cache on CPU9
[    0.495107] GICv3: CPU9: found redistributor 10201 region 9:0x000000004d340000
[    0.495112] GICv3: CPU9: using allocated LPI pending table @0x0000001041830000
[    0.495247] arch_timer: CPU9: Trapping CNTVCT access
[    0.495250] CPU9: Booted secondary processor 0x0000010201 [0x410fd082]
[    0.586651] Detected PIPT I-cache on CPU10
[    0.586661] GICv3: CPU10: found redistributor 10202 region 10:0x000000004d380000
[    0.586667] GICv3: CPU10: using allocated LPI pending table @0x0000001041840000
[    0.586802] arch_timer: CPU10: Trapping CNTVCT access
[    0.586805] CPU10: Booted secondary processor 0x0000010202 [0x410fd082]
[    0.589234] Detected PIPT I-cache on CPU11
[    0.589245] GICv3: CPU11: found redistributor 10203 region 11:0x000000004d3c0000
[    0.589250] GICv3: CPU11: using allocated LPI pending table @0x0000001041850000
[    0.589386] arch_timer: CPU11: Trapping CNTVCT access
[    0.589389] CPU11: Booted secondary processor 0x0000010203 [0x410fd082]
[    0.591820] Detected PIPT I-cache on CPU12
[    0.591833] GICv3: CPU12: found redistributor 10300 region 12:0x000000004d400000
[    0.591839] GICv3: CPU12: using allocated LPI pending table @0x0000001041860000
[    0.591976] arch_timer: CPU12: Trapping CNTVCT access
[    0.591980] CPU12: Booted secondary processor 0x0000010300 [0x410fd082]
[    0.684972] Detected PIPT I-cache on CPU13
[    0.684982] GICv3: CPU13: found redistributor 10301 region 13:0x000000004d440000
[    0.684988] GICv3: CPU13: using allocated LPI pending table @0x0000001041870000
[    0.685123] arch_timer: CPU13: Trapping CNTVCT access
[    0.685126] CPU13: Booted secondary processor 0x0000010301 [0x410fd082]
[    0.687554] Detected PIPT I-cache on CPU14
[    0.687564] GICv3: CPU14: found redistributor 10302 region 14:0x000000004d480000
[    0.687570] GICv3: CPU14: using allocated LPI pending table @0x0000001041880000
[    0.687705] arch_timer: CPU14: Trapping CNTVCT access
[    0.687709] CPU14: Booted secondary processor 0x0000010302 [0x410fd082]
[    0.690140] Detected PIPT I-cache on CPU15
[    0.690151] GICv3: CPU15: found redistributor 10303 region 15:0x000000004d4c0000
[    0.690157] GICv3: CPU15: using allocated LPI pending table @0x0000001041890000
[    0.690291] arch_timer: CPU15: Trapping CNTVCT access
[    0.690294] CPU15: Booted secondary processor 0x0000010303 [0x410fd082]
[    0.783256] Detected PIPT I-cache on CPU16
[    0.783272] GICv3: CPU16: found redistributor 30000 region 16:0x000000006d100000
[    0.783279] GICv3: CPU16: using allocated LPI pending table @0x00000010418a0000
[    0.783459] arch_timer: CPU16: Trapping CNTVCT access
[    0.783464] CPU16: Booted secondary processor 0x0000030000 [0x410fd082]
[    0.785946] Detected PIPT I-cache on CPU17
[    0.785958] GICv3: CPU17: found redistributor 30001 region 17:0x000000006d140000
[    0.785963] GICv3: CPU17: using allocated LPI pending table @0x00000010418b0000
[    0.786142] arch_timer: CPU17: Trapping CNTVCT access
[    0.786145] CPU17: Booted secondary processor 0x0000030001 [0x410fd082]
[    0.788560] Detected PIPT I-cache on CPU18
[    0.788572] GICv3: CPU18: found redistributor 30002 region 18:0x000000006d180000
[    0.788578] GICv3: CPU18: using allocated LPI pending table @0x00000010418c0000
[    0.788756] arch_timer: CPU18: Trapping CNTVCT access
[    0.788759] CPU18: Booted secondary processor 0x0000030002 [0x410fd082]
[    0.881598] Detected PIPT I-cache on CPU19
[    0.881611] GICv3: CPU19: found redistributor 30003 region 19:0x000000006d1c0000
[    0.881617] GICv3: CPU19: using allocated LPI pending table @0x00000010418d0000
[    0.881796] arch_timer: CPU19: Trapping CNTVCT access
[    0.881800] CPU19: Booted secondary processor 0x0000030003 [0x410fd082]
[    0.884214] Detected PIPT I-cache on CPU20
[    0.884232] GICv3: CPU20: found redistributor 30100 region 20:0x000000006d200000
[    0.884239] GICv3: CPU20: using allocated LPI pending table @0x00000010418e0000
[    0.884419] arch_timer: CPU20: Trapping CNTVCT access
[    0.884425] CPU20: Booted secondary processor 0x0000030100 [0x410fd082]
[    0.886862] Detected PIPT I-cache on CPU21
[    0.886876] GICv3: CPU21: found redistributor 30101 region 21:0x000000006d240000
[    0.886882] GICv3: CPU21: using allocated LPI pending table @0x00000010418f0000
[    0.887059] arch_timer: CPU21: Trapping CNTVCT access
[    0.887062] CPU21: Booted secondary processor 0x0000030101 [0x410fd082]
[    0.979931] Detected PIPT I-cache on CPU22
[    0.979944] GICv3: CPU22: found redistributor 30102 region 22:0x000000006d280000
[    0.979951] GICv3: CPU22: using allocated LPI pending table @0x0000001041900000
[    0.980130] arch_timer: CPU22: Trapping CNTVCT access
[    0.980134] CPU22: Booted secondary processor 0x0000030102 [0x410fd082]
[    0.982547] Detected PIPT I-cache on CPU23
[    0.982560] GICv3: CPU23: found redistributor 30103 region 23:0x000000006d2c0000
[    0.982567] GICv3: CPU23: using allocated LPI pending table @0x0000001041910000
[    0.982746] arch_timer: CPU23: Trapping CNTVCT access
[    0.982750] CPU23: Booted secondary processor 0x0000030103 [0x410fd082]
[    0.985166] Detected PIPT I-cache on CPU24
[    0.985184] GICv3: CPU24: found redistributor 30200 region 24:0x000000006d300000
[    0.985192] GICv3: CPU24: using allocated LPI pending table @0x0000001041920000
[    0.985372] arch_timer: CPU24: Trapping CNTVCT access
[    0.985377] CPU24: Booted secondary processor 0x0000030200 [0x410fd082]
[    1.078298] Detected PIPT I-cache on CPU25
[    1.078311] GICv3: CPU25: found redistributor 30201 region 25:0x000000006d340000
[    1.078318] GICv3: CPU25: using allocated LPI pending table @0x0000001041930000
[    1.078498] arch_timer: CPU25: Trapping CNTVCT access
[    1.078501] CPU25: Booted secondary processor 0x0000030201 [0x410fd082]
[    1.080915] Detected PIPT I-cache on CPU26
[    1.080929] GICv3: CPU26: found redistributor 30202 region 26:0x000000006d380000
[    1.080936] GICv3: CPU26: using allocated LPI pending table @0x0000001041940000
[    1.081114] arch_timer: CPU26: Trapping CNTVCT access
[    1.081117] CPU26: Booted secondary processor 0x0000030202 [0x410fd082]
[    1.083535] Detected PIPT I-cache on CPU27
[    1.083550] GICv3: CPU27: found redistributor 30203 region 27:0x000000006d3c0000
[    1.083557] GICv3: CPU27: using allocated LPI pending table @0x0000001041950000
[    1.083735] arch_timer: CPU27: Trapping CNTVCT access
[    1.083739] CPU27: Booted secondary processor 0x0000030203 [0x410fd082]
[    1.176635] Detected PIPT I-cache on CPU28
[    1.176655] GICv3: CPU28: found redistributor 30300 region 28:0x000000006d400000
[    1.176664] GICv3: CPU28: using allocated LPI pending table @0x0000001041960000
[    1.176845] arch_timer: CPU28: Trapping CNTVCT access
[    1.176851] CPU28: Booted secondary processor 0x0000030300 [0x410fd082]
[    1.179290] Detected PIPT I-cache on CPU29
[    1.179304] GICv3: CPU29: found redistributor 30301 region 29:0x000000006d440000
[    1.179311] GICv3: CPU29: using allocated LPI pending table @0x0000001041970000
[    1.179488] arch_timer: CPU29: Trapping CNTVCT access
[    1.179492] CPU29: Booted secondary processor 0x0000030301 [0x410fd082]
[    1.181916] Detected PIPT I-cache on CPU30
[    1.181931] GICv3: CPU30: found redistributor 30302 region 30:0x000000006d480000
[    1.181938] GICv3: CPU30: using allocated LPI pending table @0x0000001041980000
[    1.182116] arch_timer: CPU30: Trapping CNTVCT access
[    1.182119] CPU30: Booted secondary processor 0x0000030302 [0x410fd082]
[    1.274980] Detected PIPT I-cache on CPU31
[    1.274996] GICv3: CPU31: found redistributor 30303 region 31:0x000000006d4c0000
[    1.275003] GICv3: CPU31: using allocated LPI pending table @0x0000001041990000
[    1.275180] arch_timer: CPU31: Trapping CNTVCT access
[    1.275183] CPU31: Booted secondary processor 0x0000030303 [0x410fd082]
[    1.277781] Detected PIPT I-cache on CPU32
[    1.277838] GICv3: CPU32: found redistributor 50000 region 32:0x000004004d100000
[    1.277857] GICv3: CPU32: using allocated LPI pending table @0x00000010419a0000
[    1.278038] arch_timer: CPU32: Trapping CNTVCT access
[    1.278048] CPU32: Booted secondary processor 0x0000050000 [0x410fd082]
[    1.280897] Detected PIPT I-cache on CPU33
[    1.280929] GICv3: CPU33: found redistributor 50001 region 33:0x000004004d140000
[    1.280939] GICv3: CPU33: using allocated LPI pending table @0x00000010419b0000
[    1.281080] arch_timer: CPU33: Trapping CNTVCT access
[    1.281083] CPU33: Booted secondary processor 0x0000050001 [0x410fd082]
[    1.373530] Detected PIPT I-cache on CPU34
[    1.373564] GICv3: CPU34: found redistributor 50002 region 34:0x000004004d180000
[    1.373574] GICv3: CPU34: using allocated LPI pending table @0x00000010419c0000
[    1.373710] arch_timer: CPU34: Trapping CNTVCT access
[    1.373713] CPU34: Booted secondary processor 0x0000050002 [0x410fd082]
[    1.376317] Detected PIPT I-cache on CPU35
[    1.376350] GICv3: CPU35: found redistributor 50003 region 35:0x000004004d1c0000
[    1.376360] GICv3: CPU35: using allocated LPI pending table @0x00000010419d0000
[    1.376498] arch_timer: CPU35: Trapping CNTVCT access
[    1.376501] CPU35: Booted secondary processor 0x0000050003 [0x410fd082]
[    1.379103] Detected PIPT I-cache on CPU36
[    1.379138] GICv3: CPU36: found redistributor 50100 region 36:0x000004004d200000
[    1.379148] GICv3: CPU36: using allocated LPI pending table @0x00000010419e0000
[    1.379288] arch_timer: CPU36: Trapping CNTVCT access
[    1.379292] CPU36: Booted secondary processor 0x0000050100 [0x410fd082]
[    1.472076] Detected PIPT I-cache on CPU37
[    1.472110] GICv3: CPU37: found redistributor 50101 region 37:0x000004004d240000
[    1.472121] GICv3: CPU37: using allocated LPI pending table @0x00000010419f0000
[    1.472261] arch_timer: CPU37: Trapping CNTVCT access
[    1.472265] CPU37: Booted secondary processor 0x0000050101 [0x410fd082]
[    1.474866] Detected PIPT I-cache on CPU38
[    1.474899] GICv3: CPU38: found redistributor 50102 region 38:0x000004004d280000
[    1.474909] GICv3: CPU38: using allocated LPI pending table @0x0000001041a00000
[    1.475046] arch_timer: CPU38: Trapping CNTVCT access
[    1.475049] CPU38: Booted secondary processor 0x0000050102 [0x410fd082]
[    1.477645] Detected PIPT I-cache on CPU39
[    1.477678] GICv3: CPU39: found redistributor 50103 region 39:0x000004004d2c0000
[    1.477688] GICv3: CPU39: using allocated LPI pending table @0x0000001041a10000
[    1.477826] arch_timer: CPU39: Trapping CNTVCT access
[    1.477829] CPU39: Booted secondary processor 0x0000050103 [0x410fd082]
[    1.570670] Detected PIPT I-cache on CPU40
[    1.570708] GICv3: CPU40: found redistributor 50200 region 40:0x000004004d300000
[    1.570719] GICv3: CPU40: using allocated LPI pending table @0x0000001041a20000
[    1.570858] arch_timer: CPU40: Trapping CNTVCT access
[    1.570862] CPU40: Booted secondary processor 0x0000050200 [0x410fd082]
[    1.573489] Detected PIPT I-cache on CPU41
[    1.573523] GICv3: CPU41: found redistributor 50201 region 41:0x000004004d340000
[    1.573533] GICv3: CPU41: using allocated LPI pending table @0x0000001041a30000
[    1.573671] arch_timer: CPU41: Trapping CNTVCT access
[    1.573674] CPU41: Booted secondary processor 0x0000050201 [0x410fd082]
[    1.576271] Detected PIPT I-cache on CPU42
[    1.576306] GICv3: CPU42: found redistributor 50202 region 42:0x000004004d380000
[    1.576316] GICv3: CPU42: using allocated LPI pending table @0x0000001041a40000
[    1.576453] arch_timer: CPU42: Trapping CNTVCT access
[    1.576456] CPU42: Booted secondary processor 0x0000050202 [0x410fd082]
[    1.669256] Detected PIPT I-cache on CPU43
[    1.669292] GICv3: CPU43: found redistributor 50203 region 43:0x000004004d3c0000
[    1.669302] GICv3: CPU43: using allocated LPI pending table @0x0000001041a50000
[    1.669439] arch_timer: CPU43: Trapping CNTVCT access
[    1.669443] CPU43: Booted secondary processor 0x0000050203 [0x410fd082]
[    1.672046] Detected PIPT I-cache on CPU44
[    1.672083] GICv3: CPU44: found redistributor 50300 region 44:0x000004004d400000
[    1.672095] GICv3: CPU44: using allocated LPI pending table @0x0000001041a60000
[    1.672235] arch_timer: CPU44: Trapping CNTVCT access
[    1.672239] CPU44: Booted secondary processor 0x0000050300 [0x410fd082]
[    1.674855] Detected PIPT I-cache on CPU45
[    1.674890] GICv3: CPU45: found redistributor 50301 region 45:0x000004004d440000
[    1.674900] GICv3: CPU45: using allocated LPI pending table @0x0000001041a70000
[    1.675038] arch_timer: CPU45: Trapping CNTVCT access
[    1.675042] CPU45: Booted secondary processor 0x0000050301 [0x410fd082]
[    1.767779] Detected PIPT I-cache on CPU46
[    1.767815] GICv3: CPU46: found redistributor 50302 region 46:0x000004004d480000
[    1.767826] GICv3: CPU46: using allocated LPI pending table @0x0000001041a80000
[    1.767964] arch_timer: CPU46: Trapping CNTVCT access
[    1.767968] CPU46: Booted secondary processor 0x0000050302 [0x410fd082]
[    1.770580] Detected PIPT I-cache on CPU47
[    1.770615] GICv3: CPU47: found redistributor 50303 region 47:0x000004004d4c0000
[    1.770625] GICv3: CPU47: using allocated LPI pending table @0x0000001041a90000
[    1.770763] arch_timer: CPU47: Trapping CNTVCT access
[    1.770765] CPU47: Booted secondary processor 0x0000050303 [0x410fd082]
[    1.773404] Detected PIPT I-cache on CPU48
[    1.773448] GICv3: CPU48: found redistributor 70000 region 48:0x000004006d100000
[    1.773461] GICv3: CPU48: using allocated LPI pending table @0x0000001041aa0000
[    1.773643] arch_timer: CPU48: Trapping CNTVCT access
[    1.773647] CPU48: Booted secondary processor 0x0000070000 [0x410fd082]
[    1.866486] Detected PIPT I-cache on CPU49
[    1.866526] GICv3: CPU49: found redistributor 70001 region 49:0x000004006d140000
[    1.866538] GICv3: CPU49: using allocated LPI pending table @0x0000001041ab0000
[    1.866716] arch_timer: CPU49: Trapping CNTVCT access
[    1.866720] CPU49: Booted secondary processor 0x0000070001 [0x410fd082]
[    1.869358] Detected PIPT I-cache on CPU50
[    1.869397] GICv3: CPU50: found redistributor 70002 region 50:0x000004006d180000
[    1.869408] GICv3: CPU50: using allocated LPI pending table @0x0000001041ac0000
[    1.869587] arch_timer: CPU50: Trapping CNTVCT access
[    1.869590] CPU50: Booted secondary processor 0x0000070002 [0x410fd082]
[    1.872235] Detected PIPT I-cache on CPU51
[    1.872274] GICv3: CPU51: found redistributor 70003 region 51:0x000004006d1c0000
[    1.872286] GICv3: CPU51: using allocated LPI pending table @0x0000001041ad0000
[    1.872464] arch_timer: CPU51: Trapping CNTVCT access
[    1.872467] CPU51: Booted secondary processor 0x0000070003 [0x410fd082]
[    1.965236] Detected PIPT I-cache on CPU52
[    1.965281] GICv3: CPU52: found redistributor 70100 region 52:0x000004006d200000
[    1.965295] GICv3: CPU52: using allocated LPI pending table @0x0000001041ae0000
[    1.965478] arch_timer: CPU52: Trapping CNTVCT access
[    1.965483] CPU52: Booted secondary processor 0x0000070100 [0x410fd082]
[    1.968185] Detected PIPT I-cache on CPU53
[    1.968224] GICv3: CPU53: found redistributor 70101 region 53:0x000004006d240000
[    1.968236] GICv3: CPU53: using allocated LPI pending table @0x0000001041af0000
[    1.968415] arch_timer: CPU53: Trapping CNTVCT access
[    1.968419] CPU53: Booted secondary processor 0x0000070101 [0x410fd082]
[    1.971056] Detected PIPT I-cache on CPU54
[    1.971096] GICv3: CPU54: found redistributor 70102 region 54:0x000004006d280000
[    1.971107] GICv3: CPU54: using allocated LPI pending table @0x0000001041b00000
[    1.971286] arch_timer: CPU54: Trapping CNTVCT access
[    1.971290] CPU54: Booted secondary processor 0x0000070102 [0x410fd082]
[    2.063941] Detected PIPT I-cache on CPU55
[    2.063983] GICv3: CPU55: found redistributor 70103 region 55:0x000004006d2c0000
[    2.063995] GICv3: CPU55: using allocated LPI pending table @0x0000001041b10000
[    2.064174] arch_timer: CPU55: Trapping CNTVCT access
[    2.064178] CPU55: Booted secondary processor 0x0000070103 [0x410fd082]
[    2.066829] Detected PIPT I-cache on CPU56
[    2.066874] GICv3: CPU56: found redistributor 70200 region 56:0x000004006d300000
[    2.066887] GICv3: CPU56: using allocated LPI pending table @0x0000001041b20000
[    2.067069] arch_timer: CPU56: Trapping CNTVCT access
[    2.067074] CPU56: Booted secondary processor 0x0000070200 [0x410fd082]
[    2.069744] Detected PIPT I-cache on CPU57
[    2.069784] GICv3: CPU57: found redistributor 70201 region 57:0x000004006d340000
[    2.069796] GICv3: CPU57: using allocated LPI pending table @0x0000001041b30000
[    2.069976] arch_timer: CPU57: Trapping CNTVCT access
[    2.069979] CPU57: Booted secondary processor 0x0000070201 [0x410fd082]
[    2.162599] Detected PIPT I-cache on CPU58
[    2.162641] GICv3: CPU58: found redistributor 70202 region 58:0x000004006d380000
[    2.162654] GICv3: CPU58: using allocated LPI pending table @0x0000001041b40000
[    2.162833] arch_timer: CPU58: Trapping CNTVCT access
[    2.162836] CPU58: Booted secondary processor 0x0000070202 [0x410fd082]
[    2.165489] Detected PIPT I-cache on CPU59
[    2.165530] GICv3: CPU59: found redistributor 70203 region 59:0x000004006d3c0000
[    2.165542] GICv3: CPU59: using allocated LPI pending table @0x0000001041b50000
[    2.165722] arch_timer: CPU59: Trapping CNTVCT access
[    2.165725] CPU59: Booted secondary processor 0x0000070203 [0x410fd082]
[    2.168370] Detected PIPT I-cache on CPU60
[    2.168417] GICv3: CPU60: found redistributor 70300 region 60:0x000004006d400000
[    2.168431] GICv3: CPU60: using allocated LPI pending table @0x0000001041b60000
[    2.168613] arch_timer: CPU60: Trapping CNTVCT access
[    2.168618] CPU60: Booted secondary processor 0x0000070300 [0x410fd082]
[    2.261253] Detected PIPT I-cache on CPU61
[    2.261295] GICv3: CPU61: found redistributor 70301 region 61:0x000004006d440000
[    2.261308] GICv3: CPU61: using allocated LPI pending table @0x0000001041b70000
[    2.261486] arch_timer: CPU61: Trapping CNTVCT access
[    2.261489] CPU61: Booted secondary processor 0x0000070301 [0x410fd082]
[    2.264135] Detected PIPT I-cache on CPU62
[    2.264176] GICv3: CPU62: found redistributor 70302 region 62:0x000004006d480000
[    2.264189] GICv3: CPU62: using allocated LPI pending table @0x0000001041b80000
[    2.264368] arch_timer: CPU62: Trapping CNTVCT access
[    2.264371] CPU62: Booted secondary processor 0x0000070302 [0x410fd082]
[    2.267015] Detected PIPT I-cache on CPU63
[    2.267056] GICv3: CPU63: found redistributor 70303 region 63:0x000004006d4c0000
[    2.267068] GICv3: CPU63: using allocated LPI pending table @0x0000001041b90000
[    2.267246] arch_timer: CPU63: Trapping CNTVCT access
[    2.267249] CPU63: Booted secondary processor 0x0000070303 [0x410fd082]
[    2.357405] smp: Brought up 4 nodes, 64 CPUs
[    2.357409] SMP: Total of 64 processors activated.
[    2.357412] CPU features: detected: 32-bit EL0 Support
[    2.357413] CPU features: detected: 32-bit EL1 Support
[    2.357415] CPU features: detected: CRC32 instructions
[    2.359975] CPU: All CPU(s) started at EL2
[    2.360121] alternatives: patching kernel code
[    2.366369] devtmpfs: initialized
[    2.366897] KASLR disabled due to lack of seed
[    2.366993] clocksource: jiffies: mask: 0xffffffff max_cycles: 0xffffffff, max_idle_ns: 7645041785100000 ns
[    2.367078] futex hash table entries: 16384 (order: 8, 1048576 bytes, vmalloc)
[    2.367663] pinctrl core: initialized pinctrl subsystem
[    2.368017] SMBIOS 3.0.0 present.
[    2.368023] DMI: Huawei Taishan 2280 /D05, BIOS Hisilicon D05 IT21 Nemo 2.0 RC0 04/18/2018
[    2.368430] NET: Registered PF_NETLINK/PF_ROUTE protocol family
[    2.378827] DMA: preallocated 4096 KiB GFP_KERNEL pool for atomic allocations
[    2.379692] DMA: preallocated 4096 KiB GFP_KERNEL|GFP_DMA pool for atomic allocations
[    2.380466] DMA: preallocated 4096 KiB GFP_KERNEL|GFP_DMA32 pool for atomic allocations
[    2.380489] audit: initializing netlink subsys (disabled)
[    2.380546] audit: type=2000 audit(2.320:1): state=initialized audit_enabled=0 res=1
[    2.380848] thermal_sys: Registered thermal governor 'step_wise'
[    2.380851] thermal_sys: Registered thermal governor 'power_allocator'
[    2.380886] cpuidle: using governor menu
[    2.381071] hw-breakpoint: found 6 breakpoint and 4 watchpoint registers.
[    2.381877] ASID allocator initialised with 32768 entries
[    2.381881] HugeTLB: can optimize 4095 vmemmap pages for hugepages-1048576kB
[    2.381883] HugeTLB: can optimize 127 vmemmap pages for hugepages-32768kB
[    2.381885] HugeTLB: can optimize 7 vmemmap pages for hugepages-2048kB
[    2.381886] HugeTLB: can optimize 0 vmemmap pages for hugepages-64kB
[    2.382154] acpiphp: ACPI Hot Plug PCI Controller Driver version: 0.5
[    2.382297] Serial: AMBA PL011 UART driver
[    2.387001] HugeTLB registered 1.00 GiB page size, pre-allocated 0 pages
[    2.387004] HugeTLB registered 32.0 MiB page size, pre-allocated 0 pages
[    2.387006] HugeTLB registered 2.00 MiB page size, pre-allocated 0 pages
[    2.387008] HugeTLB registered 64.0 KiB page size, pre-allocated 0 pages
[    2.389088] ACPI: Added _OSI(Module Device)
[    2.389090] ACPI: Added _OSI(Processor Device)
[    2.389092] ACPI: Added _OSI(3.0 _SCP Extensions)
[    2.389094] ACPI: Added _OSI(Processor Aggregator Device)
[    2.389096] ACPI: Added _OSI(Linux-Dell-Video)
[    2.389098] ACPI: Added _OSI(Linux-Lenovo-NV-HDMI-Audio)
[    2.389100] ACPI: Added _OSI(Linux-HPI-Hybrid-Graphics)
[    2.391658] ACPI: 1 ACPI AML tables successfully acquired and loaded
[    2.393307] ACPI: Interpreter enabled
[    2.393308] ACPI: Using GIC for interrupt routing
[    2.393324] ACPI: MCFG table detected, 8 entries
[    2.393328] ACPI: IORT: SMMU-v3[a0040000] Mapped to Proximity domain 0
[    2.393385] ACPI: IORT: SMMU-v3[700a0040000] Mapped to Proximity domain 3
[    2.393426] ACPI: IORT: SMMU-v3[c0040000] Mapped to Proximity domain 0
[    2.393461] ACPI: IORT: SMMU-v3[8a0040000] Mapped to Proximity domain 1
[    2.393499] ACPI: IORT: SMMU-v3[600a0040000] Mapped to Proximity domain 2
[    2.422531] ACPI: PCI Root Bridge [PCI2] (domain 0002 [bus f8-ff])
[    2.422540] acpi PNP0A08:00: _OSC: OS supports [ExtendedConfig Segments MSI HPX-Type3]
[    2.422544] acpi PNP0A08:00: _OSC: not requesting OS control; OS requires [ExtendedConfig ASPM ClockPM MSI]
[    2.422627] acpi PNP0A08:00: MCFG quirk: ECAM at [mem 0xaf800000-0xafffffff] for [bus f8-ff] with hisi_pcie_ops
[    2.423663] acpi PNP0A08:00: ECAM area [mem 0xaf800000-0xafffffff] reserved by PNP0C02:00
[    2.424098] acpi PNP0A08:00: ECAM at [mem 0xaf800000-0xafffffff] for [bus f8-ff]
[    2.424130] ACPI: Remapped I/O 0x00000000af7f0000 to [io  0x0000-0xffff window]
[    2.424190] PCI host bridge to bus 0002:f8
[    2.424192] pci_bus 0002:f8: root bus resource [mem 0xa8000000-0xaf7effff window]
[    2.424195] pci_bus 0002:f8: root bus resource [io  0x0000-0xffff window]
[    2.424198] pci_bus 0002:f8: root bus resource [bus f8-ff]
[    2.424217] pci 0002:f8:00.0: [19e5:1610] type 01 class 0x060400
[    2.424221] pci_bus 0002:f8: 2-byte config write to 0002:f8:00.0 offset 0x4 may corrupt adjacent RW1C bits
[    2.424230] pci 0002:f8:00.0: reg 0x10: [mem 0x00000000-0x0000ffff]
[    2.424263] pci 0002:f8:00.0: supports D1 D2
[    2.424265] pci 0002:f8:00.0: PME# supported from D0 D1 D3hot
[    2.424400] pci 0002:f9:00.0: [9710:9912] type 00 class 0x070002
[    2.424421] pci 0002:f9:00.0: reg 0x10: [io  0x0000-0x0007]
[    2.424432] pci 0002:f9:00.0: reg 0x14: [mem 0xa8005000-0xa8005fff]
[    2.424466] pci 0002:f9:00.0: reg 0x24: [mem 0xa8004000-0xa8004fff]
[    2.424565] pci 0002:f9:00.0: PME# supported from D3hot D3cold
[    2.424699] pci 0002:f9:00.1: [9710:9912] type 00 class 0x070002
[    2.424720] pci 0002:f9:00.1: reg 0x10: [io  0x0000-0x0007]
[    2.424730] pci 0002:f9:00.1: reg 0x14: [mem 0xa8003000-0xa8003fff]
[    2.424765] pci 0002:f9:00.1: reg 0x24: [mem 0xa8002000-0xa8002fff]
[    2.424843] pci 0002:f9:00.1: PME# supported from D3hot D3cold
[    2.424952] pci 0002:f9:00.2: [9710:9912] type 00 class 0x070103
[    2.424973] pci 0002:f9:00.2: reg 0x10: [io  0x0000-0x0007]
[    2.424984] pci 0002:f9:00.2: reg 0x14: [io  0x0000-0x0007]
[    2.424995] pci 0002:f9:00.2: reg 0x18: [mem 0xa8001000-0xa8001fff]
[    2.425022] pci 0002:f9:00.2: reg 0x24: [mem 0xa8000000-0xa8000fff]
[    2.425099] pci 0002:f9:00.2: PME# supported from D3hot D3cold
[    2.425200] pci_bus 0002:f8: on NUMA node 0
[    2.425209] pci 0002:f8:00.0: BAR 14: assigned [mem 0xa8000000-0xa80fffff]
[    2.425212] pci 0002:f8:00.0: BAR 0: assigned [mem 0xa8100000-0xa810ffff]
[    2.425215] pci 0002:f8:00.0: BAR 13: assigned [io  0x1000-0x1fff]
[    2.425219] pci 0002:f9:00.0: BAR 1: assigned [mem 0xa8000000-0xa8000fff]
[    2.425225] pci 0002:f9:00.0: BAR 5: assigned [mem 0xa8001000-0xa8001fff]
[    2.425231] pci 0002:f9:00.1: BAR 1: assigned [mem 0xa8002000-0xa8002fff]
[    2.425237] pci 0002:f9:00.1: BAR 5: assigned [mem 0xa8003000-0xa8003fff]
[    2.425242] pci 0002:f9:00.2: BAR 2: assigned [mem 0xa8004000-0xa8004fff]
[    2.425248] pci 0002:f9:00.2: BAR 5: assigned [mem 0xa8005000-0xa8005fff]
[    2.425254] pci 0002:f9:00.0: BAR 0: assigned [io  0x1000-0x1007]
[    2.425260] pci 0002:f9:00.1: BAR 0: assigned [io  0x1008-0x100f]
[    2.425266] pci 0002:f9:00.2: BAR 0: assigned [io  0x1010-0x1017]
[    2.425272] pci 0002:f9:00.2: BAR 1: assigned [io  0x1018-0x101f]
[    2.425279] pci 0002:f8:00.0: PCI bridge to [bus f9]
[    2.425282] pci 0002:f8:00.0:   bridge window [io  0x1000-0x1fff]
[    2.425285] pci 0002:f8:00.0:   bridge window [mem 0xa8000000-0xa80fffff]
[    2.425289] pci_bus 0002:f8: resource 4 [mem 0xa8000000-0xaf7effff window]
[    2.425291] pci_bus 0002:f8: resource 5 [io  0x0000-0xffff window]
[    2.425294] pci_bus 0002:f9: resource 0 [io  0x1000-0x1fff]
[    2.425296] pci_bus 0002:f9: resource 1 [mem 0xa8000000-0xa80fffff]
[    2.425476] ACPI: PCI Root Bridge [PCI4] (domain 0004 [bus 88-8f])
[    2.425481] acpi PNP0A08:01: _OSC: OS supports [ExtendedConfig Segments MSI HPX-Type3]
[    2.425484] acpi PNP0A08:01: _OSC: not requesting OS control; OS requires [ExtendedConfig ASPM ClockPM MSI]
[    2.425556] acpi PNP0A08:01: MCFG quirk: ECAM at [mem 0x8a8800000-0x8a8ffffff] for [bus 88-8f] with hisi_pcie_ops
[    2.426912] acpi PNP0A08:01: ECAM area [mem 0x8a8800000-0x8a8ffffff] reserved by PNP0C02:01
[    2.427384] acpi PNP0A08:01: ECAM at [mem 0x8a8800000-0x8a8ffffff] for [bus 88-8f]
[    2.427413] ACPI: Remapped I/O 0x00000008abff0000 to [io  0x10000-0x1ffff window]
[    2.427462] PCI host bridge to bus 0004:88
[    2.427465] pci_bus 0004:88: root bus resource [mem 0x8a9000000-0x8abfeffff window] (bus address [0xa9000000-0xabfeffff])
[    2.427469] pci_bus 0004:88: root bus resource [io  0x10000-0x1ffff window] (bus address [0x0000-0xffff])
[    2.427472] pci_bus 0004:88: root bus resource [bus 88-8f]
[    2.427484] pci 0004:88:00.0: [19e5:1610] type 01 class 0x060400
[    2.427487] pci_bus 0004:88: 2-byte config write to 0004:88:00.0 offset 0x4 may corrupt adjacent RW1C bits
[    2.427495] pci 0004:88:00.0: reg 0x10: [mem 0x00000000-0x0000ffff]
[    2.427526] pci 0004:88:00.0: supports D1 D2
[    2.427528] pci 0004:88:00.0: PME# supported from D0 D1 D3hot
[    2.478825] pci_bus 0004:88: on NUMA node 1
[    2.478829] pci 0004:88:00.0: BAR 0: assigned [mem 0x8a9000000-0x8a900ffff]
[    2.478833] pci 0004:88:00.0: PCI bridge to [bus 89]
[    2.478838] pci_bus 0004:88: resource 4 [mem 0x8a9000000-0x8abfeffff window]
[    2.478841] pci_bus 0004:88: resource 5 [io  0x10000-0x1ffff window]
[    2.479010] ACPI: PCI Root Bridge [PCI5] (domain 0005 [bus 78-7f])
[    2.479015] acpi PNP0A08:02: _OSC: OS supports [ExtendedConfig Segments MSI HPX-Type3]
[    2.479018] acpi PNP0A08:02: _OSC: not requesting OS control; OS requires [ExtendedConfig ASPM ClockPM MSI]
[    2.479090] acpi PNP0A08:02: MCFG quirk: ECAM at [mem 0x8b7800000-0x8b7ffffff] for [bus 78-7f] with hisi_pcie_ops
[    2.480464] acpi PNP0A08:02: ECAM area [mem 0x8b7800000-0x8b7ffffff] reserved by PNP0C02:01
[    2.480976] acpi PNP0A08:02: ECAM at [mem 0x8b7800000-0x8b7ffffff] for [bus 78-7f]
[    2.481004] ACPI: Remapped I/O 0x00000008b77f0000 to [io  0x20000-0x2ffff window]
[    2.481047] PCI host bridge to bus 0005:78
[    2.481050] pci_bus 0005:78: root bus resource [mem 0x8b0000000-0x8b77effff window] (bus address [0xb0000000-0xb77effff])
[    2.481053] pci_bus 0005:78: root bus resource [io  0x20000-0x2ffff window] (bus address [0x0000-0xffff])
[    2.481056] pci_bus 0005:78: root bus resource [bus 78-7f]
[    2.481069] pci 0005:78:00.0: [19e5:1610] type 01 class 0x060400
[    2.481072] pci_bus 0005:78: 2-byte config write to 0005:78:00.0 offset 0x4 may corrupt adjacent RW1C bits
[    2.481080] pci 0005:78:00.0: reg 0x10: [mem 0x00000000-0x00000fff]
[    2.481088] pci 0005:78:00.0: reg 0x38: [mem 0xfffe0000-0xffffffff pref]
[    2.481116] pci 0005:78:00.0: supports D1 D2
[    2.481118] pci 0005:78:00.0: PME# supported from D0 D1 D3hot
[    2.532415] pci_bus 0005:78: on NUMA node 1
[    2.532419] pci 0005:78:00.0: BAR 6: assigned [mem 0x8b0000000-0x8b001ffff pref]
[    2.532423] pci 0005:78:00.0: BAR 0: assigned [mem 0x8b0020000-0x8b0020fff]
[    2.532426] pci 0005:78:00.0: PCI bridge to [bus 79]
[    2.532432] pci_bus 0005:78: resource 4 [mem 0x8b0000000-0x8b77effff window]
[    2.532434] pci_bus 0005:78: resource 5 [io  0x20000-0x2ffff window]
[    2.532606] ACPI: PCI Root Bridge [PCI6] (domain 0006 [bus c0-c7])
[    2.532612] acpi PNP0A08:03: _OSC: OS supports [ExtendedConfig Segments MSI HPX-Type3]
[    2.532615] acpi PNP0A08:03: _OSC: not requesting OS control; OS requires [ExtendedConfig ASPM ClockPM MSI]
[    2.532687] acpi PNP0A08:03: MCFG quirk: ECAM at [mem 0x8ac000000-0x8ac7fffff] for [bus c0-c7] with hisi_pcie_ops
[    2.534039] acpi PNP0A08:03: ECAM area [mem 0x8ac000000-0x8ac7fffff] reserved by PNP0C02:01
[    2.534594] acpi PNP0A08:03: ECAM at [mem 0x8ac000000-0x8ac7fffff] for [bus c0-c7]
[    2.534623] ACPI: Remapped I/O 0x00000008afff0000 to [io  0x30000-0x3ffff window]
[    2.534666] PCI host bridge to bus 0006:c0
[    2.534669] pci_bus 0006:c0: root bus resource [mem 0x8ac900000-0x8affeffff window] (bus address [0xac900000-0xaffeffff])
[    2.534672] pci_bus 0006:c0: root bus resource [io  0x30000-0x3ffff window] (bus address [0x0000-0xffff])
[    2.534675] pci_bus 0006:c0: root bus resource [bus c0-c7]
[    2.534687] pci 0006:c0:00.0: [19e5:1610] type 01 class 0x060400
[    2.534691] pci_bus 0006:c0: 2-byte config write to 0006:c0:00.0 offset 0x4 may corrupt adjacent RW1C bits
[    2.534698] pci 0006:c0:00.0: reg 0x10: [mem 0x00000000-0x0000ffff]
[    2.534729] pci 0006:c0:00.0: supports D1 D2
[    2.534731] pci 0006:c0:00.0: PME# supported from D0 D1 D3hot
[    2.586024] pci_bus 0006:c0: on NUMA node 1
[    2.586028] pci 0006:c0:00.0: BAR 0: assigned [mem 0x8ac900000-0x8ac90ffff]
[    2.586032] pci 0006:c0:00.0: PCI bridge to [bus c1]
[    2.586037] pci_bus 0006:c0: resource 4 [mem 0x8ac900000-0x8affeffff window]
[    2.586040] pci_bus 0006:c0: resource 5 [io  0x30000-0x3ffff window]
[    2.586211] ACPI: PCI Root Bridge [PCI7] (domain 0007 [bus 90-97])
[    2.586216] acpi PNP0A08:04: _OSC: OS supports [ExtendedConfig Segments MSI HPX-Type3]
[    2.586219] acpi PNP0A08:04: _OSC: not requesting OS control; OS requires [ExtendedConfig ASPM ClockPM MSI]
[    2.586291] acpi PNP0A08:04: MCFG quirk: ECAM at [mem 0x8b9000000-0x8b97fffff] for [bus 90-97] with hisi_pcie_ops
[    2.587642] acpi PNP0A08:04: ECAM area [mem 0x8b9000000-0x8b97fffff] reserved by PNP0C02:01
[    2.588230] acpi PNP0A08:04: ECAM at [mem 0x8b9000000-0x8b97fffff] for [bus 90-97]
[    2.588259] ACPI: Remapped I/O 0x00000008bfff0000 to [io  0x40000-0x4ffff window]
[    2.588304] PCI host bridge to bus 0007:90
[    2.588307] pci_bus 0007:90: root bus resource [mem 0x8b9800000-0x8bffeffff window] (bus address [0xb9800000-0xbffeffff])
[    2.588311] pci_bus 0007:90: root bus resource [io  0x40000-0x4ffff window] (bus address [0x0000-0xffff])
[    2.588313] pci_bus 0007:90: root bus resource [bus 90-97]
[    2.588325] pci 0007:90:00.0: [19e5:1610] type 01 class 0x060400
[    2.588328] pci_bus 0007:90: 2-byte config write to 0007:90:00.0 offset 0x4 may corrupt adjacent RW1C bits
[    2.588362] pci 0007:90:00.0: supports D1 D2
[    2.588365] pci 0007:90:00.0: PME# supported from D0 D1 D3hot
[    2.588470] pci 0007:91:00.0: [19e5:1711] type 00 class 0x030000
[    2.588490] pci 0007:91:00.0: reg 0x10: [mem 0x8ba000000-0x8bbffffff pref]
[    2.588502] pci 0007:91:00.0: reg 0x14: [mem 0x8b9800000-0x8b99fffff]
[    2.588609] pci 0007:91:00.0: supports D1
[    2.588611] pci 0007:91:00.0: PME# supported from D0 D1 D3hot
[    2.588706] pci_bus 0007:90: on NUMA node 1
[    2.588710] pci 0007:90:00.0: BAR 14: assigned [mem 0x8ba000000-0x8bcffffff]
[    2.588713] pci 0007:91:00.0: BAR 0: assigned [mem 0x8ba000000-0x8bbffffff pref]
[    2.588719] pci 0007:91:00.0: BAR 1: assigned [mem 0x8bc000000-0x8bc1fffff]
[    2.588724] pci 0007:90:00.0: PCI bridge to [bus 91]
[    2.588727] pci 0007:90:00.0:   bridge window [mem 0x8ba000000-0x8bcffffff]
[    2.588731] pci_bus 0007:90: resource 4 [mem 0x8b9800000-0x8bffeffff window]
[    2.588733] pci_bus 0007:90: resource 5 [io  0x40000-0x4ffff window]
[    2.588736] pci_bus 0007:91: resource 1 [mem 0x8ba000000-0x8bcffffff]
[    2.588925] ACPI: PCI Root Bridge [PCIA] (domain 000a [bus 10-1f])
[    2.588930] acpi PNP0A08:05: _OSC: OS supports [ExtendedConfig Segments MSI HPX-Type3]
[    2.588933] acpi PNP0A08:05: _OSC: not requesting OS control; OS requires [ExtendedConfig ASPM ClockPM MSI]
[    2.589005] acpi PNP0A08:05: MCFG quirk: ECAM at [mem 0x64001000000-0x64001ffffff] for [bus 10-1f] with hisi_pcie_ops
[    2.590404] acpi PNP0A08:05: ECAM area [mem 0x64001000000-0x64001ffffff] reserved by PNP0C02:02
[    2.591023] acpi PNP0A08:05: ECAM at [mem 0x64001000000-0x64001ffffff] for [bus 10-1f]
[    2.591052] ACPI: Remapped I/O 0x0000067fffff0000 to [io  0x50000-0x5ffff window]
[    2.591102] PCI host bridge to bus 000a:10
[    2.591104] pci_bus 000a:10: root bus resource [mem 0x65040000000-0x650efffffff window] (bus address [0x40000000-0xefffffff])
[    2.591108] pci_bus 000a:10: root bus resource [io  0x50000-0x5ffff window] (bus address [0x0000-0xffff])
[    2.591111] pci_bus 000a:10: root bus resource [bus 10-1f]
[    2.591125] pci 000a:10:00.0: [19e5:1610] type 01 class 0x060400
[    2.591128] pci_bus 000a:10: 2-byte config write to 000a:10:00.0 offset 0x4 may corrupt adjacent RW1C bits
[    2.591137] pci 000a:10:00.0: reg 0x10: [mem 0x00000000-0x0000ffff]
[    2.591175] pci 000a:10:00.0: supports D1 D2
[    2.591177] pci 000a:10:00.0: PME# supported from D0 D1 D3hot
[    2.642480] pci_bus 000a:10: on NUMA node 2
[    2.642486] pci 000a:10:00.0: BAR 0: assigned [mem 0x65040000000-0x6504000ffff]
[    2.642490] pci 000a:10:00.0: PCI bridge to [bus 11]
[    2.642496] pci_bus 000a:10: resource 4 [mem 0x65040000000-0x650efffffff window]
[    2.642499] pci_bus 000a:10: resource 5 [io  0x50000-0x5ffff window]
[    2.642671] ACPI: PCI Root Bridge [PCIC] (domain 000c [bus 20-2f])
[    2.642676] acpi PNP0A08:06: _OSC: OS supports [ExtendedConfig Segments MSI HPX-Type3]
[    2.642679] acpi PNP0A08:06: _OSC: not requesting OS control; OS requires [ExtendedConfig ASPM ClockPM MSI]
[    2.642750] acpi PNP0A08:06: MCFG quirk: ECAM at [mem 0x74002000000-0x74002ffffff] for [bus 20-2f] with hisi_pcie_ops
[    2.644317] acpi PNP0A08:06: ECAM area [mem 0x74002000000-0x74002ffffff] reserved by PNP0C02:03
[    2.644979] acpi PNP0A08:06: ECAM at [mem 0x74002000000-0x74002ffffff] for [bus 20-2f]
[    2.645007] ACPI: Remapped I/O 0x0000077fffff0000 to [io  0x60000-0x6ffff window]
[    2.645057] PCI host bridge to bus 000c:20
[    2.645059] pci_bus 000c:20: root bus resource [mem 0x75040000000-0x750efffffff window] (bus address [0x40000000-0xefffffff])
[    2.645062] pci_bus 000c:20: root bus resource [io  0x60000-0x6ffff window] (bus address [0x0000-0xffff])
[    2.645065] pci_bus 000c:20: root bus resource [bus 20-2f]
[    2.645081] pci 000c:20:00.0: [19e5:1610] type 01 class 0x060400
[    2.645085] pci_bus 000c:20: 2-byte config write to 000c:20:00.0 offset 0x4 may corrupt adjacent RW1C bits
[    2.645096] pci 000c:20:00.0: reg 0x10: [mem 0x00000000-0x0000ffff]
[    2.645140] pci 000c:20:00.0: supports D1 D2
[    2.645143] pci 000c:20:00.0: PME# supported from D0 D1 D3hot
[    2.696446] pci_bus 000c:20: on NUMA node 3
[    2.696450] pci 000c:20:00.0: BAR 0: assigned [mem 0x75040000000-0x7504000ffff]
[    2.696454] pci 000c:20:00.0: PCI bridge to [bus 21]
[    2.696462] pci_bus 000c:20: resource 4 [mem 0x75040000000-0x750efffffff window]
[    2.696464] pci_bus 000c:20: resource 5 [io  0x60000-0x6ffff window]
[    2.696634] ACPI: PCI Root Bridge [PCID] (domain 000d [bus 30-3f])
[    2.696640] acpi PNP0A08:07: _OSC: OS supports [ExtendedConfig Segments MSI HPX-Type3]
[    2.696642] acpi PNP0A08:07: _OSC: not requesting OS control; OS requires [ExtendedConfig ASPM ClockPM MSI]
[    2.696714] acpi PNP0A08:07: MCFG quirk: ECAM at [mem 0x78003000000-0x78003ffffff] for [bus 30-3f] with hisi_pcie_ops
[    2.698266] acpi PNP0A08:07: ECAM area [mem 0x78003000000-0x78003ffffff] reserved by PNP0C02:03
[    2.698966] acpi PNP0A08:07: ECAM at [mem 0x78003000000-0x78003ffffff] for [bus 30-3f]
[    2.698994] ACPI: Remapped I/O 0x000007bfffff0000 to [io  0x70000-0x7ffff window]
[    2.699039] PCI host bridge to bus 000d:30
[    2.699042] pci_bus 000d:30: root bus resource [mem 0x79040000000-0x790efffffff window] (bus address [0x40000000-0xefffffff])
[    2.699046] pci_bus 000d:30: root bus resource [io  0x70000-0x7ffff window] (bus address [0x0000-0xffff])
[    2.699049] pci_bus 000d:30: root bus resource [bus 30-3f]
[    2.699064] pci 000d:30:00.0: [19e5:1610] type 01 class 0x060400
[    2.699067] pci_bus 000d:30: 2-byte config write to 000d:30:00.0 offset 0x4 may corrupt adjacent RW1C bits
[    2.699078] pci 000d:30:00.0: reg 0x10: [mem 0x00000000-0x00000fff]
[    2.699089] pci 000d:30:00.0: reg 0x38: [mem 0xfffe0000-0xffffffff pref]
[    2.699129] pci 000d:30:00.0: supports D1 D2
[    2.699131] pci 000d:30:00.0: PME# supported from D0 D1 D3hot
[    2.750439] pci_bus 000d:30: on NUMA node 3
[    2.750443] pci 000d:30:00.0: BAR 6: assigned [mem 0x79040000000-0x7904001ffff pref]
[    2.750446] pci 000d:30:00.0: BAR 0: assigned [mem 0x79040020000-0x79040020fff]
[    2.750450] pci 000d:30:00.0: PCI bridge to [bus 31]
[    2.750458] pci_bus 000d:30: resource 4 [mem 0x79040000000-0x790efffffff window]
[    2.750460] pci_bus 000d:30: resource 5 [io  0x70000-0x7ffff window]
[    2.752235] iommu: Default domain type: Translated 
[    2.752237] iommu: DMA domain TLB invalidation policy: lazy mode (set via kernel command line)
[    2.752404] SCSI subsystem initialized
[    2.752475] libata version 3.00 loaded.
[    2.752530] ACPI: bus type USB registered
[    2.752561] usbcore: registered new interface driver usbfs
[    2.752575] usbcore: registered new interface driver hub
[    2.752605] usbcore: registered new device driver usb
[    2.766570] pps_core: LinuxPPS API ver. 1 registered
[    2.766572] pps_core: Software ver. 5.3.6 - Copyright 2005-2007 Rodolfo Giometti <giometti@linux.it>
[    2.766577] PTP clock support registered
[    2.766608] EDAC MC: Ver: 3.0.0
[    2.766844] Registered efivars operations
[    2.768003] FPGA manager framework
[    2.768035] Advanced Linux Sound Architecture Driver Initialized.
[    2.768329] pci 0007:91:00.0: vgaarb: setting as boot VGA device
[    2.768331] pci 0007:91:00.0: vgaarb: bridge control possible
[    2.768333] pci 0007:91:00.0: vgaarb: VGA device added: decodes=io+mem,owns=none,locks=none
[    2.768336] vgaarb: loaded
[    2.768667] clocksource: Switched to clocksource arch_sys_counter
[    2.768775] VFS: Disk quotas dquot_6.6.0
[    2.768798] VFS: Dquot-cache hash table entries: 512 (order 0, 4096 bytes)
[    2.768885] pnp: PnP ACPI init
[    2.769568] system 00:01: [mem 0xa00a0000-0xa00affff] has been reserved
[    2.769628] system 00:02: [mem 0xaf800000-0xafffffff] could not be reserved
[    2.769737] system 00:03: [mem 0x8a0090000-0x8a009ffff] has been reserved
[    2.769842] system 00:04: [mem 0x8a0200000-0x8a020ffff] has been reserved
[    2.769944] system 00:05: [mem 0x8a00a0000-0x8a00affff] has been reserved
[    2.770056] system 00:06: [mem 0x8a00b0000-0x8a00bffff] has been reserved
[    2.770136] system 00:07: [mem 0x8a8800000-0x8a8ffffff] could not be reserved
[    2.770140] system 00:07: [mem 0x8b7800000-0x8b7ffffff] could not be reserved
[    2.770144] system 00:07: [mem 0x8ac000000-0x8ac7fffff] could not be reserved
[    2.770147] system 00:07: [mem 0x8b9000000-0x8b97fffff] could not be reserved
[    2.770223] system 00:08: [mem 0x600a00a0000-0x600a00affff] has been reserved
[    2.770293] system 00:09: [mem 0x64001000000-0x64001ffffff] could not be reserved
[    2.770400] system 00:0a: [mem 0x700a0090000-0x700a009ffff] has been reserved
[    2.770545] system 00:0b: [mem 0x700a0200000-0x700a020ffff] has been reserved
[    2.770630] system 00:0c: [mem 0x74002000000-0x74002ffffff] could not be reserved
[    2.770634] system 00:0c: [mem 0x78003000000-0x78003ffffff] could not be reserved
[    2.770753] pnp: PnP ACPI: found 13 devices
[    2.773219] NET: Registered PF_INET protocol family
[    2.774012] IP idents hash table entries: 262144 (order: 9, 2097152 bytes, vmalloc)
[    2.778302] tcp_listen_portaddr_hash hash table entries: 32768 (order: 7, 524288 bytes, vmalloc)
[    2.778478] Table-perturb hash table entries: 65536 (order: 6, 262144 bytes, vmalloc)
[    2.778813] TCP established hash table entries: 524288 (order: 10, 4194304 bytes, vmalloc)
[    2.779822] TCP bind hash table entries: 65536 (order: 8, 1048576 bytes, vmalloc)
[    2.780109] TCP: Hash tables configured (established 524288 bind 65536)
[    2.780303] UDP hash table entries: 32768 (order: 8, 1048576 bytes, vmalloc)
[    2.780599] UDP-Lite hash table entries: 32768 (order: 8, 1048576 bytes, vmalloc)
[    2.780993] NET: Registered PF_UNIX/PF_LOCAL protocol family
[    2.781136] RPC: Registered named UNIX socket transport module.
[    2.781139] RPC: Registered udp transport module.
[    2.781140] RPC: Registered tcp transport module.
[    2.781142] RPC: Registered tcp NFSv4.1 backchannel transport module.
[    2.781175] PCI: CLS 0 bytes, default 64
[    2.784205] hw perfevents: enabled with armv8_pmuv3_0 PMU driver, 7 counters available
[    2.784266] kvm [1]: IPA Size Limit: 44 bits
[    2.785426] kvm [1]: GICv4 support disabled
[    2.785429] kvm [1]: vgic-v2@fe020000
[    2.785455] kvm [1]: GIC system register CPU interface enabled
[    2.786378] kvm [1]: vgic interrupt IRQ9
[    2.787216] kvm [1]: Hyp mode initialized successfully
[    2.788906] Initialise system trusted keyrings
[    2.789009] workingset: timestamp_bits=42 max_order=24 bucket_order=0
[    2.791755] squashfs: version 4.0 (2009/01/31) Phillip Lougher
[    2.791986] NFS: Registering the id_resolver key type
[    2.791998] Key type id_resolver registered
[    2.792000] Key type id_legacy registered
[    2.792033] nfs4filelayout_init: NFSv4 File Layout Driver Registering...
[    2.792035] nfs4flexfilelayout_init: NFSv4 Flexfile Layout Driver Registering...
[    2.792085] 9p: Installing v9fs 9p2000 file system support
[    2.808883] Key type asymmetric registered
[    2.808885] Asymmetric key parser 'x509' registered
[    2.808903] Block layer SCSI generic (bsg) driver version 0.4 loaded (major 245)
[    2.808905] io scheduler mq-deadline registered
[    2.808907] io scheduler kyber registered
[    2.811213] hisi-lpc HISI0191:00: registered range [0x0000000000ffbfff - 0x0000000000ffffff]
[    2.813114] pcieport 0006:c0:00.0: can't derive routing for PCI INT A
[    2.813117] pcieport 0006:c0:00.0: PCI INT A: no GSI
[    2.813163] pcieport 0007:90:00.0: can't derive routing for PCI INT A
[    2.813165] pcieport 0007:90:00.0: PCI INT A: no GSI
[    2.814009] input: Power Button as /devices/LNXSYSTM:00/LNXSYBUS:00/PNP0C0C:00/input/input0
[    2.814036] ACPI: button: Power Button [PWRB]
[    2.815089] EINJ: EINJ table not found.
[    2.820429] Serial: 8250/16550 driver, 4 ports, IRQ sharing enabled
[    2.841859] serial8250.6.auto: ttyS1 at I/O 0xffc2f7 (irq = 0, base_baud = 115200) is a 16550A
[    2.842456] SuperH (H)SCI(F) driver initialized
[    2.842562] msm_serial: driver initialized
[    2.842852] arm-smmu-v3 arm-smmu-v3.0.auto: option mask 0x1
[    2.842868] arm-smmu-v3 arm-smmu-v3.0.auto: ias 44-bit, oas 44-bit (features 0x00000f0d)
[    2.843350] arm-smmu-v3 arm-smmu-v3.0.auto: allocated 65536 entries for cmdq
[    2.843647] arm-smmu-v3 arm-smmu-v3.0.auto: allocated 32768 entries for evtq
[    2.845576] arm-smmu-v3 arm-smmu-v3.0.auto: no evtq irq - events will not be reported!
[    2.845580] arm-smmu-v3 arm-smmu-v3.0.auto: no gerr irq - errors will not be reported!
[    2.845683] arm-smmu-v3 arm-smmu-v3.1.auto: option mask 0x1
[    2.845715] arm-smmu-v3 arm-smmu-v3.1.auto: ias 44-bit, oas 44-bit (features 0x00000f0d)
[    2.846021] arm-smmu-v3 arm-smmu-v3.1.auto: allocated 65536 entries for cmdq
[    2.846349] arm-smmu-v3 arm-smmu-v3.1.auto: allocated 32768 entries for evtq
[    2.848839] arm-smmu-v3 arm-smmu-v3.1.auto: no evtq irq - events will not be reported!
[    2.848843] arm-smmu-v3 arm-smmu-v3.1.auto: no gerr irq - errors will not be reported!
[    2.848903] arm-smmu-v3 arm-smmu-v3.2.auto: option mask 0x1
[    2.848917] arm-smmu-v3 arm-smmu-v3.2.auto: ias 44-bit, oas 44-bit (features 0x00000f0d)
[    2.849265] arm-smmu-v3 arm-smmu-v3.2.auto: allocated 65536 entries for cmdq
[    2.849540] arm-smmu-v3 arm-smmu-v3.2.auto: allocated 32768 entries for evtq
[    2.851451] arm-smmu-v3 arm-smmu-v3.2.auto: no evtq irq - events will not be reported!
[    2.851455] arm-smmu-v3 arm-smmu-v3.2.auto: no gerr irq - errors will not be reported!
[    2.851523] arm-smmu-v3 arm-smmu-v3.3.auto: option mask 0x1
[    2.851541] arm-smmu-v3 arm-smmu-v3.3.auto: ias 44-bit, oas 44-bit (features 0x00000f0d)
[    2.851857] arm-smmu-v3 arm-smmu-v3.3.auto: allocated 65536 entries for cmdq
[    2.852178] arm-smmu-v3 arm-smmu-v3.3.auto: allocated 32768 entries for evtq
[    2.854046] arm-smmu-v3 arm-smmu-v3.3.auto: no evtq irq - events will not be reported!
[    2.854049] arm-smmu-v3 arm-smmu-v3.3.auto: no gerr irq - errors will not be reported!
[    2.854107] arm-smmu-v3 arm-smmu-v3.4.auto: option mask 0x1
[    2.854127] arm-smmu-v3 arm-smmu-v3.4.auto: ias 44-bit, oas 44-bit (features 0x00000f0d)
[    2.854487] arm-smmu-v3 arm-smmu-v3.4.auto: allocated 65536 entries for cmdq
[    2.854771] arm-smmu-v3 arm-smmu-v3.4.auto: allocated 32768 entries for evtq
[    2.857262] arm-smmu-v3 arm-smmu-v3.4.auto: no evtq irq - events will not be reported!
[    2.857265] arm-smmu-v3 arm-smmu-v3.4.auto: no gerr irq - errors will not be reported!
[    2.872379] loop: module loaded
[    2.872778] megasas: 07.719.03.00-rc1
[    2.872948] ACPI: IORT: [Firmware Bug]: Named component missing memory address limit
[    2.873124] hisi_sas_v2_hw HISI0162:01: Adding to iommu group 0
[    2.897927] scsi host0: hisi_sas_v2_hw
[    3.516190] hisi_sas_v2_hw HISI0162:01: phyup: phy0 link_rate=11
[    3.516199] hisi_sas_v2_hw HISI0162:01: phyup: phy1 link_rate=11
[    3.516295] sas: phy-0:0 added to port-0:0, phy_mask:0x1 (500e004aaaaaaa1f)
[    3.516308] sas: DOING DISCOVERY on port 0, pid:401
[    3.516600] hisi_sas_v2_hw HISI0162:01: dev[0:2] found
[    3.517158] sas: ex 500e004aaaaaaa1f phy00:U:0 attached: 0000000000000000 (no device)
[    3.517278] sas: ex 500e004aaaaaaa1f phy01:U:B attached: 5001e82002865f0e (ssp)
[    3.517373] sas: ex 500e004aaaaaaa1f phy02:U:A attached: 500e004aaaaaaa02 (stp)
[    3.517467] sas: ex 500e004aaaaaaa1f phy03:U:0 attached: 0000000000000000 (no device)
[    3.517565] sas: ex 500e004aaaaaaa1f phy04:U:B attached: 5001e8200287321e (ssp)
[    3.517660] sas: ex 500e004aaaaaaa1f phy05:U:B attached: 5000cca05b01d9c9 (ssp)
[    3.517756] sas: ex 500e004aaaaaaa1f phy06:U:0 attached: 0000000000000000 (no device)
[    3.517852] sas: ex 500e004aaaaaaa1f phy07:U:B attached: 5001e820028580ae (ssp)
[    3.517952] sas: ex 500e004aaaaaaa1f phy08:U:B attached: 5001e82002858496 (ssp)
[    3.518046] sas: ex 500e004aaaaaaa1f phy09:U:0 attached: 0000000000000000 (no device)
[    3.518149] sas: ex 500e004aaaaaaa1f phy10:U:B attached: 5001e82002862816 (ssp)
[    3.518248] sas: ex 500e004aaaaaaa1f phy11:U:B attached: 5001e8200285850a (ssp)
[    3.518344] sas: ex 500e004aaaaaaa1f phy12:U:0 attached: 0000000000000000 (no device)
[    3.518442] sas: ex 500e004aaaaaaa1f phy13:U:0 attached: 0000000000000000 (no device)
[    3.518539] sas: ex 500e004aaaaaaa1f phy14:U:0 attached: 0000000000000000 (no device)
[    3.518633] sas: ex 500e004aaaaaaa1f phy15:U:0 attached: 0000000000000000 (no device)
[    3.518730] sas: ex 500e004aaaaaaa1f phy16:U:0 attached: 0000000000000000 (no device)
[    3.518827] sas: ex 500e004aaaaaaa1f phy17:U:0 attached: 0000000000000000 (no device)
[    3.518921] sas: ex 500e004aaaaaaa1f phy18:U:0 attached: 0000000000000000 (no device)
[    3.519021] sas: ex 500e004aaaaaaa1f phy19:U:0 attached: 0000000000000000 (no device)
[    3.519124] sas: ex 500e004aaaaaaa1f phy20:U:0 attached: 0000000000000000 (no device)
[    3.519226] sas: ex 500e004aaaaaaa1f phy21:U:0 attached: 0000000000000000 (no device)
[    3.519321] sas: ex 500e004aaaaaaa1f phy22:U:0 attached: 0000000000000000 (no device)
[    3.519417] sas: ex 500e004aaaaaaa1f phy23:U:0 attached: 0000000000000000 (no device)
[    3.519518] sas: ex 500e004aaaaaaa1f phy24:D:B attached: 500e004aaaaaaa1e (host+target)
[    3.519553] hisi_sas_v2_hw HISI0162:01: dev[1:1] found
[    3.519758] hisi_sas_v2_hw HISI0162:01: dev[2:5] found
[    3.519787] hisi_sas_v2_hw HISI0162:01: dev[3:1] found
[    3.519814] hisi_sas_v2_hw HISI0162:01: dev[4:1] found
[    3.519844] hisi_sas_v2_hw HISI0162:01: dev[5:1] found
[    3.519875] hisi_sas_v2_hw HISI0162:01: dev[6:1] found
[    3.519902] hisi_sas_v2_hw HISI0162:01: dev[7:1] found
[    3.519932] hisi_sas_v2_hw HISI0162:01: dev[8:1] found
[    3.519963] hisi_sas_v2_hw HISI0162:01: dev[9:1] found
[    3.519967] ata_std_sched_eh ap=0xffff001046424000 ATA_PFLAG_INITIALIZING=0
[    3.519972] ata_eh_set_pending fastdrain=1 ATA_PFLAG_EH_PENDING=0
[    3.519975] ata_eh_set_pending2 ap=0xffff001046424000 fastdrain=1 cnt=0
[    3.519988] sas: sas_scsi_recover_host Enter sas_scsi_recover_host busy: 0 failed: 0
[    3.519991] sas: sas_eh_handle_sas_errors shost=0xffff041008140000
[    3.519995] sas: sas_ata_strategy_handler shost=0xffff041008140000
[    3.519998] sas: sas_ata_strategy_handler2 shost=0xffff041008140000 calling async_schedule_domain(async_sas_ata_eh)
[    3.520009] sas: ata1: end_device-0:0:2: async_sas_ata_eh dev error handler
[    3.520012] ata_scsi_port_error_handler host=0xffff041008140000 ap=0xffff001046424000
[    3.520016] ata_scsi_port_error_handler2 host=0xffff041008140000 ap=0xffff001046424000 deleting fastdrain_timer
[    3.520020] ata_do_eh ap=0xffff001046424000 calling ata_eh_autopsy
[    3.520022] ata_eh_autopsy ap=0xffff001046424000 link=0xffff001046426040 calling ata_eh_link_autopsy
[    3.520025] ata_eh_link_autopsy link=0xffff001046426040 ATA_EHI_NO_AUTOPSY=1 
[    3.520028] ata_do_eh2 ap=0xffff001046424000 calling ata_eh_report
[    3.520030] ata_do_eh3 ap=0xffff001046424000 calling ata_eh_recover
[    3.520034] ata_eh_reset ap=0xffff001046424000 link=0xffff001046426040 prereset=sas_ata_prereset+0x0/0x50 softreset=0x0 hardreset=sas_ata_hard_reset+0x0/0x98 postreset=0x0
[    3.520048] ata_eh_freeze_port ap=0xffff001046424000
[    3.520051] __ata_port_freeze ap=0xffff001046424000
[    3.520514] hisi_sas_debug_I_T_nexus_reset device=0xffff00104641c400
[    3.521189] hisi_sas_v2_hw HISI0162:01: phyup: phy2 link_rate=11
[    3.521196] hisi_sas_v2_hw HISI0162:01: phyup: phy3 link_rate=11
[    3.521200] hisi_sas_v2_hw HISI0162:01: phyup: phy4 link_rate=11
[    3.521205] hisi_sas_v2_hw HISI0162:01: phyup: phy5 link_rate=11
[    3.521210] hisi_sas_v2_hw HISI0162:01: phyup: phy6 link_rate=11
[    3.521215] hisi_sas_v2_hw HISI0162:01: phyup: phy7 link_rate=11
[    3.680854] hisi_sas_I_T_nexus_reset1  device=0xffff00104641c400 rc=0
[    3.680858] hisi_sas_softreset_ata_disk device=0xffff00104641c400
[    3.687591] hisi_sas_release_task device=0xffff00104641c400
[    3.687594] hisi_sas_I_T_nexus_reset8 device=0xffff00104641c400 calling hisi_sas_release_task
[    3.687596] hisi_sas_release_task device=0xffff00104641c400
[    3.844793] ata_eh_thaw_port ap=0xffff001046424000
[    3.846633] sas: sas_ata_task_done qc=0xffff001046425f30 err_mask=0x0 scsicmd=0x0 task=0xffff001046420000
[    3.846638] sas: sas_ata_task_done2 qc=0xffff001046425f30 err_mask=0x0 scsicmd=0x0 task=0xffff001046420000
[    3.846642] sas: sas_ata_task_done3 qc=0xffff001046425f30 scsicmd=0x0 task=0xffff001046420000
[    3.846646] ata_qc_complete qc=0xffff001046425f30 err_mask=0x0 scsicmd=0x0
[    3.846819] sas: sas_ata_task_done qc=0xffff001046425f30 err_mask=0x0 scsicmd=0x0 task=0xffff001046420180
[    3.846822] sas: sas_ata_task_done2 qc=0xffff001046425f30 err_mask=0x0 scsicmd=0x0 task=0xffff001046420180
[    3.846826] sas: sas_ata_task_done3 qc=0xffff001046425f30 scsicmd=0x0 task=0xffff001046420180
[    3.846829] ata_qc_complete qc=0xffff001046425f30 err_mask=0x0 scsicmd=0x0
[    3.846836] ata1.00: ata_dev_configure: cfg 49:2f00 82:746b 83:7d69 84:4773 85:7469 86:bc41 87:4763 88:407f
[    3.846840] ata1.00: 49==0x2f00  53==0x0007  63==0x0007  64==0x0003  75==0x001f
               80==0x01fc  81==0x0029  82==0x746b  83==0x7d69  84==0x4773
               88==0x407f  93==0x0000
[    3.846846] ata1.00: ATA-8: HGST HUS724040ALA640, MFAOA8B0, max UDMA/133
[    3.846849] ata_log_supported calling ata_read_log_page
[    3.846851] ata1.00: read log page - log 0x0, page 0x0
[    3.846984] sas: sas_ata_task_done qc=0xffff001046425f30 err_mask=0x0 scsicmd=0x0 task=0xffff001046420300
[    3.846988] sas: sas_ata_task_done2 qc=0xffff001046425f30 err_mask=0x0 scsicmd=0x0 task=0xffff001046420300
[    3.846991] sas: sas_ata_task_done3 qc=0xffff001046425f30 scsicmd=0x0 task=0xffff001046420300
[    3.846994] ata_qc_complete qc=0xffff001046425f30 err_mask=0x0 scsicmd=0x0
[    3.847002] ata_read_log_page3 ata_exec_internal err_mask=0x0
[    3.847004] ata1.00: 7814037168 sectors, multi 0: LBA48 NCQ (depth 32)
[    3.847009] ata1.00: set features - xfer mode
[    3.847148] sas: sas_ata_task_done qc=0xffff001046425f30 err_mask=0x0 scsicmd=0x0 task=0xffff001046420480
[    3.847153] sas: sas_ata_task_done2 qc=0xffff001046425f30 err_mask=0x0 scsicmd=0x0 task=0xffff001046420480
[    3.847156] sas: sas_ata_task_done3 qc=0xffff001046425f30 scsicmd=0x0 task=0xffff001046420480
[    3.847159] ata_qc_complete qc=0xffff001046425f30 err_mask=0x0 scsicmd=0x0
[    3.848974] sas: sas_ata_task_done qc=0xffff001046425f30 err_mask=0x0 scsicmd=0x0 task=0xffff001046420600
[    3.848978] sas: sas_ata_task_done2 qc=0xffff001046425f30 err_mask=0x0 scsicmd=0x0 task=0xffff001046420600
[    3.848981] sas: sas_ata_task_done3 qc=0xffff001046425f30 scsicmd=0x0 task=0xffff001046420600
[    3.848984] ata_qc_complete qc=0xffff001046425f30 err_mask=0x0 scsicmd=0x0
[    3.849152] sas: sas_ata_task_done qc=0xffff001046425f30 err_mask=0x0 scsicmd=0x0 task=0xffff001046420780
[    3.849156] sas: sas_ata_task_done2 qc=0xffff001046425f30 err_mask=0x0 scsicmd=0x0 task=0xffff001046420780
[    3.849159] sas: sas_ata_task_done3 qc=0xffff001046425f30 scsicmd=0x0 task=0xffff001046420780
[    3.849162] ata_qc_complete qc=0xffff001046425f30 err_mask=0x0 scsicmd=0x0
[    3.849169] ata1.00: ata_dev_configure: cfg 49:2f00 82:746b 83:7d69 84:4773 85:7469 86:bc41 87:4763 88:407f
[    3.849173] ata1.00: 49==0x2f00  53==0x0007  63==0x0007  64==0x0003  75==0x001f
               80==0x01fc  81==0x0029  82==0x746b  83==0x7d69  84==0x4773
               88==0x407f  93==0x0000
[    3.849179] ata1.00: xfer_shift=12, xfer_mode=0x46
[    3.849181] ata1.00: configured for UDMA/133
[    3.849184] scsi_eh_flush_done_q
[    3.849195] scsi_eh_flush_done_q
[    3.849197] sas: --- Exit sas_scsi_recover_host: busy: 0 failed: 0 tries: 1
[    3.866590] hisi_sas_release_task device=0xffff00104641c200
[    3.933500] scsi 0:0:0:0: Direct-Access     SanDisk  LT0200MO         P404 PQ: 0 ANSI: 6
[    4.548808] hisi_sas_softreset_ata_disk device=0xffff00104641c400
[    4.555449] hisi_sas_release_task device=0xffff00104641c400
[    4.555476] scsi 0:0:1:0: Direct-Access     ATA      HGST HUS724040AL A8B0 PQ: 0 ANSI: 5
[    4.555823] sd 0:0:1:0: [sdb] 7814037168 512-byte logical blocks: (4.00 TB/3.64 TiB)
[    4.555834] sd 0:0:1:0: [sdb] Write Protect is off
[    4.555836] sd 0:0:1:0: [sdb] Mode Sense: 00 3a 00 00
[    4.555849] sd 0:0:1:0: [sdb] Write cache: enabled, read cache: enabled, doesn't support DPO or FUA
[    4.555866] sd 0:0:1:0: [sdb] Preferred minimum I/O size 512 bytes
[    4.563012] hisi_sas_release_task device=0xffff00104641c600
[    4.589132]  sdb: sdb1 sdb2 sdb3
[    4.589344] sd 0:0:1:0: [sdb] Attached SCSI disk
[    4.589490] sd 0:0:0:0: [sda] 390721968 512-byte logical blocks: (200 GB/186 GiB)
[    4.629967] scsi 0:0:2:0: Direct-Access     SanDisk  LT0200MO         P404 PQ: 0 ANSI: 6
[    4.631868] sd 0:0:0:0: [sda] Write Protect is off
[    4.631871] sd 0:0:0:0: [sda] Mode Sense: cf 00 10 08
[    4.713889] sd 0:0:0:0: [sda] Write cache: disabled, read cache: disabled, supports DPO and FUA
[    4.836543] sd 0:0:0:0: [sda] Optimal transfer size 131072 bytes
[    5.197458]  sda: sda1 sda2
[    5.197606] sd 0:0:0:0: [sda] Attached SCSI disk
[    5.249979] sd 0:0:2:0: [sdc] 390721968 512-byte logical blocks: (200 GB/186 GiB)
[    5.291990] sd 0:0:2:0: [sdc] Write Protect is off
[    5.291993] sd 0:0:2:0: [sdc] Mode Sense: cf 00 10 08
[    5.328189] hisi_sas_release_task device=0xffff00104641c800
[    5.328386] scsi 0:0:3:0: Direct-Access     HGST     HUC156030CSS200  A3F0 PQ: 0 ANSI: 6
[    5.330654] sd 0:0:3:0: [sdd] 586072368 512-byte logical blocks: (300 GB/279 GiB)
[    5.331045] sd 0:0:3:0: [sdd] Write Protect is off
[    5.331048] sd 0:0:3:0: [sdd] Mode Sense: f7 00 10 08
[    5.331709] sd 0:0:3:0: [sdd] Write cache: enabled, read cache: enabled, supports DPO and FUA
[    5.337580] hisi_sas_release_task device=0xffff00104641ca00
[    5.339328]  sdd: sdd1
[    5.339422] sd 0:0:3:0: [sdd] Attached SCSI disk
[    5.404566] scsi 0:0:4:0: Direct-Access     SanDisk  LT0200MO         P404 PQ: 0 ANSI: 6
[    5.409605] sd 0:0:2:0: [sdc] Write cache: disabled, read cache: disabled, supports DPO and FUA
[    5.532223] sd 0:0:2:0: [sdc] Optimal transfer size 131072 bytes
[    5.893458]  sdc: sdc1 sdc2 sdc3
[    5.893642] sd 0:0:2:0: [sdc] Attached SCSI disk
[    5.991188] hisi_sas_release_task device=0xffff00104641cc00
[    6.058129] scsi 0:0:5:0: Direct-Access     SanDisk  LT0200MO         P404 PQ: 0 ANSI: 6
[    6.060348] sd 0:0:4:0: [sde] 390721968 512-byte logical blocks: (200 GB/186 GiB)
[    6.102352] sd 0:0:4:0: [sde] Write Protect is off
[    6.102355] sd 0:0:4:0: [sde] Mode Sense: cf 00 10 08
[    6.184341] sd 0:0:4:0: [sde] Write cache: disabled, read cache: disabled, supports DPO and FUA
[    6.306997] sd 0:0:4:0: [sde] Optimal transfer size 131072 bytes
[    6.644826] hisi_sas_release_task device=0xffff00104641ce00
[    6.667887]  sde: sde1 sde2 sde3
[    6.668058] sd 0:0:4:0: [sde] Attached SCSI disk
[    6.711779] scsi 0:0:6:0: Direct-Access     SanDisk  LT0200MO         P404 PQ: 0 ANSI: 6
[    6.714020] sd 0:0:5:0: [sdf] 390721968 512-byte logical blocks: (200 GB/186 GiB)
[    6.756029] sd 0:0:5:0: [sdf] Write Protect is off
[    6.756032] sd 0:0:5:0: [sdf] Mode Sense: cf 00 10 08
[    6.838049] sd 0:0:5:0: [sdf] Write cache: disabled, read cache: disabled, supports DPO and FUA
[    6.960793] sd 0:0:5:0: [sdf] Optimal transfer size 131072 bytes
[    7.298063] hisi_sas_release_task device=0xffff00104641d000
[    7.321801]  sdf: sdf1 sdf2 sdf3 sdf4
[    7.322013] sd 0:0:5:0: [sdf] Attached SCSI disk
[    7.364992] scsi 0:0:7:0: Direct-Access     SanDisk  LT0200MO         P404 PQ: 0 ANSI: 6
[    7.367230] sd 0:0:6:0: [sdg] 390721968 512-byte logical blocks: (200 GB/186 GiB)
[    7.409244] sd 0:0:6:0: [sdg] Write Protect is off
[    7.409247] sd 0:0:6:0: [sdg] Mode Sense: cf 00 10 08
[    7.491283] sd 0:0:6:0: [sdg] Write cache: disabled, read cache: disabled, supports DPO and FUA
[    7.613948] sd 0:0:6:0: [sdg] Optimal transfer size 131072 bytes
[    7.945099] hisi_sas_release_task device=0xffff00104641d200
[    7.945880] scsi 0:0:8:0: Enclosure         12G SAS  Expander         RevB PQ: 0 ANSI: 6
[    7.945981] scsi 0:0:8:0: Power-on or device reset occurred
[    7.947288] sas: DONE DISCOVERY on port 0, pid:401, result:0
[    7.947300] sas: phy1 matched wide port0
[    7.947305] sas: phy-0:1 added to port-0:0, phy_mask:0x3 (500e004aaaaaaa1f)
[    7.947312] sas: REVALIDATING DOMAIN on port 0, pid:401
[    7.947848] sas: ex 500e004aaaaaaa1f phy02 change count has changed
[    7.948136] sas: ex 500e004aaaaaaa1f phy02 originated BROADCAST(CHANGE)
[    7.948139] sas: ex 500e004aaaaaaa1f rediscovering phy02
[    7.948329] sas: ex 500e004aaaaaaa1f phy02 broadcast flutter
[    7.949676] sas: ex 500e004aaaaaaa1f phy16 originated BROADCAST(CHANGE)
[    7.949678] sas: ex 500e004aaaaaaa1f phy16 new device attached
[    7.949772] sas: ex 500e004aaaaaaa1f phy16:U:B attached: 3201581410000000 (host)
[    7.949868] sas: ex 500e004aaaaaaa1f phy17 originated BROADCAST(CHANGE)
[    7.949871] sas: ex 500e004aaaaaaa1f phy17 new device attached
[    7.949964] sas: ex 500e004aaaaaaa1f phy17:U:B attached: 3201581410000000 (host)
[    7.950060] sas: ex 500e004aaaaaaa1f phy18 originated BROADCAST(CHANGE)
[    7.950063] sas: ex 500e004aaaaaaa1f phy18 new device attached
[    7.950156] sas: ex 500e004aaaaaaa1f phy18:U:B attached: 3201581410000000 (host)
[    7.950252] sas: ex 500e004aaaaaaa1f phy19 originated BROADCAST(CHANGE)
[    7.950254] sas: ex 500e004aaaaaaa1f phy19 new device attached
[    7.950348] sas: ex 500e004aaaaaaa1f phy19:U:B attached: 3201581410000000 (host)
[    7.950446] sas: ex 500e004aaaaaaa1f phy20 originated BROADCAST(CHANGE)
[    7.950448] sas: ex 500e004aaaaaaa1f phy20 new device attached
[    7.950541] sas: ex 500e004aaaaaaa1f phy20:U:B attached: 3201581410000000 (host)
[    7.950637] sas: ex 500e004aaaaaaa1f phy21 originated BROADCAST(CHANGE)
[    7.950639] sas: ex 500e004aaaaaaa1f phy21 new device attached
[    7.950733] sas: ex 500e004aaaaaaa1f phy21:U:B attached: 3201581410000000 (host)
[    7.950830] sas: ex 500e004aaaaaaa1f phy22 originated BROADCAST(CHANGE)
[    7.950831] sas: ex 500e004aaaaaaa1f phy22 new device attached
[    7.950925] sas: ex 500e004aaaaaaa1f phy22:U:B attached: 3201581410000000 (host)
[    7.951021] sas: ex 500e004aaaaaaa1f phy23 originated BROADCAST(CHANGE)
[    7.951024] sas: ex 500e004aaaaaaa1f phy23 new device attached
[    7.951118] sas: ex 500e004aaaaaaa1f phy23:U:B attached: 3201581410000000 (host)
[    7.951214] sas: done REVALIDATING DOMAIN on port 0, pid:401, res 0x0
[    7.951222] sas: phy2 matched wide port0
[    7.951227] sas: phy-0:2 added to port-0:0, phy_mask:0x7 (500e004aaaaaaa1f)
[    7.951234] sas: REVALIDATING DOMAIN on port 0, pid:401
[    7.953712] sas: ex 500e004aaaaaaa1f phys DID NOT change
[    7.953714] sas: done REVALIDATING DOMAIN on port 0, pid:401, res 0x0
[    7.953722] sas: phy3 matched wide port0
[    7.953726] sas: phy-0:3 added to port-0:0, phy_mask:0xf (500e004aaaaaaa1f)
[    7.953734] sas: REVALIDATING DOMAIN on port 0, pid:401
[    7.956212] sas: ex 500e004aaaaaaa1f phys DID NOT change
[    7.956214] sas: done REVALIDATING DOMAIN on port 0, pid:401, res 0x0
[    7.956222] sas: phy4 matched wide port0
[    7.956225] sas: phy-0:4 added to port-0:0, phy_mask:0x1f (500e004aaaaaaa1f)
[    7.956233] sas: REVALIDATING DOMAIN on port 0, pid:401
[    7.958710] sas: ex 500e004aaaaaaa1f phys DID NOT change
[    7.958712] sas: done REVALIDATING DOMAIN on port 0, pid:401, res 0x0
[    7.958719] sas: phy5 matched wide port0
[    7.958724] sas: phy-0:5 added to port-0:0, phy_mask:0x3f (500e004aaaaaaa1f)
[    7.958731] sas: REVALIDATING DOMAIN on port 0, pid:401
[    7.961210] sas: ex 500e004aaaaaaa1f phys DID NOT change
[    7.961212] sas: done REVALIDATING DOMAIN on port 0, pid:401, res 0x0
[    7.961219] sas: phy6 matched wide port0
[    7.961224] sas: phy-0:6 added to port-0:0, phy_mask:0x7f (500e004aaaaaaa1f)
[    7.961231] sas: REVALIDATING DOMAIN on port 0, pid:401
[    7.963709] sas: ex 500e004aaaaaaa1f phys DID NOT change
[    7.963711] sas: done REVALIDATING DOMAIN on port 0, pid:401, res 0x0
[    7.963718] sas: phy7 matched wide port0
[    7.963723] sas: phy-0:7 added to port-0:0, phy_mask:0xff (500e004aaaaaaa1f)
[    7.963729] sas: REVALIDATING DOMAIN on port 0, pid:401
[    7.966208] sas: ex 500e004aaaaaaa1f phys DID NOT change
[    7.966210] sas: done REVALIDATING DOMAIN on port 0, pid:401, res 0x0
[    7.966217] sas: broadcast received: 0
[    7.966222] sas: REVALIDATING DOMAIN on port 0, pid:401
[    7.968708] sas: ex 500e004aaaaaaa1f phys DID NOT change
[    7.968709] sas: done REVALIDATING DOMAIN on port 0, pid:401, res 0x0
[    7.968716] sas: broadcast received: 0
[    7.968721] sas: REVALIDATING DOMAIN on port 0, pid:401
[    7.971206] sas: ex 500e004aaaaaaa1f phys DID NOT change
[    7.971208] sas: done REVALIDATING DOMAIN on port 0, pid:401, res 0x0
[    7.971215] sas: broadcast received: 0
[    7.971220] sas: REVALIDATING DOMAIN on port 0, pid:401
[    7.973705] sas: ex 500e004aaaaaaa1f phys DID NOT change
[    7.973707] sas: done REVALIDATING DOMAIN on port 0, pid:401, res 0x0
[    7.973713] sas: broadcast received: 0
[    7.973718] sas: REVALIDATING DOMAIN on port 0, pid:401
[    7.973935] sd 0:0:6:0: [sdg] Attached SCSI disk
[    7.976204] sas: ex 500e004aaaaaaa1f phys DID NOT change
[    7.976206] sas: done REVALIDATING DOMAIN on port 0, pid:401, res 0x0
[    7.976213] sas: broadcast received: 0
[    7.976218] sas: REVALIDATING DOMAIN on port 0, pid:401
[    7.978704] sas: ex 500e004aaaaaaa1f phys DID NOT change
[    7.978706] sas: done REVALIDATING DOMAIN on port 0, pid:401, res 0x0
[    7.978712] sas: broadcast received: 0
[    7.978718] sas: REVALIDATING DOMAIN on port 0, pid:401
[    7.981204] sas: ex 500e004aaaaaaa1f phys DID NOT change
[    7.981206] sas: done REVALIDATING DOMAIN on port 0, pid:401, res 0x0
[    7.981214] sas: broadcast received: 0
[    7.981220] sas: REVALIDATING DOMAIN on port 0, pid:401
[    7.983702] sas: ex 500e004aaaaaaa1f phys DID NOT change
[    7.983703] sas: done REVALIDATING DOMAIN on port 0, pid:401, res 0x0
[    7.983709] sas: broadcast received: 0
[    7.983715] sas: REVALIDATING DOMAIN on port 0, pid:401
[    7.986201] sas: ex 500e004aaaaaaa1f phys DID NOT change
[    7.986203] sas: done REVALIDATING DOMAIN on port 0, pid:401, res 0x0
[    7.986209] sas: broadcast received: 0
[    7.986214] sas: REVALIDATING DOMAIN on port 0, pid:401
[    7.988701] sas: ex 500e004aaaaaaa1f phys DID NOT change
[    7.988702] sas: done REVALIDATING DOMAIN on port 0, pid:401, res 0x0
[    7.988708] sas: broadcast received: 0
[    7.988714] sas: REVALIDATING DOMAIN on port 0, pid:401
[    7.991198] sas: ex 500e004aaaaaaa1f phys DID NOT change
[    7.991200] sas: done REVALIDATING DOMAIN on port 0, pid:401, res 0x0
[    7.991206] sas: broadcast received: 0
[    7.991212] sas: REVALIDATING DOMAIN on port 0, pid:401
[    7.993699] sas: ex 500e004aaaaaaa1f phys DID NOT change
[    7.993701] sas: done REVALIDATING DOMAIN on port 0, pid:401, res 0x0
[    7.993708] sas: broadcast received: 0
[    7.993713] sas: REVALIDATING DOMAIN on port 0, pid:401
[    7.996199] sas: ex 500e004aaaaaaa1f phys DID NOT change
[    7.996201] sas: done REVALIDATING DOMAIN on port 0, pid:401, res 0x0
[    7.996206] sas: broadcast received: 0
[    7.996212] sas: REVALIDATING DOMAIN on port 0, pid:401
[    7.998698] sas: ex 500e004aaaaaaa1f phys DID NOT change
[    7.998700] sas: done REVALIDATING DOMAIN on port 0, pid:401, res 0x0
[    7.998706] sas: broadcast received: 0
[    7.998711] sas: REVALIDATING DOMAIN on port 0, pid:401
[    8.001197] sas: ex 500e004aaaaaaa1f phys DID NOT change
[    8.001199] sas: done REVALIDATING DOMAIN on port 0, pid:401, res 0x0
[    8.001205] sas: broadcast received: 0
[    8.001210] sas: REVALIDATING DOMAIN on port 0, pid:401
[    8.003699] sas: ex 500e004aaaaaaa1f phys DID NOT change
[    8.003701] sas: done REVALIDATING DOMAIN on port 0, pid:401, res 0x0
[    8.003706] sas: broadcast received: 0
[    8.003712] sas: REVALIDATING DOMAIN on port 0, pid:401
[    8.006197] sas: ex 500e004aaaaaaa1f phys DID NOT change
[    8.006200] sas: done REVALIDATING DOMAIN on port 0, pid:401, res 0x0
[    8.008233] tun: Universal TUN/TAP device driver, 1.6
[    8.008455] thunder_xcv, ver 1.0
[    8.008471] thunder_bgx, ver 1.0
[    8.008485] nicpf, ver 1.0
[    8.020579] sd 0:0:7:0: [sdh] 390721968 512-byte logical blocks: (200 GB/186 GiB)
[    8.062580] sd 0:0:7:0: [sdh] Write Protect is off
[    8.062582] sd 0:0:7:0: [sdh] Mode Sense: cf 00 10 08
[    8.088718] ACPI: IORT: [Firmware Bug]: Named component missing memory address limit
[    8.088860] hns_dsaf HISI00B2:00: Adding to iommu group 1
[    8.144577] sd 0:0:7:0: [sdh] Write cache: disabled, read cache: disabled, supports DPO and FUA
[    8.163357] hns_dsaf HISI00B2:00: no mc-mac-mask property, set to default value.
[    8.267199] sd 0:0:7:0: [sdh] Optimal transfer size 131072 bytes
[    8.376728] hns_dsaf HISI00B2:00: no mc-mac-mask property, set to default value.
[    8.593026] hns_dsaf HISI00B2:00: no mc-mac-mask property, set to default value.
[    8.613572] hns_dsaf HISI00B2:00: no mc-mac-mask property, set to default value.
[    8.627215] sd 0:0:7:0: [sdh] Attached SCSI disk
[    8.914345] Generic PHY Mii-HISI0141:00:00: attached PHY driver (mii_bus:phy_addr=Mii-HISI0141:00:00, irq=POLL)
[    8.936914] Generic PHY Mii-HISI0141:00:01: attached PHY driver (mii_bus:phy_addr=Mii-HISI0141:00:01, irq=POLL)
[    8.982810] hns3: Hisilicon Ethernet Network Driver for Hip08 Family - version
[    8.982814] hns3: Copyright (c) 2017 Huawei Corporation.
[    8.982885] hclge is initializing
[    8.982905] e1000: Intel(R) PRO/1000 Network Driver
[    8.982907] e1000: Copyright (c) 1999-2006 Intel Corporation.
[    8.982928] e1000e: Intel(R) PRO/1000 Network Driver
[    8.982930] e1000e: Copyright(c) 1999 - 2015 Intel Corporation.
[    8.982954] igb: Intel(R) Gigabit Ethernet Network Driver
[    8.982955] igb: Copyright (c) 2007-2014 Intel Corporation.
[    8.982979] igbvf: Intel(R) Gigabit Virtual Function Network Driver
[    8.982981] igbvf: Copyright (c) 2009 - 2012 Intel Corporation.
[    8.983160] sky2: driver version 1.30
[    8.983470] VFIO - User Level meta-driver version: 0.3
[    8.984131] ehci_hcd: USB 2.0 'Enhanced' Host Controller (EHCI) Driver
[    8.984134] ehci-pci: EHCI PCI platform driver
[    8.984151] ehci-platform: EHCI generic platform driver
[    8.984187] ehci-orion: EHCI orion driver
[    8.984197] ACPI: IORT: [Firmware Bug]: Named component missing memory address limit
[    8.984216] ehci-exynos: EHCI Exynos driver
[    8.984235] ehci-platform PNP0D20:00: Adding to iommu group 2
[    8.984244] ohci_hcd: USB 1.1 'Open' Host Controller (OHCI) Driver
[    8.984252] ohci-pci: OHCI PCI platform driver
[    8.984269] ohci-platform: OHCI generic platform driver
[    8.984301] ohci-exynos: OHCI Exynos driver
[    8.984455] usbcore: registered new interface driver usb-storage
[    8.985504] ehci-platform PNP0D20:00: EHCI Host Controller
[    8.985514] ehci-platform PNP0D20:00: new USB bus registered, assigned bus number 1
[    8.985574] ehci-platform PNP0D20:00: irq 369, io mem 0xa7020000
[    9.000648] ehci-platform PNP0D20:00: USB 2.0 started, EHCI 1.00
[    9.000938] hub 1-0:1.0: USB hub found
[    9.000953] hub 1-0:1.0: 2 ports detected
[    9.111090] rtc-efi rtc-efi.0: registered as rtc0
[    9.174039] rtc-efi rtc-efi.0: setting system clock to 2022-07-06T15:45:51 UTC (1657122351)
[    9.174261] i2c_dev: i2c /dev entries driver
[    9.176191] sdhci: Secure Digital Host Controller Interface driver
[    9.176194] sdhci: Copyright(c) Pierre Ossman
[    9.176377] Synopsys Designware Multimedia Card Interface Driver
[    9.176610] sdhci-pltfm: SDHCI platform and OF driver helper
[    9.178095] ledtrig-cpu: registered to indicate activity on CPUs
[    9.181082] pstore: Registered efi as persistent store backend
[    9.181455] usbcore: registered new interface driver usbhid
[    9.181457] usbhid: USB HID core driver
[    9.183057] NET: Registered PF_PACKET protocol family
[    9.183122] 9pnet: Installing 9P2000 support
[    9.183153] Key type dns_resolver registered
[    9.183370] registered taskstats version 1
[    9.183389] Loading compiled-in X.509 certificates
[    9.183654] pstore: Using crash dump compression: deflate
[    9.186025] ARMH0011:00: ttyAMA0 at MMIO 0x602b0000 (irq = 370, base_baud = 0) is a SBSA
[    9.199932] printk: console [ttyAMA0] printing thread started
[    9.199945] printk: console [ttyAMA0] enabled
[    9.199947] printk: bootconsole [pl11] disabled
[    9.260683] printk: bootconsole [pl11] printing thread stopped
[    9.263309] pcieport 0002:f8:00.0: Adding to iommu group 3
[    9.264583] pcieport 0002:f8:00.0: can't derive routing for PCI INT A
[    9.264586] pcieport 0002:f8:00.0: PCI INT A: no GSI
[    9.264661] usb 1-1: new high-speed USB device number 2 using ehci-platform
[    9.269231] pcieport 0004:88:00.0: Adding to iommu group 4
[    9.270403] pcieport 0004:88:00.0: can't derive routing for PCI INT A
[    9.270406] pcieport 0004:88:00.0: PCI INT A: no GSI
[    9.275058] pcieport 0005:78:00.0: Adding to iommu group 5
[    9.276227] pcieport 0005:78:00.0: can't derive routing for PCI INT A
[    9.276230] pcieport 0005:78:00.0: PCI INT A: no GSI
[    9.280533] pcieport 000a:10:00.0: Adding to iommu group 6
[    9.281607] pcieport 000a:10:00.0: can't derive routing for PCI INT A
[    9.281611] pcieport 000a:10:00.0: PCI INT A: no GSI
[    9.286969] pcieport 000c:20:00.0: Adding to iommu group 7
[    9.288268] pcieport 000c:20:00.0: can't derive routing for PCI INT A
[    9.288272] pcieport 000c:20:00.0: PCI INT A: no GSI
[    9.291930] pcieport 000d:30:00.0: Adding to iommu group 8
[    9.292992] pcieport 000d:30:00.0: can't derive routing for PCI INT A
[    9.292995] pcieport 000d:30:00.0: PCI INT A: no GSI
[    9.298878] serial 0002:f9:00.0: Adding to iommu group 3
[    9.298899] pci 0002:f8:00.0: can't derive routing for PCI INT A
[    9.298901] serial 0002:f9:00.0: PCI INT A: no GSI
[    9.298920] serial 0002:f9:00.0: enabling device (0000 -> 0003)
[    9.320717] 0002:f9:00.0: ttyS2 at I/O 0x1000 (irq = 372, base_baud = 115200) is a ST16650V2
[    9.320886] serial 0002:f9:00.1: Adding to iommu group 3
[    9.320903] pci 0002:f8:00.0: can't derive routing for PCI INT B
[    9.320905] serial 0002:f9:00.1: PCI INT B: no GSI
[    9.320919] serial 0002:f9:00.1: enabling device (0000 -> 0003)
[    9.342540] 0002:f9:00.1: ttyS3 at I/O 0x1008 (irq = 373, base_baud = 115200) is a ST16650V2
[    9.342866] ALSA device list:
[    9.342869]   No soundcards found.
[    9.425261] hub 1-1:1.0: USB hub found
[    9.425338] hub 1-1:1.0: 4 ports detected
[    9.552648] usb 1-2: new high-speed USB device number 3 using ehci-platform
[    9.709256] hub 1-2:1.0: USB hub found
[    9.709337] hub 1-2:1.0: 4 ports detected
[    9.830362] EXT4-fs (sda2): recovery complete
[    9.830516] EXT4-fs (sda2): mounted filesystem with ordered data mode. Quota mode: none.
