[    0.000000] Booting Linux on physical CPU 0x0000010000 [0x410fd082]
[    0.000000] Linux version 5.19.0-rc3-36889-g343c5518e66c (john@debian) (gcc (Debian 6.3.0-18+deb9u1) 6.3.0 20170516, GNU ld (GNU Binutils for Debian) 2.38) #317 SMP PREEMPT Fri Jul 1 16:29:36 BST 2022
[    0.000000] Machine model: Hisilicon PhosphorV660 Development Board
[    0.000000] efi: EFI v2.60 by EDK II
[    0.000000] efi: SMBIOS=0x3eff0000 SMBIOS 3.0=0x39aa0000 ACPI=0x39b70000 ACPI 2.0=0x39b70014 MEMATTR=0x3b8d0018 MEMRESERVE=0x3a002d18 
[    0.000000] ACPI: Early table checksum verification disabled
[    0.000000] ACPI: RSDP 0x0000000039B70014 000024 (v02 HISI  )
[    0.000000] ACPI: XSDT 0x0000000039B600E8 000084 (v01 HISI   HIP07    00000000      01000013)
[    0.000000] ACPI: FACP 0x0000000039A20000 00010C (v05 HISI   HIP07    00000000 INTL 20151124)
[    0.000000] ACPI: DSDT 0x00000000399E0000 0080C8 (v02 HISI   HIP07    00000000 INTL 20170728)
[    0.000000] ACPI: MCFG 0x0000000039A80000 0000AC (v01 HISI   HIP07    00000000 INTL 20151124)
[    0.000000] ACPI: SLIT 0x0000000039A70000 00003C (v01 HISI   HIP07    00000000 INTL 20151124)
[    0.000000] ACPI: SPCR 0x0000000039A60000 000050 (v02 HISI   HIP07    00000000 INTL 20151124)
[    0.000000] ACPI: SRAT 0x0000000039A50000 0005B0 (v03 HISI   HIP07    00000000 INTL 20151124)
[    0.000000] ACPI: DBG2 0x0000000039A40000 00005A (v00 HISI   HIP07    00000000 INTL 20151124)
[    0.000000] ACPI: GTDT 0x0000000039A10000 000098 (v02 HISI   HIP07    00000000 INTL 20151124)
[    0.000000] ACPI: APIC 0x0000000039A00000 0013E4 (v01 HISI   HIP07    00000000 INTL 20151124)
[    0.000000] ACPI: IORT 0x00000000399F0000 00080C (v00 HISI   HIP07    00000000 INTL 20170728)
[    0.000000] ACPI: PPTT 0x0000000031870000 001754 (v01 HISI   HIP07    00000000 INTL 20151124)
[    0.000000] ACPI: SPMI 0x0000000031860000 000041 (v05 HISI   HIP07    00000000 INTL 20151124)
[    0.000000] ACPI: iBFT 0x00000000317C0000 000800 (v01 HISI   HIP07    00000000      00000000)
[    0.000000] ACPI: SPCR: console: pl011,mmio32,0x602b0000,115200
[    0.000000] earlycon: pl11 at MMIO32 0x00000000602b0000 (options '115200')
[    0.000000] printk: bootconsole [pl11] enabled
[    0.000000] ACPI: SRAT: Node 0 PXM 0 [mem 0x00000000-0x3fffffff]
[    0.000000] ACPI: SRAT: Node 0 PXM 0 [mem 0x1000000000-0x17ffffffff]
[    0.000000] ACPI: SRAT: Node 2 PXM 2 [mem 0x40000000000-0x4003fffffff]
[    0.000000] ACPI: SRAT: Node 2 PXM 2 [mem 0x41000000000-0x417ffffffff]
[    0.000000] NUMA: NODE_DATA [mem 0x17fbffdb40-0x17fbffffff]
[    0.000000] NUMA: Initmem setup node 1 [<memory-less node>]
[    0.000000] NUMA: NODE_DATA [mem 0x417f4002b40-0x417f4004fff]
[    0.000000] NUMA: NODE_DATA(1) on node 2
[    0.000000] NUMA: NODE_DATA [mem 0x417f4000680-0x417f4002b3f]
[    0.000000] NUMA: Initmem setup node 3 [<memory-less node>]
[    0.000000] NUMA: NODE_DATA [mem 0x417f3ffe1c0-0x417f400067f]
[    0.000000] NUMA: NODE_DATA(3) on node 2
[    0.000000] Zone ranges:
[    0.000000]   DMA      [mem 0x0000000000000000-0x00000000ffffffff]
[    0.000000]   DMA32    empty
[    0.000000]   Normal   [mem 0x0000000100000000-0x00000417fbffffff]
[    0.000000] Movable zone start for each node
[    0.000000] Early memory node ranges
[    0.000000]   node   0: [mem 0x0000000000000000-0x000000003188afff]
[    0.000000]   node   0: [mem 0x000000003188b000-0x000000003188efff]
[    0.000000]   node   0: [mem 0x000000003188f000-0x000000003992ffff]
[    0.000000]   node   0: [mem 0x0000000039930000-0x00000000399dffff]
[    0.000000]   node   0: [mem 0x00000000399e0000-0x0000000039a2ffff]
[    0.000000]   node   0: [mem 0x0000000039a30000-0x0000000039a3ffff]
[    0.000000]   node   0: [mem 0x0000000039a40000-0x0000000039a8ffff]
[    0.000000]   node   0: [mem 0x0000000039a90000-0x0000000039b5ffff]
[    0.000000]   node   0: [mem 0x0000000039b60000-0x0000000039b7ffff]
[    0.000000]   node   0: [mem 0x0000000039b80000-0x0000000039ffffff]
[    0.000000]   node   0: [mem 0x000000003a000000-0x000000003efeffff]
[    0.000000]   node   0: [mem 0x000000003eff0000-0x000000003f01ffff]
[    0.000000]   node   0: [mem 0x000000003f020000-0x000000003fbfffff]
[    0.000000]   node   0: [mem 0x0000001040000000-0x00000017fbffffff]
[    0.000000]   node   2: [mem 0x0000041000000000-0x00000417fbffffff]
[    0.000000] Initmem setup node 0 [mem 0x0000000000000000-0x00000017fbffffff]
[    0.000000] Initmem setup node 1 as memoryless
[    0.000000] Initmem setup node 2 [mem 0x0000041000000000-0x00000417fbffffff]
[    0.000000] Initmem setup node 3 as memoryless
[    0.000000] On node 0, zone Normal: 1024 pages in unavailable ranges
[    0.000000] On node 2, zone Normal: 16384 pages in unavailable ranges
[    0.000000] On node 2, zone Normal: 16384 pages in unavailable ranges
[    0.000000] cma: Reserved 32 MiB at 0x000000003ce00000
[    0.000000] crashkernel reserved: 0x0000000002000000 - 0x0000000012000000 (256 MB)
[    0.000000] psci: probing for conduit method from ACPI.
[    0.000000] psci: PSCIv1.0 detected in firmware.
[    0.000000] psci: Using standard PSCI v0.2 function IDs
[    0.000000] psci: MIGRATE_INFO_TYPE not supported.
[    0.000000] psci: SMC Calling Convention v1.0
[    0.000000] ACPI: NUMA: SRAT: PXM 0 -> MPIDR 0x10000 -> Node 0
[    0.000000] ACPI: NUMA: SRAT: PXM 0 -> MPIDR 0x10001 -> Node 0
[    0.000000] ACPI: NUMA: SRAT: PXM 0 -> MPIDR 0x10002 -> Node 0
[    0.000000] ACPI: NUMA: SRAT: PXM 0 -> MPIDR 0x10003 -> Node 0
[    0.000000] ACPI: NUMA: SRAT: PXM 0 -> MPIDR 0x10100 -> Node 0
[    0.000000] ACPI: NUMA: SRAT: PXM 0 -> MPIDR 0x10101 -> Node 0
[    0.000000] ACPI: NUMA: SRAT: PXM 0 -> MPIDR 0x10102 -> Node 0
[    0.000000] ACPI: NUMA: SRAT: PXM 0 -> MPIDR 0x10103 -> Node 0
[    0.000000] ACPI: NUMA: SRAT: PXM 0 -> MPIDR 0x10200 -> Node 0
[    0.000000] ACPI: NUMA: SRAT: PXM 0 -> MPIDR 0x10201 -> Node 0
[    0.000000] ACPI: NUMA: SRAT: PXM 0 -> MPIDR 0x10202 -> Node 0
[    0.000000] ACPI: NUMA: SRAT: PXM 0 -> MPIDR 0x10203 -> Node 0
[    0.000000] ACPI: NUMA: SRAT: PXM 0 -> MPIDR 0x10300 -> Node 0
[    0.000000] ACPI: NUMA: SRAT: PXM 0 -> MPIDR 0x10301 -> Node 0
[    0.000000] ACPI: NUMA: SRAT: PXM 0 -> MPIDR 0x10302 -> Node 0
[    0.000000] ACPI: NUMA: SRAT: PXM 0 -> MPIDR 0x10303 -> Node 0
[    0.000000] ACPI: NUMA: SRAT: PXM 1 -> MPIDR 0x30000 -> Node 1
[    0.000000] ACPI: NUMA: SRAT: PXM 1 -> MPIDR 0x30001 -> Node 1
[    0.000000] ACPI: NUMA: SRAT: PXM 1 -> MPIDR 0x30002 -> Node 1
[    0.000000] ACPI: NUMA: SRAT: PXM 1 -> MPIDR 0x30003 -> Node 1
[    0.000000] ACPI: NUMA: SRAT: PXM 1 -> MPIDR 0x30100 -> Node 1
[    0.000000] ACPI: NUMA: SRAT: PXM 1 -> MPIDR 0x30101 -> Node 1
[    0.000000] ACPI: NUMA: SRAT: PXM 1 -> MPIDR 0x30102 -> Node 1
[    0.000000] ACPI: NUMA: SRAT: PXM 1 -> MPIDR 0x30103 -> Node 1
[    0.000000] ACPI: NUMA: SRAT: PXM 1 -> MPIDR 0x30200 -> Node 1
[    0.000000] ACPI: NUMA: SRAT: PXM 1 -> MPIDR 0x30201 -> Node 1
[    0.000000] ACPI: NUMA: SRAT: PXM 1 -> MPIDR 0x30202 -> Node 1
[    0.000000] ACPI: NUMA: SRAT: PXM 1 -> MPIDR 0x30203 -> Node 1
[    0.000000] ACPI: NUMA: SRAT: PXM 1 -> MPIDR 0x30300 -> Node 1
[    0.000000] ACPI: NUMA: SRAT: PXM 1 -> MPIDR 0x30301 -> Node 1
[    0.000000] ACPI: NUMA: SRAT: PXM 1 -> MPIDR 0x30302 -> Node 1
[    0.000000] ACPI: NUMA: SRAT: PXM 1 -> MPIDR 0x30303 -> Node 1
[    0.000000] ACPI: NUMA: SRAT: PXM 2 -> MPIDR 0x50000 -> Node 2
[    0.000000] ACPI: NUMA: SRAT: PXM 2 -> MPIDR 0x50001 -> Node 2
[    0.000000] ACPI: NUMA: SRAT: PXM 2 -> MPIDR 0x50002 -> Node 2
[    0.000000] ACPI: NUMA: SRAT: PXM 2 -> MPIDR 0x50003 -> Node 2
[    0.000000] ACPI: NUMA: SRAT: PXM 2 -> MPIDR 0x50100 -> Node 2
[    0.000000] ACPI: NUMA: SRAT: PXM 2 -> MPIDR 0x50101 -> Node 2
[    0.000000] ACPI: NUMA: SRAT: PXM 2 -> MPIDR 0x50102 -> Node 2
[    0.000000] ACPI: NUMA: SRAT: PXM 2 -> MPIDR 0x50103 -> Node 2
[    0.000000] ACPI: NUMA: SRAT: PXM 2 -> MPIDR 0x50200 -> Node 2
[    0.000000] ACPI: NUMA: SRAT: PXM 2 -> MPIDR 0x50201 -> Node 2
[    0.000000] ACPI: NUMA: SRAT: PXM 2 -> MPIDR 0x50202 -> Node 2
[    0.000000] ACPI: NUMA: SRAT: PXM 2 -> MPIDR 0x50203 -> Node 2
[    0.000000] ACPI: NUMA: SRAT: PXM 2 -> MPIDR 0x50300 -> Node 2
[    0.000000] ACPI: NUMA: SRAT: PXM 2 -> MPIDR 0x50301 -> Node 2
[    0.000000] ACPI: NUMA: SRAT: PXM 2 -> MPIDR 0x50302 -> Node 2
[    0.000000] ACPI: NUMA: SRAT: PXM 2 -> MPIDR 0x50303 -> Node 2
[    0.000000] ACPI: NUMA: SRAT: PXM 3 -> MPIDR 0x70000 -> Node 3
[    0.000000] ACPI: NUMA: SRAT: PXM 3 -> MPIDR 0x70001 -> Node 3
[    0.000000] ACPI: NUMA: SRAT: PXM 3 -> MPIDR 0x70002 -> Node 3
[    0.000000] ACPI: NUMA: SRAT: PXM 3 -> MPIDR 0x70003 -> Node 3
[    0.000000] ACPI: NUMA: SRAT: PXM 3 -> MPIDR 0x70100 -> Node 3
[    0.000000] ACPI: NUMA: SRAT: PXM 3 -> MPIDR 0x70101 -> Node 3
[    0.000000] ACPI: NUMA: SRAT: PXM 3 -> MPIDR 0x70102 -> Node 3
[    0.000000] ACPI: NUMA: SRAT: PXM 3 -> MPIDR 0x70103 -> Node 3
[    0.000000] ACPI: NUMA: SRAT: PXM 3 -> MPIDR 0x70200 -> Node 3
[    0.000000] ACPI: NUMA: SRAT: PXM 3 -> MPIDR 0x70201 -> Node 3
[    0.000000] ACPI: NUMA: SRAT: PXM 3 -> MPIDR 0x70202 -> Node 3
[    0.000000] ACPI: NUMA: SRAT: PXM 3 -> MPIDR 0x70203 -> Node 3
[    0.000000] ACPI: NUMA: SRAT: PXM 3 -> MPIDR 0x70300 -> Node 3
[    0.000000] ACPI: NUMA: SRAT: PXM 3 -> MPIDR 0x70301 -> Node 3
[    0.000000] ACPI: NUMA: SRAT: PXM 3 -> MPIDR 0x70302 -> Node 3
[    0.000000] ACPI: NUMA: SRAT: PXM 3 -> MPIDR 0x70303 -> Node 3
[    0.000000] percpu: Embedded 20 pages/cpu s44520 r8192 d29208 u81920
[    0.000000] pcpu-alloc: s44520 r8192 d29208 u81920 alloc=20*4096
[    0.000000] pcpu-alloc: [0] 00 [0] 01 [0] 02 [0] 03 [0] 04 [0] 05 [0] 06 [0] 07 
[    0.000000] pcpu-alloc: [0] 08 [0] 09 [0] 10 [0] 11 [0] 12 [0] 13 [0] 14 [0] 15 
[    0.000000] pcpu-alloc: [1] 16 [1] 17 [1] 18 [1] 19 [1] 20 [1] 21 [1] 22 [1] 23 
[    0.000000] pcpu-alloc: [1] 24 [1] 25 [1] 26 [1] 27 [1] 28 [1] 29 [1] 30 [1] 31 
[    0.000000] pcpu-alloc: [2] 32 [2] 33 [2] 34 [2] 35 [2] 36 [2] 37 [2] 38 [2] 39 
[    0.000000] pcpu-alloc: [2] 40 [2] 41 [2] 42 [2] 43 [2] 44 [2] 45 [2] 46 [2] 47 
[    0.000000] pcpu-alloc: [3] 48 [3] 49 [3] 50 [3] 51 [3] 52 [3] 53 [3] 54 [3] 55 
[    0.000000] pcpu-alloc: [3] 56 [3] 57 [3] 58 [3] 59 [3] 60 [3] 61 [3] 62 [3] 63 
[    0.000000] Detected PIPT I-cache on CPU0
[    0.000000] CPU features: detected: GIC system register CPU interface
[    0.000000] CPU features: detected: Spectre-v2
[    0.000000] CPU features: detected: Spectre-v3a
[    0.000000] CPU features: detected: Spectre-v4
[    0.000000] CPU features: detected: Spectre-BHB
[    0.000000] CPU features: kernel page table isolation forced ON by KASLR
[    0.000000] CPU features: detected: Kernel page table isolation (KPTI)
[    0.000000] CPU features: detected: ARM errata 1165522, 1319367, or 1530923
[    0.000000] Fallback order for Node 0: 0 2 
[    0.000000] Fallback order for Node 1: 1 0 2 
[    0.000000] Fallback order for Node 2: 2 0 
[    0.000000] Fallback order for Node 3: 3 2 0 
[    0.000000] Built 4 zonelists, mobility grouping on.  Total pages: 16481808
[    0.000000] Policy zone: Normal
[    0.000000] Kernel command line: BOOT_IMAGE=/john/Image rdinit=/init crashkernel=256M@32M console=ttyAMA0,115200 earlycon acpi=force pcie_aspm=off noinitrd root=/dev/sda2 rw log_buf_len=16M user_debug=1 iommu.strict=0 nvme.use_threaded_interrupts=1 irqchip.gicv3_pseudo_nmi=1
[    0.000000] PCIe ASPM is disabled
[    0.000000] Unknown kernel command line parameters "BOOT_IMAGE=/john/Image user_debug=1", will be passed to user space.
[    0.000000] printk: log_buf_len: 16777216 bytes
[    0.000000] printk: early log buf free: 120080(91%)
[    0.000000] mem auto-init: stack:off, heap alloc:off, heap free:off
[    0.000000] software IO TLB: mapped [mem 0x0000000035930000-0x0000000039930000] (64MB)
[    0.000000] Memory: 65310988K/66973696K available (15296K kernel code, 3396K rwdata, 9104K rodata, 6912K init, 586K bss, 1629940K reserved, 32768K cma-reserved)
[    0.000000] SLUB: HWalign=64, Order=0-3, MinObjects=0, CPUs=64, Nodes=4
[    0.000000] rcu: Preemptible hierarchical RCU implementation.
[    0.000000] rcu: 	RCU event tracing is enabled.
[    0.000000] rcu: 	RCU restricting CPUs from NR_CPUS=256 to nr_cpu_ids=64.
[    0.000000] 	Trampoline variant of Tasks RCU enabled.
[    0.000000] 	Tracing variant of Tasks RCU enabled.
[    0.000000] rcu: RCU calculated value of scheduler-enlistment delay is 25 jiffies.
[    0.000000] rcu: Adjusting geometry for rcu_fanout_leaf=16, nr_cpu_ids=64
[    0.000000] NR_IRQS: 64, nr_irqs: 64, preallocated irqs: 0
[    0.000000] GICv3: GIC: Using split EOI/Deactivate mode
[    0.000000] GIC: enabling workaround for GICv3: HIP07 erratum 161010803
[    0.000000] GICv3: 988 SPIs implemented
[    0.000000] GICv3: 0 Extended SPIs implemented
[    0.000000] Root IRQ handler: gic_handle_irq
[    0.000000] GICv3: GICv3 features: 16 PPIs, DirectLPI
[    0.000000] GICv3: GICv4 features: DirectLPI 
[    0.000000] GICv3: CPU0: found redistributor 10000 region 0:0x000000004d100000
[    0.000000] SRAT: PXM 0 -> ITS 0 -> Node 0
[    0.000000] SRAT: PXM 1 -> ITS 1 -> Node 1
[    0.000000] SRAT: PXM 0 -> ITS 2 -> Node 0
[    0.000000] SRAT: PXM 1 -> ITS 3 -> Node 1
[    0.000000] SRAT: PXM 2 -> ITS 4 -> Node 2
[    0.000000] SRAT: PXM 3 -> ITS 5 -> Node 3
[    0.000000] SRAT: PXM 2 -> ITS 6 -> Node 2
[    0.000000] SRAT: PXM 3 -> ITS 7 -> Node 3
[    0.000000] ITS [mem 0x4c000000-0x4c01ffff]
[    0.000000] ITS@0x000000004c000000: Using ITS number 0
[    0.000000] GIC: enabling workaround for ITS: Hip07 erratum 161600802
[    0.000000] ITS@0x000000004c000000: allocated 524288 Devices @1040800000 (flat, esz 8, psz 16K, shr 1)
[    0.000000] ITS@0x000000004c000000: allocated 65536 Virtual CPUs @1040180000 (flat, esz 8, psz 4K, shr 1)
[    0.000000] ITS@0x000000004c000000: allocated 512 Interrupt Collections @1040143000 (flat, esz 8, psz 4K, shr 1)
[    0.000000] ITS [mem 0x6c000000-0x6c01ffff]
[    0.000000] ITS@0x000000006c000000: Using ITS number 1
[    0.000000] GIC: enabling workaround for ITS: Hip07 erratum 161600802
[    0.000000] ITS@0x000000006c000000: allocated 524288 Devices @1040c00000 (flat, esz 8, psz 16K, shr 1)
[    0.000000] ITS@0x000000006c000000: allocated 65536 Virtual CPUs @1040200000 (flat, esz 8, psz 4K, shr 1)
[    0.000000] ITS@0x000000006c000000: allocated 512 Interrupt Collections @1040144000 (flat, esz 8, psz 4K, shr 1)
[    0.000000] ITS [mem 0xc6000000-0xc601ffff]
[    0.000000] ITS@0x00000000c6000000: Using ITS number 2
[    0.000000] GIC: enabling workaround for ITS: Hip07 erratum 161600802
[    0.000000] ITS@0x00000000c6000000: allocated 524288 Devices @1041000000 (flat, esz 8, psz 16K, shr 1)
[    0.000000] ITS@0x00000000c6000000: allocated 65536 Virtual CPUs @1040280000 (flat, esz 8, psz 4K, shr 1)
[    0.000000] ITS@0x00000000c6000000: allocated 512 Interrupt Collections @1040145000 (flat, esz 8, psz 4K, shr 1)
[    0.000000] ITS [mem 0x8c6000000-0x8c601ffff]
[    0.000000] ITS@0x00000008c6000000: Using ITS number 3
[    0.000000] GIC: enabling workaround for ITS: Hip07 erratum 161600802
[    0.000000] ITS@0x00000008c6000000: allocated 524288 Devices @1041400000 (flat, esz 8, psz 16K, shr 1)
[    0.000000] ITS@0x00000008c6000000: allocated 65536 Virtual CPUs @1040380000 (flat, esz 8, psz 4K, shr 1)
[    0.000000] ITS@0x00000008c6000000: allocated 512 Interrupt Collections @1040146000 (flat, esz 8, psz 4K, shr 1)
[    0.000000] ITS [mem 0x4004c000000-0x4004c01ffff]
[    0.000000] ITS@0x000004004c000000: Using ITS number 4
[    0.000000] GIC: enabling workaround for ITS: Hip07 erratum 161600802
[    0.000000] ITS@0x000004004c000000: allocated 524288 Devices @41000400000 (flat, esz 8, psz 16K, shr 1)
[    0.000000] ITS@0x000004004c000000: allocated 65536 Virtual CPUs @41000080000 (flat, esz 8, psz 4K, shr 1)
[    0.000000] ITS@0x000004004c000000: allocated 512 Interrupt Collections @41000002000 (flat, esz 8, psz 4K, shr 1)
[    0.000000] ITS [mem 0x4006c000000-0x4006c01ffff]
[    0.000000] ITS@0x000004006c000000: Using ITS number 5
[    0.000000] GIC: enabling workaround for ITS: Hip07 erratum 161600802
[    0.000000] ITS@0x000004006c000000: allocated 524288 Devices @41000800000 (flat, esz 8, psz 16K, shr 1)
[    0.000000] ITS@0x000004006c000000: allocated 65536 Virtual CPUs @41000100000 (flat, esz 8, psz 4K, shr 1)
[    0.000000] ITS@0x000004006c000000: allocated 512 Interrupt Collections @41000003000 (flat, esz 8, psz 4K, shr 1)
[    0.000000] ITS [mem 0x400c6000000-0x400c601ffff]
[    0.000000] ITS@0x00000400c6000000: Using ITS number 6
[    0.000000] GIC: enabling workaround for ITS: Hip07 erratum 161600802
[    0.000000] ITS@0x00000400c6000000: allocated 524288 Devices @41000c00000 (flat, esz 8, psz 16K, shr 1)
[    0.000000] ITS@0x00000400c6000000: allocated 65536 Virtual CPUs @41000180000 (flat, esz 8, psz 4K, shr 1)
[    0.000000] ITS@0x00000400c6000000: allocated 512 Interrupt Collections @41000004000 (flat, esz 8, psz 4K, shr 1)
[    0.000000] ITS [mem 0x408c6000000-0x408c601ffff]
[    0.000000] ITS@0x00000408c6000000: Using ITS number 7
[    0.000000] GIC: enabling workaround for ITS: Hip07 erratum 161600802
[    0.000000] ITS@0x00000408c6000000: allocated 524288 Devices @41001000000 (flat, esz 8, psz 16K, shr 1)
[    0.000000] ITS@0x00000408c6000000: allocated 65536 Virtual CPUs @41000200000 (flat, esz 8, psz 4K, shr 1)
[    0.000000] ITS@0x00000408c6000000: allocated 512 Interrupt Collections @41000005000 (flat, esz 8, psz 4K, shr 1)
[    0.000000] GICv3: using LPI property table @0x0000001040310000
[    0.000000] ITS: Using DirectLPI for VPE invalidation
[    0.000000] ITS: Enabling GICv4 support
[    0.000000] GICv3: CPU0: using allocated LPI pending table @0x0000001040320000
[    0.000000] rcu: srcu_init: Setting srcu_struct sizes based on contention.
[    0.000000] arch_timer: Enabling global workaround for HiSilicon erratum 161010101
[    0.000000] arch_timer: CPU0: Trapping CNTVCT access
[    0.000000] arch_timer: cp15 timer(s) running at 50.00MHz (phys).
[    0.000000] clocksource: arch_sys_counter: mask: 0xffffffffffffff max_cycles: 0xb8812736b, max_idle_ns: 440795202655 ns
[    0.000000] sched_clock: 56 bits at 50MHz, resolution 20ns, wraps every 4398046511100ns
[    0.008182] Console: colour dummy device 80x25
[    0.012723] mempolicy: Enabling automatic NUMA balancing. Configure with numa_balancing= or the kernel.numa_balancing sysctl
[    0.024010] ACPI: Core revision 20220331
[    0.028008] ACPI BIOS Warning (bug): Incorrect checksum in table [DSDT] - 0x71, should be 0x6F (20220331/tbprint-178)
[    0.038765] Calibrating delay loop (skipped), value calculated using timer frequency.. 100.00 BogoMIPS (lpj=200000)
[    0.049255] pid_max: default: 65536 minimum: 512
[    0.053935] LSM: Security Framework initializing
[    0.080503] Dentry cache hash table entries: 8388608 (order: 14, 67108864 bytes, vmalloc)
[    0.099930] Inode-cache hash table entries: 4194304 (order: 13, 33554432 bytes, vmalloc)
[    0.108450] Mount-cache hash table entries: 131072 (order: 8, 1048576 bytes, vmalloc)
[    0.116661] Mountpoint-cache hash table entries: 131072 (order: 8, 1048576 bytes, vmalloc)
[    0.126623] cblist_init_generic: Setting adjustable number of callback queues.
[    0.133949] cblist_init_generic: Setting shift to 6 and lim to 1.
[    0.140152] cblist_init_generic: Setting shift to 6 and lim to 1.
[    0.146364] rcu: Hierarchical SRCU implementation.
[    0.146383] printk: bootconsole [pl11] printing thread started
[    0.157120] Platform MSI: ITS@0x4c000000 domain created
[    0.157124] Platform MSI: ITS@0x6c000000 domain created
[    0.157127] Platform MSI: ITS@0xc6000000 domain created
[    0.157130] Platform MSI: ITS@0x8c6000000 domain created
[    0.157133] Platform MSI: ITS@0x4004c000000 domain created
[    0.157138] Platform MSI: ITS@0x4006c000000 domain created
[    0.157141] Platform MSI: ITS@0x400c6000000 domain created
[    0.157144] Platform MSI: ITS@0x408c6000000 domain created
[    0.157150] PCI/MSI: ITS@0x4c000000 domain created
[    0.157153] PCI/MSI: ITS@0x6c000000 domain created
[    0.157155] PCI/MSI: ITS@0xc6000000 domain created
[    0.157158] PCI/MSI: ITS@0x8c6000000 domain created
[    0.157161] PCI/MSI: ITS@0x4004c000000 domain created
[    0.157164] PCI/MSI: ITS@0x4006c000000 domain created
[    0.157166] PCI/MSI: ITS@0x400c6000000 domain created
[    0.157169] PCI/MSI: ITS@0x408c6000000 domain created
[    0.157174] fsl-mc MSI: ITS@0x4c000000 domain created
[    0.157177] fsl-mc MSI: ITS@0x6c000000 domain created
[    0.157179] fsl-mc MSI: ITS@0xc6000000 domain created
[    0.157181] fsl-mc MSI: ITS@0x8c6000000 domain created
[    0.157184] fsl-mc MSI: ITS@0x4004c000000 domain created
[    0.157186] fsl-mc MSI: ITS@0x4006c000000 domain created
[    0.157189] fsl-mc MSI: ITS@0x400c6000000 domain created
[    0.157191] fsl-mc MSI: ITS@0x408c6000000 domain created
[    0.157210] Remapping and enabling EFI services.
[    0.159377] smp: Bringing up secondary CPUs ...
[    0.295373] Detected PIPT I-cache on CPU1
[    0.295388] GICv3: CPU1: found redistributor 10001 region 1:0x000000004d140000
[    0.295394] GICv3: CPU1: using allocated LPI pending table @0x0000001040330000
[    0.295542] arch_timer: CPU1: Trapping CNTVCT access
[    0.295547] CPU1: Booted secondary processor 0x0000010001 [0x410fd082]
[    0.297972] Detected PIPT I-cache on CPU2
[    0.297980] GICv3: CPU2: found redistributor 10002 region 2:0x000000004d180000
[    0.297986] GICv3: CPU2: using allocated LPI pending table @0x0000001040340000
[    0.298122] arch_timer: CPU2: Trapping CNTVCT access
[    0.298125] CPU2: Booted secondary processor 0x0000010002 [0x410fd082]
[    0.300542] Detected PIPT I-cache on CPU3
[    0.300550] GICv3: CPU3: found redistributor 10003 region 3:0x000000004d1c0000
[    0.300556] GICv3: CPU3: using allocated LPI pending table @0x0000001040350000
[    0.300695] arch_timer: CPU3: Trapping CNTVCT access
[    0.300698] CPU3: Booted secondary processor 0x0000010003 [0x410fd082]
[    0.392113] Detected PIPT I-cache on CPU4
[    0.392124] GICv3: CPU4: found redistributor 10100 region 4:0x000000004d200000
[    0.392130] GICv3: CPU4: using allocated LPI pending table @0x0000001040360000
[    0.392266] arch_timer: CPU4: Trapping CNTVCT access
[    0.392269] CPU4: Booted secondary processor 0x0000010100 [0x410fd082]
[    0.394706] Detected PIPT I-cache on CPU5
[    0.394714] GICv3: CPU5: found redistributor 10101 region 5:0x000000004d240000
[    0.394720] GICv3: CPU5: using allocated LPI pending table @0x0000001040370000
[    0.394856] arch_timer: CPU5: Trapping CNTVCT access
[    0.394858] CPU5: Booted secondary processor 0x0000010101 [0x410fd082]
[    0.397275] Detected PIPT I-cache on CPU6
[    0.397283] GICv3: CPU6: found redistributor 10102 region 6:0x000000004d280000
[    0.397289] GICv3: CPU6: using allocated LPI pending table @0x0000001041800000
[    0.397427] arch_timer: CPU6: Trapping CNTVCT access
[    0.397430] CPU6: Booted secondary processor 0x0000010102 [0x410fd082]
[    0.488843] Detected PIPT I-cache on CPU7
[    0.488852] GICv3: CPU7: found redistributor 10103 region 7:0x000000004d2c0000
[    0.488858] GICv3: CPU7: using allocated LPI pending table @0x0000001041810000
[    0.488994] arch_timer: CPU7: Trapping CNTVCT access
[    0.488997] CPU7: Booted secondary processor 0x0000010103 [0x410fd082]
[    0.491419] Detected PIPT I-cache on CPU8
[    0.491431] GICv3: CPU8: found redistributor 10200 region 8:0x000000004d300000
[    0.491437] GICv3: CPU8: using allocated LPI pending table @0x0000001041820000
[    0.491572] arch_timer: CPU8: Trapping CNTVCT access
[    0.491576] CPU8: Booted secondary processor 0x0000010200 [0x410fd082]
[    0.494006] Detected PIPT I-cache on CPU9
[    0.494016] GICv3: CPU9: found redistributor 10201 region 9:0x000000004d340000
[    0.494021] GICv3: CPU9: using allocated LPI pending table @0x0000001041830000
[    0.494154] arch_timer: CPU9: Trapping CNTVCT access
[    0.494158] CPU9: Booted secondary processor 0x0000010201 [0x410fd082]
[    0.585574] Detected PIPT I-cache on CPU10
[    0.585584] GICv3: CPU10: found redistributor 10202 region 10:0x000000004d380000
[    0.585590] GICv3: CPU10: using allocated LPI pending table @0x0000001041840000
[    0.585727] arch_timer: CPU10: Trapping CNTVCT access
[    0.585730] CPU10: Booted secondary processor 0x0000010202 [0x410fd082]
[    0.588152] Detected PIPT I-cache on CPU11
[    0.588162] GICv3: CPU11: found redistributor 10203 region 11:0x000000004d3c0000
[    0.588168] GICv3: CPU11: using allocated LPI pending table @0x0000001041850000
[    0.588304] arch_timer: CPU11: Trapping CNTVCT access
[    0.588307] CPU11: Booted secondary processor 0x0000010203 [0x410fd082]
[    0.590741] Detected PIPT I-cache on CPU12
[    0.590755] GICv3: CPU12: found redistributor 10300 region 12:0x000000004d400000
[    0.590760] GICv3: CPU12: using allocated LPI pending table @0x0000001041860000
[    0.590895] arch_timer: CPU12: Trapping CNTVCT access
[    0.590899] CPU12: Booted secondary processor 0x0000010300 [0x410fd082]
[    0.683891] Detected PIPT I-cache on CPU13
[    0.683902] GICv3: CPU13: found redistributor 10301 region 13:0x000000004d440000
[    0.683907] GICv3: CPU13: using allocated LPI pending table @0x0000001041870000
[    0.684042] arch_timer: CPU13: Trapping CNTVCT access
[    0.684045] CPU13: Booted secondary processor 0x0000010301 [0x410fd082]
[    0.686468] Detected PIPT I-cache on CPU14
[    0.686479] GICv3: CPU14: found redistributor 10302 region 14:0x000000004d480000
[    0.686484] GICv3: CPU14: using allocated LPI pending table @0x0000001041880000
[    0.686618] arch_timer: CPU14: Trapping CNTVCT access
[    0.686621] CPU14: Booted secondary processor 0x0000010302 [0x410fd082]
[    0.689052] Detected PIPT I-cache on CPU15
[    0.689063] GICv3: CPU15: found redistributor 10303 region 15:0x000000004d4c0000
[    0.689068] GICv3: CPU15: using allocated LPI pending table @0x0000001041890000
[    0.689203] arch_timer: CPU15: Trapping CNTVCT access
[    0.689206] CPU15: Booted secondary processor 0x0000010303 [0x410fd082]
[    0.782170] Detected PIPT I-cache on CPU16
[    0.782188] GICv3: CPU16: found redistributor 30000 region 16:0x000000006d100000
[    0.782195] GICv3: CPU16: using allocated LPI pending table @0x00000010418a0000
[    0.782378] arch_timer: CPU16: Trapping CNTVCT access
[    0.782383] CPU16: Booted secondary processor 0x0000030000 [0x410fd082]
[    0.784878] Detected PIPT I-cache on CPU17
[    0.784890] GICv3: CPU17: found redistributor 30001 region 17:0x000000006d140000
[    0.784896] GICv3: CPU17: using allocated LPI pending table @0x00000010418b0000
[    0.785078] arch_timer: CPU17: Trapping CNTVCT access
[    0.785082] CPU17: Booted secondary processor 0x0000030001 [0x410fd082]
[    0.787486] Detected PIPT I-cache on CPU18
[    0.787498] GICv3: CPU18: found redistributor 30002 region 18:0x000000006d180000
[    0.787503] GICv3: CPU18: using allocated LPI pending table @0x00000010418c0000
[    0.787686] arch_timer: CPU18: Trapping CNTVCT access
[    0.787689] CPU18: Booted secondary processor 0x0000030002 [0x410fd082]
[    0.880513] Detected PIPT I-cache on CPU19
[    0.880526] GICv3: CPU19: found redistributor 30003 region 19:0x000000006d1c0000
[    0.880532] GICv3: CPU19: using allocated LPI pending table @0x00000010418d0000
[    0.880714] arch_timer: CPU19: Trapping CNTVCT access
[    0.880717] CPU19: Booted secondary processor 0x0000030003 [0x410fd082]
[    0.883128] Detected PIPT I-cache on CPU20
[    0.883147] GICv3: CPU20: found redistributor 30100 region 20:0x000000006d200000
[    0.883154] GICv3: CPU20: using allocated LPI pending table @0x00000010418e0000
[    0.883339] arch_timer: CPU20: Trapping CNTVCT access
[    0.883345] CPU20: Booted secondary processor 0x0000030100 [0x410fd082]
[    0.885772] Detected PIPT I-cache on CPU21
[    0.885785] GICv3: CPU21: found redistributor 30101 region 21:0x000000006d240000
[    0.885792] GICv3: CPU21: using allocated LPI pending table @0x00000010418f0000
[    0.885974] arch_timer: CPU21: Trapping CNTVCT access
[    0.885977] CPU21: Booted secondary processor 0x0000030101 [0x410fd082]
[    0.978848] Detected PIPT I-cache on CPU22
[    0.978862] GICv3: CPU22: found redistributor 30102 region 22:0x000000006d280000
[    0.978868] GICv3: CPU22: using allocated LPI pending table @0x0000001041900000
[    0.979052] arch_timer: CPU22: Trapping CNTVCT access
[    0.979055] CPU22: Booted secondary processor 0x0000030102 [0x410fd082]
[    0.981467] Detected PIPT I-cache on CPU23
[    0.981481] GICv3: CPU23: found redistributor 30103 region 23:0x000000006d2c0000
[    0.981487] GICv3: CPU23: using allocated LPI pending table @0x0000001041910000
[    0.981668] arch_timer: CPU23: Trapping CNTVCT access
[    0.981671] CPU23: Booted secondary processor 0x0000030103 [0x410fd082]
[    0.984081] Detected PIPT I-cache on CPU24
[    0.984101] GICv3: CPU24: found redistributor 30200 region 24:0x000000006d300000
[    0.984109] GICv3: CPU24: using allocated LPI pending table @0x0000001041920000
[    0.984294] arch_timer: CPU24: Trapping CNTVCT access
[    0.984299] CPU24: Booted secondary processor 0x0000030200 [0x410fd082]
[    1.077208] Detected PIPT I-cache on CPU25
[    1.077222] GICv3: CPU25: found redistributor 30201 region 25:0x000000006d340000
[    1.077229] GICv3: CPU25: using allocated LPI pending table @0x0000001041930000
[    1.077411] arch_timer: CPU25: Trapping CNTVCT access
[    1.077415] CPU25: Booted secondary processor 0x0000030201 [0x410fd082]
[    1.079830] Detected PIPT I-cache on CPU26
[    1.079844] GICv3: CPU26: found redistributor 30202 region 26:0x000000006d380000
[    1.079850] GICv3: CPU26: using allocated LPI pending table @0x0000001041940000
[    1.080032] arch_timer: CPU26: Trapping CNTVCT access
[    1.080036] CPU26: Booted secondary processor 0x0000030202 [0x410fd082]
[    1.082445] Detected PIPT I-cache on CPU27
[    1.082459] GICv3: CPU27: found redistributor 30203 region 27:0x000000006d3c0000
[    1.082466] GICv3: CPU27: using allocated LPI pending table @0x0000001041950000
[    1.082646] arch_timer: CPU27: Trapping CNTVCT access
[    1.082650] CPU27: Booted secondary processor 0x0000030203 [0x410fd082]
[    1.175544] Detected PIPT I-cache on CPU28
[    1.175566] GICv3: CPU28: found redistributor 30300 region 28:0x000000006d400000
[    1.175574] GICv3: CPU28: using allocated LPI pending table @0x0000001041960000
[    1.175759] arch_timer: CPU28: Trapping CNTVCT access
[    1.175764] CPU28: Booted secondary processor 0x0000030300 [0x410fd082]
[    1.178208] Detected PIPT I-cache on CPU29
[    1.178223] GICv3: CPU29: found redistributor 30301 region 29:0x000000006d440000
[    1.178230] GICv3: CPU29: using allocated LPI pending table @0x0000001041970000
[    1.178412] arch_timer: CPU29: Trapping CNTVCT access
[    1.178415] CPU29: Booted secondary processor 0x0000030301 [0x410fd082]
[    1.180813] Detected PIPT I-cache on CPU30
[    1.180827] GICv3: CPU30: found redistributor 30302 region 30:0x000000006d480000
[    1.180834] GICv3: CPU30: using allocated LPI pending table @0x0000001041980000
[    1.181016] arch_timer: CPU30: Trapping CNTVCT access
[    1.181019] CPU30: Booted secondary processor 0x0000030302 [0x410fd082]
[    1.273894] Detected PIPT I-cache on CPU31
[    1.273909] GICv3: CPU31: found redistributor 30303 region 31:0x000000006d4c0000
[    1.273916] GICv3: CPU31: using allocated LPI pending table @0x0000001041990000
[    1.274096] arch_timer: CPU31: Trapping CNTVCT access
[    1.274099] CPU31: Booted secondary processor 0x0000030303 [0x410fd082]
[    1.276704] Detected PIPT I-cache on CPU32
[    1.276764] GICv3: CPU32: found redistributor 50000 region 32:0x000004004d100000
[    1.276783] GICv3: CPU32: using allocated LPI pending table @0x00000010419a0000
[    1.276963] arch_timer: CPU32: Trapping CNTVCT access
[    1.276973] CPU32: Booted secondary processor 0x0000050000 [0x410fd082]
[    1.279821] Detected PIPT I-cache on CPU33
[    1.279854] GICv3: CPU33: found redistributor 50001 region 33:0x000004004d140000
[    1.279864] GICv3: CPU33: using allocated LPI pending table @0x00000010419b0000
[    1.280004] arch_timer: CPU33: Trapping CNTVCT access
[    1.280007] CPU33: Booted secondary processor 0x0000050001 [0x410fd082]
[    1.372431] Detected PIPT I-cache on CPU34
[    1.372465] GICv3: CPU34: found redistributor 50002 region 34:0x000004004d180000
[    1.372476] GICv3: CPU34: using allocated LPI pending table @0x00000010419c0000
[    1.372613] arch_timer: CPU34: Trapping CNTVCT access
[    1.372616] CPU34: Booted secondary processor 0x0000050002 [0x410fd082]
[    1.375223] Detected PIPT I-cache on CPU35
[    1.375256] GICv3: CPU35: found redistributor 50003 region 35:0x000004004d1c0000
[    1.375266] GICv3: CPU35: using allocated LPI pending table @0x00000010419d0000
[    1.375404] arch_timer: CPU35: Trapping CNTVCT access
[    1.375407] CPU35: Booted secondary processor 0x0000050003 [0x410fd082]
[    1.378005] Detected PIPT I-cache on CPU36
[    1.378040] GICv3: CPU36: found redistributor 50100 region 36:0x000004004d200000
[    1.378050] GICv3: CPU36: using allocated LPI pending table @0x00000010419e0000
[    1.378190] arch_timer: CPU36: Trapping CNTVCT access
[    1.378194] CPU36: Booted secondary processor 0x0000050100 [0x410fd082]
[    1.470973] Detected PIPT I-cache on CPU37
[    1.471007] GICv3: CPU37: found redistributor 50101 region 37:0x000004004d240000
[    1.471018] GICv3: CPU37: using allocated LPI pending table @0x00000010419f0000
[    1.471157] arch_timer: CPU37: Trapping CNTVCT access
[    1.471160] CPU37: Booted secondary processor 0x0000050101 [0x410fd082]
[    1.473752] Detected PIPT I-cache on CPU38
[    1.473785] GICv3: CPU38: found redistributor 50102 region 38:0x000004004d280000
[    1.473795] GICv3: CPU38: using allocated LPI pending table @0x0000001041a00000
[    1.473932] arch_timer: CPU38: Trapping CNTVCT access
[    1.473935] CPU38: Booted secondary processor 0x0000050102 [0x410fd082]
[    1.476536] Detected PIPT I-cache on CPU39
[    1.476569] GICv3: CPU39: found redistributor 50103 region 39:0x000004004d2c0000
[    1.476579] GICv3: CPU39: using allocated LPI pending table @0x0000001041a10000
[    1.476717] arch_timer: CPU39: Trapping CNTVCT access
[    1.476720] CPU39: Booted secondary processor 0x0000050103 [0x410fd082]
[    1.569568] Detected PIPT I-cache on CPU40
[    1.569606] GICv3: CPU40: found redistributor 50200 region 40:0x000004004d300000
[    1.569618] GICv3: CPU40: using allocated LPI pending table @0x0000001041a20000
[    1.569758] arch_timer: CPU40: Trapping CNTVCT access
[    1.569762] CPU40: Booted secondary processor 0x0000050200 [0x410fd082]
[    1.572384] Detected PIPT I-cache on CPU41
[    1.572418] GICv3: CPU41: found redistributor 50201 region 41:0x000004004d340000
[    1.572428] GICv3: CPU41: using allocated LPI pending table @0x0000001041a30000
[    1.572568] arch_timer: CPU41: Trapping CNTVCT access
[    1.572571] CPU41: Booted secondary processor 0x0000050201 [0x410fd082]
[    1.575162] Detected PIPT I-cache on CPU42
[    1.575196] GICv3: CPU42: found redistributor 50202 region 42:0x000004004d380000
[    1.575206] GICv3: CPU42: using allocated LPI pending table @0x0000001041a40000
[    1.575344] arch_timer: CPU42: Trapping CNTVCT access
[    1.575347] CPU42: Booted secondary processor 0x0000050202 [0x410fd082]
[    1.668190] Detected PIPT I-cache on CPU43
[    1.668225] GICv3: CPU43: found redistributor 50203 region 43:0x000004004d3c0000
[    1.668236] GICv3: CPU43: using allocated LPI pending table @0x0000001041a50000
[    1.668373] arch_timer: CPU43: Trapping CNTVCT access
[    1.668376] CPU43: Booted secondary processor 0x0000050203 [0x410fd082]
[    1.670982] Detected PIPT I-cache on CPU44
[    1.671020] GICv3: CPU44: found redistributor 50300 region 44:0x000004004d400000
[    1.671031] GICv3: CPU44: using allocated LPI pending table @0x0000001041a60000
[    1.671171] arch_timer: CPU44: Trapping CNTVCT access
[    1.671174] CPU44: Booted secondary processor 0x0000050300 [0x410fd082]
[    1.673782] Detected PIPT I-cache on CPU45
[    1.673818] GICv3: CPU45: found redistributor 50301 region 45:0x000004004d440000
[    1.673828] GICv3: CPU45: using allocated LPI pending table @0x0000001041a70000
[    1.673966] arch_timer: CPU45: Trapping CNTVCT access
[    1.673970] CPU45: Booted secondary processor 0x0000050301 [0x410fd082]
[    1.766724] Detected PIPT I-cache on CPU46
[    1.766760] GICv3: CPU46: found redistributor 50302 region 46:0x000004004d480000
[    1.766771] GICv3: CPU46: using allocated LPI pending table @0x0000001041a80000
[    1.766909] arch_timer: CPU46: Trapping CNTVCT access
[    1.766912] CPU46: Booted secondary processor 0x0000050302 [0x410fd082]
[    1.769526] Detected PIPT I-cache on CPU47
[    1.769561] GICv3: CPU47: found redistributor 50303 region 47:0x000004004d4c0000
[    1.769572] GICv3: CPU47: using allocated LPI pending table @0x0000001041a90000
[    1.769710] arch_timer: CPU47: Trapping CNTVCT access
[    1.769714] CPU47: Booted secondary processor 0x0000050303 [0x410fd082]
[    1.772362] Detected PIPT I-cache on CPU48
[    1.772405] GICv3: CPU48: found redistributor 70000 region 48:0x000004006d100000
[    1.772418] GICv3: CPU48: using allocated LPI pending table @0x0000001041aa0000
[    1.772600] arch_timer: CPU48: Trapping CNTVCT access
[    1.772604] CPU48: Booted secondary processor 0x0000070000 [0x410fd082]
[    1.865402] Detected PIPT I-cache on CPU49
[    1.865442] GICv3: CPU49: found redistributor 70001 region 49:0x000004006d140000
[    1.865454] GICv3: CPU49: using allocated LPI pending table @0x0000001041ab0000
[    1.865633] arch_timer: CPU49: Trapping CNTVCT access
[    1.865636] CPU49: Booted secondary processor 0x0000070001 [0x410fd082]
[    1.868269] Detected PIPT I-cache on CPU50
[    1.868308] GICv3: CPU50: found redistributor 70002 region 50:0x000004006d180000
[    1.868320] GICv3: CPU50: using allocated LPI pending table @0x0000001041ac0000
[    1.868499] arch_timer: CPU50: Trapping CNTVCT access
[    1.868502] CPU50: Booted secondary processor 0x0000070002 [0x410fd082]
[    1.871145] Detected PIPT I-cache on CPU51
[    1.871184] GICv3: CPU51: found redistributor 70003 region 51:0x000004006d1c0000
[    1.871196] GICv3: CPU51: using allocated LPI pending table @0x0000001041ad0000
[    1.871375] arch_timer: CPU51: Trapping CNTVCT access
[    1.871379] CPU51: Booted secondary processor 0x0000070003 [0x410fd082]
[    1.964132] Detected PIPT I-cache on CPU52
[    1.964177] GICv3: CPU52: found redistributor 70100 region 52:0x000004006d200000
[    1.964191] GICv3: CPU52: using allocated LPI pending table @0x0000001041ae0000
[    1.964374] arch_timer: CPU52: Trapping CNTVCT access
[    1.964378] CPU52: Booted secondary processor 0x0000070100 [0x410fd082]
[    1.967074] Detected PIPT I-cache on CPU53
[    1.967113] GICv3: CPU53: found redistributor 70101 region 53:0x000004006d240000
[    1.967125] GICv3: CPU53: using allocated LPI pending table @0x0000001041af0000
[    1.967305] arch_timer: CPU53: Trapping CNTVCT access
[    1.967309] CPU53: Booted secondary processor 0x0000070101 [0x410fd082]
[    1.969953] Detected PIPT I-cache on CPU54
[    1.969993] GICv3: CPU54: found redistributor 70102 region 54:0x000004006d280000
[    1.970004] GICv3: CPU54: using allocated LPI pending table @0x0000001041b00000
[    1.970183] arch_timer: CPU54: Trapping CNTVCT access
[    1.970186] CPU54: Booted secondary processor 0x0000070102 [0x410fd082]
[    2.062835] Detected PIPT I-cache on CPU55
[    2.062876] GICv3: CPU55: found redistributor 70103 region 55:0x000004006d2c0000
[    2.062888] GICv3: CPU55: using allocated LPI pending table @0x0000001041b10000
[    2.063067] arch_timer: CPU55: Trapping CNTVCT access
[    2.063070] CPU55: Booted secondary processor 0x0000070103 [0x410fd082]
[    2.065713] Detected PIPT I-cache on CPU56
[    2.065760] GICv3: CPU56: found redistributor 70200 region 56:0x000004006d300000
[    2.065774] GICv3: CPU56: using allocated LPI pending table @0x0000001041b20000
[    2.065957] arch_timer: CPU56: Trapping CNTVCT access
[    2.065962] CPU56: Booted secondary processor 0x0000070200 [0x410fd082]
[    2.068637] Detected PIPT I-cache on CPU57
[    2.068678] GICv3: CPU57: found redistributor 70201 region 57:0x000004006d340000
[    2.068690] GICv3: CPU57: using allocated LPI pending table @0x0000001041b30000
[    2.068870] arch_timer: CPU57: Trapping CNTVCT access
[    2.068873] CPU57: Booted secondary processor 0x0000070201 [0x410fd082]
[    2.161469] Detected PIPT I-cache on CPU58
[    2.161511] GICv3: CPU58: found redistributor 70202 region 58:0x000004006d380000
[    2.161523] GICv3: CPU58: using allocated LPI pending table @0x0000001041b40000
[    2.161703] arch_timer: CPU58: Trapping CNTVCT access
[    2.161707] CPU58: Booted secondary processor 0x0000070202 [0x410fd082]
[    2.164354] Detected PIPT I-cache on CPU59
[    2.164395] GICv3: CPU59: found redistributor 70203 region 59:0x000004006d3c0000
[    2.164407] GICv3: CPU59: using allocated LPI pending table @0x0000001041b50000
[    2.164587] arch_timer: CPU59: Trapping CNTVCT access
[    2.164591] CPU59: Booted secondary processor 0x0000070203 [0x410fd082]
[    2.167223] Detected PIPT I-cache on CPU60
[    2.167271] GICv3: CPU60: found redistributor 70300 region 60:0x000004006d400000
[    2.167285] GICv3: CPU60: using allocated LPI pending table @0x0000001041b60000
[    2.167468] arch_timer: CPU60: Trapping CNTVCT access
[    2.167472] CPU60: Booted secondary processor 0x0000070300 [0x410fd082]
[    2.260102] Detected PIPT I-cache on CPU61
[    2.260144] GICv3: CPU61: found redistributor 70301 region 61:0x000004006d440000
[    2.260156] GICv3: CPU61: using allocated LPI pending table @0x0000001041b70000
[    2.260335] arch_timer: CPU61: Trapping CNTVCT access
[    2.260339] CPU61: Booted secondary processor 0x0000070301 [0x410fd082]
[    2.262988] Detected PIPT I-cache on CPU62
[    2.263029] GICv3: CPU62: found redistributor 70302 region 62:0x000004006d480000
[    2.263041] GICv3: CPU62: using allocated LPI pending table @0x0000001041b80000
[    2.263221] arch_timer: CPU62: Trapping CNTVCT access
[    2.263224] CPU62: Booted secondary processor 0x0000070302 [0x410fd082]
[    2.265870] Detected PIPT I-cache on CPU63
[    2.265911] GICv3: CPU63: found redistributor 70303 region 63:0x000004006d4c0000
[    2.265923] GICv3: CPU63: using allocated LPI pending table @0x0000001041b90000
[    2.266103] arch_timer: CPU63: Trapping CNTVCT access
[    2.266106] CPU63: Booted secondary processor 0x0000070303 [0x410fd082]
[    2.356260] smp: Brought up 4 nodes, 64 CPUs
[    2.356263] SMP: Total of 64 processors activated.
[    2.356265] CPU features: detected: 32-bit EL0 Support
[    2.356267] CPU features: detected: 32-bit EL1 Support
[    2.356269] CPU features: detected: CRC32 instructions
[    2.358762] CPU: All CPU(s) started at EL2
[    2.358906] alternatives: patching kernel code
[    2.364991] devtmpfs: initialized
[    2.365488] KASLR disabled due to lack of seed
[    2.365601] clocksource: jiffies: mask: 0xffffffff max_cycles: 0xffffffff, max_idle_ns: 7645041785100000 ns
[    2.365689] futex hash table entries: 16384 (order: 8, 1048576 bytes, vmalloc)
[    2.366325] pinctrl core: initialized pinctrl subsystem
[    2.366707] SMBIOS 3.0.0 present.
[    2.366713] DMI: Huawei Taishan 2280 /D05, BIOS Hisilicon D05 IT21 Nemo 2.0 RC0 04/18/2018
[    2.367137] NET: Registered PF_NETLINK/PF_ROUTE protocol family
[    2.369080] DMA: preallocated 4096 KiB GFP_KERNEL pool for atomic allocations
[    2.369948] DMA: preallocated 4096 KiB GFP_KERNEL|GFP_DMA pool for atomic allocations
[    2.370717] DMA: preallocated 4096 KiB GFP_KERNEL|GFP_DMA32 pool for atomic allocations
[    2.370740] audit: initializing netlink subsys (disabled)
[    2.370793] audit: type=2000 audit(2.308:1): state=initialized audit_enabled=0 res=1
[    2.371088] thermal_sys: Registered thermal governor 'step_wise'
[    2.371090] thermal_sys: Registered thermal governor 'power_allocator'
[    2.371123] cpuidle: using governor menu
[    2.371295] hw-breakpoint: found 6 breakpoint and 4 watchpoint registers.
[    2.372082] ASID allocator initialised with 32768 entries
[    2.372085] HugeTLB: can optimize 4095 vmemmap pages for hugepages-1048576kB
[    2.372088] HugeTLB: can optimize 127 vmemmap pages for hugepages-32768kB
[    2.372090] HugeTLB: can optimize 7 vmemmap pages for hugepages-2048kB
[    2.372091] HugeTLB: can optimize 0 vmemmap pages for hugepages-64kB
[    2.372400] acpiphp: ACPI Hot Plug PCI Controller Driver version: 0.5
[    2.372552] Serial: AMBA PL011 UART driver
[    2.376837] HugeTLB registered 1.00 GiB page size, pre-allocated 0 pages
[    2.376840] HugeTLB registered 32.0 MiB page size, pre-allocated 0 pages
[    2.376843] HugeTLB registered 2.00 MiB page size, pre-allocated 0 pages
[    2.376845] HugeTLB registered 64.0 KiB page size, pre-allocated 0 pages
[    2.379160] ACPI: Added _OSI(Module Device)
[    2.379163] ACPI: Added _OSI(Processor Device)
[    2.379165] ACPI: Added _OSI(3.0 _SCP Extensions)
[    2.379167] ACPI: Added _OSI(Processor Aggregator Device)
[    2.379169] ACPI: Added _OSI(Linux-Dell-Video)
[    2.379171] ACPI: Added _OSI(Linux-Lenovo-NV-HDMI-Audio)
[    2.379174] ACPI: Added _OSI(Linux-HPI-Hybrid-Graphics)
[    2.381527] ACPI: 1 ACPI AML tables successfully acquired and loaded
[    2.383119] ACPI: Interpreter enabled
[    2.383121] ACPI: Using GIC for interrupt routing
[    2.383135] ACPI: MCFG table detected, 8 entries
[    2.383140] ACPI: IORT: SMMU-v3[a0040000] Mapped to Proximity domain 0
[    2.383207] ACPI: IORT: SMMU-v3[700a0040000] Mapped to Proximity domain 3
[    2.383248] ACPI: IORT: SMMU-v3[c0040000] Mapped to Proximity domain 0
[    2.383291] ACPI: IORT: SMMU-v3[8a0040000] Mapped to Proximity domain 1
[    2.383329] ACPI: IORT: SMMU-v3[600a0040000] Mapped to Proximity domain 2
[    2.415297] ACPI: PCI Root Bridge [PCI2] (domain 0002 [bus f8-ff])
[    2.415305] acpi PNP0A08:00: _OSC: OS supports [ExtendedConfig Segments MSI HPX-Type3]
[    2.415308] acpi PNP0A08:00: _OSC: not requesting OS control; OS requires [ExtendedConfig ASPM ClockPM MSI]
[    2.415381] acpi PNP0A08:00: MCFG quirk: ECAM at [mem 0xaf800000-0xafffffff] for [bus f8-ff] with hisi_pcie_ops
[    2.416373] acpi PNP0A08:00: ECAM area [mem 0xaf800000-0xafffffff] reserved by PNP0C02:00
[    2.416798] acpi PNP0A08:00: ECAM at [mem 0xaf800000-0xafffffff] for [bus f8-ff]
[    2.416828] ACPI: Remapped I/O 0x00000000af7f0000 to [io  0x0000-0xffff window]
[    2.416880] PCI host bridge to bus 0002:f8
[    2.416883] pci_bus 0002:f8: root bus resource [mem 0xa8000000-0xaf7effff window]
[    2.416886] pci_bus 0002:f8: root bus resource [io  0x0000-0xffff window]
[    2.416888] pci_bus 0002:f8: root bus resource [bus f8-ff]
[    2.416906] pci 0002:f8:00.0: [19e5:1610] type 01 class 0x060400
[    2.416910] pci_bus 0002:f8: 2-byte config write to 0002:f8:00.0 offset 0x4 may corrupt adjacent RW1C bits
[    2.416917] pci 0002:f8:00.0: reg 0x10: [mem 0x00000000-0x0000ffff]
[    2.416950] pci 0002:f8:00.0: supports D1 D2
[    2.416953] pci 0002:f8:00.0: PME# supported from D0 D1 D3hot
[    2.417080] pci 0002:f9:00.0: [9710:9912] type 00 class 0x070002
[    2.417101] pci 0002:f9:00.0: reg 0x10: [io  0x0000-0x0007]
[    2.417112] pci 0002:f9:00.0: reg 0x14: [mem 0xa8005000-0xa8005fff]
[    2.417148] pci 0002:f9:00.0: reg 0x24: [mem 0xa8004000-0xa8004fff]
[    2.417243] pci 0002:f9:00.0: PME# supported from D3hot D3cold
[    2.417377] pci 0002:f9:00.1: [9710:9912] type 00 class 0x070002
[    2.417398] pci 0002:f9:00.1: reg 0x10: [io  0x0000-0x0007]
[    2.417409] pci 0002:f9:00.1: reg 0x14: [mem 0xa8003000-0xa8003fff]
[    2.417445] pci 0002:f9:00.1: reg 0x24: [mem 0xa8002000-0xa8002fff]
[    2.417523] pci 0002:f9:00.1: PME# supported from D3hot D3cold
[    2.417631] pci 0002:f9:00.2: [9710:9912] type 00 class 0x070103
[    2.417652] pci 0002:f9:00.2: reg 0x10: [io  0x0000-0x0007]
[    2.417662] pci 0002:f9:00.2: reg 0x14: [io  0x0000-0x0007]
[    2.417672] pci 0002:f9:00.2: reg 0x18: [mem 0xa8001000-0xa8001fff]
[    2.417700] pci 0002:f9:00.2: reg 0x24: [mem 0xa8000000-0xa8000fff]
[    2.417777] pci 0002:f9:00.2: PME# supported from D3hot D3cold
[    2.417878] pci_bus 0002:f8: on NUMA node 0
[    2.417886] pci 0002:f8:00.0: BAR 14: assigned [mem 0xa8000000-0xa80fffff]
[    2.417889] pci 0002:f8:00.0: BAR 0: assigned [mem 0xa8100000-0xa810ffff]
[    2.417892] pci 0002:f8:00.0: BAR 13: assigned [io  0x1000-0x1fff]
[    2.417897] pci 0002:f9:00.0: BAR 1: assigned [mem 0xa8000000-0xa8000fff]
[    2.417902] pci 0002:f9:00.0: BAR 5: assigned [mem 0xa8001000-0xa8001fff]
[    2.417908] pci 0002:f9:00.1: BAR 1: assigned [mem 0xa8002000-0xa8002fff]
[    2.417914] pci 0002:f9:00.1: BAR 5: assigned [mem 0xa8003000-0xa8003fff]
[    2.417920] pci 0002:f9:00.2: BAR 2: assigned [mem 0xa8004000-0xa8004fff]
[    2.417926] pci 0002:f9:00.2: BAR 5: assigned [mem 0xa8005000-0xa8005fff]
[    2.417931] pci 0002:f9:00.0: BAR 0: assigned [io  0x1000-0x1007]
[    2.417937] pci 0002:f9:00.1: BAR 0: assigned [io  0x1008-0x100f]
[    2.417942] pci 0002:f9:00.2: BAR 0: assigned [io  0x1010-0x1017]
[    2.417948] pci 0002:f9:00.2: BAR 1: assigned [io  0x1018-0x101f]
[    2.417955] pci 0002:f8:00.0: PCI bridge to [bus f9]
[    2.417957] pci 0002:f8:00.0:   bridge window [io  0x1000-0x1fff]
[    2.417961] pci 0002:f8:00.0:   bridge window [mem 0xa8000000-0xa80fffff]
[    2.417964] pci_bus 0002:f8: resource 4 [mem 0xa8000000-0xaf7effff window]
[    2.417967] pci_bus 0002:f8: resource 5 [io  0x0000-0xffff window]
[    2.417969] pci_bus 0002:f9: resource 0 [io  0x1000-0x1fff]
[    2.417971] pci_bus 0002:f9: resource 1 [mem 0xa8000000-0xa80fffff]
[    2.418138] ACPI: PCI Root Bridge [PCI4] (domain 0004 [bus 88-8f])
[    2.418143] acpi PNP0A08:01: _OSC: OS supports [ExtendedConfig Segments MSI HPX-Type3]
[    2.418146] acpi PNP0A08:01: _OSC: not requesting OS control; OS requires [ExtendedConfig ASPM ClockPM MSI]
[    2.418215] acpi PNP0A08:01: MCFG quirk: ECAM at [mem 0x8a8800000-0x8a8ffffff] for [bus 88-8f] with hisi_pcie_ops
[    2.419476] acpi PNP0A08:01: ECAM area [mem 0x8a8800000-0x8a8ffffff] reserved by PNP0C02:01
[    2.419938] acpi PNP0A08:01: ECAM at [mem 0x8a8800000-0x8a8ffffff] for [bus 88-8f]
[    2.419966] ACPI: Remapped I/O 0x00000008abff0000 to [io  0x10000-0x1ffff window]
[    2.420010] PCI host bridge to bus 0004:88
[    2.420013] pci_bus 0004:88: root bus resource [mem 0x8a9000000-0x8abfeffff window] (bus address [0xa9000000-0xabfeffff])
[    2.420017] pci_bus 0004:88: root bus resource [io  0x10000-0x1ffff window] (bus address [0x0000-0xffff])
[    2.420020] pci_bus 0004:88: root bus resource [bus 88-8f]
[    2.420033] pci 0004:88:00.0: [19e5:1610] type 01 class 0x060400
[    2.420036] pci_bus 0004:88: 2-byte config write to 0004:88:00.0 offset 0x4 may corrupt adjacent RW1C bits
[    2.420044] pci 0004:88:00.0: reg 0x10: [mem 0x00000000-0x0000ffff]
[    2.420075] pci 0004:88:00.0: supports D1 D2
[    2.420078] pci 0004:88:00.0: PME# supported from D0 D1 D3hot
[    2.471370] pci_bus 0004:88: on NUMA node 1
[    2.471374] pci 0004:88:00.0: BAR 0: assigned [mem 0x8a9000000-0x8a900ffff]
[    2.471378] pci 0004:88:00.0: PCI bridge to [bus 89]
[    2.471383] pci_bus 0004:88: resource 4 [mem 0x8a9000000-0x8abfeffff window]
[    2.471385] pci_bus 0004:88: resource 5 [io  0x10000-0x1ffff window]
[    2.471550] ACPI: PCI Root Bridge [PCI5] (domain 0005 [bus 78-7f])
[    2.471555] acpi PNP0A08:02: _OSC: OS supports [ExtendedConfig Segments MSI HPX-Type3]
[    2.471558] acpi PNP0A08:02: _OSC: not requesting OS control; OS requires [ExtendedConfig ASPM ClockPM MSI]
[    2.471626] acpi PNP0A08:02: MCFG quirk: ECAM at [mem 0x8b7800000-0x8b7ffffff] for [bus 78-7f] with hisi_pcie_ops
[    2.472880] acpi PNP0A08:02: ECAM area [mem 0x8b7800000-0x8b7ffffff] reserved by PNP0C02:01
[    2.473384] acpi PNP0A08:02: ECAM at [mem 0x8b7800000-0x8b7ffffff] for [bus 78-7f]
[    2.473412] ACPI: Remapped I/O 0x00000008b77f0000 to [io  0x20000-0x2ffff window]
[    2.473454] PCI host bridge to bus 0005:78
[    2.473456] pci_bus 0005:78: root bus resource [mem 0x8b0000000-0x8b77effff window] (bus address [0xb0000000-0xb77effff])
[    2.473459] pci_bus 0005:78: root bus resource [io  0x20000-0x2ffff window] (bus address [0x0000-0xffff])
[    2.473462] pci_bus 0005:78: root bus resource [bus 78-7f]
[    2.473474] pci 0005:78:00.0: [19e5:1610] type 01 class 0x060400
[    2.473478] pci_bus 0005:78: 2-byte config write to 0005:78:00.0 offset 0x4 may corrupt adjacent RW1C bits
[    2.473486] pci 0005:78:00.0: reg 0x10: [mem 0x00000000-0x00000fff]
[    2.473493] pci 0005:78:00.0: reg 0x38: [mem 0xfffe0000-0xffffffff pref]
[    2.473521] pci 0005:78:00.0: supports D1 D2
[    2.473523] pci 0005:78:00.0: PME# supported from D0 D1 D3hot
[    2.524817] pci_bus 0005:78: on NUMA node 1
[    2.524821] pci 0005:78:00.0: BAR 6: assigned [mem 0x8b0000000-0x8b001ffff pref]
[    2.524824] pci 0005:78:00.0: BAR 0: assigned [mem 0x8b0020000-0x8b0020fff]
[    2.524828] pci 0005:78:00.0: PCI bridge to [bus 79]
[    2.524833] pci_bus 0005:78: resource 4 [mem 0x8b0000000-0x8b77effff window]
[    2.524836] pci_bus 0005:78: resource 5 [io  0x20000-0x2ffff window]
[    2.525000] ACPI: PCI Root Bridge [PCI6] (domain 0006 [bus c0-c7])
[    2.525005] acpi PNP0A08:03: _OSC: OS supports [ExtendedConfig Segments MSI HPX-Type3]
[    2.525007] acpi PNP0A08:03: _OSC: not requesting OS control; OS requires [ExtendedConfig ASPM ClockPM MSI]
[    2.525075] acpi PNP0A08:03: MCFG quirk: ECAM at [mem 0x8ac000000-0x8ac7fffff] for [bus c0-c7] with hisi_pcie_ops
[    2.526333] acpi PNP0A08:03: ECAM area [mem 0x8ac000000-0x8ac7fffff] reserved by PNP0C02:01
[    2.526868] acpi PNP0A08:03: ECAM at [mem 0x8ac000000-0x8ac7fffff] for [bus c0-c7]
[    2.526895] ACPI: Remapped I/O 0x00000008afff0000 to [io  0x30000-0x3ffff window]
[    2.526938] PCI host bridge to bus 0006:c0
[    2.526941] pci_bus 0006:c0: root bus resource [mem 0x8ac900000-0x8affeffff window] (bus address [0xac900000-0xaffeffff])
[    2.526944] pci_bus 0006:c0: root bus resource [io  0x30000-0x3ffff window] (bus address [0x0000-0xffff])
[    2.526947] pci_bus 0006:c0: root bus resource [bus c0-c7]
[    2.526958] pci 0006:c0:00.0: [19e5:1610] type 01 class 0x060400
[    2.526961] pci_bus 0006:c0: 2-byte config write to 0006:c0:00.0 offset 0x4 may corrupt adjacent RW1C bits
[    2.526970] pci 0006:c0:00.0: reg 0x10: [mem 0x00000000-0x0000ffff]
[    2.527001] pci 0006:c0:00.0: supports D1 D2
[    2.527003] pci 0006:c0:00.0: PME# supported from D0 D1 D3hot
[    2.578295] pci_bus 0006:c0: on NUMA node 1
[    2.578298] pci 0006:c0:00.0: BAR 0: assigned [mem 0x8ac900000-0x8ac90ffff]
[    2.578302] pci 0006:c0:00.0: PCI bridge to [bus c1]
[    2.578307] pci_bus 0006:c0: resource 4 [mem 0x8ac900000-0x8affeffff window]
[    2.578310] pci_bus 0006:c0: resource 5 [io  0x30000-0x3ffff window]
[    2.578473] ACPI: PCI Root Bridge [PCI7] (domain 0007 [bus 90-97])
[    2.578478] acpi PNP0A08:04: _OSC: OS supports [ExtendedConfig Segments MSI HPX-Type3]
[    2.578481] acpi PNP0A08:04: _OSC: not requesting OS control; OS requires [ExtendedConfig ASPM ClockPM MSI]
[    2.578549] acpi PNP0A08:04: MCFG quirk: ECAM at [mem 0x8b9000000-0x8b97fffff] for [bus 90-97] with hisi_pcie_ops
[    2.579827] acpi PNP0A08:04: ECAM area [mem 0x8b9000000-0x8b97fffff] reserved by PNP0C02:01
[    2.580402] acpi PNP0A08:04: ECAM at [mem 0x8b9000000-0x8b97fffff] for [bus 90-97]
[    2.580429] ACPI: Remapped I/O 0x00000008bfff0000 to [io  0x40000-0x4ffff window]
[    2.580473] PCI host bridge to bus 0007:90
[    2.580476] pci_bus 0007:90: root bus resource [mem 0x8b9800000-0x8bffeffff window] (bus address [0xb9800000-0xbffeffff])
[    2.580479] pci_bus 0007:90: root bus resource [io  0x40000-0x4ffff window] (bus address [0x0000-0xffff])
[    2.580482] pci_bus 0007:90: root bus resource [bus 90-97]
[    2.580494] pci 0007:90:00.0: [19e5:1610] type 01 class 0x060400
[    2.580498] pci_bus 0007:90: 2-byte config write to 0007:90:00.0 offset 0x4 may corrupt adjacent RW1C bits
[    2.580533] pci 0007:90:00.0: supports D1 D2
[    2.580535] pci 0007:90:00.0: PME# supported from D0 D1 D3hot
[    2.580633] pci 0007:91:00.0: [19e5:1711] type 00 class 0x030000
[    2.580654] pci 0007:91:00.0: reg 0x10: [mem 0x8ba000000-0x8bbffffff pref]
[    2.580666] pci 0007:91:00.0: reg 0x14: [mem 0x8b9800000-0x8b99fffff]
[    2.580773] pci 0007:91:00.0: supports D1
[    2.580774] pci 0007:91:00.0: PME# supported from D0 D1 D3hot
[    2.580855] pci_bus 0007:90: on NUMA node 1
[    2.580858] pci 0007:90:00.0: BAR 14: assigned [mem 0x8ba000000-0x8bcffffff]
[    2.580861] pci 0007:91:00.0: BAR 0: assigned [mem 0x8ba000000-0x8bbffffff pref]
[    2.580866] pci 0007:91:00.0: BAR 1: assigned [mem 0x8bc000000-0x8bc1fffff]
[    2.580872] pci 0007:90:00.0: PCI bridge to [bus 91]
[    2.580875] pci 0007:90:00.0:   bridge window [mem 0x8ba000000-0x8bcffffff]
[    2.580879] pci_bus 0007:90: resource 4 [mem 0x8b9800000-0x8bffeffff window]
[    2.580881] pci_bus 0007:90: resource 5 [io  0x40000-0x4ffff window]
[    2.580884] pci_bus 0007:91: resource 1 [mem 0x8ba000000-0x8bcffffff]
[    2.581057] ACPI: PCI Root Bridge [PCIA] (domain 000a [bus 10-1f])
[    2.581062] acpi PNP0A08:05: _OSC: OS supports [ExtendedConfig Segments MSI HPX-Type3]
[    2.581065] acpi PNP0A08:05: _OSC: not requesting OS control; OS requires [ExtendedConfig ASPM ClockPM MSI]
[    2.581133] acpi PNP0A08:05: MCFG quirk: ECAM at [mem 0x64001000000-0x64001ffffff] for [bus 10-1f] with hisi_pcie_ops
[    2.582451] acpi PNP0A08:05: ECAM area [mem 0x64001000000-0x64001ffffff] reserved by PNP0C02:02
[    2.583051] acpi PNP0A08:05: ECAM at [mem 0x64001000000-0x64001ffffff] for [bus 10-1f]
[    2.583078] ACPI: Remapped I/O 0x0000067fffff0000 to [io  0x50000-0x5ffff window]
[    2.583123] PCI host bridge to bus 000a:10
[    2.583125] pci_bus 000a:10: root bus resource [mem 0x65040000000-0x650efffffff window] (bus address [0x40000000-0xefffffff])
[    2.583128] pci_bus 000a:10: root bus resource [io  0x50000-0x5ffff window] (bus address [0x0000-0xffff])
[    2.583131] pci_bus 000a:10: root bus resource [bus 10-1f]
[    2.583145] pci 000a:10:00.0: [19e5:1610] type 01 class 0x060400
[    2.583148] pci_bus 000a:10: 2-byte config write to 000a:10:00.0 offset 0x4 may corrupt adjacent RW1C bits
[    2.583157] pci 000a:10:00.0: reg 0x10: [mem 0x00000000-0x0000ffff]
[    2.583195] pci 000a:10:00.0: supports D1 D2
[    2.583197] pci 000a:10:00.0: PME# supported from D0 D1 D3hot
[    2.634498] pci_bus 000a:10: on NUMA node 2
[    2.634501] pci 000a:10:00.0: BAR 0: assigned [mem 0x65040000000-0x6504000ffff]
[    2.634505] pci 000a:10:00.0: PCI bridge to [bus 11]
[    2.634511] pci_bus 000a:10: resource 4 [mem 0x65040000000-0x650efffffff window]
[    2.634514] pci_bus 000a:10: resource 5 [io  0x50000-0x5ffff window]
[    2.634672] ACPI: PCI Root Bridge [PCIC] (domain 000c [bus 20-2f])
[    2.634678] acpi PNP0A08:06: _OSC: OS supports [ExtendedConfig Segments MSI HPX-Type3]
[    2.634681] acpi PNP0A08:06: _OSC: not requesting OS control; OS requires [ExtendedConfig ASPM ClockPM MSI]
[    2.634749] acpi PNP0A08:06: MCFG quirk: ECAM at [mem 0x74002000000-0x74002ffffff] for [bus 20-2f] with hisi_pcie_ops
[    2.636219] acpi PNP0A08:06: ECAM area [mem 0x74002000000-0x74002ffffff] reserved by PNP0C02:03
[    2.636858] acpi PNP0A08:06: ECAM at [mem 0x74002000000-0x74002ffffff] for [bus 20-2f]
[    2.636886] ACPI: Remapped I/O 0x0000077fffff0000 to [io  0x60000-0x6ffff window]
[    2.636930] PCI host bridge to bus 000c:20
[    2.636933] pci_bus 000c:20: root bus resource [mem 0x75040000000-0x750efffffff window] (bus address [0x40000000-0xefffffff])
[    2.636936] pci_bus 000c:20: root bus resource [io  0x60000-0x6ffff window] (bus address [0x0000-0xffff])
[    2.636939] pci_bus 000c:20: root bus resource [bus 20-2f]
[    2.636953] pci 000c:20:00.0: [19e5:1610] type 01 class 0x060400
[    2.636957] pci_bus 000c:20: 2-byte config write to 000c:20:00.0 offset 0x4 may corrupt adjacent RW1C bits
[    2.636967] pci 000c:20:00.0: reg 0x10: [mem 0x00000000-0x0000ffff]
[    2.637012] pci 000c:20:00.0: supports D1 D2
[    2.637014] pci 000c:20:00.0: PME# supported from D0 D1 D3hot
[    2.688316] pci_bus 000c:20: on NUMA node 3
[    2.688320] pci 000c:20:00.0: BAR 0: assigned [mem 0x75040000000-0x7504000ffff]
[    2.688324] pci 000c:20:00.0: PCI bridge to [bus 21]
[    2.688332] pci_bus 000c:20: resource 4 [mem 0x75040000000-0x750efffffff window]
[    2.688334] pci_bus 000c:20: resource 5 [io  0x60000-0x6ffff window]
[    2.688501] ACPI: PCI Root Bridge [PCID] (domain 000d [bus 30-3f])
[    2.688506] acpi PNP0A08:07: _OSC: OS supports [ExtendedConfig Segments MSI HPX-Type3]
[    2.688509] acpi PNP0A08:07: _OSC: not requesting OS control; OS requires [ExtendedConfig ASPM ClockPM MSI]
[    2.688577] acpi PNP0A08:07: MCFG quirk: ECAM at [mem 0x78003000000-0x78003ffffff] for [bus 30-3f] with hisi_pcie_ops
[    2.690031] acpi PNP0A08:07: ECAM area [mem 0x78003000000-0x78003ffffff] reserved by PNP0C02:03
[    2.690714] acpi PNP0A08:07: ECAM at [mem 0x78003000000-0x78003ffffff] for [bus 30-3f]
[    2.690741] ACPI: Remapped I/O 0x000007bfffff0000 to [io  0x70000-0x7ffff window]
[    2.690784] PCI host bridge to bus 000d:30
[    2.690787] pci_bus 000d:30: root bus resource [mem 0x79040000000-0x790efffffff window] (bus address [0x40000000-0xefffffff])
[    2.690790] pci_bus 000d:30: root bus resource [io  0x70000-0x7ffff window] (bus address [0x0000-0xffff])
[    2.690793] pci_bus 000d:30: root bus resource [bus 30-3f]
[    2.690808] pci 000d:30:00.0: [19e5:1610] type 01 class 0x060400
[    2.690811] pci_bus 000d:30: 2-byte config write to 000d:30:00.0 offset 0x4 may corrupt adjacent RW1C bits
[    2.690822] pci 000d:30:00.0: reg 0x10: [mem 0x00000000-0x00000fff]
[    2.690833] pci 000d:30:00.0: reg 0x38: [mem 0xfffe0000-0xffffffff pref]
[    2.690872] pci 000d:30:00.0: supports D1 D2
[    2.690874] pci 000d:30:00.0: PME# supported from D0 D1 D3hot
[    2.742183] pci_bus 000d:30: on NUMA node 3
[    2.742187] pci 000d:30:00.0: BAR 6: assigned [mem 0x79040000000-0x7904001ffff pref]
[    2.742190] pci 000d:30:00.0: BAR 0: assigned [mem 0x79040020000-0x79040020fff]
[    2.742194] pci 000d:30:00.0: PCI bridge to [bus 31]
[    2.742202] pci_bus 000d:30: resource 4 [mem 0x79040000000-0x790efffffff window]
[    2.742205] pci_bus 000d:30: resource 5 [io  0x70000-0x7ffff window]
[    2.743879] iommu: Default domain type: Translated 
[    2.743881] iommu: DMA domain TLB invalidation policy: lazy mode (set via kernel command line)
[    2.744015] SCSI subsystem initialized
[    2.744079] libata version 3.00 loaded.
[    2.744125] ACPI: bus type USB registered
[    2.744149] usbcore: registered new interface driver usbfs
[    2.744160] usbcore: registered new interface driver hub
[    2.744186] usbcore: registered new device driver usb
[    2.758307] pps_core: LinuxPPS API ver. 1 registered
[    2.758309] pps_core: Software ver. 5.3.6 - Copyright 2005-2007 Rodolfo Giometti <giometti@linux.it>
[    2.758314] PTP clock support registered
[    2.758343] EDAC MC: Ver: 3.0.0
[    2.758559] Registered efivars operations
[    2.759674] FPGA manager framework
[    2.759698] Advanced Linux Sound Architecture Driver Initialized.
[    2.759946] pci 0007:91:00.0: vgaarb: setting as boot VGA device
[    2.759948] pci 0007:91:00.0: vgaarb: bridge control possible
[    2.759950] pci 0007:91:00.0: vgaarb: VGA device added: decodes=io+mem,owns=none,locks=none
[    2.759954] vgaarb: loaded
[    2.760254] clocksource: Switched to clocksource arch_sys_counter
[    2.760358] VFS: Disk quotas dquot_6.6.0
[    2.760380] VFS: Dquot-cache hash table entries: 512 (order 0, 4096 bytes)
[    2.760464] pnp: PnP ACPI init
[    2.761110] system 00:01: [mem 0xa00a0000-0xa00affff] has been reserved
[    2.761169] system 00:02: [mem 0xaf800000-0xafffffff] could not be reserved
[    2.761277] system 00:03: [mem 0x8a0090000-0x8a009ffff] has been reserved
[    2.761372] system 00:04: [mem 0x8a0200000-0x8a020ffff] has been reserved
[    2.761469] system 00:05: [mem 0x8a00a0000-0x8a00affff] has been reserved
[    2.761565] system 00:06: [mem 0x8a00b0000-0x8a00bffff] has been reserved
[    2.761639] system 00:07: [mem 0x8a8800000-0x8a8ffffff] could not be reserved
[    2.761642] system 00:07: [mem 0x8b7800000-0x8b7ffffff] could not be reserved
[    2.761646] system 00:07: [mem 0x8ac000000-0x8ac7fffff] could not be reserved
[    2.761649] system 00:07: [mem 0x8b9000000-0x8b97fffff] could not be reserved
[    2.761711] system 00:08: [mem 0x600a00a0000-0x600a00affff] has been reserved
[    2.761769] system 00:09: [mem 0x64001000000-0x64001ffffff] could not be reserved
[    2.761864] system 00:0a: [mem 0x700a0090000-0x700a009ffff] has been reserved
[    2.761960] system 00:0b: [mem 0x700a0200000-0x700a020ffff] has been reserved
[    2.762032] system 00:0c: [mem 0x74002000000-0x74002ffffff] could not be reserved
[    2.762036] system 00:0c: [mem 0x78003000000-0x78003ffffff] could not be reserved
[    2.762151] pnp: PnP ACPI: found 13 devices
[    2.764294] NET: Registered PF_INET protocol family
[    2.765080] IP idents hash table entries: 262144 (order: 9, 2097152 bytes, vmalloc)
[    2.769375] tcp_listen_portaddr_hash hash table entries: 32768 (order: 7, 524288 bytes, vmalloc)
[    2.769552] Table-perturb hash table entries: 65536 (order: 6, 262144 bytes, vmalloc)
[    2.769873] TCP established hash table entries: 524288 (order: 10, 4194304 bytes, vmalloc)
[    2.770884] TCP bind hash table entries: 65536 (order: 8, 1048576 bytes, vmalloc)
[    2.771170] TCP: Hash tables configured (established 524288 bind 65536)
[    2.771381] UDP hash table entries: 32768 (order: 8, 1048576 bytes, vmalloc)
[    2.771670] UDP-Lite hash table entries: 32768 (order: 8, 1048576 bytes, vmalloc)
[    2.772056] NET: Registered PF_UNIX/PF_LOCAL protocol family
[    2.772209] RPC: Registered named UNIX socket transport module.
[    2.772211] RPC: Registered udp transport module.
[    2.772213] RPC: Registered tcp transport module.
[    2.772214] RPC: Registered tcp NFSv4.1 backchannel transport module.
[    2.772247] PCI: CLS 0 bytes, default 64
[    2.775167] hw perfevents: enabled with armv8_pmuv3_0 PMU driver, 7 counters available
[    2.775229] kvm [1]: IPA Size Limit: 44 bits
[    2.776371] kvm [1]: GICv4 support disabled
[    2.776375] kvm [1]: vgic-v2@fe020000
[    2.776402] kvm [1]: GIC system register CPU interface enabled
[    2.777309] kvm [1]: vgic interrupt IRQ9
[    2.778128] kvm [1]: Hyp mode initialized successfully
[    2.779614] Initialise system trusted keyrings
[    2.779728] workingset: timestamp_bits=42 max_order=24 bucket_order=0
[    2.782527] squashfs: version 4.0 (2009/01/31) Phillip Lougher
[    2.782743] NFS: Registering the id_resolver key type
[    2.782755] Key type id_resolver registered
[    2.782756] Key type id_legacy registered
[    2.782786] nfs4filelayout_init: NFSv4 File Layout Driver Registering...
[    2.782788] nfs4flexfilelayout_init: NFSv4 Flexfile Layout Driver Registering...
[    2.782829] 9p: Installing v9fs 9p2000 file system support
[    2.798712] Key type asymmetric registered
[    2.798714] Asymmetric key parser 'x509' registered
[    2.798731] Block layer SCSI generic (bsg) driver version 0.4 loaded (major 245)
[    2.798734] io scheduler mq-deadline registered
[    2.798736] io scheduler kyber registered
[    2.800891] hisi-lpc HISI0191:00: registered range [0x0000000000ffbfff - 0x0000000000ffffff]
[    2.802569] pcieport 0006:c0:00.0: can't derive routing for PCI INT A
[    2.802572] pcieport 0006:c0:00.0: PCI INT A: no GSI
[    2.802676] pcieport 0007:90:00.0: can't derive routing for PCI INT A
[    2.802679] pcieport 0007:90:00.0: PCI INT A: no GSI
[    2.803428] input: Power Button as /devices/LNXSYSTM:00/LNXSYBUS:00/PNP0C0C:00/input/input0
[    2.803453] ACPI: button: Power Button [PWRB]
[    2.804472] EINJ: EINJ table not found.
[    2.809394] Serial: 8250/16550 driver, 4 ports, IRQ sharing enabled
[    2.830627] serial8250.6.auto: ttyS1 at I/O 0xffc2f7 (irq = 0, base_baud = 115200) is a 16550A
[    2.831186] SuperH (H)SCI(F) driver initialized
[    2.831285] msm_serial: driver initialized
[    2.831550] arm-smmu-v3 arm-smmu-v3.0.auto: option mask 0x1
[    2.831562] arm-smmu-v3 arm-smmu-v3.0.auto: ias 44-bit, oas 44-bit (features 0x00000f0d)
[    2.831794] arm-smmu-v3 arm-smmu-v3.0.auto: allocated 65536 entries for cmdq
[    2.831954] arm-smmu-v3 arm-smmu-v3.0.auto: allocated 32768 entries for evtq
[    2.833207] arm-smmu-v3 arm-smmu-v3.0.auto: no evtq irq - events will not be reported!
[    2.833210] arm-smmu-v3 arm-smmu-v3.0.auto: no gerr irq - errors will not be reported!
[    2.833293] arm-smmu-v3 arm-smmu-v3.1.auto: option mask 0x1
[    2.833310] arm-smmu-v3 arm-smmu-v3.1.auto: ias 44-bit, oas 44-bit (features 0x00000f0d)
[    2.833477] arm-smmu-v3 arm-smmu-v3.1.auto: allocated 65536 entries for cmdq
[    2.833680] arm-smmu-v3 arm-smmu-v3.1.auto: allocated 32768 entries for evtq
[    2.835881] arm-smmu-v3 arm-smmu-v3.1.auto: no evtq irq - events will not be reported!
[    2.835884] arm-smmu-v3 arm-smmu-v3.1.auto: no gerr irq - errors will not be reported!
[    2.835928] arm-smmu-v3 arm-smmu-v3.2.auto: option mask 0x1
[    2.835940] arm-smmu-v3 arm-smmu-v3.2.auto: ias 44-bit, oas 44-bit (features 0x00000f0d)
[    2.836148] arm-smmu-v3 arm-smmu-v3.2.auto: allocated 65536 entries for cmdq
[    2.836304] arm-smmu-v3 arm-smmu-v3.2.auto: allocated 32768 entries for evtq
[    2.837536] arm-smmu-v3 arm-smmu-v3.2.auto: no evtq irq - events will not be reported!
[    2.837539] arm-smmu-v3 arm-smmu-v3.2.auto: no gerr irq - errors will not be reported!
[    2.837591] arm-smmu-v3 arm-smmu-v3.3.auto: option mask 0x1
[    2.837604] arm-smmu-v3 arm-smmu-v3.3.auto: ias 44-bit, oas 44-bit (features 0x00000f0d)
[    2.837779] arm-smmu-v3 arm-smmu-v3.3.auto: allocated 65536 entries for cmdq
[    2.837971] arm-smmu-v3 arm-smmu-v3.3.auto: allocated 32768 entries for evtq
[    2.839139] arm-smmu-v3 arm-smmu-v3.3.auto: no evtq irq - events will not be reported!
[    2.839142] arm-smmu-v3 arm-smmu-v3.3.auto: no gerr irq - errors will not be reported!
[    2.839192] arm-smmu-v3 arm-smmu-v3.4.auto: option mask 0x1
[    2.839209] arm-smmu-v3 arm-smmu-v3.4.auto: ias 44-bit, oas 44-bit (features 0x00000f0d)
[    2.839428] arm-smmu-v3 arm-smmu-v3.4.auto: allocated 65536 entries for cmdq
[    2.839584] arm-smmu-v3 arm-smmu-v3.4.auto: allocated 32768 entries for evtq
[    2.841798] arm-smmu-v3 arm-smmu-v3.4.auto: no evtq irq - events will not be reported!
[    2.841801] arm-smmu-v3 arm-smmu-v3.4.auto: no gerr irq - errors will not be reported!
[    2.856577] loop: module loaded
[    2.856905] megasas: 07.719.03.00-rc1
[    2.857051] ACPI: IORT: [Firmware Bug]: Named component missing memory address limit
[    2.857194] hisi_sas_v2_hw HISI0162:01: Adding to iommu group 0
[    2.878084] scsi host0: hisi_sas_v2_hw
[    3.495674] hisi_sas_v2_hw HISI0162:01: phyup: phy0 link_rate=11
[    3.495684] hisi_sas_v2_hw HISI0162:01: phyup: phy1 link_rate=11
[    3.495776] sas: phy-0:0 added to port-0:0, phy_mask:0x1 (500e004aaaaaaa1f)
[    3.495796] sas: DOING DISCOVERY on port 0, pid:455
[    3.496085] hisi_sas_v2_hw HISI0162:01: dev[0:2] found
[    3.496633] sas: ex 500e004aaaaaaa1f phy00:U:0 attached: 0000000000000000 (no device)
[    3.496770] sas: ex 500e004aaaaaaa1f phy01:U:B attached: 5001e82002865f0e (ssp)
[    3.496875] sas: ex 500e004aaaaaaa1f phy02:U:A attached: 500e004aaaaaaa02 (stp)
[    3.496968] sas: ex 500e004aaaaaaa1f phy03:U:0 attached: 0000000000000000 (no device)
[    3.497064] sas: ex 500e004aaaaaaa1f phy04:U:B attached: 5001e8200287321e (ssp)
[    3.497162] sas: ex 500e004aaaaaaa1f phy05:U:B attached: 5000cca05b01d9c9 (ssp)
[    3.497257] sas: ex 500e004aaaaaaa1f phy06:U:0 attached: 0000000000000000 (no device)
[    3.497355] sas: ex 500e004aaaaaaa1f phy07:U:B attached: 5001e820028580ae (ssp)
[    3.497453] sas: ex 500e004aaaaaaa1f phy08:U:B attached: 5001e82002858496 (ssp)
[    3.497547] sas: ex 500e004aaaaaaa1f phy09:U:0 attached: 0000000000000000 (no device)
[    3.497643] sas: ex 500e004aaaaaaa1f phy10:U:B attached: 5001e82002862816 (ssp)
[    3.497753] sas: ex 500e004aaaaaaa1f phy11:U:B attached: 5001e8200285850a (ssp)
[    3.497862] sas: ex 500e004aaaaaaa1f phy12:U:0 attached: 0000000000000000 (no device)
[    3.497958] sas: ex 500e004aaaaaaa1f phy13:U:0 attached: 0000000000000000 (no device)
[    3.498053] sas: ex 500e004aaaaaaa1f phy14:U:0 attached: 0000000000000000 (no device)
[    3.498149] sas: ex 500e004aaaaaaa1f phy15:U:0 attached: 0000000000000000 (no device)
[    3.498245] sas: ex 500e004aaaaaaa1f phy16:U:0 attached: 0000000000000000 (no device)
[    3.498343] sas: ex 500e004aaaaaaa1f phy17:U:0 attached: 0000000000000000 (no device)
[    3.498437] sas: ex 500e004aaaaaaa1f phy18:U:0 attached: 0000000000000000 (no device)
[    3.498536] sas: ex 500e004aaaaaaa1f phy19:U:0 attached: 0000000000000000 (no device)
[    3.498631] sas: ex 500e004aaaaaaa1f phy20:U:0 attached: 0000000000000000 (no device)
[    3.498739] sas: ex 500e004aaaaaaa1f phy21:U:0 attached: 0000000000000000 (no device)
[    3.498841] sas: ex 500e004aaaaaaa1f phy22:U:0 attached: 0000000000000000 (no device)
[    3.498938] sas: ex 500e004aaaaaaa1f phy23:U:0 attached: 0000000000000000 (no device)
[    3.499040] sas: ex 500e004aaaaaaa1f phy24:D:B attached: 500e004aaaaaaa1e (host+target)
[    3.499072] hisi_sas_v2_hw HISI0162:01: dev[1:1] found
[    3.499272] hisi_sas_v2_hw HISI0162:01: dev[2:5] found
[    3.499300] hisi_sas_v2_hw HISI0162:01: dev[3:1] found
[    3.499326] hisi_sas_v2_hw HISI0162:01: dev[4:1] found
[    3.499355] hisi_sas_v2_hw HISI0162:01: dev[5:1] found
[    3.499382] hisi_sas_v2_hw HISI0162:01: dev[6:1] found
[    3.499409] hisi_sas_v2_hw HISI0162:01: dev[7:1] found
[    3.499438] hisi_sas_v2_hw HISI0162:01: dev[8:1] found
[    3.499467] hisi_sas_v2_hw HISI0162:01: dev[9:1] found
[    3.499471] ata_std_sched_eh ap=0xffff00104794c000 ATA_PFLAG_INITIALIZING=0
[    3.499475] ata_eh_set_pending fastdrain=1 ATA_PFLAG_EH_PENDING=0
[    3.499478] ata_eh_set_pending2 ap=0xffff00104794c000 fastdrain=1 cnt=0
[    3.499490] sas: sas_scsi_recover_host Enter sas_scsi_recover_host busy: 0 failed: 0
[    3.499494] sas: sas_eh_handle_sas_errors shost=0xffff041007fc0000
[    3.499497] sas: sas_ata_strategy_handler shost=0xffff041007fc0000
[    3.499500] sas: sas_ata_strategy_handler2 shost=0xffff041007fc0000 calling async_schedule_domain(async_sas_ata_eh)
[    3.499510] sas: ata1: end_device-0:0:2: async_sas_ata_eh dev error handler
[    3.499515] ata_scsi_port_error_handler host=0xffff041007fc0000 ap=0xffff00104794c000
[    3.499519] ata_scsi_port_error_handler2 host=0xffff041007fc0000 ap=0xffff00104794c000 deleting fastdrain_timer
[    3.499523] ata_do_eh ap=0xffff00104794c000 calling ata_eh_autopsy
[    3.499525] ata_eh_autopsy ap=0xffff00104794c000 link=0xffff00104794e040 calling ata_eh_link_autopsy
[    3.499528] ata_eh_link_autopsy link=0xffff00104794e040 ATA_EHI_NO_AUTOPSY=1 
[    3.499530] ata_do_eh2 ap=0xffff00104794c000 calling ata_eh_report
[    3.499532] ata_do_eh3 ap=0xffff00104794c000 calling ata_eh_recover
[    3.499537] ata_eh_reset ap=0xffff00104794c000 link=0xffff00104794e040 prereset=sas_ata_prereset+0x0/0x50 softreset=0x0 hardreset=sas_ata_hard_reset+0x0/0x98 postreset=0x0
[    3.499551] ata_eh_freeze_port ap=0xffff00104794c000
[    3.499554] __ata_port_freeze ap=0xffff00104794c000
[    3.500005] hisi_sas_debug_I_T_nexus_reset device=0xffff001047944400
[    3.500672] hisi_sas_v2_hw HISI0162:01: phyup: phy2 link_rate=11
[    3.500678] hisi_sas_v2_hw HISI0162:01: phyup: phy3 link_rate=11
[    3.500683] hisi_sas_v2_hw HISI0162:01: phyup: phy4 link_rate=11
[    3.500687] hisi_sas_v2_hw HISI0162:01: phyup: phy5 link_rate=11
[    3.500692] hisi_sas_v2_hw HISI0162:01: phyup: phy6 link_rate=11
[    3.500697] hisi_sas_v2_hw HISI0162:01: phyup: phy7 link_rate=11
[    3.656468] hisi_sas_I_T_nexus_reset1  device=0xffff001047944400 rc=0
[    3.656472] hisi_sas_softreset_ata_disk device=0xffff001047944400
[    3.662157] hisi_sas_release_task device=0xffff001047944400
[    3.662159] hisi_sas_I_T_nexus_reset8 device=0xffff001047944400 calling hisi_sas_release_task
[    3.662162] hisi_sas_release_task device=0xffff001047944400
[    3.820395] ata_eh_thaw_port ap=0xffff00104794c000
[    3.821960] sas: sas_ata_task_done qc=0xffff00104794df30 err_mask=0x0 scsicmd=0x0 task=0xffff001045d44000
[    3.821965] sas: sas_ata_task_done2 qc=0xffff00104794df30 err_mask=0x0 scsicmd=0x0 task=0xffff001045d44000
[    3.821969] sas: sas_ata_task_done3 qc=0xffff00104794df30 scsicmd=0x0 task=0xffff001045d44000
[    3.821972] ata_qc_complete qc=0xffff00104794df30 err_mask=0x0 scsicmd=0x0
[    3.822123] sas: sas_ata_task_done qc=0xffff00104794df30 err_mask=0x0 scsicmd=0x0 task=0xffff001045d44180
[    3.822126] sas: sas_ata_task_done2 qc=0xffff00104794df30 err_mask=0x0 scsicmd=0x0 task=0xffff001045d44180
[    3.822130] sas: sas_ata_task_done3 qc=0xffff00104794df30 scsicmd=0x0 task=0xffff001045d44180
[    3.822132] ata_qc_complete qc=0xffff00104794df30 err_mask=0x0 scsicmd=0x0
[    3.822139] ata1.00: ata_dev_configure: cfg 49:2f00 82:746b 83:7d69 84:4773 85:7469 86:bc41 87:4763 88:407f
[    3.822144] ata1.00: 49==0x2f00  53==0x0007  63==0x0007  64==0x0003  75==0x001f
               80==0x01fc  81==0x0029  82==0x746b  83==0x7d69  84==0x4773
               88==0x407f  93==0x0000
[    3.822150] ata1.00: ATA-8: HGST HUS724040ALA640, MFAOA8B0, max UDMA/133
[    3.822153] ata_log_supported calling ata_read_log_page
[    3.822155] ata1.00: read log page - log 0x0, page 0x0
[    3.822272] sas: sas_ata_task_done qc=0xffff00104794df30 err_mask=0x0 scsicmd=0x0 task=0xffff001045d44300
[    3.822276] sas: sas_ata_task_done2 qc=0xffff00104794df30 err_mask=0x0 scsicmd=0x0 task=0xffff001045d44300
[    3.822279] sas: sas_ata_task_done3 qc=0xffff00104794df30 scsicmd=0x0 task=0xffff001045d44300
[    3.822282] ata_qc_complete qc=0xffff00104794df30 err_mask=0x0 scsicmd=0x0
[    3.822289] ata_read_log_page3 ata_exec_internal err_mask=0x0
[    3.822291] ata1.00: 7814037168 sectors, multi 0: LBA48 NCQ (depth 32)
[    3.822297] ata1.00: set features - xfer mode
[    3.822407] sas: sas_ata_task_done qc=0xffff00104794df30 err_mask=0x0 scsicmd=0x0 task=0xffff001045d44480
[    3.822411] sas: sas_ata_task_done2 qc=0xffff00104794df30 err_mask=0x0 scsicmd=0x0 task=0xffff001045d44480
[    3.822414] sas: sas_ata_task_done3 qc=0xffff00104794df30 scsicmd=0x0 task=0xffff001045d44480
[    3.822417] ata_qc_complete qc=0xffff00104794df30 err_mask=0x0 scsicmd=0x0
[    3.823955] sas: sas_ata_task_done qc=0xffff00104794df30 err_mask=0x0 scsicmd=0x0 task=0xffff001045d44600
[    3.823960] sas: sas_ata_task_done2 qc=0xffff00104794df30 err_mask=0x0 scsicmd=0x0 task=0xffff001045d44600
[    3.823963] sas: sas_ata_task_done3 qc=0xffff00104794df30 scsicmd=0x0 task=0xffff001045d44600
[    3.823966] ata_qc_complete qc=0xffff00104794df30 err_mask=0x0 scsicmd=0x0
[    3.824101] sas: sas_ata_task_done qc=0xffff00104794df30 err_mask=0x0 scsicmd=0x0 task=0xffff001045d44780
[    3.824105] sas: sas_ata_task_done2 qc=0xffff00104794df30 err_mask=0x0 scsicmd=0x0 task=0xffff001045d44780
[    3.824108] sas: sas_ata_task_done3 qc=0xffff00104794df30 scsicmd=0x0 task=0xffff001045d44780
[    3.824111] ata_qc_complete qc=0xffff00104794df30 err_mask=0x0 scsicmd=0x0
[    3.824117] ata1.00: ata_dev_configure: cfg 49:2f00 82:746b 83:7d69 84:4773 85:7469 86:bc41 87:4763 88:407f
[    3.824121] ata1.00: 49==0x2f00  53==0x0007  63==0x0007  64==0x0003  75==0x001f
               80==0x01fc  81==0x0029  82==0x746b  83==0x7d69  84==0x4773
               88==0x407f  93==0x0000
[    3.824127] ata1.00: xfer_shift=12, xfer_mode=0x46
[    3.824130] ata1.00: configured for UDMA/133
[    3.824133] scsi_eh_flush_done_q
[    3.824142] scsi_eh_flush_done_q
[    3.824145] sas: --- Exit sas_scsi_recover_host: busy: 0 failed: 0 tries: 1
[    3.841436] hisi_sas_release_task device=0xffff001047944200
[    3.908399] scsi 0:0:0:0: Direct-Access     SanDisk  LT0200MO         P404 PQ: 0 ANSI: 6
[    4.523370] hisi_sas_softreset_ata_disk device=0xffff001047944400
[    4.529110] hisi_sas_release_task device=0xffff001047944400
[    4.529135] scsi 0:0:1:0: Direct-Access     ATA      HGST HUS724040AL A8B0 PQ: 0 ANSI: 5
[    4.529525] sd 0:0:1:0: [sdb] 7814037168 512-byte logical blocks: (4.00 TB/3.64 TiB)
[    4.529535] sd 0:0:1:0: [sdb] Write Protect is off
[    4.529538] sd 0:0:1:0: [sdb] Mode Sense: 00 3a 00 00
[    4.529552] sd 0:0:1:0: [sdb] Write cache: enabled, read cache: enabled, doesn't support DPO or FUA
[    4.529569] sd 0:0:1:0: [sdb] Preferred minimum I/O size 512 bytes
[    4.536559] hisi_sas_release_task device=0xffff001047944600
[    4.564083] sd 0:0:0:0: [sda] 390721968 512-byte logical blocks: (200 GB/186 GiB)
[    4.569303]  sdb: sdb1 sdb2 sdb3
[    4.569522] sd 0:0:1:0: [sdb] Attached SCSI disk
[    4.603520] scsi 0:0:2:0: Direct-Access     SanDisk  LT0200MO         P404 PQ: 0 ANSI: 6
[    4.606395] sd 0:0:0:0: [sda] Write Protect is off
[    4.606397] sd 0:0:0:0: [sda] Mode Sense: cf 00 10 08
[    4.688414] sd 0:0:0:0: [sda] Write cache: disabled, read cache: disabled, supports DPO and FUA
[    4.811048] sd 0:0:0:0: [sda] Optimal transfer size 131072 bytes
[    5.171956]  sda: sda1 sda2
[    5.172086] sd 0:0:0:0: [sda] Attached SCSI disk
[    5.183357] hisi_sas_release_task device=0xffff001047944800
[    5.183554] scsi 0:0:3:0: Direct-Access     HGST     HUC156030CSS200  A3F0 PQ: 0 ANSI: 6
[    5.186257] sd 0:0:3:0: [sdd] 586072368 512-byte logical blocks: (300 GB/279 GiB)
[    5.187139] sd 0:0:3:0: [sdd] Write Protect is off
[    5.187142] sd 0:0:3:0: [sdd] Mode Sense: f7 00 10 08
[    5.188736] sd 0:0:3:0: [sdd] Write cache: enabled, read cache: enabled, supports DPO and FUA
[    5.193164] hisi_sas_release_task device=0xffff001047944a00
[    5.200759]  sdd: sdd1
[    5.200850] sd 0:0:3:0: [sdd] Attached SCSI disk
[    5.259040] sd 0:0:2:0: [sdc] 390721968 512-byte logical blocks: (200 GB/186 GiB)
[    5.260112] scsi 0:0:4:0: Direct-Access     SanDisk  LT0200MO         P404 PQ: 0 ANSI: 6
[    5.301073] sd 0:0:2:0: [sdc] Write Protect is off
[    5.301075] sd 0:0:2:0: [sdc] Mode Sense: cf 00 10 08
[    5.383075] sd 0:0:2:0: [sdc] Write cache: disabled, read cache: disabled, supports DPO and FUA
[    5.505720] sd 0:0:2:0: [sdc] Optimal transfer size 131072 bytes
[    5.846404] hisi_sas_release_task device=0xffff001047944c00
[    5.866727]  sdc: sdc1 sdc2 sdc3
[    5.866908] sd 0:0:2:0: [sdc] Attached SCSI disk
[    5.913731] scsi 0:0:5:0: Direct-Access     SanDisk  LT0200MO         P404 PQ: 0 ANSI: 6
[    5.915625] sd 0:0:4:0: [sde] 390721968 512-byte logical blocks: (200 GB/186 GiB)
[    5.957656] sd 0:0:4:0: [sde] Write Protect is off
[    5.957659] sd 0:0:4:0: [sde] Mode Sense: cf 00 10 08
[    6.039709] sd 0:0:4:0: [sde] Write cache: disabled, read cache: disabled, supports DPO and FUA
[    6.162475] sd 0:0:4:0: [sde] Optimal transfer size 131072 bytes
[    6.500163] hisi_sas_release_task device=0xffff001047944e00
[    6.523508]  sde: sde1 sde2 sde3
[    6.523662] sd 0:0:4:0: [sde] Attached SCSI disk
[    6.567065] scsi 0:0:6:0: Direct-Access     SanDisk  LT0200MO         P404 PQ: 0 ANSI: 6
[    6.569350] sd 0:0:5:0: [sdf] 390721968 512-byte logical blocks: (200 GB/186 GiB)
[    6.611364] sd 0:0:5:0: [sdf] Write Protect is off
[    6.611367] sd 0:0:5:0: [sdf] Mode Sense: cf 00 10 08
[    6.693358] sd 0:0:5:0: [sdf] Write cache: disabled, read cache: disabled, supports DPO and FUA
[    6.816008] sd 0:0:5:0: [sdf] Optimal transfer size 131072 bytes
[    7.153360] hisi_sas_release_task device=0xffff001047945000
[    7.176924]  sdf: sdf1 sdf2 sdf3 sdf4
[    7.177136] sd 0:0:5:0: [sdf] Attached SCSI disk
[    7.220314] scsi 0:0:7:0: Direct-Access     SanDisk  LT0200MO         P404 PQ: 0 ANSI: 6
[    7.222547] sd 0:0:6:0: [sdg] 390721968 512-byte logical blocks: (200 GB/186 GiB)
[    7.264550] sd 0:0:6:0: [sdg] Write Protect is off
[    7.264553] sd 0:0:6:0: [sdg] Mode Sense: cf 00 10 08
[    7.346555] sd 0:0:6:0: [sdg] Write cache: disabled, read cache: disabled, supports DPO and FUA
[    7.469173] sd 0:0:6:0: [sdg] Optimal transfer size 131072 bytes
[    7.800414] hisi_sas_release_task device=0xffff001047945200
[    7.800711] scsi 0:0:8:0: Enclosure         12G SAS  Expander         RevB PQ: 0 ANSI: 6
[    7.800812] scsi 0:0:8:0: Power-on or device reset occurred
[    7.802093] sas: DONE DISCOVERY on port 0, pid:455, result:0
[    7.802105] sas: phy1 matched wide port0
[    7.802111] sas: phy-0:1 added to port-0:0, phy_mask:0x3 (500e004aaaaaaa1f)
[    7.802120] sas: REVALIDATING DOMAIN on port 0, pid:455
[    7.802661] sas: ex 500e004aaaaaaa1f phy02 change count has changed
[    7.802950] sas: ex 500e004aaaaaaa1f phy02 originated BROADCAST(CHANGE)
[    7.802953] sas: ex 500e004aaaaaaa1f rediscovering phy02
[    7.803143] sas: ex 500e004aaaaaaa1f phy02 broadcast flutter
[    7.804489] sas: ex 500e004aaaaaaa1f phy16 originated BROADCAST(CHANGE)
[    7.804492] sas: ex 500e004aaaaaaa1f phy16 new device attached
[    7.804585] sas: ex 500e004aaaaaaa1f phy16:U:B attached: 3201581410000000 (host)
[    7.804682] sas: ex 500e004aaaaaaa1f phy17 originated BROADCAST(CHANGE)
[    7.804684] sas: ex 500e004aaaaaaa1f phy17 new device attached
[    7.804778] sas: ex 500e004aaaaaaa1f phy17:U:B attached: 3201581410000000 (host)
[    7.804874] sas: ex 500e004aaaaaaa1f phy18 originated BROADCAST(CHANGE)
[    7.804876] sas: ex 500e004aaaaaaa1f phy18 new device attached
[    7.804970] sas: ex 500e004aaaaaaa1f phy18:U:B attached: 3201581410000000 (host)
[    7.805066] sas: ex 500e004aaaaaaa1f phy19 originated BROADCAST(CHANGE)
[    7.805068] sas: ex 500e004aaaaaaa1f phy19 new device attached
[    7.805162] sas: ex 500e004aaaaaaa1f phy19:U:B attached: 3201581410000000 (host)
[    7.805258] sas: ex 500e004aaaaaaa1f phy20 originated BROADCAST(CHANGE)
[    7.805260] sas: ex 500e004aaaaaaa1f phy20 new device attached
[    7.805354] sas: ex 500e004aaaaaaa1f phy20:U:B attached: 3201581410000000 (host)
[    7.805451] sas: ex 500e004aaaaaaa1f phy21 originated BROADCAST(CHANGE)
[    7.805453] sas: ex 500e004aaaaaaa1f phy21 new device attached
[    7.805547] sas: ex 500e004aaaaaaa1f phy21:U:B attached: 3201581410000000 (host)
[    7.805643] sas: ex 500e004aaaaaaa1f phy22 originated BROADCAST(CHANGE)
[    7.805645] sas: ex 500e004aaaaaaa1f phy22 new device attached
[    7.805739] sas: ex 500e004aaaaaaa1f phy22:U:B attached: 3201581410000000 (host)
[    7.805835] sas: ex 500e004aaaaaaa1f phy23 originated BROADCAST(CHANGE)
[    7.805837] sas: ex 500e004aaaaaaa1f phy23 new device attached
[    7.805931] sas: ex 500e004aaaaaaa1f phy23:U:B attached: 3201581410000000 (host)
[    7.806027] sas: done REVALIDATING DOMAIN on port 0, pid:455, res 0x0
[    7.806037] sas: phy2 matched wide port0
[    7.806042] sas: phy-0:2 added to port-0:0, phy_mask:0x7 (500e004aaaaaaa1f)
[    7.806050] sas: REVALIDATING DOMAIN on port 0, pid:455
[    7.808526] sas: ex 500e004aaaaaaa1f phys DID NOT change
[    7.808528] sas: done REVALIDATING DOMAIN on port 0, pid:455, res 0x0
[    7.808537] sas: phy3 matched wide port0
[    7.808541] sas: phy-0:3 added to port-0:0, phy_mask:0xf (500e004aaaaaaa1f)
[    7.808549] sas: REVALIDATING DOMAIN on port 0, pid:455
[    7.811025] sas: ex 500e004aaaaaaa1f phys DID NOT change
[    7.811027] sas: done REVALIDATING DOMAIN on port 0, pid:455, res 0x0
[    7.811035] sas: phy4 matched wide port0
[    7.811040] sas: phy-0:4 added to port-0:0, phy_mask:0x1f (500e004aaaaaaa1f)
[    7.811047] sas: REVALIDATING DOMAIN on port 0, pid:455
[    7.813525] sas: ex 500e004aaaaaaa1f phys DID NOT change
[    7.813527] sas: done REVALIDATING DOMAIN on port 0, pid:455, res 0x0
[    7.813536] sas: phy5 matched wide port0
[    7.813540] sas: phy-0:5 added to port-0:0, phy_mask:0x3f (500e004aaaaaaa1f)
[    7.813547] sas: REVALIDATING DOMAIN on port 0, pid:455
[    7.816025] sas: ex 500e004aaaaaaa1f phys DID NOT change
[    7.816027] sas: done REVALIDATING DOMAIN on port 0, pid:455, res 0x0
[    7.816034] sas: phy6 matched wide port0
[    7.816038] sas: phy-0:6 added to port-0:0, phy_mask:0x7f (500e004aaaaaaa1f)
[    7.816045] sas: REVALIDATING DOMAIN on port 0, pid:455
[    7.818524] sas: ex 500e004aaaaaaa1f phys DID NOT change
[    7.818526] sas: done REVALIDATING DOMAIN on port 0, pid:455, res 0x0
[    7.818534] sas: phy7 matched wide port0
[    7.818538] sas: phy-0:7 added to port-0:0, phy_mask:0xff (500e004aaaaaaa1f)
[    7.818546] sas: REVALIDATING DOMAIN on port 0, pid:455
[    7.821024] sas: ex 500e004aaaaaaa1f phys DID NOT change
[    7.821026] sas: done REVALIDATING DOMAIN on port 0, pid:455, res 0x0
[    7.821033] sas: broadcast received: 0
[    7.821040] sas: REVALIDATING DOMAIN on port 0, pid:455
[    7.823523] sas: ex 500e004aaaaaaa1f phys DID NOT change
[    7.823525] sas: done REVALIDATING DOMAIN on port 0, pid:455, res 0x0
[    7.823531] sas: broadcast received: 0
[    7.823538] sas: REVALIDATING DOMAIN on port 0, pid:455
[    7.826022] sas: ex 500e004aaaaaaa1f phys DID NOT change
[    7.826023] sas: done REVALIDATING DOMAIN on port 0, pid:455, res 0x0
[    7.826030] sas: broadcast received: 0
[    7.826037] sas: REVALIDATING DOMAIN on port 0, pid:455
[    7.828520] sas: ex 500e004aaaaaaa1f phys DID NOT change
[    7.828523] sas: done REVALIDATING DOMAIN on port 0, pid:455, res 0x0
[    7.828530] sas: broadcast received: 0
[    7.828536] sas: REVALIDATING DOMAIN on port 0, pid:455
[    7.828814] sd 0:0:6:0: [sdg] Attached SCSI disk
[    7.831019] sas: ex 500e004aaaaaaa1f phys DID NOT change
[    7.831022] sas: done REVALIDATING DOMAIN on port 0, pid:455, res 0x0
[    7.831029] sas: broadcast received: 0
[    7.831035] sas: REVALIDATING DOMAIN on port 0, pid:455
[    7.833518] sas: ex 500e004aaaaaaa1f phys DID NOT change
[    7.833520] sas: done REVALIDATING DOMAIN on port 0, pid:455, res 0x0
[    7.833527] sas: broadcast received: 0
[    7.833534] sas: REVALIDATING DOMAIN on port 0, pid:455
[    7.836018] sas: ex 500e004aaaaaaa1f phys DID NOT change
[    7.836019] sas: done REVALIDATING DOMAIN on port 0, pid:455, res 0x0
[    7.836026] sas: broadcast received: 0
[    7.836033] sas: REVALIDATING DOMAIN on port 0, pid:455
[    7.838517] sas: ex 500e004aaaaaaa1f phys DID NOT change
[    7.838519] sas: done REVALIDATING DOMAIN on port 0, pid:455, res 0x0
[    7.838525] sas: broadcast received: 0
[    7.838531] sas: REVALIDATING DOMAIN on port 0, pid:455
[    7.841017] sas: ex 500e004aaaaaaa1f phys DID NOT change
[    7.841018] sas: done REVALIDATING DOMAIN on port 0, pid:455, res 0x0
[    7.841025] sas: broadcast received: 0
[    7.841031] sas: REVALIDATING DOMAIN on port 0, pid:455
[    7.843516] sas: ex 500e004aaaaaaa1f phys DID NOT change
[    7.843518] sas: done REVALIDATING DOMAIN on port 0, pid:455, res 0x0
[    7.843525] sas: broadcast received: 0
[    7.843531] sas: REVALIDATING DOMAIN on port 0, pid:455
[    7.846015] sas: ex 500e004aaaaaaa1f phys DID NOT change
[    7.846017] sas: done REVALIDATING DOMAIN on port 0, pid:455, res 0x0
[    7.846024] sas: broadcast received: 0
[    7.846031] sas: REVALIDATING DOMAIN on port 0, pid:455
[    7.848513] sas: ex 500e004aaaaaaa1f phys DID NOT change
[    7.848515] sas: done REVALIDATING DOMAIN on port 0, pid:455, res 0x0
[    7.848521] sas: broadcast received: 0
[    7.848527] sas: REVALIDATING DOMAIN on port 0, pid:455
[    7.851012] sas: ex 500e004aaaaaaa1f phys DID NOT change
[    7.851014] sas: done REVALIDATING DOMAIN on port 0, pid:455, res 0x0
[    7.851022] sas: broadcast received: 0
[    7.851028] sas: REVALIDATING DOMAIN on port 0, pid:455
[    7.853513] sas: ex 500e004aaaaaaa1f phys DID NOT change
[    7.853515] sas: done REVALIDATING DOMAIN on port 0, pid:455, res 0x0
[    7.853521] sas: broadcast received: 0
[    7.853527] sas: REVALIDATING DOMAIN on port 0, pid:455
[    7.856012] sas: ex 500e004aaaaaaa1f phys DID NOT change
[    7.856014] sas: done REVALIDATING DOMAIN on port 0, pid:455, res 0x0
[    7.856021] sas: broadcast received: 0
[    7.856027] sas: REVALIDATING DOMAIN on port 0, pid:455
[    7.858511] sas: ex 500e004aaaaaaa1f phys DID NOT change
[    7.858513] sas: done REVALIDATING DOMAIN on port 0, pid:455, res 0x0
[    7.858520] sas: broadcast received: 0
[    7.858527] sas: REVALIDATING DOMAIN on port 0, pid:455
[    7.861011] sas: ex 500e004aaaaaaa1f phys DID NOT change
[    7.861012] sas: done REVALIDATING DOMAIN on port 0, pid:455, res 0x0
[    7.862795] tun: Universal TUN/TAP device driver, 1.6
[    7.862996] thunder_xcv, ver 1.0
[    7.863009] thunder_bgx, ver 1.0
[    7.863020] nicpf, ver 1.0
[    7.875883] sd 0:0:7:0: [sdh] 390721968 512-byte logical blocks: (200 GB/186 GiB)
[    7.917904] sd 0:0:7:0: [sdh] Write Protect is off
[    7.917906] sd 0:0:7:0: [sdh] Mode Sense: cf 00 10 08
[    7.940312] ACPI: IORT: [Firmware Bug]: Named component missing memory address limit
[    7.940436] hns_dsaf HISI00B2:00: Adding to iommu group 1
[    7.999945] sd 0:0:7:0: [sdh] Write cache: disabled, read cache: disabled, supports DPO and FUA
[    8.009971] hns_dsaf HISI00B2:00: no mc-mac-mask property, set to default value.
[    8.122598] sd 0:0:7:0: [sdh] Optimal transfer size 131072 bytes
[    8.224322] hns_dsaf HISI00B2:00: no mc-mac-mask property, set to default value.
[    8.440591] hns_dsaf HISI00B2:00: no mc-mac-mask property, set to default value.
[    8.461130] hns_dsaf HISI00B2:00: no mc-mac-mask property, set to default value.
[    8.482622] sd 0:0:7:0: [sdh] Attached SCSI disk
[    8.760773] Generic PHY Mii-HISI0141:00:00: attached PHY driver (mii_bus:phy_addr=Mii-HISI0141:00:00, irq=POLL)
[    8.781104] Generic PHY Mii-HISI0141:00:01: attached PHY driver (mii_bus:phy_addr=Mii-HISI0141:00:01, irq=POLL)
[    8.824613] hns3: Hisilicon Ethernet Network Driver for Hip08 Family - version
[    8.824617] hns3: Copyright (c) 2017 Huawei Corporation.
[    8.824670] hclge is initializing
[    8.824686] e1000: Intel(R) PRO/1000 Network Driver
[    8.824687] e1000: Copyright (c) 1999-2006 Intel Corporation.
[    8.824706] e1000e: Intel(R) PRO/1000 Network Driver
[    8.824708] e1000e: Copyright(c) 1999 - 2015 Intel Corporation.
[    8.824727] igb: Intel(R) Gigabit Ethernet Network Driver
[    8.824728] igb: Copyright (c) 2007-2014 Intel Corporation.
[    8.824744] igbvf: Intel(R) Gigabit Virtual Function Network Driver
[    8.824745] igbvf: Copyright (c) 2009 - 2012 Intel Corporation.
[    8.824905] sky2: driver version 1.30
[    8.825169] VFIO - User Level meta-driver version: 0.3
[    8.825711] ehci_hcd: USB 2.0 'Enhanced' Host Controller (EHCI) Driver
[    8.825714] ehci-pci: EHCI PCI platform driver
[    8.825726] ehci-platform: EHCI generic platform driver
[    8.825756] ehci-orion: EHCI orion driver
[    8.825765] ACPI: IORT: [Firmware Bug]: Named component missing memory address limit
[    8.825783] ehci-exynos: EHCI Exynos driver
[    8.825800] ehci-platform PNP0D20:00: Adding to iommu group 2
[    8.825810] ohci_hcd: USB 1.1 'Open' Host Controller (OHCI) Driver
[    8.825817] ohci-pci: OHCI PCI platform driver
[    8.825831] ohci-platform: OHCI generic platform driver
[    8.825856] ohci-exynos: OHCI Exynos driver
[    8.825970] usbcore: registered new interface driver usb-storage
[    8.826865] ehci-platform PNP0D20:00: EHCI Host Controller
[    8.826873] ehci-platform PNP0D20:00: new USB bus registered, assigned bus number 1
[    8.826927] ehci-platform PNP0D20:00: irq 369, io mem 0xa7020000
[    8.840243] ehci-platform PNP0D20:00: USB 2.0 started, EHCI 1.00
[    8.840435] hub 1-0:1.0: USB hub found
[    8.840446] hub 1-0:1.0: 2 ports detected
[    8.952440] rtc-efi rtc-efi.0: registered as rtc0
[    9.015364] rtc-efi rtc-efi.0: setting system clock to 2022-07-01T15:32:37 UTC (1656689557)
[    9.015531] i2c_dev: i2c /dev entries driver
[    9.017222] sdhci: Secure Digital Host Controller Interface driver
[    9.017224] sdhci: Copyright(c) Pierre Ossman
[    9.017392] Synopsys Designware Multimedia Card Interface Driver
[    9.017610] sdhci-pltfm: SDHCI platform and OF driver helper
[    9.019007] ledtrig-cpu: registered to indicate activity on CPUs
[    9.021755] pstore: Registered efi as persistent store backend
[    9.022105] usbcore: registered new interface driver usbhid
[    9.022106] usbhid: USB HID core driver
[    9.023642] NET: Registered PF_PACKET protocol family
[    9.023714] 9pnet: Installing 9P2000 support
[    9.023740] Key type dns_resolver registered
[    9.023920] registered taskstats version 1
[    9.023936] Loading compiled-in X.509 certificates
[    9.024147] pstore: Using crash dump compression: deflate
[    9.026329] ARMH0011:00: ttyAMA0 at MMIO 0x602b0000 (irq = 370, base_baud = 0) is a SBSA
[    9.051230] printk: console [ttyAMA0] printing thread started
[    9.051239] printk: console [ttyAMA0] enabled
[    9.051241] printk: bootconsole [pl11] disabled
[    9.067249] printk: bootconsole [pl11] printing thread stopped
[    9.072833] pcieport 0002:f8:00.0: Adding to iommu group 3
[    9.073958] pcieport 0002:f8:00.0: can't derive routing for PCI INT A
[    9.073962] pcieport 0002:f8:00.0: PCI INT A: no GSI
[    9.078635] pcieport 0004:88:00.0: Adding to iommu group 4
[    9.079608] pcieport 0004:88:00.0: can't derive routing for PCI INT A
[    9.079610] pcieport 0004:88:00.0: PCI INT A: no GSI
[    9.084111] pcieport 0005:78:00.0: Adding to iommu group 5
[    9.085063] pcieport 0005:78:00.0: can't derive routing for PCI INT A
[    9.085066] pcieport 0005:78:00.0: PCI INT A: no GSI
[    9.090540] pcieport 000a:10:00.0: Adding to iommu group 6
[    9.091446] pcieport 000a:10:00.0: can't derive routing for PCI INT A
[    9.091448] pcieport 000a:10:00.0: PCI INT A: no GSI
[    9.095496] pcieport 000c:20:00.0: Adding to iommu group 7
[    9.096563] pcieport 000c:20:00.0: can't derive routing for PCI INT A
[    9.096566] pcieport 000c:20:00.0: PCI INT A: no GSI
[    9.100246] usb 1-1: new high-speed USB device number 2 using ehci-platform
[    9.100970] pcieport 000d:30:00.0: Adding to iommu group 8
[    9.101851] pcieport 000d:30:00.0: can't derive routing for PCI INT A
[    9.101853] pcieport 000d:30:00.0: PCI INT A: no GSI
[    9.107409] serial 0002:f9:00.0: Adding to iommu group 3
[    9.107431] pci 0002:f8:00.0: can't derive routing for PCI INT A
[    9.107433] serial 0002:f9:00.0: PCI INT A: no GSI
[    9.107451] serial 0002:f9:00.0: enabling device (0000 -> 0003)
[    9.129181] 0002:f9:00.0: ttyS2 at I/O 0x1000 (irq = 372, base_baud = 115200) is a ST16650V2
[    9.129322] serial 0002:f9:00.1: Adding to iommu group 3
[    9.129339] pci 0002:f8:00.0: can't derive routing for PCI INT B
[    9.129342] serial 0002:f9:00.1: PCI INT B: no GSI
[    9.129354] serial 0002:f9:00.1: enabling device (0000 -> 0003)
[    9.150983] 0002:f9:00.1: ttyS3 at I/O 0x1008 (irq = 373, base_baud = 115200) is a ST16650V2
[    9.151251] ALSA device list:
[    9.151255]   No soundcards found.
[    9.174382] EXT4-fs (sda2): mounted filesystem with ordered data mode. Quota mode: none.
[    9.174402] VFS: Mounted root (ext4 filesystem) on device 8:2.
[    9.174935] devtmpfs: mounted
[    9.176766] Freeing unused kernel memory: 6912K
[    9.184513] Run /sbin/init as init process
[    9.184516]   with arguments:
[    9.184517]     /sbin/init
[    9.184518]   with environment:
[    9.184519]     HOME=/
[    9.184519]     TERM=linux
[    9.184521]     BOOT_IMAGE=/john/Image
[    9.184522]     user_debug=1
