[    0.000000] Booting Linux on physical CPU 0x0000010000 [0x410fd082]
[    0.000000] Linux version 5.19.0-rc3-36896-g986559615c4b (john@debian) (gcc (Debian 6.3.0-18+deb9u1) 6.3.0 20170516, GNU ld (GNU Binutils for Debian) 2.38) #321 SMP PREEMPT Fri Jul 1 17:22:59 BST 2022
[    0.000000] Machine model: Hisilicon PhosphorV660 Development Board
[    0.000000] efi: EFI v2.60 by EDK II
[    0.000000] efi: SMBIOS=0x3eff0000 SMBIOS 3.0=0x39aa0000 ACPI=0x39b70000 ACPI 2.0=0x39b70014 MEMATTR=0x3b8d0018 MEMRESERVE=0x3a002d18 
[    0.000000] ACPI: Early table checksum verification disabled
[    0.000000] ACPI: RSDP 0x0000000039B70014 000024 (v02 HISI  )
[    0.000000] ACPI: XSDT 0x0000000039B600E8 000084 (v01 HISI   HIP07    00000000      01000013)
[    0.000000] ACPI: FACP 0x0000000039A20000 00010C (v05 HISI   HIP07    00000000 INTL 20151124)
[    0.000000] ACPI: DSDT 0x00000000399E0000 0080C8 (v02 HISI   HIP07    00000000 INTL 20170728)
[    0.000000] ACPI: MCFG 0x0000000039A80000 0000AC (v01 HISI   HIP07    00000000 INTL 20151124)
[    0.000000] ACPI: SLIT 0x0000000039A70000 00003C (v01 HISI   HIP07    00000000 INTL 20151124)
[    0.000000] ACPI: SPCR 0x0000000039A60000 000050 (v02 HISI   HIP07    00000000 INTL 20151124)
[    0.000000] ACPI: SRAT 0x0000000039A50000 0005B0 (v03 HISI   HIP07    00000000 INTL 20151124)
[    0.000000] ACPI: DBG2 0x0000000039A40000 00005A (v00 HISI   HIP07    00000000 INTL 20151124)
[    0.000000] ACPI: GTDT 0x0000000039A10000 000098 (v02 HISI   HIP07    00000000 INTL 20151124)
[    0.000000] ACPI: APIC 0x0000000039A00000 0013E4 (v01 HISI   HIP07    00000000 INTL 20151124)
[    0.000000] ACPI: IORT 0x00000000399F0000 00080C (v00 HISI   HIP07    00000000 INTL 20170728)
[    0.000000] ACPI: PPTT 0x0000000031870000 001754 (v01 HISI   HIP07    00000000 INTL 20151124)
[    0.000000] ACPI: SPMI 0x0000000031860000 000041 (v05 HISI   HIP07    00000000 INTL 20151124)
[    0.000000] ACPI: iBFT 0x00000000317C0000 000800 (v01 HISI   HIP07    00000000      00000000)
[    0.000000] ACPI: SPCR: console: pl011,mmio32,0x602b0000,115200
[    0.000000] earlycon: pl11 at MMIO32 0x00000000602b0000 (options '115200')
[    0.000000] printk: bootconsole [pl11] enabled
[    0.000000] ACPI: SRAT: Node 0 PXM 0 [mem 0x00000000-0x3fffffff]
[    0.000000] ACPI: SRAT: Node 0 PXM 0 [mem 0x1000000000-0x17ffffffff]
[    0.000000] ACPI: SRAT: Node 2 PXM 2 [mem 0x40000000000-0x4003fffffff]
[    0.000000] ACPI: SRAT: Node 2 PXM 2 [mem 0x41000000000-0x417ffffffff]
[    0.000000] NUMA: NODE_DATA [mem 0x17fbffdb40-0x17fbffffff]
[    0.000000] NUMA: Initmem setup node 1 [<memory-less node>]
[    0.000000] NUMA: NODE_DATA [mem 0x417f4002b40-0x417f4004fff]
[    0.000000] NUMA: NODE_DATA(1) on node 2
[    0.000000] NUMA: NODE_DATA [mem 0x417f4000680-0x417f4002b3f]
[    0.000000] NUMA: Initmem setup node 3 [<memory-less node>]
[    0.000000] NUMA: NODE_DATA [mem 0x417f3ffe1c0-0x417f400067f]
[    0.000000] NUMA: NODE_DATA(3) on node 2
[    0.000000] Zone ranges:
[    0.000000]   DMA      [mem 0x0000000000000000-0x00000000ffffffff]
[    0.000000]   DMA32    empty
[    0.000000]   Normal   [mem 0x0000000100000000-0x00000417fbffffff]
[    0.000000] Movable zone start for each node
[    0.000000] Early memory node ranges
[    0.000000]   node   0: [mem 0x0000000000000000-0x000000003188afff]
[    0.000000]   node   0: [mem 0x000000003188b000-0x000000003188efff]
[    0.000000]   node   0: [mem 0x000000003188f000-0x000000003992ffff]
[    0.000000]   node   0: [mem 0x0000000039930000-0x00000000399dffff]
[    0.000000]   node   0: [mem 0x00000000399e0000-0x0000000039a2ffff]
[    0.000000]   node   0: [mem 0x0000000039a30000-0x0000000039a3ffff]
[    0.000000]   node   0: [mem 0x0000000039a40000-0x0000000039a8ffff]
[    0.000000]   node   0: [mem 0x0000000039a90000-0x0000000039b5ffff]
[    0.000000]   node   0: [mem 0x0000000039b60000-0x0000000039b7ffff]
[    0.000000]   node   0: [mem 0x0000000039b80000-0x0000000039ffffff]
[    0.000000]   node   0: [mem 0x000000003a000000-0x000000003efeffff]
[    0.000000]   node   0: [mem 0x000000003eff0000-0x000000003f01ffff]
[    0.000000]   node   0: [mem 0x000000003f020000-0x000000003fbfffff]
[    0.000000]   node   0: [mem 0x0000001040000000-0x00000017fbffffff]
[    0.000000]   node   2: [mem 0x0000041000000000-0x00000417fbffffff]
[    0.000000] Initmem setup node 0 [mem 0x0000000000000000-0x00000017fbffffff]
[    0.000000] Initmem setup node 1 as memoryless
[    0.000000] Initmem setup node 2 [mem 0x0000041000000000-0x00000417fbffffff]
[    0.000000] Initmem setup node 3 as memoryless
[    0.000000] On node 0, zone Normal: 1024 pages in unavailable ranges
[    0.000000] On node 2, zone Normal: 16384 pages in unavailable ranges
[    0.000000] On node 2, zone Normal: 16384 pages in unavailable ranges
[    0.000000] cma: Reserved 32 MiB at 0x000000003ce00000
[    0.000000] crashkernel reserved: 0x0000000002000000 - 0x0000000012000000 (256 MB)
[    0.000000] psci: probing for conduit method from ACPI.
[    0.000000] psci: PSCIv1.0 detected in firmware.
[    0.000000] psci: Using standard PSCI v0.2 function IDs
[    0.000000] psci: MIGRATE_INFO_TYPE not supported.
[    0.000000] psci: SMC Calling Convention v1.0
[    0.000000] ACPI: NUMA: SRAT: PXM 0 -> MPIDR 0x10000 -> Node 0
[    0.000000] ACPI: NUMA: SRAT: PXM 0 -> MPIDR 0x10001 -> Node 0
[    0.000000] ACPI: NUMA: SRAT: PXM 0 -> MPIDR 0x10002 -> Node 0
[    0.000000] ACPI: NUMA: SRAT: PXM 0 -> MPIDR 0x10003 -> Node 0
[    0.000000] ACPI: NUMA: SRAT: PXM 0 -> MPIDR 0x10100 -> Node 0
[    0.000000] ACPI: NUMA: SRAT: PXM 0 -> MPIDR 0x10101 -> Node 0
[    0.000000] ACPI: NUMA: SRAT: PXM 0 -> MPIDR 0x10102 -> Node 0
[    0.000000] ACPI: NUMA: SRAT: PXM 0 -> MPIDR 0x10103 -> Node 0
[    0.000000] ACPI: NUMA: SRAT: PXM 0 -> MPIDR 0x10200 -> Node 0
[    0.000000] ACPI: NUMA: SRAT: PXM 0 -> MPIDR 0x10201 -> Node 0
[    0.000000] ACPI: NUMA: SRAT: PXM 0 -> MPIDR 0x10202 -> Node 0
[    0.000000] ACPI: NUMA: SRAT: PXM 0 -> MPIDR 0x10203 -> Node 0
[    0.000000] ACPI: NUMA: SRAT: PXM 0 -> MPIDR 0x10300 -> Node 0
[    0.000000] ACPI: NUMA: SRAT: PXM 0 -> MPIDR 0x10301 -> Node 0
[    0.000000] ACPI: NUMA: SRAT: PXM 0 -> MPIDR 0x10302 -> Node 0
[    0.000000] ACPI: NUMA: SRAT: PXM 0 -> MPIDR 0x10303 -> Node 0
[    0.000000] ACPI: NUMA: SRAT: PXM 1 -> MPIDR 0x30000 -> Node 1
[    0.000000] ACPI: NUMA: SRAT: PXM 1 -> MPIDR 0x30001 -> Node 1
[    0.000000] ACPI: NUMA: SRAT: PXM 1 -> MPIDR 0x30002 -> Node 1
[    0.000000] ACPI: NUMA: SRAT: PXM 1 -> MPIDR 0x30003 -> Node 1
[    0.000000] ACPI: NUMA: SRAT: PXM 1 -> MPIDR 0x30100 -> Node 1
[    0.000000] ACPI: NUMA: SRAT: PXM 1 -> MPIDR 0x30101 -> Node 1
[    0.000000] ACPI: NUMA: SRAT: PXM 1 -> MPIDR 0x30102 -> Node 1
[    0.000000] ACPI: NUMA: SRAT: PXM 1 -> MPIDR 0x30103 -> Node 1
[    0.000000] ACPI: NUMA: SRAT: PXM 1 -> MPIDR 0x30200 -> Node 1
[    0.000000] ACPI: NUMA: SRAT: PXM 1 -> MPIDR 0x30201 -> Node 1
[    0.000000] ACPI: NUMA: SRAT: PXM 1 -> MPIDR 0x30202 -> Node 1
[    0.000000] ACPI: NUMA: SRAT: PXM 1 -> MPIDR 0x30203 -> Node 1
[    0.000000] ACPI: NUMA: SRAT: PXM 1 -> MPIDR 0x30300 -> Node 1
[    0.000000] ACPI: NUMA: SRAT: PXM 1 -> MPIDR 0x30301 -> Node 1
[    0.000000] ACPI: NUMA: SRAT: PXM 1 -> MPIDR 0x30302 -> Node 1
[    0.000000] ACPI: NUMA: SRAT: PXM 1 -> MPIDR 0x30303 -> Node 1
[    0.000000] ACPI: NUMA: SRAT: PXM 2 -> MPIDR 0x50000 -> Node 2
[    0.000000] ACPI: NUMA: SRAT: PXM 2 -> MPIDR 0x50001 -> Node 2
[    0.000000] ACPI: NUMA: SRAT: PXM 2 -> MPIDR 0x50002 -> Node 2
[    0.000000] ACPI: NUMA: SRAT: PXM 2 -> MPIDR 0x50003 -> Node 2
[    0.000000] ACPI: NUMA: SRAT: PXM 2 -> MPIDR 0x50100 -> Node 2
[    0.000000] ACPI: NUMA: SRAT: PXM 2 -> MPIDR 0x50101 -> Node 2
[    0.000000] ACPI: NUMA: SRAT: PXM 2 -> MPIDR 0x50102 -> Node 2
[    0.000000] ACPI: NUMA: SRAT: PXM 2 -> MPIDR 0x50103 -> Node 2
[    0.000000] ACPI: NUMA: SRAT: PXM 2 -> MPIDR 0x50200 -> Node 2
[    0.000000] ACPI: NUMA: SRAT: PXM 2 -> MPIDR 0x50201 -> Node 2
[    0.000000] ACPI: NUMA: SRAT: PXM 2 -> MPIDR 0x50202 -> Node 2
[    0.000000] ACPI: NUMA: SRAT: PXM 2 -> MPIDR 0x50203 -> Node 2
[    0.000000] ACPI: NUMA: SRAT: PXM 2 -> MPIDR 0x50300 -> Node 2
[    0.000000] ACPI: NUMA: SRAT: PXM 2 -> MPIDR 0x50301 -> Node 2
[    0.000000] ACPI: NUMA: SRAT: PXM 2 -> MPIDR 0x50302 -> Node 2
[    0.000000] ACPI: NUMA: SRAT: PXM 2 -> MPIDR 0x50303 -> Node 2
[    0.000000] ACPI: NUMA: SRAT: PXM 3 -> MPIDR 0x70000 -> Node 3
[    0.000000] ACPI: NUMA: SRAT: PXM 3 -> MPIDR 0x70001 -> Node 3
[    0.000000] ACPI: NUMA: SRAT: PXM 3 -> MPIDR 0x70002 -> Node 3
[    0.000000] ACPI: NUMA: SRAT: PXM 3 -> MPIDR 0x70003 -> Node 3
[    0.000000] ACPI: NUMA: SRAT: PXM 3 -> MPIDR 0x70100 -> Node 3
[    0.000000] ACPI: NUMA: SRAT: PXM 3 -> MPIDR 0x70101 -> Node 3
[    0.000000] ACPI: NUMA: SRAT: PXM 3 -> MPIDR 0x70102 -> Node 3
[    0.000000] ACPI: NUMA: SRAT: PXM 3 -> MPIDR 0x70103 -> Node 3
[    0.000000] ACPI: NUMA: SRAT: PXM 3 -> MPIDR 0x70200 -> Node 3
[    0.000000] ACPI: NUMA: SRAT: PXM 3 -> MPIDR 0x70201 -> Node 3
[    0.000000] ACPI: NUMA: SRAT: PXM 3 -> MPIDR 0x70202 -> Node 3
[    0.000000] ACPI: NUMA: SRAT: PXM 3 -> MPIDR 0x70203 -> Node 3
[    0.000000] ACPI: NUMA: SRAT: PXM 3 -> MPIDR 0x70300 -> Node 3
[    0.000000] ACPI: NUMA: SRAT: PXM 3 -> MPIDR 0x70301 -> Node 3
[    0.000000] ACPI: NUMA: SRAT: PXM 3 -> MPIDR 0x70302 -> Node 3
[    0.000000] ACPI: NUMA: SRAT: PXM 3 -> MPIDR 0x70303 -> Node 3
[    0.000000] percpu: Embedded 20 pages/cpu s44520 r8192 d29208 u81920
[    0.000000] pcpu-alloc: s44520 r8192 d29208 u81920 alloc=20*4096
[    0.000000] pcpu-alloc: [0] 00 [0] 01 [0] 02 [0] 03 [0] 04 [0] 05 [0] 06 [0] 07 
[    0.000000] pcpu-alloc: [0] 08 [0] 09 [0] 10 [0] 11 [0] 12 [0] 13 [0] 14 [0] 15 
[    0.000000] pcpu-alloc: [1] 16 [1] 17 [1] 18 [1] 19 [1] 20 [1] 21 [1] 22 [1] 23 
[    0.000000] pcpu-alloc: [1] 24 [1] 25 [1] 26 [1] 27 [1] 28 [1] 29 [1] 30 [1] 31 
[    0.000000] pcpu-alloc: [2] 32 [2] 33 [2] 34 [2] 35 [2] 36 [2] 37 [2] 38 [2] 39 
[    0.000000] pcpu-alloc: [2] 40 [2] 41 [2] 42 [2] 43 [2] 44 [2] 45 [2] 46 [2] 47 
[    0.000000] pcpu-alloc: [3] 48 [3] 49 [3] 50 [3] 51 [3] 52 [3] 53 [3] 54 [3] 55 
[    0.000000] pcpu-alloc: [3] 56 [3] 57 [3] 58 [3] 59 [3] 60 [3] 61 [3] 62 [3] 63 
[    0.000000] Detected PIPT I-cache on CPU0
[    0.000000] CPU features: detected: GIC system register CPU interface
[    0.000000] CPU features: detected: Spectre-v2
[    0.000000] CPU features: detected: Spectre-v3a
[    0.000000] CPU features: detected: Spectre-v4
[    0.000000] CPU features: detected: Spectre-BHB
[    0.000000] CPU features: kernel page table isolation forced ON by KASLR
[    0.000000] CPU features: detected: Kernel page table isolation (KPTI)
[    0.000000] CPU features: detected: ARM errata 1165522, 1319367, or 1530923
[    0.000000] Fallback order for Node 0: 0 2 
[    0.000000] Fallback order for Node 1: 1 0 2 
[    0.000000] Fallback order for Node 2: 2 0 
[    0.000000] Fallback order for Node 3: 3 2 0 
[    0.000000] Built 4 zonelists, mobility grouping on.  Total pages: 16481808
[    0.000000] Policy zone: Normal
[    0.000000] Kernel command line: BOOT_IMAGE=/john/Image rdinit=/init crashkernel=256M@32M console=ttyAMA0,115200 earlycon acpi=force pcie_aspm=off noinitrd root=/dev/sda2 rw log_buf_len=16M user_debug=1 iommu.strict=0 nvme.use_threaded_interrupts=1 irqchip.gicv3_pseudo_nmi=1
[    0.000000] PCIe ASPM is disabled
[    0.000000] Unknown kernel command line parameters "BOOT_IMAGE=/john/Image user_debug=1", will be passed to user space.
[    0.000000] printk: log_buf_len: 16777216 bytes
[    0.000000] printk: early log buf free: 120080(91%)
[    0.000000] mem auto-init: stack:off, heap alloc:off, heap free:off
[    0.000000] Stack Depot early init allocating hash table with memblock_alloc, 8388608 bytes
[    0.000000] software IO TLB: mapped [mem 0x0000000035930000-0x0000000039930000] (64MB)
[    0.000000] Memory: 65302732K/66973696K available (15360K kernel code, 3396K rwdata, 9152K rodata, 6912K init, 586K bss, 1638196K reserved, 32768K cma-reserved)
[    0.000000] SLUB: HWalign=64, Order=0-3, MinObjects=0, CPUs=64, Nodes=4
[    0.000000] rcu: Preemptible hierarchical RCU implementation.
[    0.000000] rcu: 	RCU event tracing is enabled.
[    0.000000] rcu: 	RCU restricting CPUs from NR_CPUS=256 to nr_cpu_ids=64.
[    0.000000] 	Trampoline variant of Tasks RCU enabled.
[    0.000000] 	Tracing variant of Tasks RCU enabled.
[    0.000000] rcu: RCU calculated value of scheduler-enlistment delay is 25 jiffies.
[    0.000000] rcu: Adjusting geometry for rcu_fanout_leaf=16, nr_cpu_ids=64
[    0.000000] NR_IRQS: 64, nr_irqs: 64, preallocated irqs: 0
[    0.000000] GICv3: GIC: Using split EOI/Deactivate mode
[    0.000000] GIC: enabling workaround for GICv3: HIP07 erratum 161010803
[    0.000000] GICv3: 988 SPIs implemented
[    0.000000] GICv3: 0 Extended SPIs implemented
[    0.000000] Root IRQ handler: gic_handle_irq
[    0.000000] GICv3: GICv3 features: 16 PPIs, DirectLPI
[    0.000000] GICv3: GICv4 features: DirectLPI 
[    0.000000] GICv3: CPU0: found redistributor 10000 region 0:0x000000004d100000
[    0.000000] SRAT: PXM 0 -> ITS 0 -> Node 0
[    0.000000] SRAT: PXM 1 -> ITS 1 -> Node 1
[    0.000000] SRAT: PXM 0 -> ITS 2 -> Node 0
[    0.000000] SRAT: PXM 1 -> ITS 3 -> Node 1
[    0.000000] SRAT: PXM 2 -> ITS 4 -> Node 2
[    0.000000] SRAT: PXM 3 -> ITS 5 -> Node 3
[    0.000000] SRAT: PXM 2 -> ITS 6 -> Node 2
[    0.000000] SRAT: PXM 3 -> ITS 7 -> Node 3
[    0.000000] ITS [mem 0x4c000000-0x4c01ffff]
[    0.000000] ITS@0x000000004c000000: Using ITS number 0
[    0.000000] GIC: enabling workaround for ITS: Hip07 erratum 161600802
[    0.000000] ITS@0x000000004c000000: allocated 524288 Devices @1040800000 (flat, esz 8, psz 16K, shr 1)
[    0.000000] ITS@0x000000004c000000: allocated 65536 Virtual CPUs @1040180000 (flat, esz 8, psz 4K, shr 1)
[    0.000000] ITS@0x000000004c000000: allocated 512 Interrupt Collections @1040143000 (flat, esz 8, psz 4K, shr 1)
[    0.000000] ITS [mem 0x6c000000-0x6c01ffff]
[    0.000000] ITS@0x000000006c000000: Using ITS number 1
[    0.000000] GIC: enabling workaround for ITS: Hip07 erratum 161600802
[    0.000000] ITS@0x000000006c000000: allocated 524288 Devices @1040c00000 (flat, esz 8, psz 16K, shr 1)
[    0.000000] ITS@0x000000006c000000: allocated 65536 Virtual CPUs @1040200000 (flat, esz 8, psz 4K, shr 1)
[    0.000000] ITS@0x000000006c000000: allocated 512 Interrupt Collections @1040144000 (flat, esz 8, psz 4K, shr 1)
[    0.000000] ITS [mem 0xc6000000-0xc601ffff]
[    0.000000] ITS@0x00000000c6000000: Using ITS number 2
[    0.000000] GIC: enabling workaround for ITS: Hip07 erratum 161600802
[    0.000000] ITS@0x00000000c6000000: allocated 524288 Devices @1041000000 (flat, esz 8, psz 16K, shr 1)
[    0.000000] ITS@0x00000000c6000000: allocated 65536 Virtual CPUs @1040280000 (flat, esz 8, psz 4K, shr 1)
[    0.000000] ITS@0x00000000c6000000: allocated 512 Interrupt Collections @1040145000 (flat, esz 8, psz 4K, shr 1)
[    0.000000] ITS [mem 0x8c6000000-0x8c601ffff]
[    0.000000] ITS@0x00000008c6000000: Using ITS number 3
[    0.000000] GIC: enabling workaround for ITS: Hip07 erratum 161600802
[    0.000000] ITS@0x00000008c6000000: allocated 524288 Devices @1041400000 (flat, esz 8, psz 16K, shr 1)
[    0.000000] ITS@0x00000008c6000000: allocated 65536 Virtual CPUs @1040380000 (flat, esz 8, psz 4K, shr 1)
[    0.000000] ITS@0x00000008c6000000: allocated 512 Interrupt Collections @1040146000 (flat, esz 8, psz 4K, shr 1)
[    0.000000] ITS [mem 0x4004c000000-0x4004c01ffff]
[    0.000000] ITS@0x000004004c000000: Using ITS number 4
[    0.000000] GIC: enabling workaround for ITS: Hip07 erratum 161600802
[    0.000000] ITS@0x000004004c000000: allocated 524288 Devices @41000400000 (flat, esz 8, psz 16K, shr 1)
[    0.000000] ITS@0x000004004c000000: allocated 65536 Virtual CPUs @41000080000 (flat, esz 8, psz 4K, shr 1)
[    0.000000] ITS@0x000004004c000000: allocated 512 Interrupt Collections @41000002000 (flat, esz 8, psz 4K, shr 1)
[    0.000000] ITS [mem 0x4006c000000-0x4006c01ffff]
[    0.000000] ITS@0x000004006c000000: Using ITS number 5
[    0.000000] GIC: enabling workaround for ITS: Hip07 erratum 161600802
[    0.000000] ITS@0x000004006c000000: allocated 524288 Devices @41000800000 (flat, esz 8, psz 16K, shr 1)
[    0.000000] ITS@0x000004006c000000: allocated 65536 Virtual CPUs @41000100000 (flat, esz 8, psz 4K, shr 1)
[    0.000000] ITS@0x000004006c000000: allocated 512 Interrupt Collections @41000003000 (flat, esz 8, psz 4K, shr 1)
[    0.000000] ITS [mem 0x400c6000000-0x400c601ffff]
[    0.000000] ITS@0x00000400c6000000: Using ITS number 6
[    0.000000] GIC: enabling workaround for ITS: Hip07 erratum 161600802
[    0.000000] ITS@0x00000400c6000000: allocated 524288 Devices @41000c00000 (flat, esz 8, psz 16K, shr 1)
[    0.000000] ITS@0x00000400c6000000: allocated 65536 Virtual CPUs @41000180000 (flat, esz 8, psz 4K, shr 1)
[    0.000000] ITS@0x00000400c6000000: allocated 512 Interrupt Collections @41000004000 (flat, esz 8, psz 4K, shr 1)
[    0.000000] ITS [mem 0x408c6000000-0x408c601ffff]
[    0.000000] ITS@0x00000408c6000000: Using ITS number 7
[    0.000000] GIC: enabling workaround for ITS: Hip07 erratum 161600802
[    0.000000] ITS@0x00000408c6000000: allocated 524288 Devices @41001000000 (flat, esz 8, psz 16K, shr 1)
[    0.000000] ITS@0x00000408c6000000: allocated 65536 Virtual CPUs @41000200000 (flat, esz 8, psz 4K, shr 1)
[    0.000000] ITS@0x00000408c6000000: allocated 512 Interrupt Collections @41000005000 (flat, esz 8, psz 4K, shr 1)
[    0.000000] GICv3: using LPI property table @0x0000001040310000
[    0.000000] ITS: Using DirectLPI for VPE invalidation
[    0.000000] ITS: Enabling GICv4 support
[    0.000000] GICv3: CPU0: using allocated LPI pending table @0x0000001040320000
[    0.000000] rcu: srcu_init: Setting srcu_struct sizes based on contention.
[    0.000000] arch_timer: Enabling global workaround for HiSilicon erratum 161010101
[    0.000000] arch_timer: CPU0: Trapping CNTVCT access
[    0.000000] arch_timer: cp15 timer(s) running at 50.00MHz (phys).
[    0.000000] clocksource: arch_sys_counter: mask: 0xffffffffffffff max_cycles: 0xb8812736b, max_idle_ns: 440795202655 ns
[    0.000000] sched_clock: 56 bits at 50MHz, resolution 20ns, wraps every 4398046511100ns
[    0.008180] Console: colour dummy device 80x25
[    0.012725] mempolicy: Enabling automatic NUMA balancing. Configure with numa_balancing= or the kernel.numa_balancing sysctl
[    0.024013] ACPI: Core revision 20220331
[    0.028011] ACPI BIOS Warning (bug): Incorrect checksum in table [DSDT] - 0x71, should be 0x6F (20220331/tbprint-178)
[    0.038770] Calibrating delay loop (skipped), value calculated using timer frequency.. 100.00 BogoMIPS (lpj=200000)
[    0.049261] pid_max: default: 65536 minimum: 512
[    0.053942] LSM: Security Framework initializing
[    0.081576] Dentry cache hash table entries: 8388608 (order: 14, 67108864 bytes, vmalloc)
[    0.101110] Inode-cache hash table entries: 4194304 (order: 13, 33554432 bytes, vmalloc)
[    0.109645] Mount-cache hash table entries: 131072 (order: 8, 1048576 bytes, vmalloc)
[    0.117868] Mountpoint-cache hash table entries: 131072 (order: 8, 1048576 bytes, vmalloc)
[    0.127996] cblist_init_generic: Setting adjustable number of callback queues.
[    0.135321] cblist_init_generic: Setting shift to 6 and lim to 1.
[    0.141524] cblist_init_generic: Setting shift to 6 and lim to 1.
[    0.147736] rcu: Hierarchical SRCU implementation.
[    0.147759] printk: bootconsole [pl11] printing thread started
[    0.158501] Platform MSI: ITS@0x4c000000 domain created
[    0.158506] Platform MSI: ITS@0x6c000000 domain created
[    0.158509] Platform MSI: ITS@0xc6000000 domain created
[    0.158512] Platform MSI: ITS@0x8c6000000 domain created
[    0.158515] Platform MSI: ITS@0x4004c000000 domain created
[    0.158518] Platform MSI: ITS@0x4006c000000 domain created
[    0.158522] Platform MSI: ITS@0x400c6000000 domain created
[    0.158524] Platform MSI: ITS@0x408c6000000 domain created
[    0.158531] PCI/MSI: ITS@0x4c000000 domain created
[    0.158535] PCI/MSI: ITS@0x6c000000 domain created
[    0.158538] PCI/MSI: ITS@0xc6000000 domain created
[    0.158540] PCI/MSI: ITS@0x8c6000000 domain created
[    0.158543] PCI/MSI: ITS@0x4004c000000 domain created
[    0.158546] PCI/MSI: ITS@0x4006c000000 domain created
[    0.158548] PCI/MSI: ITS@0x400c6000000 domain created
[    0.158551] PCI/MSI: ITS@0x408c6000000 domain created
[    0.158556] fsl-mc MSI: ITS@0x4c000000 domain created
[    0.158559] fsl-mc MSI: ITS@0x6c000000 domain created
[    0.158561] fsl-mc MSI: ITS@0xc6000000 domain created
[    0.158564] fsl-mc MSI: ITS@0x8c6000000 domain created
[    0.158566] fsl-mc MSI: ITS@0x4004c000000 domain created
[    0.158570] fsl-mc MSI: ITS@0x4006c000000 domain created
[    0.158578] fsl-mc MSI: ITS@0x400c6000000 domain created
[    0.158580] fsl-mc MSI: ITS@0x408c6000000 domain created
[    0.158599] Remapping and enabling EFI services.
[    0.160789] smp: Bringing up secondary CPUs ...
[    0.296808] Detected PIPT I-cache on CPU1
[    0.296823] GICv3: CPU1: found redistributor 10001 region 1:0x000000004d140000
[    0.296830] GICv3: CPU1: using allocated LPI pending table @0x0000001040330000
[    0.296982] arch_timer: CPU1: Trapping CNTVCT access
[    0.296986] CPU1: Booted secondary processor 0x0000010001 [0x410fd082]
[    0.299414] Detected PIPT I-cache on CPU2
[    0.299422] GICv3: CPU2: found redistributor 10002 region 2:0x000000004d180000
[    0.299428] GICv3: CPU2: using allocated LPI pending table @0x0000001040340000
[    0.299564] arch_timer: CPU2: Trapping CNTVCT access
[    0.299568] CPU2: Booted secondary processor 0x0000010002 [0x410fd082]
[    0.302003] Detected PIPT I-cache on CPU3
[    0.302011] GICv3: CPU3: found redistributor 10003 region 3:0x000000004d1c0000
[    0.302017] GICv3: CPU3: using allocated LPI pending table @0x0000001040350000
[    0.302155] arch_timer: CPU3: Trapping CNTVCT access
[    0.302159] CPU3: Booted secondary processor 0x0000010003 [0x410fd082]
[    0.393558] Detected PIPT I-cache on CPU4
[    0.393568] GICv3: CPU4: found redistributor 10100 region 4:0x000000004d200000
[    0.393574] GICv3: CPU4: using allocated LPI pending table @0x0000001040360000
[    0.393712] arch_timer: CPU4: Trapping CNTVCT access
[    0.393716] CPU4: Booted secondary processor 0x0000010100 [0x410fd082]
[    0.396150] Detected PIPT I-cache on CPU5
[    0.396159] GICv3: CPU5: found redistributor 10101 region 5:0x000000004d240000
[    0.396165] GICv3: CPU5: using allocated LPI pending table @0x0000001040370000
[    0.396301] arch_timer: CPU5: Trapping CNTVCT access
[    0.396304] CPU5: Booted secondary processor 0x0000010101 [0x410fd082]
[    0.398728] Detected PIPT I-cache on CPU6
[    0.398737] GICv3: CPU6: found redistributor 10102 region 6:0x000000004d280000
[    0.398742] GICv3: CPU6: using allocated LPI pending table @0x0000001041800000
[    0.398881] arch_timer: CPU6: Trapping CNTVCT access
[    0.398884] CPU6: Booted secondary processor 0x0000010102 [0x410fd082]
[    0.490291] Detected PIPT I-cache on CPU7
[    0.490301] GICv3: CPU7: found redistributor 10103 region 7:0x000000004d2c0000
[    0.490306] GICv3: CPU7: using allocated LPI pending table @0x0000001041810000
[    0.490444] arch_timer: CPU7: Trapping CNTVCT access
[    0.490447] CPU7: Booted secondary processor 0x0000010103 [0x410fd082]
[    0.492873] Detected PIPT I-cache on CPU8
[    0.492885] GICv3: CPU8: found redistributor 10200 region 8:0x000000004d300000
[    0.492891] GICv3: CPU8: using allocated LPI pending table @0x0000001041820000
[    0.493029] arch_timer: CPU8: Trapping CNTVCT access
[    0.493032] CPU8: Booted secondary processor 0x0000010200 [0x410fd082]
[    0.495468] Detected PIPT I-cache on CPU9
[    0.495477] GICv3: CPU9: found redistributor 10201 region 9:0x000000004d340000
[    0.495483] GICv3: CPU9: using allocated LPI pending table @0x0000001041830000
[    0.495618] arch_timer: CPU9: Trapping CNTVCT access
[    0.495620] CPU9: Booted secondary processor 0x0000010201 [0x410fd082]
[    0.587025] Detected PIPT I-cache on CPU10
[    0.587035] GICv3: CPU10: found redistributor 10202 region 10:0x000000004d380000
[    0.587041] GICv3: CPU10: using allocated LPI pending table @0x0000001041840000
[    0.587178] arch_timer: CPU10: Trapping CNTVCT access
[    0.587181] CPU10: Booted secondary processor 0x0000010202 [0x410fd082]
[    0.589603] Detected PIPT I-cache on CPU11
[    0.589614] GICv3: CPU11: found redistributor 10203 region 11:0x000000004d3c0000
[    0.589619] GICv3: CPU11: using allocated LPI pending table @0x0000001041850000
[    0.589756] arch_timer: CPU11: Trapping CNTVCT access
[    0.589760] CPU11: Booted secondary processor 0x0000010203 [0x410fd082]
[    0.592197] Detected PIPT I-cache on CPU12
[    0.592210] GICv3: CPU12: found redistributor 10300 region 12:0x000000004d400000
[    0.592216] GICv3: CPU12: using allocated LPI pending table @0x0000001041860000
[    0.592354] arch_timer: CPU12: Trapping CNTVCT access
[    0.592357] CPU12: Booted secondary processor 0x0000010300 [0x410fd082]
[    0.685343] Detected PIPT I-cache on CPU13
[    0.685354] GICv3: CPU13: found redistributor 10301 region 13:0x000000004d440000
[    0.685360] GICv3: CPU13: using allocated LPI pending table @0x0000001041870000
[    0.685497] arch_timer: CPU13: Trapping CNTVCT access
[    0.685500] CPU13: Booted secondary processor 0x0000010301 [0x410fd082]
[    0.687926] Detected PIPT I-cache on CPU14
[    0.687937] GICv3: CPU14: found redistributor 10302 region 14:0x000000004d480000
[    0.687943] GICv3: CPU14: using allocated LPI pending table @0x0000001041880000
[    0.688079] arch_timer: CPU14: Trapping CNTVCT access
[    0.688082] CPU14: Booted secondary processor 0x0000010302 [0x410fd082]
[    0.690515] Detected PIPT I-cache on CPU15
[    0.690526] GICv3: CPU15: found redistributor 10303 region 15:0x000000004d4c0000
[    0.690532] GICv3: CPU15: using allocated LPI pending table @0x0000001041890000
[    0.690669] arch_timer: CPU15: Trapping CNTVCT access
[    0.690672] CPU15: Booted secondary processor 0x0000010303 [0x410fd082]
[    0.783634] Detected PIPT I-cache on CPU16
[    0.783651] GICv3: CPU16: found redistributor 30000 region 16:0x000000006d100000
[    0.783658] GICv3: CPU16: using allocated LPI pending table @0x00000010418a0000
[    0.783843] arch_timer: CPU16: Trapping CNTVCT access
[    0.783849] CPU16: Booted secondary processor 0x0000030000 [0x410fd082]
[    0.786337] Detected PIPT I-cache on CPU17
[    0.786349] GICv3: CPU17: found redistributor 30001 region 17:0x000000006d140000
[    0.786354] GICv3: CPU17: using allocated LPI pending table @0x00000010418b0000
[    0.786535] arch_timer: CPU17: Trapping CNTVCT access
[    0.786538] CPU17: Booted secondary processor 0x0000030001 [0x410fd082]
[    0.788950] Detected PIPT I-cache on CPU18
[    0.788962] GICv3: CPU18: found redistributor 30002 region 18:0x000000006d180000
[    0.788967] GICv3: CPU18: using allocated LPI pending table @0x00000010418c0000
[    0.789149] arch_timer: CPU18: Trapping CNTVCT access
[    0.789152] CPU18: Booted secondary processor 0x0000030002 [0x410fd082]
[    0.881982] Detected PIPT I-cache on CPU19
[    0.881994] GICv3: CPU19: found redistributor 30003 region 19:0x000000006d1c0000
[    0.882001] GICv3: CPU19: using allocated LPI pending table @0x00000010418d0000
[    0.882181] arch_timer: CPU19: Trapping CNTVCT access
[    0.882185] CPU19: Booted secondary processor 0x0000030003 [0x410fd082]
[    0.884595] Detected PIPT I-cache on CPU20
[    0.884613] GICv3: CPU20: found redistributor 30100 region 20:0x000000006d200000
[    0.884620] GICv3: CPU20: using allocated LPI pending table @0x00000010418e0000
[    0.884805] arch_timer: CPU20: Trapping CNTVCT access
[    0.884810] CPU20: Booted secondary processor 0x0000030100 [0x410fd082]
[    0.887245] Detected PIPT I-cache on CPU21
[    0.887259] GICv3: CPU21: found redistributor 30101 region 21:0x000000006d240000
[    0.887265] GICv3: CPU21: using allocated LPI pending table @0x00000010418f0000
[    0.887447] arch_timer: CPU21: Trapping CNTVCT access
[    0.887451] CPU21: Booted secondary processor 0x0000030101 [0x410fd082]
[    0.980316] Detected PIPT I-cache on CPU22
[    0.980329] GICv3: CPU22: found redistributor 30102 region 22:0x000000006d280000
[    0.980336] GICv3: CPU22: using allocated LPI pending table @0x0000001041900000
[    0.980517] arch_timer: CPU22: Trapping CNTVCT access
[    0.980520] CPU22: Booted secondary processor 0x0000030102 [0x410fd082]
[    0.982931] Detected PIPT I-cache on CPU23
[    0.982945] GICv3: CPU23: found redistributor 30103 region 23:0x000000006d2c0000
[    0.982951] GICv3: CPU23: using allocated LPI pending table @0x0000001041910000
[    0.983132] arch_timer: CPU23: Trapping CNTVCT access
[    0.983135] CPU23: Booted secondary processor 0x0000030103 [0x410fd082]
[    0.985556] Detected PIPT I-cache on CPU24
[    0.985575] GICv3: CPU24: found redistributor 30200 region 24:0x000000006d300000
[    0.985583] GICv3: CPU24: using allocated LPI pending table @0x0000001041920000
[    0.985769] arch_timer: CPU24: Trapping CNTVCT access
[    0.985774] CPU24: Booted secondary processor 0x0000030200 [0x410fd082]
[    1.078676] Detected PIPT I-cache on CPU25
[    1.078691] GICv3: CPU25: found redistributor 30201 region 25:0x000000006d340000
[    1.078698] GICv3: CPU25: using allocated LPI pending table @0x0000001041930000
[    1.078879] arch_timer: CPU25: Trapping CNTVCT access
[    1.078882] CPU25: Booted secondary processor 0x0000030201 [0x410fd082]
[    1.081298] Detected PIPT I-cache on CPU26
[    1.081313] GICv3: CPU26: found redistributor 30202 region 26:0x000000006d380000
[    1.081320] GICv3: CPU26: using allocated LPI pending table @0x0000001041940000
[    1.081502] arch_timer: CPU26: Trapping CNTVCT access
[    1.081505] CPU26: Booted secondary processor 0x0000030202 [0x410fd082]
[    1.083926] Detected PIPT I-cache on CPU27
[    1.083940] GICv3: CPU27: found redistributor 30203 region 27:0x000000006d3c0000
[    1.083947] GICv3: CPU27: using allocated LPI pending table @0x0000001041950000
[    1.084128] arch_timer: CPU27: Trapping CNTVCT access
[    1.084132] CPU27: Booted secondary processor 0x0000030203 [0x410fd082]
[    1.177012] Detected PIPT I-cache on CPU28
[    1.177032] GICv3: CPU28: found redistributor 30300 region 28:0x000000006d400000
[    1.177041] GICv3: CPU28: using allocated LPI pending table @0x0000001041960000
[    1.177224] arch_timer: CPU28: Trapping CNTVCT access
[    1.177230] CPU28: Booted secondary processor 0x0000030300 [0x410fd082]
[    1.179672] Detected PIPT I-cache on CPU29
[    1.179687] GICv3: CPU29: found redistributor 30301 region 29:0x000000006d440000
[    1.179694] GICv3: CPU29: using allocated LPI pending table @0x0000001041970000
[    1.179874] arch_timer: CPU29: Trapping CNTVCT access
[    1.179877] CPU29: Booted secondary processor 0x0000030301 [0x410fd082]
[    1.182282] Detected PIPT I-cache on CPU30
[    1.182297] GICv3: CPU30: found redistributor 30302 region 30:0x000000006d480000
[    1.182305] GICv3: CPU30: using allocated LPI pending table @0x0000001041980000
[    1.182485] arch_timer: CPU30: Trapping CNTVCT access
[    1.182489] CPU30: Booted secondary processor 0x0000030302 [0x410fd082]
[    1.275360] Detected PIPT I-cache on CPU31
[    1.275375] GICv3: CPU31: found redistributor 30303 region 31:0x000000006d4c0000
[    1.275383] GICv3: CPU31: using allocated LPI pending table @0x0000001041990000
[    1.275563] arch_timer: CPU31: Trapping CNTVCT access
[    1.275566] CPU31: Booted secondary processor 0x0000030303 [0x410fd082]
[    1.278167] Detected PIPT I-cache on CPU32
[    1.278224] GICv3: CPU32: found redistributor 50000 region 32:0x000004004d100000
[    1.278243] GICv3: CPU32: using allocated LPI pending table @0x00000010419a0000
[    1.278422] arch_timer: CPU32: Trapping CNTVCT access
[    1.278433] CPU32: Booted secondary processor 0x0000050000 [0x410fd082]
[    1.281280] Detected PIPT I-cache on CPU33
[    1.281314] GICv3: CPU33: found redistributor 50001 region 33:0x000004004d140000
[    1.281324] GICv3: CPU33: using allocated LPI pending table @0x00000010419b0000
[    1.281463] arch_timer: CPU33: Trapping CNTVCT access
[    1.281466] CPU33: Booted secondary processor 0x0000050001 [0x410fd082]
[    1.373909] Detected PIPT I-cache on CPU34
[    1.373942] GICv3: CPU34: found redistributor 50002 region 34:0x000004004d180000
[    1.373953] GICv3: CPU34: using allocated LPI pending table @0x00000010419c0000
[    1.374090] arch_timer: CPU34: Trapping CNTVCT access
[    1.374093] CPU34: Booted secondary processor 0x0000050002 [0x410fd082]
[    1.376711] Detected PIPT I-cache on CPU35
[    1.376744] GICv3: CPU35: found redistributor 50003 region 35:0x000004004d1c0000
[    1.376754] GICv3: CPU35: using allocated LPI pending table @0x00000010419d0000
[    1.376892] arch_timer: CPU35: Trapping CNTVCT access
[    1.376895] CPU35: Booted secondary processor 0x0000050003 [0x410fd082]
[    1.379492] Detected PIPT I-cache on CPU36
[    1.379527] GICv3: CPU36: found redistributor 50100 region 36:0x000004004d200000
[    1.379538] GICv3: CPU36: using allocated LPI pending table @0x00000010419e0000
[    1.379677] arch_timer: CPU36: Trapping CNTVCT access
[    1.379681] CPU36: Booted secondary processor 0x0000050100 [0x410fd082]
[    1.472458] Detected PIPT I-cache on CPU37
[    1.472492] GICv3: CPU37: found redistributor 50101 region 37:0x000004004d240000
[    1.472503] GICv3: CPU37: using allocated LPI pending table @0x00000010419f0000
[    1.472642] arch_timer: CPU37: Trapping CNTVCT access
[    1.472645] CPU37: Booted secondary processor 0x0000050101 [0x410fd082]
[    1.475253] Detected PIPT I-cache on CPU38
[    1.475286] GICv3: CPU38: found redistributor 50102 region 38:0x000004004d280000
[    1.475296] GICv3: CPU38: using allocated LPI pending table @0x0000001041a00000
[    1.475434] arch_timer: CPU38: Trapping CNTVCT access
[    1.475437] CPU38: Booted secondary processor 0x0000050102 [0x410fd082]
[    1.478041] Detected PIPT I-cache on CPU39
[    1.478075] GICv3: CPU39: found redistributor 50103 region 39:0x000004004d2c0000
[    1.478085] GICv3: CPU39: using allocated LPI pending table @0x0000001041a10000
[    1.478223] arch_timer: CPU39: Trapping CNTVCT access
[    1.478226] CPU39: Booted secondary processor 0x0000050103 [0x410fd082]
[    1.571072] Detected PIPT I-cache on CPU40
[    1.571109] GICv3: CPU40: found redistributor 50200 region 40:0x000004004d300000
[    1.571120] GICv3: CPU40: using allocated LPI pending table @0x0000001041a20000
[    1.571260] arch_timer: CPU40: Trapping CNTVCT access
[    1.571263] CPU40: Booted secondary processor 0x0000050200 [0x410fd082]
[    1.573887] Detected PIPT I-cache on CPU41
[    1.573921] GICv3: CPU41: found redistributor 50201 region 41:0x000004004d340000
[    1.573932] GICv3: CPU41: using allocated LPI pending table @0x0000001041a30000
[    1.574070] arch_timer: CPU41: Trapping CNTVCT access
[    1.574073] CPU41: Booted secondary processor 0x0000050201 [0x410fd082]
[    1.576664] Detected PIPT I-cache on CPU42
[    1.576699] GICv3: CPU42: found redistributor 50202 region 42:0x000004004d380000
[    1.576710] GICv3: CPU42: using allocated LPI pending table @0x0000001041a40000
[    1.576847] arch_timer: CPU42: Trapping CNTVCT access
[    1.576850] CPU42: Booted secondary processor 0x0000050202 [0x410fd082]
[    1.669698] Detected PIPT I-cache on CPU43
[    1.669733] GICv3: CPU43: found redistributor 50203 region 43:0x000004004d3c0000
[    1.669744] GICv3: CPU43: using allocated LPI pending table @0x0000001041a50000
[    1.669881] arch_timer: CPU43: Trapping CNTVCT access
[    1.669885] CPU43: Booted secondary processor 0x0000050203 [0x410fd082]
[    1.672497] Detected PIPT I-cache on CPU44
[    1.672535] GICv3: CPU44: found redistributor 50300 region 44:0x000004004d400000
[    1.672546] GICv3: CPU44: using allocated LPI pending table @0x0000001041a60000
[    1.672686] arch_timer: CPU44: Trapping CNTVCT access
[    1.672690] CPU44: Booted secondary processor 0x0000050300 [0x410fd082]
[    1.675301] Detected PIPT I-cache on CPU45
[    1.675336] GICv3: CPU45: found redistributor 50301 region 45:0x000004004d440000
[    1.675347] GICv3: CPU45: using allocated LPI pending table @0x0000001041a70000
[    1.675484] arch_timer: CPU45: Trapping CNTVCT access
[    1.675487] CPU45: Booted secondary processor 0x0000050301 [0x410fd082]
[    1.768227] Detected PIPT I-cache on CPU46
[    1.768263] GICv3: CPU46: found redistributor 50302 region 46:0x000004004d480000
[    1.768275] GICv3: CPU46: using allocated LPI pending table @0x0000001041a80000
[    1.768413] arch_timer: CPU46: Trapping CNTVCT access
[    1.768416] CPU46: Booted secondary processor 0x0000050302 [0x410fd082]
[    1.771037] Detected PIPT I-cache on CPU47
[    1.771073] GICv3: CPU47: found redistributor 50303 region 47:0x000004004d4c0000
[    1.771083] GICv3: CPU47: using allocated LPI pending table @0x0000001041a90000
[    1.771221] arch_timer: CPU47: Trapping CNTVCT access
[    1.771224] CPU47: Booted secondary processor 0x0000050303 [0x410fd082]
[    1.773875] Detected PIPT I-cache on CPU48
[    1.773919] GICv3: CPU48: found redistributor 70000 region 48:0x000004006d100000
[    1.773932] GICv3: CPU48: using allocated LPI pending table @0x0000001041aa0000
[    1.774117] arch_timer: CPU48: Trapping CNTVCT access
[    1.774121] CPU48: Booted secondary processor 0x0000070000 [0x410fd082]
[    1.866930] Detected PIPT I-cache on CPU49
[    1.866970] GICv3: CPU49: found redistributor 70001 region 49:0x000004006d140000
[    1.866982] GICv3: CPU49: using allocated LPI pending table @0x0000001041ab0000
[    1.867165] arch_timer: CPU49: Trapping CNTVCT access
[    1.867168] CPU49: Booted secondary processor 0x0000070001 [0x410fd082]
[    1.869811] Detected PIPT I-cache on CPU50
[    1.869850] GICv3: CPU50: found redistributor 70002 region 50:0x000004006d180000
[    1.869861] GICv3: CPU50: using allocated LPI pending table @0x0000001041ac0000
[    1.870044] arch_timer: CPU50: Trapping CNTVCT access
[    1.870047] CPU50: Booted secondary processor 0x0000070002 [0x410fd082]
[    1.872697] Detected PIPT I-cache on CPU51
[    1.872737] GICv3: CPU51: found redistributor 70003 region 51:0x000004006d1c0000
[    1.872749] GICv3: CPU51: using allocated LPI pending table @0x0000001041ad0000
[    1.872933] arch_timer: CPU51: Trapping CNTVCT access
[    1.872937] CPU51: Booted secondary processor 0x0000070003 [0x410fd082]
[    1.965704] Detected PIPT I-cache on CPU52
[    1.965750] GICv3: CPU52: found redistributor 70100 region 52:0x000004006d200000
[    1.965764] GICv3: CPU52: using allocated LPI pending table @0x0000001041ae0000
[    1.965949] arch_timer: CPU52: Trapping CNTVCT access
[    1.965954] CPU52: Booted secondary processor 0x0000070100 [0x410fd082]
[    1.968663] Detected PIPT I-cache on CPU53
[    1.968702] GICv3: CPU53: found redistributor 70101 region 53:0x000004006d240000
[    1.968714] GICv3: CPU53: using allocated LPI pending table @0x0000001041af0000
[    1.968898] arch_timer: CPU53: Trapping CNTVCT access
[    1.968901] CPU53: Booted secondary processor 0x0000070101 [0x410fd082]
[    1.971539] Detected PIPT I-cache on CPU54
[    1.971580] GICv3: CPU54: found redistributor 70102 region 54:0x000004006d280000
[    1.971591] GICv3: CPU54: using allocated LPI pending table @0x0000001041b00000
[    1.971774] arch_timer: CPU54: Trapping CNTVCT access
[    1.971777] CPU54: Booted secondary processor 0x0000070102 [0x410fd082]
[    2.064396] Detected PIPT I-cache on CPU55
[    2.064437] GICv3: CPU55: found redistributor 70103 region 55:0x000004006d2c0000
[    2.064450] GICv3: CPU55: using allocated LPI pending table @0x0000001041b10000
[    2.064633] arch_timer: CPU55: Trapping CNTVCT access
[    2.064636] CPU55: Booted secondary processor 0x0000070103 [0x410fd082]
[    2.067293] Detected PIPT I-cache on CPU56
[    2.067340] GICv3: CPU56: found redistributor 70200 region 56:0x000004006d300000
[    2.067353] GICv3: CPU56: using allocated LPI pending table @0x0000001041b20000
[    2.067539] arch_timer: CPU56: Trapping CNTVCT access
[    2.067544] CPU56: Booted secondary processor 0x0000070200 [0x410fd082]
[    2.070218] Detected PIPT I-cache on CPU57
[    2.070259] GICv3: CPU57: found redistributor 70201 region 57:0x000004006d340000
[    2.070271] GICv3: CPU57: using allocated LPI pending table @0x0000001041b30000
[    2.070455] arch_timer: CPU57: Trapping CNTVCT access
[    2.070458] CPU57: Booted secondary processor 0x0000070201 [0x410fd082]
[    2.163050] Detected PIPT I-cache on CPU58
[    2.163093] GICv3: CPU58: found redistributor 70202 region 58:0x000004006d380000
[    2.163105] GICv3: CPU58: using allocated LPI pending table @0x0000001041b40000
[    2.163288] arch_timer: CPU58: Trapping CNTVCT access
[    2.163292] CPU58: Booted secondary processor 0x0000070202 [0x410fd082]
[    2.165950] Detected PIPT I-cache on CPU59
[    2.165992] GICv3: CPU59: found redistributor 70203 region 59:0x000004006d3c0000
[    2.166004] GICv3: CPU59: using allocated LPI pending table @0x0000001041b50000
[    2.166189] arch_timer: CPU59: Trapping CNTVCT access
[    2.166193] CPU59: Booted secondary processor 0x0000070203 [0x410fd082]
[    2.168838] Detected PIPT I-cache on CPU60
[    2.168885] GICv3: CPU60: found redistributor 70300 region 60:0x000004006d400000
[    2.168900] GICv3: CPU60: using allocated LPI pending table @0x0000001041b60000
[    2.169088] arch_timer: CPU60: Trapping CNTVCT access
[    2.169093] CPU60: Booted secondary processor 0x0000070300 [0x410fd082]
[    2.261704] Detected PIPT I-cache on CPU61
[    2.261747] GICv3: CPU61: found redistributor 70301 region 61:0x000004006d440000
[    2.261759] GICv3: CPU61: using allocated LPI pending table @0x0000001041b70000
[    2.261942] arch_timer: CPU61: Trapping CNTVCT access
[    2.261946] CPU61: Booted secondary processor 0x0000070301 [0x410fd082]
[    2.264590] Detected PIPT I-cache on CPU62
[    2.264631] GICv3: CPU62: found redistributor 70302 region 62:0x000004006d480000
[    2.264644] GICv3: CPU62: using allocated LPI pending table @0x0000001041b80000
[    2.264828] arch_timer: CPU62: Trapping CNTVCT access
[    2.264831] CPU62: Booted secondary processor 0x0000070302 [0x410fd082]
[    2.267477] Detected PIPT I-cache on CPU63
[    2.267520] GICv3: CPU63: found redistributor 70303 region 63:0x000004006d4c0000
[    2.267531] GICv3: CPU63: using allocated LPI pending table @0x0000001041b90000
[    2.267715] arch_timer: CPU63: Trapping CNTVCT access
[    2.267718] CPU63: Booted secondary processor 0x0000070303 [0x410fd082]
[    2.357865] smp: Brought up 4 nodes, 64 CPUs
[    2.357868] SMP: Total of 64 processors activated.
[    2.357871] CPU features: detected: 32-bit EL0 Support
[    2.357872] CPU features: detected: 32-bit EL1 Support
[    2.357874] CPU features: detected: CRC32 instructions
[    2.360436] CPU: All CPU(s) started at EL2
[    2.360579] alternatives: patching kernel code
[    2.366709] devtmpfs: initialized
[    2.367212] KASLR disabled due to lack of seed
[    2.367329] clocksource: jiffies: mask: 0xffffffff max_cycles: 0xffffffff, max_idle_ns: 7645041785100000 ns
[    2.367415] futex hash table entries: 16384 (order: 8, 1048576 bytes, vmalloc)
[    2.368017] pinctrl core: initialized pinctrl subsystem
[    2.368412] SMBIOS 3.0.0 present.
[    2.368418] DMI: Huawei Taishan 2280 /D05, BIOS Hisilicon D05 IT21 Nemo 2.0 RC0 04/18/2018
[    2.368841] NET: Registered PF_NETLINK/PF_ROUTE protocol family
[    2.379257] DMA: preallocated 4096 KiB GFP_KERNEL pool for atomic allocations
[    2.380054] DMA: preallocated 4096 KiB GFP_KERNEL|GFP_DMA pool for atomic allocations
[    2.380911] DMA: preallocated 4096 KiB GFP_KERNEL|GFP_DMA32 pool for atomic allocations
[    2.380935] audit: initializing netlink subsys (disabled)
[    2.380994] audit: type=2000 audit(2.316:1): state=initialized audit_enabled=0 res=1
[    2.381339] thermal_sys: Registered thermal governor 'step_wise'
[    2.381341] thermal_sys: Registered thermal governor 'power_allocator'
[    2.381378] cpuidle: using governor menu
[    2.381571] hw-breakpoint: found 6 breakpoint and 4 watchpoint registers.
[    2.382386] ASID allocator initialised with 32768 entries
[    2.382390] HugeTLB: can optimize 4095 vmemmap pages for hugepages-1048576kB
[    2.382392] HugeTLB: can optimize 127 vmemmap pages for hugepages-32768kB
[    2.382394] HugeTLB: can optimize 7 vmemmap pages for hugepages-2048kB
[    2.382396] HugeTLB: can optimize 0 vmemmap pages for hugepages-64kB
[    2.382665] acpiphp: ACPI Hot Plug PCI Controller Driver version: 0.5
[    2.382810] Serial: AMBA PL011 UART driver
[    2.386976] HugeTLB registered 1.00 GiB page size, pre-allocated 0 pages
[    2.386980] HugeTLB registered 32.0 MiB page size, pre-allocated 0 pages
[    2.386981] HugeTLB registered 2.00 MiB page size, pre-allocated 0 pages
[    2.386983] HugeTLB registered 64.0 KiB page size, pre-allocated 0 pages
[    2.398186] ACPI: Added _OSI(Module Device)
[    2.398188] ACPI: Added _OSI(Processor Device)
[    2.398191] ACPI: Added _OSI(3.0 _SCP Extensions)
[    2.398192] ACPI: Added _OSI(Processor Aggregator Device)
[    2.398195] ACPI: Added _OSI(Linux-Dell-Video)
[    2.398197] ACPI: Added _OSI(Linux-Lenovo-NV-HDMI-Audio)
[    2.398199] ACPI: Added _OSI(Linux-HPI-Hybrid-Graphics)
[    2.400772] ACPI: 1 ACPI AML tables successfully acquired and loaded
[    2.402411] ACPI: Interpreter enabled
[    2.402413] ACPI: Using GIC for interrupt routing
[    2.402427] ACPI: MCFG table detected, 8 entries
[    2.402431] ACPI: IORT: SMMU-v3[a0040000] Mapped to Proximity domain 0
[    2.402491] ACPI: IORT: SMMU-v3[700a0040000] Mapped to Proximity domain 3
[    2.402534] ACPI: IORT: SMMU-v3[c0040000] Mapped to Proximity domain 0
[    2.402574] ACPI: IORT: SMMU-v3[8a0040000] Mapped to Proximity domain 1
[    2.402615] ACPI: IORT: SMMU-v3[600a0040000] Mapped to Proximity domain 2
[    2.431265] ACPI: PCI Root Bridge [PCI2] (domain 0002 [bus f8-ff])
[    2.431273] acpi PNP0A08:00: _OSC: OS supports [ExtendedConfig Segments MSI HPX-Type3]
[    2.431277] acpi PNP0A08:00: _OSC: not requesting OS control; OS requires [ExtendedConfig ASPM ClockPM MSI]
[    2.431354] acpi PNP0A08:00: MCFG quirk: ECAM at [mem 0xaf800000-0xafffffff] for [bus f8-ff] with hisi_pcie_ops
[    2.432405] acpi PNP0A08:00: ECAM area [mem 0xaf800000-0xafffffff] reserved by PNP0C02:00
[    2.432854] acpi PNP0A08:00: ECAM at [mem 0xaf800000-0xafffffff] for [bus f8-ff]
[    2.432886] ACPI: Remapped I/O 0x00000000af7f0000 to [io  0x0000-0xffff window]
[    2.432943] PCI host bridge to bus 0002:f8
[    2.432945] pci_bus 0002:f8: root bus resource [mem 0xa8000000-0xaf7effff window]
[    2.432948] pci_bus 0002:f8: root bus resource [io  0x0000-0xffff window]
[    2.432951] pci_bus 0002:f8: root bus resource [bus f8-ff]
[    2.432969] pci 0002:f8:00.0: [19e5:1610] type 01 class 0x060400
[    2.432972] pci_bus 0002:f8: 2-byte config write to 0002:f8:00.0 offset 0x4 may corrupt adjacent RW1C bits
[    2.432981] pci 0002:f8:00.0: reg 0x10: [mem 0x00000000-0x0000ffff]
[    2.433014] pci 0002:f8:00.0: supports D1 D2
[    2.433016] pci 0002:f8:00.0: PME# supported from D0 D1 D3hot
[    2.433157] pci 0002:f9:00.0: [9710:9912] type 00 class 0x070002
[    2.433178] pci 0002:f9:00.0: reg 0x10: [io  0x0000-0x0007]
[    2.433189] pci 0002:f9:00.0: reg 0x14: [mem 0xa8005000-0xa8005fff]
[    2.433224] pci 0002:f9:00.0: reg 0x24: [mem 0xa8004000-0xa8004fff]
[    2.433317] pci 0002:f9:00.0: PME# supported from D3hot D3cold
[    2.433449] pci 0002:f9:00.1: [9710:9912] type 00 class 0x070002
[    2.433470] pci 0002:f9:00.1: reg 0x10: [io  0x0000-0x0007]
[    2.433481] pci 0002:f9:00.1: reg 0x14: [mem 0xa8003000-0xa8003fff]
[    2.433516] pci 0002:f9:00.1: reg 0x24: [mem 0xa8002000-0xa8002fff]
[    2.433594] pci 0002:f9:00.1: PME# supported from D3hot D3cold
[    2.433705] pci 0002:f9:00.2: [9710:9912] type 00 class 0x070103
[    2.433726] pci 0002:f9:00.2: reg 0x10: [io  0x0000-0x0007]
[    2.433737] pci 0002:f9:00.2: reg 0x14: [io  0x0000-0x0007]
[    2.433748] pci 0002:f9:00.2: reg 0x18: [mem 0xa8001000-0xa8001fff]
[    2.433775] pci 0002:f9:00.2: reg 0x24: [mem 0xa8000000-0xa8000fff]
[    2.433853] pci 0002:f9:00.2: PME# supported from D3hot D3cold
[    2.433959] pci_bus 0002:f8: on NUMA node 0
[    2.433968] pci 0002:f8:00.0: BAR 14: assigned [mem 0xa8000000-0xa80fffff]
[    2.433971] pci 0002:f8:00.0: BAR 0: assigned [mem 0xa8100000-0xa810ffff]
[    2.433974] pci 0002:f8:00.0: BAR 13: assigned [io  0x1000-0x1fff]
[    2.433978] pci 0002:f9:00.0: BAR 1: assigned [mem 0xa8000000-0xa8000fff]
[    2.433984] pci 0002:f9:00.0: BAR 5: assigned [mem 0xa8001000-0xa8001fff]
[    2.433990] pci 0002:f9:00.1: BAR 1: assigned [mem 0xa8002000-0xa8002fff]
[    2.433996] pci 0002:f9:00.1: BAR 5: assigned [mem 0xa8003000-0xa8003fff]
[    2.434002] pci 0002:f9:00.2: BAR 2: assigned [mem 0xa8004000-0xa8004fff]
[    2.434007] pci 0002:f9:00.2: BAR 5: assigned [mem 0xa8005000-0xa8005fff]
[    2.434013] pci 0002:f9:00.0: BAR 0: assigned [io  0x1000-0x1007]
[    2.434019] pci 0002:f9:00.1: BAR 0: assigned [io  0x1008-0x100f]
[    2.434025] pci 0002:f9:00.2: BAR 0: assigned [io  0x1010-0x1017]
[    2.434031] pci 0002:f9:00.2: BAR 1: assigned [io  0x1018-0x101f]
[    2.434038] pci 0002:f8:00.0: PCI bridge to [bus f9]
[    2.434041] pci 0002:f8:00.0:   bridge window [io  0x1000-0x1fff]
[    2.434044] pci 0002:f8:00.0:   bridge window [mem 0xa8000000-0xa80fffff]
[    2.434048] pci_bus 0002:f8: resource 4 [mem 0xa8000000-0xaf7effff window]
[    2.434050] pci_bus 0002:f8: resource 5 [io  0x0000-0xffff window]
[    2.434053] pci_bus 0002:f9: resource 0 [io  0x1000-0x1fff]
[    2.434055] pci_bus 0002:f9: resource 1 [mem 0xa8000000-0xa80fffff]
[    2.434236] ACPI: PCI Root Bridge [PCI4] (domain 0004 [bus 88-8f])
[    2.434241] acpi PNP0A08:01: _OSC: OS supports [ExtendedConfig Segments MSI HPX-Type3]
[    2.434244] acpi PNP0A08:01: _OSC: not requesting OS control; OS requires [ExtendedConfig ASPM ClockPM MSI]
[    2.434317] acpi PNP0A08:01: MCFG quirk: ECAM at [mem 0x8a8800000-0x8a8ffffff] for [bus 88-8f] with hisi_pcie_ops
[    2.435681] acpi PNP0A08:01: ECAM area [mem 0x8a8800000-0x8a8ffffff] reserved by PNP0C02:01
[    2.436161] acpi PNP0A08:01: ECAM at [mem 0x8a8800000-0x8a8ffffff] for [bus 88-8f]
[    2.436190] ACPI: Remapped I/O 0x00000008abff0000 to [io  0x10000-0x1ffff window]
[    2.436238] PCI host bridge to bus 0004:88
[    2.436241] pci_bus 0004:88: root bus resource [mem 0x8a9000000-0x8abfeffff window] (bus address [0xa9000000-0xabfeffff])
[    2.436245] pci_bus 0004:88: root bus resource [io  0x10000-0x1ffff window] (bus address [0x0000-0xffff])
[    2.436247] pci_bus 0004:88: root bus resource [bus 88-8f]
[    2.436259] pci 0004:88:00.0: [19e5:1610] type 01 class 0x060400
[    2.436263] pci_bus 0004:88: 2-byte config write to 0004:88:00.0 offset 0x4 may corrupt adjacent RW1C bits
[    2.436271] pci 0004:88:00.0: reg 0x10: [mem 0x00000000-0x0000ffff]
[    2.436302] pci 0004:88:00.0: supports D1 D2
[    2.436304] pci 0004:88:00.0: PME# supported from D0 D1 D3hot
[    2.487601] pci_bus 0004:88: on NUMA node 1
[    2.487605] pci 0004:88:00.0: BAR 0: assigned [mem 0x8a9000000-0x8a900ffff]
[    2.487609] pci 0004:88:00.0: PCI bridge to [bus 89]
[    2.487614] pci_bus 0004:88: resource 4 [mem 0x8a9000000-0x8abfeffff window]
[    2.487617] pci_bus 0004:88: resource 5 [io  0x10000-0x1ffff window]
[    2.487795] ACPI: PCI Root Bridge [PCI5] (domain 0005 [bus 78-7f])
[    2.487800] acpi PNP0A08:02: _OSC: OS supports [ExtendedConfig Segments MSI HPX-Type3]
[    2.487803] acpi PNP0A08:02: _OSC: not requesting OS control; OS requires [ExtendedConfig ASPM ClockPM MSI]
[    2.487876] acpi PNP0A08:02: MCFG quirk: ECAM at [mem 0x8b7800000-0x8b7ffffff] for [bus 78-7f] with hisi_pcie_ops
[    2.489223] acpi PNP0A08:02: ECAM area [mem 0x8b7800000-0x8b7ffffff] reserved by PNP0C02:01
[    2.489736] acpi PNP0A08:02: ECAM at [mem 0x8b7800000-0x8b7ffffff] for [bus 78-7f]
[    2.489765] ACPI: Remapped I/O 0x00000008b77f0000 to [io  0x20000-0x2ffff window]
[    2.489814] PCI host bridge to bus 0005:78
[    2.489817] pci_bus 0005:78: root bus resource [mem 0x8b0000000-0x8b77effff window] (bus address [0xb0000000-0xb77effff])
[    2.489820] pci_bus 0005:78: root bus resource [io  0x20000-0x2ffff window] (bus address [0x0000-0xffff])
[    2.489823] pci_bus 0005:78: root bus resource [bus 78-7f]
[    2.489835] pci 0005:78:00.0: [19e5:1610] type 01 class 0x060400
[    2.489838] pci_bus 0005:78: 2-byte config write to 0005:78:00.0 offset 0x4 may corrupt adjacent RW1C bits
[    2.489846] pci 0005:78:00.0: reg 0x10: [mem 0x00000000-0x00000fff]
[    2.489855] pci 0005:78:00.0: reg 0x38: [mem 0xfffe0000-0xffffffff pref]
[    2.489883] pci 0005:78:00.0: supports D1 D2
[    2.489885] pci 0005:78:00.0: PME# supported from D0 D1 D3hot
[    2.541180] pci_bus 0005:78: on NUMA node 1
[    2.541184] pci 0005:78:00.0: BAR 6: assigned [mem 0x8b0000000-0x8b001ffff pref]
[    2.541188] pci 0005:78:00.0: BAR 0: assigned [mem 0x8b0020000-0x8b0020fff]
[    2.541192] pci 0005:78:00.0: PCI bridge to [bus 79]
[    2.541197] pci_bus 0005:78: resource 4 [mem 0x8b0000000-0x8b77effff window]
[    2.541200] pci_bus 0005:78: resource 5 [io  0x20000-0x2ffff window]
[    2.541371] ACPI: PCI Root Bridge [PCI6] (domain 0006 [bus c0-c7])
[    2.541376] acpi PNP0A08:03: _OSC: OS supports [ExtendedConfig Segments MSI HPX-Type3]
[    2.541380] acpi PNP0A08:03: _OSC: not requesting OS control; OS requires [ExtendedConfig ASPM ClockPM MSI]
[    2.541452] acpi PNP0A08:03: MCFG quirk: ECAM at [mem 0x8ac000000-0x8ac7fffff] for [bus c0-c7] with hisi_pcie_ops
[    2.542791] acpi PNP0A08:03: ECAM area [mem 0x8ac000000-0x8ac7fffff] reserved by PNP0C02:01
[    2.543345] acpi PNP0A08:03: ECAM at [mem 0x8ac000000-0x8ac7fffff] for [bus c0-c7]
[    2.543373] ACPI: Remapped I/O 0x00000008afff0000 to [io  0x30000-0x3ffff window]
[    2.543417] PCI host bridge to bus 0006:c0
[    2.543419] pci_bus 0006:c0: root bus resource [mem 0x8ac900000-0x8affeffff window] (bus address [0xac900000-0xaffeffff])
[    2.543423] pci_bus 0006:c0: root bus resource [io  0x30000-0x3ffff window] (bus address [0x0000-0xffff])
[    2.543425] pci_bus 0006:c0: root bus resource [bus c0-c7]
[    2.543437] pci 0006:c0:00.0: [19e5:1610] type 01 class 0x060400
[    2.543441] pci_bus 0006:c0: 2-byte config write to 0006:c0:00.0 offset 0x4 may corrupt adjacent RW1C bits
[    2.543449] pci 0006:c0:00.0: reg 0x10: [mem 0x00000000-0x0000ffff]
[    2.543479] pci 0006:c0:00.0: supports D1 D2
[    2.543481] pci 0006:c0:00.0: PME# supported from D0 D1 D3hot
[    2.594774] pci_bus 0006:c0: on NUMA node 1
[    2.594778] pci 0006:c0:00.0: BAR 0: assigned [mem 0x8ac900000-0x8ac90ffff]
[    2.594781] pci 0006:c0:00.0: PCI bridge to [bus c1]
[    2.594787] pci_bus 0006:c0: resource 4 [mem 0x8ac900000-0x8affeffff window]
[    2.594790] pci_bus 0006:c0: resource 5 [io  0x30000-0x3ffff window]
[    2.594962] ACPI: PCI Root Bridge [PCI7] (domain 0007 [bus 90-97])
[    2.594967] acpi PNP0A08:04: _OSC: OS supports [ExtendedConfig Segments MSI HPX-Type3]
[    2.594970] acpi PNP0A08:04: _OSC: not requesting OS control; OS requires [ExtendedConfig ASPM ClockPM MSI]
[    2.595041] acpi PNP0A08:04: MCFG quirk: ECAM at [mem 0x8b9000000-0x8b97fffff] for [bus 90-97] with hisi_pcie_ops
[    2.596379] acpi PNP0A08:04: ECAM area [mem 0x8b9000000-0x8b97fffff] reserved by PNP0C02:01
[    2.596975] acpi PNP0A08:04: ECAM at [mem 0x8b9000000-0x8b97fffff] for [bus 90-97]
[    2.597004] ACPI: Remapped I/O 0x00000008bfff0000 to [io  0x40000-0x4ffff window]
[    2.597049] PCI host bridge to bus 0007:90
[    2.597052] pci_bus 0007:90: root bus resource [mem 0x8b9800000-0x8bffeffff window] (bus address [0xb9800000-0xbffeffff])
[    2.597055] pci_bus 0007:90: root bus resource [io  0x40000-0x4ffff window] (bus address [0x0000-0xffff])
[    2.597058] pci_bus 0007:90: root bus resource [bus 90-97]
[    2.597069] pci 0007:90:00.0: [19e5:1610] type 01 class 0x060400
[    2.597073] pci_bus 0007:90: 2-byte config write to 0007:90:00.0 offset 0x4 may corrupt adjacent RW1C bits
[    2.597107] pci 0007:90:00.0: supports D1 D2
[    2.597109] pci 0007:90:00.0: PME# supported from D0 D1 D3hot
[    2.597209] pci 0007:91:00.0: [19e5:1711] type 00 class 0x030000
[    2.597230] pci 0007:91:00.0: reg 0x10: [mem 0x8ba000000-0x8bbffffff pref]
[    2.597242] pci 0007:91:00.0: reg 0x14: [mem 0x8b9800000-0x8b99fffff]
[    2.597349] pci 0007:91:00.0: supports D1
[    2.597350] pci 0007:91:00.0: PME# supported from D0 D1 D3hot
[    2.597445] pci_bus 0007:90: on NUMA node 1
[    2.597449] pci 0007:90:00.0: BAR 14: assigned [mem 0x8ba000000-0x8bcffffff]
[    2.597452] pci 0007:91:00.0: BAR 0: assigned [mem 0x8ba000000-0x8bbffffff pref]
[    2.597458] pci 0007:91:00.0: BAR 1: assigned [mem 0x8bc000000-0x8bc1fffff]
[    2.597463] pci 0007:90:00.0: PCI bridge to [bus 91]
[    2.597466] pci 0007:90:00.0:   bridge window [mem 0x8ba000000-0x8bcffffff]
[    2.597470] pci_bus 0007:90: resource 4 [mem 0x8b9800000-0x8bffeffff window]
[    2.597473] pci_bus 0007:90: resource 5 [io  0x40000-0x4ffff window]
[    2.597476] pci_bus 0007:91: resource 1 [mem 0x8ba000000-0x8bcffffff]
[    2.597664] ACPI: PCI Root Bridge [PCIA] (domain 000a [bus 10-1f])
[    2.597669] acpi PNP0A08:05: _OSC: OS supports [ExtendedConfig Segments MSI HPX-Type3]
[    2.597672] acpi PNP0A08:05: _OSC: not requesting OS control; OS requires [ExtendedConfig ASPM ClockPM MSI]
[    2.597744] acpi PNP0A08:05: MCFG quirk: ECAM at [mem 0x64001000000-0x64001ffffff] for [bus 10-1f] with hisi_pcie_ops
[    2.599142] acpi PNP0A08:05: ECAM area [mem 0x64001000000-0x64001ffffff] reserved by PNP0C02:02
[    2.599765] acpi PNP0A08:05: ECAM at [mem 0x64001000000-0x64001ffffff] for [bus 10-1f]
[    2.599794] ACPI: Remapped I/O 0x0000067fffff0000 to [io  0x50000-0x5ffff window]
[    2.599844] PCI host bridge to bus 000a:10
[    2.599846] pci_bus 000a:10: root bus resource [mem 0x65040000000-0x650efffffff window] (bus address [0x40000000-0xefffffff])
[    2.599850] pci_bus 000a:10: root bus resource [io  0x50000-0x5ffff window] (bus address [0x0000-0xffff])
[    2.599853] pci_bus 000a:10: root bus resource [bus 10-1f]
[    2.599866] pci 000a:10:00.0: [19e5:1610] type 01 class 0x060400
[    2.599870] pci_bus 000a:10: 2-byte config write to 000a:10:00.0 offset 0x4 may corrupt adjacent RW1C bits
[    2.599878] pci 000a:10:00.0: reg 0x10: [mem 0x00000000-0x0000ffff]
[    2.599917] pci 000a:10:00.0: supports D1 D2
[    2.599919] pci 000a:10:00.0: PME# supported from D0 D1 D3hot
[    2.651222] pci_bus 000a:10: on NUMA node 2
[    2.651226] pci 000a:10:00.0: BAR 0: assigned [mem 0x65040000000-0x6504000ffff]
[    2.651231] pci 000a:10:00.0: PCI bridge to [bus 11]
[    2.651237] pci_bus 000a:10: resource 4 [mem 0x65040000000-0x650efffffff window]
[    2.651239] pci_bus 000a:10: resource 5 [io  0x50000-0x5ffff window]
[    2.651410] ACPI: PCI Root Bridge [PCIC] (domain 000c [bus 20-2f])
[    2.651415] acpi PNP0A08:06: _OSC: OS supports [ExtendedConfig Segments MSI HPX-Type3]
[    2.651418] acpi PNP0A08:06: _OSC: not requesting OS control; OS requires [ExtendedConfig ASPM ClockPM MSI]
[    2.651490] acpi PNP0A08:06: MCFG quirk: ECAM at [mem 0x74002000000-0x74002ffffff] for [bus 20-2f] with hisi_pcie_ops
[    2.653061] acpi PNP0A08:06: ECAM area [mem 0x74002000000-0x74002ffffff] reserved by PNP0C02:03
[    2.653726] acpi PNP0A08:06: ECAM at [mem 0x74002000000-0x74002ffffff] for [bus 20-2f]
[    2.653755] ACPI: Remapped I/O 0x0000077fffff0000 to [io  0x60000-0x6ffff window]
[    2.653804] PCI host bridge to bus 000c:20
[    2.653807] pci_bus 000c:20: root bus resource [mem 0x75040000000-0x750efffffff window] (bus address [0x40000000-0xefffffff])
[    2.653810] pci_bus 000c:20: root bus resource [io  0x60000-0x6ffff window] (bus address [0x0000-0xffff])
[    2.653813] pci_bus 000c:20: root bus resource [bus 20-2f]
[    2.653828] pci 000c:20:00.0: [19e5:1610] type 01 class 0x060400
[    2.653832] pci_bus 000c:20: 2-byte config write to 000c:20:00.0 offset 0x4 may corrupt adjacent RW1C bits
[    2.653843] pci 000c:20:00.0: reg 0x10: [mem 0x00000000-0x0000ffff]
[    2.653888] pci 000c:20:00.0: supports D1 D2
[    2.653890] pci 000c:20:00.0: PME# supported from D0 D1 D3hot
[    2.705194] pci_bus 000c:20: on NUMA node 3
[    2.705198] pci 000c:20:00.0: BAR 0: assigned [mem 0x75040000000-0x7504000ffff]
[    2.705202] pci 000c:20:00.0: PCI bridge to [bus 21]
[    2.705210] pci_bus 000c:20: resource 4 [mem 0x75040000000-0x750efffffff window]
[    2.705212] pci_bus 000c:20: resource 5 [io  0x60000-0x6ffff window]
[    2.705385] ACPI: PCI Root Bridge [PCID] (domain 000d [bus 30-3f])
[    2.705390] acpi PNP0A08:07: _OSC: OS supports [ExtendedConfig Segments MSI HPX-Type3]
[    2.705393] acpi PNP0A08:07: _OSC: not requesting OS control; OS requires [ExtendedConfig ASPM ClockPM MSI]
[    2.705465] acpi PNP0A08:07: MCFG quirk: ECAM at [mem 0x78003000000-0x78003ffffff] for [bus 30-3f] with hisi_pcie_ops
[    2.707025] acpi PNP0A08:07: ECAM area [mem 0x78003000000-0x78003ffffff] reserved by PNP0C02:03
[    2.707726] acpi PNP0A08:07: ECAM at [mem 0x78003000000-0x78003ffffff] for [bus 30-3f]
[    2.707755] ACPI: Remapped I/O 0x000007bfffff0000 to [io  0x70000-0x7ffff window]
[    2.707800] PCI host bridge to bus 000d:30
[    2.707803] pci_bus 000d:30: root bus resource [mem 0x79040000000-0x790efffffff window] (bus address [0x40000000-0xefffffff])
[    2.707806] pci_bus 000d:30: root bus resource [io  0x70000-0x7ffff window] (bus address [0x0000-0xffff])
[    2.707810] pci_bus 000d:30: root bus resource [bus 30-3f]
[    2.707824] pci 000d:30:00.0: [19e5:1610] type 01 class 0x060400
[    2.707827] pci_bus 000d:30: 2-byte config write to 000d:30:00.0 offset 0x4 may corrupt adjacent RW1C bits
[    2.707838] pci 000d:30:00.0: reg 0x10: [mem 0x00000000-0x00000fff]
[    2.707849] pci 000d:30:00.0: reg 0x38: [mem 0xfffe0000-0xffffffff pref]
[    2.707889] pci 000d:30:00.0: supports D1 D2
[    2.707892] pci 000d:30:00.0: PME# supported from D0 D1 D3hot
[    2.759216] pci_bus 000d:30: on NUMA node 3
[    2.759220] pci 000d:30:00.0: BAR 6: assigned [mem 0x79040000000-0x7904001ffff pref]
[    2.759223] pci 000d:30:00.0: BAR 0: assigned [mem 0x79040020000-0x79040020fff]
[    2.759227] pci 000d:30:00.0: PCI bridge to [bus 31]
[    2.759235] pci_bus 000d:30: resource 4 [mem 0x79040000000-0x790efffffff window]
[    2.759237] pci_bus 000d:30: resource 5 [io  0x70000-0x7ffff window]
[    2.761075] iommu: Default domain type: Translated 
[    2.761077] iommu: DMA domain TLB invalidation policy: lazy mode (set via kernel command line)
[    2.761222] SCSI subsystem initialized
[    2.761295] libata version 3.00 loaded.
[    2.761345] ACPI: bus type USB registered
[    2.761368] usbcore: registered new interface driver usbfs
[    2.761379] usbcore: registered new interface driver hub
[    2.761408] usbcore: registered new device driver usb
[    2.775344] pps_core: LinuxPPS API ver. 1 registered
[    2.775346] pps_core: Software ver. 5.3.6 - Copyright 2005-2007 Rodolfo Giometti <giometti@linux.it>
[    2.775351] PTP clock support registered
[    2.775382] EDAC MC: Ver: 3.0.0
[    2.775601] Registered efivars operations
[    2.776744] FPGA manager framework
[    2.776768] Advanced Linux Sound Architecture Driver Initialized.
[    2.777027] pci 0007:91:00.0: vgaarb: setting as boot VGA device
[    2.777030] pci 0007:91:00.0: vgaarb: bridge control possible
[    2.777032] pci 0007:91:00.0: vgaarb: VGA device added: decodes=io+mem,owns=none,locks=none
[    2.777035] vgaarb: loaded
[    2.777362] clocksource: Switched to clocksource arch_sys_counter
[    2.777461] VFS: Disk quotas dquot_6.6.0
[    2.777485] VFS: Dquot-cache hash table entries: 512 (order 0, 4096 bytes)
[    2.777578] pnp: PnP ACPI init
[    2.778260] system 00:01: [mem 0xa00a0000-0xa00affff] has been reserved
[    2.778325] system 00:02: [mem 0xaf800000-0xafffffff] could not be reserved
[    2.778434] system 00:03: [mem 0x8a0090000-0x8a009ffff] has been reserved
[    2.778541] system 00:04: [mem 0x8a0200000-0x8a020ffff] has been reserved
[    2.778646] system 00:05: [mem 0x8a00a0000-0x8a00affff] has been reserved
[    2.778752] system 00:06: [mem 0x8a00b0000-0x8a00bffff] has been reserved
[    2.778833] system 00:07: [mem 0x8a8800000-0x8a8ffffff] could not be reserved
[    2.778837] system 00:07: [mem 0x8b7800000-0x8b7ffffff] could not be reserved
[    2.778841] system 00:07: [mem 0x8ac000000-0x8ac7fffff] could not be reserved
[    2.778844] system 00:07: [mem 0x8b9000000-0x8b97fffff] could not be reserved
[    2.778931] system 00:08: [mem 0x600a00a0000-0x600a00affff] has been reserved
[    2.778992] system 00:09: [mem 0x64001000000-0x64001ffffff] could not be reserved
[    2.779097] system 00:0a: [mem 0x700a0090000-0x700a009ffff] has been reserved
[    2.779199] system 00:0b: [mem 0x700a0200000-0x700a020ffff] has been reserved
[    2.779324] system 00:0c: [mem 0x74002000000-0x74002ffffff] could not be reserved
[    2.779328] system 00:0c: [mem 0x78003000000-0x78003ffffff] could not be reserved
[    2.779448] pnp: PnP ACPI: found 13 devices
[    2.781860] NET: Registered PF_INET protocol family
[    2.782657] IP idents hash table entries: 262144 (order: 9, 2097152 bytes, vmalloc)
[    2.786945] tcp_listen_portaddr_hash hash table entries: 32768 (order: 7, 524288 bytes, vmalloc)
[    2.787121] Table-perturb hash table entries: 65536 (order: 6, 262144 bytes, vmalloc)
[    2.787441] TCP established hash table entries: 524288 (order: 10, 4194304 bytes, vmalloc)
[    2.788448] TCP bind hash table entries: 65536 (order: 8, 1048576 bytes, vmalloc)
[    2.788733] TCP: Hash tables configured (established 524288 bind 65536)
[    2.788942] UDP hash table entries: 32768 (order: 8, 1048576 bytes, vmalloc)
[    2.789242] UDP-Lite hash table entries: 32768 (order: 8, 1048576 bytes, vmalloc)
[    2.789638] NET: Registered PF_UNIX/PF_LOCAL protocol family
[    2.789788] RPC: Registered named UNIX socket transport module.
[    2.789790] RPC: Registered udp transport module.
[    2.789792] RPC: Registered tcp transport module.
[    2.789793] RPC: Registered tcp NFSv4.1 backchannel transport module.
[    2.789825] PCI: CLS 0 bytes, default 64
[    2.792833] hw perfevents: enabled with armv8_pmuv3_0 PMU driver, 7 counters available
[    2.792895] kvm [1]: IPA Size Limit: 44 bits
[    2.794039] kvm [1]: GICv4 support disabled
[    2.794042] kvm [1]: vgic-v2@fe020000
[    2.794068] kvm [1]: GIC system register CPU interface enabled
[    2.794988] kvm [1]: vgic interrupt IRQ9
[    2.795837] kvm [1]: Hyp mode initialized successfully
[    2.797578] Initialise system trusted keyrings
[    2.797689] workingset: timestamp_bits=42 max_order=24 bucket_order=0
[    2.800496] squashfs: version 4.0 (2009/01/31) Phillip Lougher
[    2.800764] NFS: Registering the id_resolver key type
[    2.800772] Key type id_resolver registered
[    2.800774] Key type id_legacy registered
[    2.800805] nfs4filelayout_init: NFSv4 File Layout Driver Registering...
[    2.800807] nfs4flexfilelayout_init: NFSv4 Flexfile Layout Driver Registering...
[    2.800850] 9p: Installing v9fs 9p2000 file system support
[    2.817053] Key type asymmetric registered
[    2.817055] Asymmetric key parser 'x509' registered
[    2.817072] Block layer SCSI generic (bsg) driver version 0.4 loaded (major 245)
[    2.817075] io scheduler mq-deadline registered
[    2.817077] io scheduler kyber registered
[    2.819612] hisi-lpc HISI0191:00: registered range [0x0000000000ffbfff - 0x0000000000ffffff]
[    2.821477] pcieport 0006:c0:00.0: can't derive routing for PCI INT A
[    2.821480] pcieport 0006:c0:00.0: PCI INT A: no GSI
[    2.821527] pcieport 0007:90:00.0: can't derive routing for PCI INT A
[    2.821529] pcieport 0007:90:00.0: PCI INT A: no GSI
[    2.822389] input: Power Button as /devices/LNXSYSTM:00/LNXSYBUS:00/PNP0C0C:00/input/input0
[    2.822418] ACPI: button: Power Button [PWRB]
[    2.823456] EINJ: EINJ table not found.
[    2.828643] Serial: 8250/16550 driver, 4 ports, IRQ sharing enabled
[    2.850020] serial8250.6.auto: ttyS1 at I/O 0xffc2f7 (irq = 0, base_baud = 115200) is a 16550A
[    2.850610] SuperH (H)SCI(F) driver initialized
[    2.850710] msm_serial: driver initialized
[    2.850970] arm-smmu-v3 arm-smmu-v3.0.auto: option mask 0x1
[    2.850988] arm-smmu-v3 arm-smmu-v3.0.auto: ias 44-bit, oas 44-bit (features 0x00000f0d)
[    2.851489] arm-smmu-v3 arm-smmu-v3.0.auto: allocated 65536 entries for cmdq
[    2.851906] arm-smmu-v3 arm-smmu-v3.0.auto: allocated 32768 entries for evtq
[    2.853883] arm-smmu-v3 arm-smmu-v3.0.auto: no evtq irq - events will not be reported!
[    2.853887] arm-smmu-v3 arm-smmu-v3.0.auto: no gerr irq - errors will not be reported!
[    2.853998] arm-smmu-v3 arm-smmu-v3.1.auto: option mask 0x1
[    2.854020] arm-smmu-v3 arm-smmu-v3.1.auto: ias 44-bit, oas 44-bit (features 0x00000f0d)
[    2.854337] arm-smmu-v3 arm-smmu-v3.1.auto: allocated 65536 entries for cmdq
[    2.854677] arm-smmu-v3 arm-smmu-v3.1.auto: allocated 32768 entries for evtq
[    2.857189] arm-smmu-v3 arm-smmu-v3.1.auto: no evtq irq - events will not be reported!
[    2.857192] arm-smmu-v3 arm-smmu-v3.1.auto: no gerr irq - errors will not be reported!
[    2.857246] arm-smmu-v3 arm-smmu-v3.2.auto: option mask 0x1
[    2.857261] arm-smmu-v3 arm-smmu-v3.2.auto: ias 44-bit, oas 44-bit (features 0x00000f0d)
[    2.857628] arm-smmu-v3 arm-smmu-v3.2.auto: allocated 65536 entries for cmdq
[    2.857915] arm-smmu-v3 arm-smmu-v3.2.auto: allocated 32768 entries for evtq
[    2.859882] arm-smmu-v3 arm-smmu-v3.2.auto: no evtq irq - events will not be reported!
[    2.859886] arm-smmu-v3 arm-smmu-v3.2.auto: no gerr irq - errors will not be reported!
[    2.859941] arm-smmu-v3 arm-smmu-v3.3.auto: option mask 0x1
[    2.859958] arm-smmu-v3 arm-smmu-v3.3.auto: ias 44-bit, oas 44-bit (features 0x00000f0d)
[    2.860282] arm-smmu-v3 arm-smmu-v3.3.auto: allocated 65536 entries for cmdq
[    2.860613] arm-smmu-v3 arm-smmu-v3.3.auto: allocated 32768 entries for evtq
[    2.862528] arm-smmu-v3 arm-smmu-v3.3.auto: no evtq irq - events will not be reported!
[    2.862532] arm-smmu-v3 arm-smmu-v3.3.auto: no gerr irq - errors will not be reported!
[    2.862590] arm-smmu-v3 arm-smmu-v3.4.auto: option mask 0x1
[    2.862615] arm-smmu-v3 arm-smmu-v3.4.auto: ias 44-bit, oas 44-bit (features 0x00000f0d)
[    2.862980] arm-smmu-v3 arm-smmu-v3.4.auto: allocated 65536 entries for cmdq
[    2.863271] arm-smmu-v3 arm-smmu-v3.4.auto: allocated 32768 entries for evtq
[    2.865797] arm-smmu-v3 arm-smmu-v3.4.auto: no evtq irq - events will not be reported!
[    2.865800] arm-smmu-v3 arm-smmu-v3.4.auto: no gerr irq - errors will not be reported!
[    2.881243] loop: module loaded
[    2.881634] megasas: 07.719.03.00-rc1
[    2.881809] ACPI: IORT: [Firmware Bug]: Named component missing memory address limit
[    2.881989] hisi_sas_v2_hw HISI0162:01: Adding to iommu group 0
[    2.907367] scsi host0: hisi_sas_v2_hw
[    3.528995] hisi_sas_v2_hw HISI0162:01: phyup: phy0 link_rate=11
[    3.529004] hisi_sas_v2_hw HISI0162:01: phyup: phy1 link_rate=11
[    3.529099] sas: phy-0:0 added to port-0:0, phy_mask:0x1 (500e004aaaaaaa1f)
[    3.529120] sas: DOING DISCOVERY on port 0, pid:402
[    3.529442] hisi_sas_v2_hw HISI0162:01: dev[0:2] found
[    3.530027] sas: ex 500e004aaaaaaa1f phy00:U:0 attached: 0000000000000000 (no device)
[    3.530146] sas: ex 500e004aaaaaaa1f phy01:U:B attached: 5001e82002865f0e (ssp)
[    3.530243] sas: ex 500e004aaaaaaa1f phy02:U:A attached: 500e004aaaaaaa02 (stp)
[    3.530338] sas: ex 500e004aaaaaaa1f phy03:U:0 attached: 0000000000000000 (no device)
[    3.530435] sas: ex 500e004aaaaaaa1f phy04:U:B attached: 5001e8200287321e (ssp)
[    3.530531] sas: ex 500e004aaaaaaa1f phy05:U:B attached: 5000cca05b01d9c9 (ssp)
[    3.530626] sas: ex 500e004aaaaaaa1f phy06:U:0 attached: 0000000000000000 (no device)
[    3.530723] sas: ex 500e004aaaaaaa1f phy07:U:B attached: 5001e820028580ae (ssp)
[    3.530821] sas: ex 500e004aaaaaaa1f phy08:U:B attached: 5001e82002858496 (ssp)
[    3.530923] sas: ex 500e004aaaaaaa1f phy09:U:0 attached: 0000000000000000 (no device)
[    3.531027] sas: ex 500e004aaaaaaa1f phy10:U:B attached: 5001e82002862816 (ssp)
[    3.531121] sas: ex 500e004aaaaaaa1f phy11:U:B attached: 5001e8200285850a (ssp)
[    3.531217] sas: ex 500e004aaaaaaa1f phy12:U:0 attached: 0000000000000000 (no device)
[    3.531316] sas: ex 500e004aaaaaaa1f phy13:U:0 attached: 0000000000000000 (no device)
[    3.531411] sas: ex 500e004aaaaaaa1f phy14:U:0 attached: 0000000000000000 (no device)
[    3.531507] sas: ex 500e004aaaaaaa1f phy15:U:0 attached: 0000000000000000 (no device)
[    3.531604] sas: ex 500e004aaaaaaa1f phy16:U:0 attached: 0000000000000000 (no device)
[    3.531700] sas: ex 500e004aaaaaaa1f phy17:U:0 attached: 0000000000000000 (no device)
[    3.531795] sas: ex 500e004aaaaaaa1f phy18:U:0 attached: 0000000000000000 (no device)
[    3.531894] sas: ex 500e004aaaaaaa1f phy19:U:0 attached: 0000000000000000 (no device)
[    3.531998] sas: ex 500e004aaaaaaa1f phy20:U:0 attached: 0000000000000000 (no device)
[    3.532096] sas: ex 500e004aaaaaaa1f phy21:U:0 attached: 0000000000000000 (no device)
[    3.532191] sas: ex 500e004aaaaaaa1f phy22:U:0 attached: 0000000000000000 (no device)
[    3.532287] sas: ex 500e004aaaaaaa1f phy23:U:0 attached: 0000000000000000 (no device)
[    3.532390] sas: ex 500e004aaaaaaa1f phy24:D:B attached: 500e004aaaaaaa1e (host+target)
[    3.532433] hisi_sas_v2_hw HISI0162:01: dev[1:1] found
[    3.532653] hisi_sas_v2_hw HISI0162:01: dev[2:5] found
[    3.532683] hisi_sas_v2_hw HISI0162:01: dev[3:1] found
[    3.532711] hisi_sas_v2_hw HISI0162:01: dev[4:1] found
[    3.532740] hisi_sas_v2_hw HISI0162:01: dev[5:1] found
[    3.532770] hisi_sas_v2_hw HISI0162:01: dev[6:1] found
[    3.532799] hisi_sas_v2_hw HISI0162:01: dev[7:1] found
[    3.532830] hisi_sas_v2_hw HISI0162:01: dev[8:1] found
[    3.532860] hisi_sas_v2_hw HISI0162:01: dev[9:1] found
[    3.532865] ata_std_sched_eh ap=0xffff0010480b8000 ATA_PFLAG_INITIALIZING=0
[    3.532871] ata_eh_set_pending fastdrain=1 ATA_PFLAG_EH_PENDING=0
[    3.532873] ata_eh_set_pending2 ap=0xffff0010480b8000 fastdrain=1 cnt=0
[    3.532886] sas: sas_scsi_recover_host Enter sas_scsi_recover_host busy: 0 failed: 0
[    3.532890] sas: sas_eh_handle_sas_errors shost=0xffff001048b00000
[    3.532893] sas: sas_ata_strategy_handler shost=0xffff001048b00000
[    3.532896] sas: sas_ata_strategy_handler2 shost=0xffff001048b00000 calling async_schedule_domain(async_sas_ata_eh)
[    3.532907] sas: ata1: end_device-0:0:2: async_sas_ata_eh dev error handler
[    3.532911] ata_scsi_port_error_handler host=0xffff001048b00000 ap=0xffff0010480b8000
[    3.532915] ata_scsi_port_error_handler2 host=0xffff001048b00000 ap=0xffff0010480b8000 deleting fastdrain_timer
[    3.532919] ata_do_eh ap=0xffff0010480b8000 calling ata_eh_autopsy
[    3.532922] ata_eh_autopsy ap=0xffff0010480b8000 link=0xffff0010480ba040 calling ata_eh_link_autopsy
[    3.532925] ata_eh_link_autopsy link=0xffff0010480ba040 ATA_EHI_NO_AUTOPSY=1 
[    3.532928] ata_do_eh2 ap=0xffff0010480b8000 calling ata_eh_report
[    3.532930] ata_do_eh3 ap=0xffff0010480b8000 calling ata_eh_recover
[    3.532935] ata_eh_reset ap=0xffff0010480b8000 link=0xffff0010480ba040 prereset=sas_ata_prereset+0x0/0x50 softreset=0x0 hardreset=sas_ata_hard_reset+0x0/0x98 postreset=0x0
[    3.532950] ata_eh_freeze_port ap=0xffff0010480b8000
[    3.532952] __ata_port_freeze ap=0xffff0010480b8000
[    3.533676] hisi_sas_debug_I_T_nexus_reset device=0xffff0010480b0400
[    3.533994] hisi_sas_v2_hw HISI0162:01: phyup: phy2 link_rate=11
[    3.534001] hisi_sas_v2_hw HISI0162:01: phyup: phy3 link_rate=11
[    3.534005] hisi_sas_v2_hw HISI0162:01: phyup: phy4 link_rate=11
[    3.534008] hisi_sas_v2_hw HISI0162:01: phyup: phy5 link_rate=11
[    3.534012] hisi_sas_v2_hw HISI0162:01: phyup: phy6 link_rate=11
[    3.534015] hisi_sas_v2_hw HISI0162:01: phyup: phy7 link_rate=11
[    3.693553] hisi_sas_I_T_nexus_reset1  device=0xffff0010480b0400 rc=0
[    3.693557] hisi_sas_softreset_ata_disk device=0xffff0010480b0400
[    3.700199] hisi_sas_release_task device=0xffff0010480b0400
[    3.700202] hisi_sas_I_T_nexus_reset8 device=0xffff0010480b0400 calling hisi_sas_release_task
[    3.700204] hisi_sas_release_task device=0xffff0010480b0400
[    3.857494] ata_eh_thaw_port ap=0xffff0010480b8000
[    3.859320] sas: sas_ata_task_done qc=0xffff0010480b9f30 err_mask=0x0 scsicmd=0x0 task=0xffff001046460000
[    3.859324] sas: sas_ata_task_done2 qc=0xffff0010480b9f30 err_mask=0x0 scsicmd=0x0 task=0xffff001046460000
[    3.859328] sas: sas_ata_task_done3 qc=0xffff0010480b9f30 scsicmd=0x0 task=0xffff001046460000
[    3.859331] ata_qc_complete qc=0xffff0010480b9f30 err_mask=0x0 scsicmd=0x0
[    3.859494] sas: sas_ata_task_done qc=0xffff0010480b9f30 err_mask=0x0 scsicmd=0x0 task=0xffff001046460180
[    3.859497] sas: sas_ata_task_done2 qc=0xffff0010480b9f30 err_mask=0x0 scsicmd=0x0 task=0xffff001046460180
[    3.859500] sas: sas_ata_task_done3 qc=0xffff0010480b9f30 scsicmd=0x0 task=0xffff001046460180
[    3.859504] ata_qc_complete qc=0xffff0010480b9f30 err_mask=0x0 scsicmd=0x0
[    3.859511] ata1.00: ata_dev_configure: cfg 49:2f00 82:746b 83:7d69 84:4773 85:7469 86:bc41 87:4763 88:407f
[    3.859516] ata1.00: 49==0x2f00  53==0x0007  63==0x0007  64==0x0003  75==0x001f
               80==0x01fc  81==0x0029  82==0x746b  83==0x7d69  84==0x4773
               88==0x407f  93==0x0000
[    3.859521] ata1.00: ATA-8: HGST HUS724040ALA640, MFAOA8B0, max UDMA/133
[    3.859524] ata_log_supported calling ata_read_log_page
[    3.859526] ata1.00: read log page - log 0x0, page 0x0
[    3.859660] sas: sas_ata_task_done qc=0xffff0010480b9f30 err_mask=0x0 scsicmd=0x0 task=0xffff001046460300
[    3.859663] sas: sas_ata_task_done2 qc=0xffff0010480b9f30 err_mask=0x0 scsicmd=0x0 task=0xffff001046460300
[    3.859667] sas: sas_ata_task_done3 qc=0xffff0010480b9f30 scsicmd=0x0 task=0xffff001046460300
[    3.859670] ata_qc_complete qc=0xffff0010480b9f30 err_mask=0x0 scsicmd=0x0
[    3.859677] ata_read_log_page3 ata_exec_internal err_mask=0x0
[    3.859679] ata1.00: 7814037168 sectors, multi 0: LBA48 NCQ (depth 32)
[    3.859685] ata1.00: set features - xfer mode
[    3.859824] sas: sas_ata_task_done qc=0xffff0010480b9f30 err_mask=0x0 scsicmd=0x0 task=0xffff001046460480
[    3.859828] sas: sas_ata_task_done2 qc=0xffff0010480b9f30 err_mask=0x0 scsicmd=0x0 task=0xffff001046460480
[    3.859832] sas: sas_ata_task_done3 qc=0xffff0010480b9f30 scsicmd=0x0 task=0xffff001046460480
[    3.859834] ata_qc_complete qc=0xffff0010480b9f30 err_mask=0x0 scsicmd=0x0
[    3.861628] sas: sas_ata_task_done qc=0xffff0010480b9f30 err_mask=0x0 scsicmd=0x0 task=0xffff001046460600
[    3.861632] sas: sas_ata_task_done2 qc=0xffff0010480b9f30 err_mask=0x0 scsicmd=0x0 task=0xffff001046460600
[    3.861635] sas: sas_ata_task_done3 qc=0xffff0010480b9f30 scsicmd=0x0 task=0xffff001046460600
[    3.861638] ata_qc_complete qc=0xffff0010480b9f30 err_mask=0x0 scsicmd=0x0
[    3.861806] sas: sas_ata_task_done qc=0xffff0010480b9f30 err_mask=0x0 scsicmd=0x0 task=0xffff001046460780
[    3.861810] sas: sas_ata_task_done2 qc=0xffff0010480b9f30 err_mask=0x0 scsicmd=0x0 task=0xffff001046460780
[    3.861813] sas: sas_ata_task_done3 qc=0xffff0010480b9f30 scsicmd=0x0 task=0xffff001046460780
[    3.861816] ata_qc_complete qc=0xffff0010480b9f30 err_mask=0x0 scsicmd=0x0
[    3.861823] ata1.00: ata_dev_configure: cfg 49:2f00 82:746b 83:7d69 84:4773 85:7469 86:bc41 87:4763 88:407f
[    3.861827] ata1.00: 49==0x2f00  53==0x0007  63==0x0007  64==0x0003  75==0x001f
               80==0x01fc  81==0x0029  82==0x746b  83==0x7d69  84==0x4773
               88==0x407f  93==0x0000
[    3.861833] ata1.00: xfer_shift=12, xfer_mode=0x46
[    3.861835] ata1.00: configured for UDMA/133
[    3.861838] scsi_eh_flush_done_q
[    3.861848] scsi_eh_flush_done_q
[    3.861851] sas: --- Exit sas_scsi_recover_host: busy: 0 failed: 0 tries: 1
[    3.879056] hisi_sas_release_task device=0xffff0010480b0200
[    3.945984] scsi 0:0:0:0: Direct-Access     SanDisk  LT0200MO         P404 PQ: 0 ANSI: 6
[    4.560931] hisi_sas_softreset_ata_disk device=0xffff0010480b0400
[    4.566696] hisi_sas_release_task device=0xffff0010480b0400
[    4.566726] scsi 0:0:1:0: Direct-Access     ATA      HGST HUS724040AL A8B0 PQ: 0 ANSI: 5
[    4.567147] sd 0:0:1:0: [sdb] 7814037168 512-byte logical blocks: (4.00 TB/3.64 TiB)
[    4.567157] sd 0:0:1:0: [sdb] Write Protect is off
[    4.567160] sd 0:0:1:0: [sdb] Mode Sense: 00 3a 00 00
[    4.567174] sd 0:0:1:0: [sdb] Write cache: enabled, read cache: enabled, doesn't support DPO or FUA
[    4.567192] sd 0:0:1:0: [sdb] Preferred minimum I/O size 512 bytes
[    4.574208] hisi_sas_release_task device=0xffff0010480b0600
[    4.601644] sd 0:0:0:0: [sda] 390721968 512-byte logical blocks: (200 GB/186 GiB)
[    4.612531]  sdb: sdb1 sdb2 sdb3
[    4.612733] sd 0:0:1:0: [sdb] Attached SCSI disk
[    4.641112] scsi 0:0:2:0: Direct-Access     SanDisk  LT0200MO         P404 PQ: 0 ANSI: 6
[    4.643652] sd 0:0:0:0: [sda] Write Protect is off
[    4.643655] sd 0:0:0:0: [sda] Mode Sense: cf 00 10 08
[    4.725665] sd 0:0:0:0: [sda] Write cache: disabled, read cache: disabled, supports DPO and FUA
[    4.848305] sd 0:0:0:0: [sda] Optimal transfer size 131072 bytes
[    5.209239]  sda: sda1 sda2
[    5.209387] sd 0:0:0:0: [sda] Attached SCSI disk
[    5.221190] hisi_sas_release_task device=0xffff0010480b0800
[    5.221392] scsi 0:0:3:0: Direct-Access     HGST     HUC156030CSS200  A3F0 PQ: 0 ANSI: 6
[    5.224432] sd 0:0:3:0: [sdd] 586072368 512-byte logical blocks: (300 GB/279 GiB)
[    5.225593] sd 0:0:3:0: [sdd] Write Protect is off
[    5.225596] sd 0:0:3:0: [sdd] Mode Sense: f7 00 10 08
[    5.227791] sd 0:0:3:0: [sdd] Write cache: enabled, read cache: enabled, supports DPO and FUA
[    5.231435] hisi_sas_release_task device=0xffff0010480b0a00
[    5.242570]  sdd: sdd1
[    5.242656] sd 0:0:3:0: [sdd] Attached SCSI disk
[    5.296841] sd 0:0:2:0: [sdc] 390721968 512-byte logical blocks: (200 GB/186 GiB)
[    5.298372] scsi 0:0:4:0: Direct-Access     SanDisk  LT0200MO         P404 PQ: 0 ANSI: 6
[    5.338854] sd 0:0:2:0: [sdc] Write Protect is off
[    5.338857] sd 0:0:2:0: [sdc] Mode Sense: cf 00 10 08
[    5.420850] sd 0:0:2:0: [sdc] Write cache: disabled, read cache: disabled, supports DPO and FUA
[    5.543523] sd 0:0:2:0: [sdc] Optimal transfer size 131072 bytes
[    5.884860] hisi_sas_release_task device=0xffff0010480b0c00
[    5.904510]  sdc: sdc1 sdc2 sdc3
[    5.904686] sd 0:0:2:0: [sdc] Attached SCSI disk
[    5.951774] scsi 0:0:5:0: Direct-Access     SanDisk  LT0200MO         P404 PQ: 0 ANSI: 6
[    5.953987] sd 0:0:4:0: [sde] 390721968 512-byte logical blocks: (200 GB/186 GiB)
[    5.996022] sd 0:0:4:0: [sde] Write Protect is off
[    5.996025] sd 0:0:4:0: [sde] Mode Sense: cf 00 10 08
[    6.078030] sd 0:0:4:0: [sde] Write cache: disabled, read cache: disabled, supports DPO and FUA
[    6.200698] sd 0:0:4:0: [sde] Optimal transfer size 131072 bytes
[    6.538197] hisi_sas_release_task device=0xffff0010480b0e00
[    6.561595]  sde: sde1 sde2 sde3
[    6.561757] sd 0:0:4:0: [sde] Attached SCSI disk
[    6.605125] scsi 0:0:6:0: Direct-Access     SanDisk  LT0200MO         P404 PQ: 0 ANSI: 6
[    6.607381] sd 0:0:5:0: [sdf] 390721968 512-byte logical blocks: (200 GB/186 GiB)
[    6.649394] sd 0:0:5:0: [sdf] Write Protect is off
[    6.649396] sd 0:0:5:0: [sdf] Mode Sense: cf 00 10 08
[    6.731391] sd 0:0:5:0: [sdf] Write cache: disabled, read cache: disabled, supports DPO and FUA
[    6.854050] sd 0:0:5:0: [sdf] Optimal transfer size 131072 bytes
[    7.191447] hisi_sas_release_task device=0xffff0010480b1000
[    7.214861]  sdf: sdf1 sdf2 sdf3 sdf4
[    7.215071] sd 0:0:5:0: [sdf] Attached SCSI disk
[    7.258362] scsi 0:0:7:0: Direct-Access     SanDisk  LT0200MO         P404 PQ: 0 ANSI: 6
[    7.260586] sd 0:0:6:0: [sdg] 390721968 512-byte logical blocks: (200 GB/186 GiB)
[    7.302647] sd 0:0:6:0: [sdg] Write Protect is off
[    7.302650] sd 0:0:6:0: [sdg] Mode Sense: cf 00 10 08
[    7.384663] sd 0:0:6:0: [sdg] Write cache: disabled, read cache: disabled, supports DPO and FUA
[    7.507336] sd 0:0:6:0: [sdg] Optimal transfer size 131072 bytes
[    7.838359] hisi_sas_release_task device=0xffff0010480b1200
[    7.838655] scsi 0:0:8:0: Enclosure         12G SAS  Expander         RevB PQ: 0 ANSI: 6
[    7.838756] scsi 0:0:8:0: Power-on or device reset occurred
[    7.840061] sas: DONE DISCOVERY on port 0, pid:402, result:0
[    7.840074] sas: phy1 matched wide port0
[    7.840081] sas: phy-0:1 added to port-0:0, phy_mask:0x3 (500e004aaaaaaa1f)
[    7.840090] sas: REVALIDATING DOMAIN on port 0, pid:402
[    7.840630] sas: ex 500e004aaaaaaa1f phy02 change count has changed
[    7.840918] sas: ex 500e004aaaaaaa1f phy02 originated BROADCAST(CHANGE)
[    7.840921] sas: ex 500e004aaaaaaa1f rediscovering phy02
[    7.841111] sas: ex 500e004aaaaaaa1f phy02 broadcast flutter
[    7.842457] sas: ex 500e004aaaaaaa1f phy16 originated BROADCAST(CHANGE)
[    7.842460] sas: ex 500e004aaaaaaa1f phy16 new device attached
[    7.842554] sas: ex 500e004aaaaaaa1f phy16:U:B attached: 3201581410000000 (host)
[    7.842651] sas: ex 500e004aaaaaaa1f phy17 originated BROADCAST(CHANGE)
[    7.842653] sas: ex 500e004aaaaaaa1f phy17 new device attached
[    7.842746] sas: ex 500e004aaaaaaa1f phy17:U:B attached: 3201581410000000 (host)
[    7.842842] sas: ex 500e004aaaaaaa1f phy18 originated BROADCAST(CHANGE)
[    7.842845] sas: ex 500e004aaaaaaa1f phy18 new device attached
[    7.842938] sas: ex 500e004aaaaaaa1f phy18:U:B attached: 3201581410000000 (host)
[    7.843034] sas: ex 500e004aaaaaaa1f phy19 originated BROADCAST(CHANGE)
[    7.843036] sas: ex 500e004aaaaaaa1f phy19 new device attached
[    7.843130] sas: ex 500e004aaaaaaa1f phy19:U:B attached: 3201581410000000 (host)
[    7.843226] sas: ex 500e004aaaaaaa1f phy20 originated BROADCAST(CHANGE)
[    7.843229] sas: ex 500e004aaaaaaa1f phy20 new device attached
[    7.843323] sas: ex 500e004aaaaaaa1f phy20:U:B attached: 3201581410000000 (host)
[    7.843419] sas: ex 500e004aaaaaaa1f phy21 originated BROADCAST(CHANGE)
[    7.843421] sas: ex 500e004aaaaaaa1f phy21 new device attached
[    7.843515] sas: ex 500e004aaaaaaa1f phy21:U:B attached: 3201581410000000 (host)
[    7.843611] sas: ex 500e004aaaaaaa1f phy22 originated BROADCAST(CHANGE)
[    7.843613] sas: ex 500e004aaaaaaa1f phy22 new device attached
[    7.843707] sas: ex 500e004aaaaaaa1f phy22:U:B attached: 3201581410000000 (host)
[    7.843803] sas: ex 500e004aaaaaaa1f phy23 originated BROADCAST(CHANGE)
[    7.843806] sas: ex 500e004aaaaaaa1f phy23 new device attached
[    7.843899] sas: ex 500e004aaaaaaa1f phy23:U:B attached: 3201581410000000 (host)
[    7.843996] sas: done REVALIDATING DOMAIN on port 0, pid:402, res 0x0
[    7.844005] sas: broadcast received: 0
[    7.844013] sas: REVALIDATING DOMAIN on port 0, pid:402
[    7.844092] sas: done REVALIDATING DOMAIN on port 0, pid:402, res 0x0
[    7.844101] sas: broadcast received: 0
[    7.844108] sas: REVALIDATING DOMAIN on port 0, pid:402
[    7.844188] sas: done REVALIDATING DOMAIN on port 0, pid:402, res 0x0
[    7.844196] sas: broadcast received: 0
[    7.844199] sas: broadcast received: 0
[    7.844201] sas: broadcast received: 0
[    7.844203] sas: broadcast received: 0
[    7.844205] sas: broadcast received: 0
[    7.844206] sas: broadcast received: 0
[    7.844208] sas: phy2 matched wide port0
[    7.844214] sas: phy-0:2 added to port-0:0, phy_mask:0x7 (500e004aaaaaaa1f)
[    7.844223] sas: REVALIDATING DOMAIN on port 0, pid:402
[    7.846687] sas: ex 500e004aaaaaaa1f phys DID NOT change
[    7.846689] sas: done REVALIDATING DOMAIN on port 0, pid:402, res 0x0
[    7.846698] sas: phy3 matched wide port0
[    7.846703] sas: phy-0:3 added to port-0:0, phy_mask:0xf (500e004aaaaaaa1f)
[    7.846712] sas: REVALIDATING DOMAIN on port 0, pid:402
[    7.849186] sas: ex 500e004aaaaaaa1f phys DID NOT change
[    7.849188] sas: done REVALIDATING DOMAIN on port 0, pid:402, res 0x0
[    7.849197] sas: phy4 matched wide port0
[    7.849203] sas: phy-0:4 added to port-0:0, phy_mask:0x1f (500e004aaaaaaa1f)
[    7.849211] sas: REVALIDATING DOMAIN on port 0, pid:402
[    7.851684] sas: ex 500e004aaaaaaa1f phys DID NOT change
[    7.851686] sas: done REVALIDATING DOMAIN on port 0, pid:402, res 0x0
[    7.851694] sas: phy5 matched wide port0
[    7.851698] sas: phy-0:5 added to port-0:0, phy_mask:0x3f (500e004aaaaaaa1f)
[    7.851706] sas: REVALIDATING DOMAIN on port 0, pid:402
[    7.854188] sas: ex 500e004aaaaaaa1f phys DID NOT change
[    7.854190] sas: done REVALIDATING DOMAIN on port 0, pid:402, res 0x0
[    7.854198] sas: phy6 matched wide port0
[    7.854205] sas: phy-0:6 added to port-0:0, phy_mask:0x7f (500e004aaaaaaa1f)
[    7.854213] sas: REVALIDATING DOMAIN on port 0, pid:402
[    7.856687] sas: ex 500e004aaaaaaa1f phys DID NOT change
[    7.856689] sas: done REVALIDATING DOMAIN on port 0, pid:402, res 0x0
[    7.856698] sas: phy7 matched wide port0
[    7.856707] sas: phy-0:7 added to port-0:0, phy_mask:0xff (500e004aaaaaaa1f)
[    7.856715] sas: REVALIDATING DOMAIN on port 0, pid:402
[    7.859186] sas: ex 500e004aaaaaaa1f phys DID NOT change
[    7.859188] sas: done REVALIDATING DOMAIN on port 0, pid:402, res 0x0
[    7.859196] sas: broadcast received: 0
[    7.859204] sas: REVALIDATING DOMAIN on port 0, pid:402
[    7.861685] sas: ex 500e004aaaaaaa1f phys DID NOT change
[    7.861687] sas: done REVALIDATING DOMAIN on port 0, pid:402, res 0x0
[    7.861696] sas: broadcast received: 0
[    7.861703] sas: REVALIDATING DOMAIN on port 0, pid:402
[    7.864184] sas: ex 500e004aaaaaaa1f phys DID NOT change
[    7.864186] sas: done REVALIDATING DOMAIN on port 0, pid:402, res 0x0
[    7.864194] sas: broadcast received: 0
[    7.864201] sas: REVALIDATING DOMAIN on port 0, pid:402
[    7.866683] sas: ex 500e004aaaaaaa1f phys DID NOT change
[    7.866684] sas: done REVALIDATING DOMAIN on port 0, pid:402, res 0x0
[    7.866693] sas: broadcast received: 0
[    7.866700] sas: REVALIDATING DOMAIN on port 0, pid:402
[    7.867014] sd 0:0:6:0: [sdg] Attached SCSI disk
[    7.869184] sas: ex 500e004aaaaaaa1f phys DID NOT change
[    7.869186] sas: done REVALIDATING DOMAIN on port 0, pid:402, res 0x0
[    7.869194] sas: broadcast received: 0
[    7.869202] sas: REVALIDATING DOMAIN on port 0, pid:402
[    7.871684] sas: ex 500e004aaaaaaa1f phys DID NOT change
[    7.871686] sas: done REVALIDATING DOMAIN on port 0, pid:402, res 0x0
[    7.871693] sas: broadcast received: 0
[    7.871700] sas: REVALIDATING DOMAIN on port 0, pid:402
[    7.874183] sas: ex 500e004aaaaaaa1f phys DID NOT change
[    7.874185] sas: done REVALIDATING DOMAIN on port 0, pid:402, res 0x0
[    7.874193] sas: broadcast received: 0
[    7.874200] sas: REVALIDATING DOMAIN on port 0, pid:402
[    7.876682] sas: ex 500e004aaaaaaa1f phys DID NOT change
[    7.876684] sas: done REVALIDATING DOMAIN on port 0, pid:402, res 0x0
[    7.876692] sas: broadcast received: 0
[    7.876700] sas: REVALIDATING DOMAIN on port 0, pid:402
[    7.879181] sas: ex 500e004aaaaaaa1f phys DID NOT change
[    7.879183] sas: done REVALIDATING DOMAIN on port 0, pid:402, res 0x0
[    7.881447] tun: Universal TUN/TAP device driver, 1.6
[    7.881689] thunder_xcv, ver 1.0
[    7.881707] thunder_bgx, ver 1.0
[    7.881727] nicpf, ver 1.0
[    7.913925] sd 0:0:7:0: [sdh] 390721968 512-byte logical blocks: (200 GB/186 GiB)
[    7.955932] sd 0:0:7:0: [sdh] Write Protect is off
[    7.955935] sd 0:0:7:0: [sdh] Mode Sense: cf 00 10 08
[    7.961431] ACPI: IORT: [Firmware Bug]: Named component missing memory address limit
[    7.961578] hns_dsaf HISI00B2:00: Adding to iommu group 1
[    8.036396] hns_dsaf HISI00B2:00: no mc-mac-mask property, set to default value.
[    8.037934] sd 0:0:7:0: [sdh] Write cache: disabled, read cache: disabled, supports DPO and FUA
[    8.160708] sd 0:0:7:0: [sdh] Optimal transfer size 131072 bytes
[    8.249425] hns_dsaf HISI00B2:00: no mc-mac-mask property, set to default value.
[    8.465754] hns_dsaf HISI00B2:00: no mc-mac-mask property, set to default value.
[    8.486299] hns_dsaf HISI00B2:00: no mc-mac-mask property, set to default value.
[    8.520735] sd 0:0:7:0: [sdh] Attached SCSI disk
[    8.787325] Generic PHY Mii-HISI0141:00:00: attached PHY driver (mii_bus:phy_addr=Mii-HISI0141:00:00, irq=POLL)
[    8.810396] Generic PHY Mii-HISI0141:00:01: attached PHY driver (mii_bus:phy_addr=Mii-HISI0141:00:01, irq=POLL)
[    8.856226] hns3: Hisilicon Ethernet Network Driver for Hip08 Family - version
[    8.856230] hns3: Copyright (c) 2017 Huawei Corporation.
[    8.856316] hclge is initializing
[    8.856336] e1000: Intel(R) PRO/1000 Network Driver
[    8.856338] e1000: Copyright (c) 1999-2006 Intel Corporation.
[    8.856359] e1000e: Intel(R) PRO/1000 Network Driver
[    8.856361] e1000e: Copyright(c) 1999 - 2015 Intel Corporation.
[    8.856382] igb: Intel(R) Gigabit Ethernet Network Driver
[    8.856384] igb: Copyright (c) 2007-2014 Intel Corporation.
[    8.856405] igbvf: Intel(R) Gigabit Virtual Function Network Driver
[    8.856407] igbvf: Copyright (c) 2009 - 2012 Intel Corporation.
[    8.856590] sky2: driver version 1.30
[    8.856899] VFIO - User Level meta-driver version: 0.3
[    8.857560] ehci_hcd: USB 2.0 'Enhanced' Host Controller (EHCI) Driver
[    8.857562] ehci-pci: EHCI PCI platform driver
[    8.857577] ehci-platform: EHCI generic platform driver
[    8.857613] ehci-orion: EHCI orion driver
[    8.857623] ACPI: IORT: [Firmware Bug]: Named component missing memory address limit
[    8.857643] ehci-exynos: EHCI Exynos driver
[    8.857666] ehci-platform PNP0D20:00: Adding to iommu group 2
[    8.857669] ohci_hcd: USB 1.1 'Open' Host Controller (OHCI) Driver
[    8.857676] ohci-pci: OHCI PCI platform driver
[    8.857693] ohci-platform: OHCI generic platform driver
[    8.857725] ohci-exynos: OHCI Exynos driver
[    8.857867] usbcore: registered new interface driver usb-storage
[    8.858830] ehci-platform PNP0D20:00: EHCI Host Controller
[    8.858838] ehci-platform PNP0D20:00: new USB bus registered, assigned bus number 1
[    8.858903] ehci-platform PNP0D20:00: irq 369, io mem 0xa7020000
[    8.873347] ehci-platform PNP0D20:00: USB 2.0 started, EHCI 1.00
[    8.873561] hub 1-0:1.0: USB hub found
[    8.873571] hub 1-0:1.0: 2 ports detected
[    8.984529] rtc-efi rtc-efi.0: registered as rtc0
[    9.047465] rtc-efi rtc-efi.0: setting system clock to 2022-07-01T16:24:33 UTC (1656692673)
[    9.047683] i2c_dev: i2c /dev entries driver
[    9.049610] sdhci: Secure Digital Host Controller Interface driver
[    9.049612] sdhci: Copyright(c) Pierre Ossman
[    9.049787] Synopsys Designware Multimedia Card Interface Driver
[    9.050002] sdhci-pltfm: SDHCI platform and OF driver helper
[    9.051463] ledtrig-cpu: registered to indicate activity on CPUs
[    9.054414] pstore: Registered efi as persistent store backend
[    9.054787] usbcore: registered new interface driver usbhid
[    9.054790] usbhid: USB HID core driver
[    9.056450] NET: Registered PF_PACKET protocol family
[    9.056533] 9pnet: Installing 9P2000 support
[    9.056565] Key type dns_resolver registered
[    9.056790] registered taskstats version 1
[    9.056809] Loading compiled-in X.509 certificates
[    9.057044] pstore: Using crash dump compression: deflate
[    9.059540] ARMH0011:00: ttyAMA0 at MMIO 0x602b0000 (irq = 370, base_baud = 0) is a SBSA
[    9.084342] printk: console [ttyAMA0] printing thread started
[    9.084349] printk: console [ttyAMA0] enabled
[    9.084352] printk: bootconsole [pl11] disabled
[    9.096026] printk: bootconsole [pl11] printing thread stopped
[    9.101769] pcieport 0002:f8:00.0: Adding to iommu group 3
[    9.103001] pcieport 0002:f8:00.0: can't derive routing for PCI INT A
[    9.103005] pcieport 0002:f8:00.0: PCI INT A: no GSI
[    9.106281] pcieport 0004:88:00.0: Adding to iommu group 4
[    9.107413] pcieport 0004:88:00.0: can't derive routing for PCI INT A
[    9.107416] pcieport 0004:88:00.0: PCI INT A: no GSI
[    9.112102] pcieport 0005:78:00.0: Adding to iommu group 5
[    9.113269] pcieport 0005:78:00.0: can't derive routing for PCI INT A
[    9.113273] pcieport 0005:78:00.0: PCI INT A: no GSI
[    9.117580] pcieport 000a:10:00.0: Adding to iommu group 6
[    9.118681] pcieport 000a:10:00.0: can't derive routing for PCI INT A
[    9.118684] pcieport 000a:10:00.0: PCI INT A: no GSI
[    9.124016] pcieport 000c:20:00.0: Adding to iommu group 7
[    9.125294] pcieport 000c:20:00.0: can't derive routing for PCI INT A
[    9.125297] pcieport 000c:20:00.0: PCI INT A: no GSI
[    9.128973] pcieport 000d:30:00.0: Adding to iommu group 8
[    9.130059] pcieport 000d:30:00.0: can't derive routing for PCI INT A
[    9.130063] pcieport 000d:30:00.0: PCI INT A: no GSI
[    9.133349] usb 1-1: new high-speed USB device number 2 using ehci-platform
[    9.134451] serial 0002:f9:00.0: Adding to iommu group 3
[    9.134472] pci 0002:f8:00.0: can't derive routing for PCI INT A
[    9.134474] serial 0002:f9:00.0: PCI INT A: no GSI
[    9.134494] serial 0002:f9:00.0: enabling device (0000 -> 0003)
[    9.156259] 0002:f9:00.0: ttyS2 at I/O 0x1000 (irq = 372, base_baud = 115200) is a ST16650V2
[    9.156401] serial 0002:f9:00.1: Adding to iommu group 3
[    9.156416] pci 0002:f8:00.0: can't derive routing for PCI INT B
[    9.156418] serial 0002:f9:00.1: PCI INT B: no GSI
[    9.156432] serial 0002:f9:00.1: enabling device (0000 -> 0003)
[    9.178045] 0002:f9:00.1: ttyS3 at I/O 0x1008 (irq = 373, base_baud = 115200) is a ST16650V2
[    9.178398] ALSA device list:
[    9.178402]   No soundcards found.
[    9.225295] EXT4-fs (sda2): mounted filesystem with ordered data mode. Quota mode: none.
[    9.225320] VFS: Mounted root (ext4 filesystem) on device 8:2.
[    9.225894] devtmpfs: mounted
[    9.228224] Freeing unused kernel memory: 6912K
[    9.245654] Run /sbin/init as init process
[    9.245657]   with arguments:
[    9.245658]     /sbin/init
[    9.245660]   with environment:
[    9.245661]     HOME=/
[    9.245662]     TERM=linux
[    9.245664]     BOOT_IMAGE=/john/Image
[    9.245665]     user_debug=1
[    9.293965] hub 1-1:1.0: USB hub found
[    9.294042] hub 1-1:1.0: 4 ports detected
[    9.345162] systemd[1]: systemd 237 running in system mode. (+PAM +AUDIT +SELINUX +IMA +APPARMOR +SMACK +SYSVINIT +UTMP +LIBCRYPTSETUP +GCRYPT +GNUTLS +ACL +XZ +LZ4 +SECCOMP +BLKID +ELFUTILS +KMOD -IDN2 +IDN -PCRE2 default-hierarchy=hybrid)
[    9.345661] systemd[1]: Detected architecture arm64.
[    9.393520] systemd[1]: Set hostname to <ubuntu>.
[    9.421346] usb 1-2: new high-speed USB device number 3 using ehci-platform
[    9.577957] hub 1-2:1.0: USB hub found
[    9.578042] hub 1-2:1.0: 4 ports detected
[    9.865344] usb 1-2.1: new full-speed USB device number 4 using ehci-platform
[    9.981966] input: Keyboard/Mouse KVM 1.1.0 as /devices/platform/PNP0D20:00/usb1/1-2/1-2.1/1-2.1:1.0/0003:12D1:0003.0001/input/input1
[   10.041476] hid-generic 0003:12D1:0003.0001: input: USB HID v1.10 Keyboard [Keyboard/Mouse KVM 1.1.0] on usb-PNP0D20:00-2.1/input0
[   10.042321] input: Keyboard/Mouse KVM 1.1.0 as /devices/platform/PNP0D20:00/usb1/1-2/1-2.1/1-2.1:1.1/0003:12D1:0003.0002/input/input2
