[    0.000000] Booting Linux on physical CPU 0x0000010000 [0x410fd082]
[    0.000000] Linux version 5.19.0-rc3-45032-g6ee3f0706159 (john@debian) (gcc (Debian 10.2.1-6) 10.2.1 20210110, GNU ld (GNU Binutils for Debian) 2.37) #955 SMP PREEMPT Fri Jun 24 13:12:53 BST 2022
[    0.000000] Machine model: Hisilicon PhosphorV660 Development Board
[    0.000000] efi: EFI v2.60 by EDK II
[    0.000000] efi: SMBIOS=0x3eff0000 SMBIOS 3.0=0x39aa0000 ACPI=0x39b70000 ACPI 2.0=0x39b70014 MEMATTR=0x3b8d0018 MEMRESERVE=0x3a002d18 
[    0.000000] ACPI: Early table checksum verification disabled
[    0.000000] ACPI: RSDP 0x0000000039B70014 000024 (v02 HISI  )
[    0.000000] ACPI: XSDT 0x0000000039B600E8 000084 (v01 HISI   HIP07    00000000      01000013)
[    0.000000] ACPI: FACP 0x0000000039A20000 00010C (v05 HISI   HIP07    00000000 INTL 20151124)
[    0.000000] ACPI: DSDT 0x00000000399E0000 0080C8 (v02 HISI   HIP07    00000000 INTL 20170728)
[    0.000000] ACPI: MCFG 0x0000000039A80000 0000AC (v01 HISI   HIP07    00000000 INTL 20151124)
[    0.000000] ACPI: SLIT 0x0000000039A70000 00003C (v01 HISI   HIP07    00000000 INTL 20151124)
[    0.000000] ACPI: SPCR 0x0000000039A60000 000050 (v02 HISI   HIP07    00000000 INTL 20151124)
[    0.000000] ACPI: SRAT 0x0000000039A50000 0005B0 (v03 HISI   HIP07    00000000 INTL 20151124)
[    0.000000] ACPI: DBG2 0x0000000039A40000 00005A (v00 HISI   HIP07    00000000 INTL 20151124)
[    0.000000] ACPI: GTDT 0x0000000039A10000 000098 (v02 HISI   HIP07    00000000 INTL 20151124)
[    0.000000] ACPI: APIC 0x0000000039A00000 0013E4 (v01 HISI   HIP07    00000000 INTL 20151124)
[    0.000000] ACPI: IORT 0x00000000399F0000 00080C (v00 HISI   HIP07    00000000 INTL 20170728)
[    0.000000] ACPI: PPTT 0x0000000031870000 001754 (v01 HISI   HIP07    00000000 INTL 20151124)
[    0.000000] ACPI: SPMI 0x0000000031860000 000041 (v05 HISI   HIP07    00000000 INTL 20151124)
[    0.000000] ACPI: iBFT 0x00000000317C0000 000800 (v01 HISI   HIP07    00000000      00000000)
[    0.000000] ACPI: SPCR: console: pl011,mmio32,0x602b0000,115200
[    0.000000] earlycon: pl11 at MMIO32 0x00000000602b0000 (options '115200')
[    0.000000] printk: bootconsole [pl11] enabled
[    0.000000] ACPI: SRAT: Node 0 PXM 0 [mem 0x00000000-0x3fffffff]
[    0.000000] ACPI: SRAT: Node 0 PXM 0 [mem 0x1000000000-0x17ffffffff]
[    0.000000] ACPI: SRAT: Node 2 PXM 2 [mem 0x40000000000-0x4003fffffff]
[    0.000000] ACPI: SRAT: Node 2 PXM 2 [mem 0x41000000000-0x417ffffffff]
[    0.000000] NUMA: NODE_DATA [mem 0x17fbffdb40-0x17fbffffff]
[    0.000000] NUMA: Initmem setup node 1 [<memory-less node>]
[    0.000000] NUMA: NODE_DATA [mem 0x417f4004b40-0x417f4006fff]
[    0.000000] NUMA: NODE_DATA(1) on node 2
[    0.000000] NUMA: NODE_DATA [mem 0x417f4002680-0x417f4004b3f]
[    0.000000] NUMA: Initmem setup node 3 [<memory-less node>]
[    0.000000] NUMA: NODE_DATA [mem 0x417f40001c0-0x417f400267f]
[    0.000000] NUMA: NODE_DATA(3) on node 2
[    0.000000] Zone ranges:
[    0.000000]   DMA      [mem 0x0000000000000000-0x00000000ffffffff]
[    0.000000]   DMA32    empty
[    0.000000]   Normal   [mem 0x0000000100000000-0x00000417fbffffff]
[    0.000000] Movable zone start for each node
[    0.000000] Early memory node ranges
[    0.000000]   node   0: [mem 0x0000000000000000-0x000000003188afff]
[    0.000000]   node   0: [mem 0x000000003188b000-0x000000003188efff]
[    0.000000]   node   0: [mem 0x000000003188f000-0x000000003992ffff]
[    0.000000]   node   0: [mem 0x0000000039930000-0x00000000399dffff]
[    0.000000]   node   0: [mem 0x00000000399e0000-0x0000000039a2ffff]
[    0.000000]   node   0: [mem 0x0000000039a30000-0x0000000039a3ffff]
[    0.000000]   node   0: [mem 0x0000000039a40000-0x0000000039a8ffff]
[    0.000000]   node   0: [mem 0x0000000039a90000-0x0000000039b5ffff]
[    0.000000]   node   0: [mem 0x0000000039b60000-0x0000000039b7ffff]
[    0.000000]   node   0: [mem 0x0000000039b80000-0x0000000039ffffff]
[    0.000000]   node   0: [mem 0x000000003a000000-0x000000003efeffff]
[    0.000000]   node   0: [mem 0x000000003eff0000-0x000000003f01ffff]
[    0.000000]   node   0: [mem 0x000000003f020000-0x000000003fbfffff]
[    0.000000]   node   0: [mem 0x0000001040000000-0x00000017fbffffff]
[    0.000000]   node   2: [mem 0x0000041000000000-0x00000417fbffffff]
[    0.000000] Initmem setup node 0 [mem 0x0000000000000000-0x00000017fbffffff]
[    0.000000] Initmem setup node 1 as memoryless
[    0.000000] Initmem setup node 2 [mem 0x0000041000000000-0x00000417fbffffff]
[    0.000000] Initmem setup node 3 as memoryless
[    0.000000] On node 0, zone Normal: 1024 pages in unavailable ranges
[    0.000000] On node 2, zone Normal: 16384 pages in unavailable ranges
[    0.000000] On node 2, zone Normal: 16384 pages in unavailable ranges
[    0.000000] cma: Reserved 32 MiB at 0x000000003ce00000
[    0.000000] crashkernel reserved: 0x0000000002000000 - 0x0000000012000000 (256 MB)
[    0.000000] psci: probing for conduit method from ACPI.
[    0.000000] psci: PSCIv1.0 detected in firmware.
[    0.000000] psci: Using standard PSCI v0.2 function IDs
[    0.000000] psci: MIGRATE_INFO_TYPE not supported.
[    0.000000] psci: SMC Calling Convention v1.0
[    0.000000] ACPI: NUMA: SRAT: PXM 0 -> MPIDR 0x10000 -> Node 0
[    0.000000] ACPI: NUMA: SRAT: PXM 0 -> MPIDR 0x10001 -> Node 0
[    0.000000] ACPI: NUMA: SRAT: PXM 0 -> MPIDR 0x10002 -> Node 0
[    0.000000] ACPI: NUMA: SRAT: PXM 0 -> MPIDR 0x10003 -> Node 0
[    0.000000] ACPI: NUMA: SRAT: PXM 0 -> MPIDR 0x10100 -> Node 0
[    0.000000] ACPI: NUMA: SRAT: PXM 0 -> MPIDR 0x10101 -> Node 0
[    0.000000] ACPI: NUMA: SRAT: PXM 0 -> MPIDR 0x10102 -> Node 0
[    0.000000] ACPI: NUMA: SRAT: PXM 0 -> MPIDR 0x10103 -> Node 0
[    0.000000] ACPI: NUMA: SRAT: PXM 0 -> MPIDR 0x10200 -> Node 0
[    0.000000] ACPI: NUMA: SRAT: PXM 0 -> MPIDR 0x10201 -> Node 0
[    0.000000] ACPI: NUMA: SRAT: PXM 0 -> MPIDR 0x10202 -> Node 0
[    0.000000] ACPI: NUMA: SRAT: PXM 0 -> MPIDR 0x10203 -> Node 0
[    0.000000] ACPI: NUMA: SRAT: PXM 0 -> MPIDR 0x10300 -> Node 0
[    0.000000] ACPI: NUMA: SRAT: PXM 0 -> MPIDR 0x10301 -> Node 0
[    0.000000] ACPI: NUMA: SRAT: PXM 0 -> MPIDR 0x10302 -> Node 0
[    0.000000] ACPI: NUMA: SRAT: PXM 0 -> MPIDR 0x10303 -> Node 0
[    0.000000] ACPI: NUMA: SRAT: PXM 1 -> MPIDR 0x30000 -> Node 1
[    0.000000] ACPI: NUMA: SRAT: PXM 1 -> MPIDR 0x30001 -> Node 1
[    0.000000] ACPI: NUMA: SRAT: PXM 1 -> MPIDR 0x30002 -> Node 1
[    0.000000] ACPI: NUMA: SRAT: PXM 1 -> MPIDR 0x30003 -> Node 1
[    0.000000] ACPI: NUMA: SRAT: PXM 1 -> MPIDR 0x30100 -> Node 1
[    0.000000] ACPI: NUMA: SRAT: PXM 1 -> MPIDR 0x30101 -> Node 1
[    0.000000] ACPI: NUMA: SRAT: PXM 1 -> MPIDR 0x30102 -> Node 1
[    0.000000] ACPI: NUMA: SRAT: PXM 1 -> MPIDR 0x30103 -> Node 1
[    0.000000] ACPI: NUMA: SRAT: PXM 1 -> MPIDR 0x30200 -> Node 1
[    0.000000] ACPI: NUMA: SRAT: PXM 1 -> MPIDR 0x30201 -> Node 1
[    0.000000] ACPI: NUMA: SRAT: PXM 1 -> MPIDR 0x30202 -> Node 1
[    0.000000] ACPI: NUMA: SRAT: PXM 1 -> MPIDR 0x30203 -> Node 1
[    0.000000] ACPI: NUMA: SRAT: PXM 1 -> MPIDR 0x30300 -> Node 1
[    0.000000] ACPI: NUMA: SRAT: PXM 1 -> MPIDR 0x30301 -> Node 1
[    0.000000] ACPI: NUMA: SRAT: PXM 1 -> MPIDR 0x30302 -> Node 1
[    0.000000] ACPI: NUMA: SRAT: PXM 1 -> MPIDR 0x30303 -> Node 1
[    0.000000] ACPI: NUMA: SRAT: PXM 2 -> MPIDR 0x50000 -> Node 2
[    0.000000] ACPI: NUMA: SRAT: PXM 2 -> MPIDR 0x50001 -> Node 2
[    0.000000] ACPI: NUMA: SRAT: PXM 2 -> MPIDR 0x50002 -> Node 2
[    0.000000] ACPI: NUMA: SRAT: PXM 2 -> MPIDR 0x50003 -> Node 2
[    0.000000] ACPI: NUMA: SRAT: PXM 2 -> MPIDR 0x50100 -> Node 2
[    0.000000] ACPI: NUMA: SRAT: PXM 2 -> MPIDR 0x50101 -> Node 2
[    0.000000] ACPI: NUMA: SRAT: PXM 2 -> MPIDR 0x50102 -> Node 2
[    0.000000] ACPI: NUMA: SRAT: PXM 2 -> MPIDR 0x50103 -> Node 2
[    0.000000] ACPI: NUMA: SRAT: PXM 2 -> MPIDR 0x50200 -> Node 2
[    0.000000] ACPI: NUMA: SRAT: PXM 2 -> MPIDR 0x50201 -> Node 2
[    0.000000] ACPI: NUMA: SRAT: PXM 2 -> MPIDR 0x50202 -> Node 2
[    0.000000] ACPI: NUMA: SRAT: PXM 2 -> MPIDR 0x50203 -> Node 2
[    0.000000] ACPI: NUMA: SRAT: PXM 2 -> MPIDR 0x50300 -> Node 2
[    0.000000] ACPI: NUMA: SRAT: PXM 2 -> MPIDR 0x50301 -> Node 2
[    0.000000] ACPI: NUMA: SRAT: PXM 2 -> MPIDR 0x50302 -> Node 2
[    0.000000] ACPI: NUMA: SRAT: PXM 2 -> MPIDR 0x50303 -> Node 2
[    0.000000] ACPI: NUMA: SRAT: PXM 3 -> MPIDR 0x70000 -> Node 3
[    0.000000] ACPI: NUMA: SRAT: PXM 3 -> MPIDR 0x70001 -> Node 3
[    0.000000] ACPI: NUMA: SRAT: PXM 3 -> MPIDR 0x70002 -> Node 3
[    0.000000] ACPI: NUMA: SRAT: PXM 3 -> MPIDR 0x70003 -> Node 3
[    0.000000] ACPI: NUMA: SRAT: PXM 3 -> MPIDR 0x70100 -> Node 3
[    0.000000] ACPI: NUMA: SRAT: PXM 3 -> MPIDR 0x70101 -> Node 3
[    0.000000] ACPI: NUMA: SRAT: PXM 3 -> MPIDR 0x70102 -> Node 3
[    0.000000] ACPI: NUMA: SRAT: PXM 3 -> MPIDR 0x70103 -> Node 3
[    0.000000] ACPI: NUMA: SRAT: PXM 3 -> MPIDR 0x70200 -> Node 3
[    0.000000] ACPI: NUMA: SRAT: PXM 3 -> MPIDR 0x70201 -> Node 3
[    0.000000] ACPI: NUMA: SRAT: PXM 3 -> MPIDR 0x70202 -> Node 3
[    0.000000] ACPI: NUMA: SRAT: PXM 3 -> MPIDR 0x70203 -> Node 3
[    0.000000] ACPI: NUMA: SRAT: PXM 3 -> MPIDR 0x70300 -> Node 3
[    0.000000] ACPI: NUMA: SRAT: PXM 3 -> MPIDR 0x70301 -> Node 3
[    0.000000] ACPI: NUMA: SRAT: PXM 3 -> MPIDR 0x70302 -> Node 3
[    0.000000] ACPI: NUMA: SRAT: PXM 3 -> MPIDR 0x70303 -> Node 3
[    0.000000] percpu: Embedded 20 pages/cpu s44520 r8192 d29208 u81920
[    0.000000] pcpu-alloc: s44520 r8192 d29208 u81920 alloc=20*4096
[    0.000000] pcpu-alloc: [0] 00 [0] 01 [0] 02 [0] 03 [0] 04 [0] 05 [0] 06 [0] 07 
[    0.000000] pcpu-alloc: [0] 08 [0] 09 [0] 10 [0] 11 [0] 12 [0] 13 [0] 14 [0] 15 
[    0.000000] pcpu-alloc: [1] 16 [1] 17 [1] 18 [1] 19 [1] 20 [1] 21 [1] 22 [1] 23 
[    0.000000] pcpu-alloc: [1] 24 [1] 25 [1] 26 [1] 27 [1] 28 [1] 29 [1] 30 [1] 31 
[    0.000000] pcpu-alloc: [2] 32 [2] 33 [2] 34 [2] 35 [2] 36 [2] 37 [2] 38 [2] 39 
[    0.000000] pcpu-alloc: [2] 40 [2] 41 [2] 42 [2] 43 [2] 44 [2] 45 [2] 46 [2] 47 
[    0.000000] pcpu-alloc: [3] 48 [3] 49 [3] 50 [3] 51 [3] 52 [3] 53 [3] 54 [3] 55 
[    0.000000] pcpu-alloc: [3] 56 [3] 57 [3] 58 [3] 59 [3] 60 [3] 61 [3] 62 [3] 63 
[    0.000000] Detected PIPT I-cache on CPU0
[    0.000000] CPU features: detected: GIC system register CPU interface
[    0.000000] CPU features: detected: Spectre-v2
[    0.000000] CPU features: detected: Spectre-v3a
[    0.000000] CPU features: detected: Spectre-v4
[    0.000000] CPU features: detected: Spectre-BHB
[    0.000000] CPU features: kernel page table isolation forced ON by KASLR
[    0.000000] CPU features: detected: Kernel page table isolation (KPTI)
[    0.000000] CPU features: detected: ARM errata 1165522, 1319367, or 1530923
[    0.000000] Fallback order for Node 0: 0 2 
[    0.000000] Fallback order for Node 1: 1 0 2 
[    0.000000] Fallback order for Node 2: 2 0 
[    0.000000] Fallback order for Node 3: 3 2 0 
[    0.000000] Built 4 zonelists, mobility grouping on.  Total pages: 16481808
[    0.000000] Policy zone: Normal
[    0.000000] Kernel command line: BOOT_IMAGE=/john/Image rdinit=/init crashkernel=256M@32M console=ttyAMA0,115200 earlycon acpi=force pcie_aspm=off noinitrd root=/dev/sda2 rw log_buf_len=16M user_debug=1 iommu.strict=0 nvme.use_threaded_interrupts=1 irqchip.gicv3_pseudo_nmi=1
[    0.000000] PCIe ASPM is disabled
[    0.000000] Unknown kernel command line parameters "BOOT_IMAGE=/john/Image user_debug=1", will be passed to user space.
[    0.000000] printk: log_buf_len: 16777216 bytes
[    0.000000] printk: early log buf free: 120088(91%)
[    0.000000] mem auto-init: stack:off, heap alloc:off, heap free:off
[    0.000000] software IO TLB: mapped [mem 0x0000000035930000-0x0000000039930000] (64MB)
[    0.000000] Memory: 65310356K/66973696K available (16000K kernel code, 3396K rwdata, 9024K rodata, 6976K init, 581K bss, 1630572K reserved, 32768K cma-reserved)
[    0.000000] SLUB: HWalign=64, Order=0-3, MinObjects=0, CPUs=64, Nodes=4
[    0.000000] rcu: Preemptible hierarchical RCU implementation.
[    0.000000] rcu: 	RCU event tracing is enabled.
[    0.000000] rcu: 	RCU restricting CPUs from NR_CPUS=256 to nr_cpu_ids=64.
[    0.000000] 	Trampoline variant of Tasks RCU enabled.
[    0.000000] 	Tracing variant of Tasks RCU enabled.
[    0.000000] rcu: RCU calculated value of scheduler-enlistment delay is 25 jiffies.
[    0.000000] rcu: Adjusting geometry for rcu_fanout_leaf=16, nr_cpu_ids=64
[    0.000000] NR_IRQS: 64, nr_irqs: 64, preallocated irqs: 0
[    0.000000] GICv3: GIC: Using split EOI/Deactivate mode
[    0.000000] GIC: enabling workaround for GICv3: HIP07 erratum 161010803
[    0.000000] GICv3: 988 SPIs implemented
[    0.000000] GICv3: 0 Extended SPIs implemented
[    0.000000] Root IRQ handler: gic_handle_irq
[    0.000000] GICv3: GICv3 features: 16 PPIs, DirectLPI
[    0.000000] GICv3: GICv4 features: DirectLPI 
[    0.000000] GICv3: CPU0: found redistributor 10000 region 0:0x000000004d100000
[    0.000000] SRAT: PXM 0 -> ITS 0 -> Node 0
[    0.000000] SRAT: PXM 1 -> ITS 1 -> Node 1
[    0.000000] SRAT: PXM 0 -> ITS 2 -> Node 0
[    0.000000] SRAT: PXM 1 -> ITS 3 -> Node 1
[    0.000000] SRAT: PXM 2 -> ITS 4 -> Node 2
[    0.000000] SRAT: PXM 3 -> ITS 5 -> Node 3
[    0.000000] SRAT: PXM 2 -> ITS 6 -> Node 2
[    0.000000] SRAT: PXM 3 -> ITS 7 -> Node 3
[    0.000000] ITS [mem 0x4c000000-0x4c01ffff]
[    0.000000] ITS@0x000000004c000000: Using ITS number 0
[    0.000000] GIC: enabling workaround for ITS: Hip07 erratum 161600802
[    0.000000] ITS@0x000000004c000000: allocated 524288 Devices @1040800000 (flat, esz 8, psz 16K, shr 1)
[    0.000000] ITS@0x000000004c000000: allocated 65536 Virtual CPUs @1040180000 (flat, esz 8, psz 4K, shr 1)
[    0.000000] ITS@0x000000004c000000: allocated 512 Interrupt Collections @1040143000 (flat, esz 8, psz 4K, shr 1)
[    0.000000] ITS [mem 0x6c000000-0x6c01ffff]
[    0.000000] ITS@0x000000006c000000: Using ITS number 1
[    0.000000] GIC: enabling workaround for ITS: Hip07 erratum 161600802
[    0.000000] ITS@0x000000006c000000: allocated 524288 Devices @1040c00000 (flat, esz 8, psz 16K, shr 1)
[    0.000000] ITS@0x000000006c000000: allocated 65536 Virtual CPUs @1040200000 (flat, esz 8, psz 4K, shr 1)
[    0.000000] ITS@0x000000006c000000: allocated 512 Interrupt Collections @1040144000 (flat, esz 8, psz 4K, shr 1)
[    0.000000] ITS [mem 0xc6000000-0xc601ffff]
[    0.000000] ITS@0x00000000c6000000: Using ITS number 2
[    0.000000] GIC: enabling workaround for ITS: Hip07 erratum 161600802
[    0.000000] ITS@0x00000000c6000000: allocated 524288 Devices @1041000000 (flat, esz 8, psz 16K, shr 1)
[    0.000000] ITS@0x00000000c6000000: allocated 65536 Virtual CPUs @1040280000 (flat, esz 8, psz 4K, shr 1)
[    0.000000] ITS@0x00000000c6000000: allocated 512 Interrupt Collections @1040145000 (flat, esz 8, psz 4K, shr 1)
[    0.000000] ITS [mem 0x8c6000000-0x8c601ffff]
[    0.000000] ITS@0x00000008c6000000: Using ITS number 3
[    0.000000] GIC: enabling workaround for ITS: Hip07 erratum 161600802
[    0.000000] ITS@0x00000008c6000000: allocated 524288 Devices @1041400000 (flat, esz 8, psz 16K, shr 1)
[    0.000000] ITS@0x00000008c6000000: allocated 65536 Virtual CPUs @1040380000 (flat, esz 8, psz 4K, shr 1)
[    0.000000] ITS@0x00000008c6000000: allocated 512 Interrupt Collections @1040146000 (flat, esz 8, psz 4K, shr 1)
[    0.000000] ITS [mem 0x4004c000000-0x4004c01ffff]
[    0.000000] ITS@0x000004004c000000: Using ITS number 4
[    0.000000] GIC: enabling workaround for ITS: Hip07 erratum 161600802
[    0.000000] ITS@0x000004004c000000: allocated 524288 Devices @41000400000 (flat, esz 8, psz 16K, shr 1)
[    0.000000] ITS@0x000004004c000000: allocated 65536 Virtual CPUs @41000080000 (flat, esz 8, psz 4K, shr 1)
[    0.000000] ITS@0x000004004c000000: allocated 512 Interrupt Collections @41000002000 (flat, esz 8, psz 4K, shr 1)
[    0.000000] ITS [mem 0x4006c000000-0x4006c01ffff]
[    0.000000] ITS@0x000004006c000000: Using ITS number 5
[    0.000000] GIC: enabling workaround for ITS: Hip07 erratum 161600802
[    0.000000] ITS@0x000004006c000000: allocated 524288 Devices @41000800000 (flat, esz 8, psz 16K, shr 1)
[    0.000000] ITS@0x000004006c000000: allocated 65536 Virtual CPUs @41000100000 (flat, esz 8, psz 4K, shr 1)
[    0.000000] ITS@0x000004006c000000: allocated 512 Interrupt Collections @41000003000 (flat, esz 8, psz 4K, shr 1)
[    0.000000] ITS [mem 0x400c6000000-0x400c601ffff]
[    0.000000] ITS@0x00000400c6000000: Using ITS number 6
[    0.000000] GIC: enabling workaround for ITS: Hip07 erratum 161600802
[    0.000000] ITS@0x00000400c6000000: allocated 524288 Devices @41000c00000 (flat, esz 8, psz 16K, shr 1)
[    0.000000] ITS@0x00000400c6000000: allocated 65536 Virtual CPUs @41000180000 (flat, esz 8, psz 4K, shr 1)
[    0.000000] ITS@0x00000400c6000000: allocated 512 Interrupt Collections @41000004000 (flat, esz 8, psz 4K, shr 1)
[    0.000000] ITS [mem 0x408c6000000-0x408c601ffff]
[    0.000000] ITS@0x00000408c6000000: Using ITS number 7
[    0.000000] GIC: enabling workaround for ITS: Hip07 erratum 161600802
[    0.000000] ITS@0x00000408c6000000: allocated 524288 Devices @41001000000 (flat, esz 8, psz 16K, shr 1)
[    0.000000] ITS@0x00000408c6000000: allocated 65536 Virtual CPUs @41000200000 (flat, esz 8, psz 4K, shr 1)
[    0.000000] ITS@0x00000408c6000000: allocated 512 Interrupt Collections @41000005000 (flat, esz 8, psz 4K, shr 1)
[    0.000000] GICv3: using LPI property table @0x0000001040310000
[    0.000000] ITS: Using DirectLPI for VPE invalidation
[    0.000000] ITS: Enabling GICv4 support
[    0.000000] GICv3: CPU0: using allocated LPI pending table @0x0000001040320000
[    0.000000] rcu: srcu_init: Setting srcu_struct sizes based on contention.
[    0.000000] arch_timer: Enabling global workaround for HiSilicon erratum 161010101
[    0.000000] arch_timer: CPU0: Trapping CNTVCT access
[    0.000000] arch_timer: cp15 timer(s) running at 50.00MHz (phys).
[    0.000000] clocksource: arch_sys_counter: mask: 0xffffffffffffff max_cycles: 0xb8812736b, max_idle_ns: 440795202655 ns
[    0.000000] sched_clock: 56 bits at 50MHz, resolution 20ns, wraps every 4398046511100ns
[    0.008173] Console: colour dummy device 80x25
[    0.012745] mempolicy: Enabling automatic NUMA balancing. Configure with numa_balancing= or the kernel.numa_balancing sysctl
[    0.024032] ACPI: Core revision 20220331
[    0.028029] ACPI BIOS Warning (bug): Incorrect checksum in table [DSDT] - 0x71, should be 0x6F (20220331/tbprint-174)
[    0.038785] Calibrating delay loop (skipped), value calculated using timer frequency.. 100.00 BogoMIPS (lpj=200000)
[    0.049275] pid_max: default: 65536 minimum: 512
[    0.053955] LSM: Security Framework initializing
[    0.081285] Dentry cache hash table entries: 8388608 (order: 14, 67108864 bytes, vmalloc)
[    0.099705] Inode-cache hash table entries: 4194304 (order: 13, 33554432 bytes, vmalloc)
[    0.108232] Mount-cache hash table entries: 131072 (order: 8, 1048576 bytes, vmalloc)
[    0.116453] Mountpoint-cache hash table entries: 131072 (order: 8, 1048576 bytes, vmalloc)
[    0.126403] cblist_init_generic: Setting adjustable number of callback queues.
[    0.133726] cblist_init_generic: Setting shift to 6 and lim to 1.
[    0.139929] cblist_init_generic: Setting shift to 6 and lim to 1.
[    0.146137] rcu: Hierarchical SRCU implementation.
[    0.146157] printk: bootconsole [pl11] printing thread started
[    0.156892] Platform MSI: ITS@0x4c000000 domain created
[    0.156896] Platform MSI: ITS@0x6c000000 domain created
[    0.156900] Platform MSI: ITS@0xc6000000 domain created
[    0.156902] Platform MSI: ITS@0x8c6000000 domain created
[    0.156905] Platform MSI: ITS@0x4004c000000 domain created
[    0.156910] Platform MSI: ITS@0x4006c000000 domain created
[    0.156914] Platform MSI: ITS@0x400c6000000 domain created
[    0.156917] Platform MSI: ITS@0x408c6000000 domain created
[    0.156923] PCI/MSI: ITS@0x4c000000 domain created
[    0.156926] PCI/MSI: ITS@0x6c000000 domain created
[    0.156929] PCI/MSI: ITS@0xc6000000 domain created
[    0.156932] PCI/MSI: ITS@0x8c6000000 domain created
[    0.156934] PCI/MSI: ITS@0x4004c000000 domain created
[    0.156937] PCI/MSI: ITS@0x4006c000000 domain created
[    0.156940] PCI/MSI: ITS@0x400c6000000 domain created
[    0.156942] PCI/MSI: ITS@0x408c6000000 domain created
[    0.156947] fsl-mc MSI: ITS@0x4c000000 domain created
[    0.156950] fsl-mc MSI: ITS@0x6c000000 domain created
[    0.156952] fsl-mc MSI: ITS@0xc6000000 domain created
[    0.156955] fsl-mc MSI: ITS@0x8c6000000 domain created
[    0.156957] fsl-mc MSI: ITS@0x4004c000000 domain created
[    0.156959] fsl-mc MSI: ITS@0x4006c000000 domain created
[    0.156963] fsl-mc MSI: ITS@0x400c6000000 domain created
[    0.156965] fsl-mc MSI: ITS@0x408c6000000 domain created
[    0.156983] Remapping and enabling EFI services.
[    0.159141] smp: Bringing up secondary CPUs ...
[    0.295122] Detected PIPT I-cache on CPU1
[    0.295136] GICv3: CPU1: found redistributor 10001 region 1:0x000000004d140000
[    0.295143] GICv3: CPU1: using allocated LPI pending table @0x0000001040330000
[    0.295295] arch_timer: CPU1: Trapping CNTVCT access
[    0.295300] CPU1: Booted secondary processor 0x0000010001 [0x410fd082]
[    0.297721] Detected PIPT I-cache on CPU2
[    0.297729] GICv3: CPU2: found redistributor 10002 region 2:0x000000004d180000
[    0.297734] GICv3: CPU2: using allocated LPI pending table @0x0000001040340000
[    0.297871] arch_timer: CPU2: Trapping CNTVCT access
[    0.297874] CPU2: Booted secondary processor 0x0000010002 [0x410fd082]
[    0.300287] Detected PIPT I-cache on CPU3
[    0.300295] GICv3: CPU3: found redistributor 10003 region 3:0x000000004d1c0000
[    0.300301] GICv3: CPU3: using allocated LPI pending table @0x0000001040350000
[    0.300439] arch_timer: CPU3: Trapping CNTVCT access
[    0.300442] CPU3: Booted secondary processor 0x0000010003 [0x410fd082]
[    0.391859] Detected PIPT I-cache on CPU4
[    0.391870] GICv3: CPU4: found redistributor 10100 region 4:0x000000004d200000
[    0.391875] GICv3: CPU4: using allocated LPI pending table @0x0000001040360000
[    0.392014] arch_timer: CPU4: Trapping CNTVCT access
[    0.392018] CPU4: Booted secondary processor 0x0000010100 [0x410fd082]
[    0.394448] Detected PIPT I-cache on CPU5
[    0.394456] GICv3: CPU5: found redistributor 10101 region 5:0x000000004d240000
[    0.394462] GICv3: CPU5: using allocated LPI pending table @0x0000001040370000
[    0.394598] arch_timer: CPU5: Trapping CNTVCT access
[    0.394601] CPU5: Booted secondary processor 0x0000010101 [0x410fd082]
[    0.397011] Detected PIPT I-cache on CPU6
[    0.397020] GICv3: CPU6: found redistributor 10102 region 6:0x000000004d280000
[    0.397026] GICv3: CPU6: using allocated LPI pending table @0x0000001041800000
[    0.397163] arch_timer: CPU6: Trapping CNTVCT access
[    0.397166] CPU6: Booted secondary processor 0x0000010102 [0x410fd082]
[    0.488584] Detected PIPT I-cache on CPU7
[    0.488593] GICv3: CPU7: found redistributor 10103 region 7:0x000000004d2c0000
[    0.488598] GICv3: CPU7: using allocated LPI pending table @0x0000001041810000
[    0.488735] arch_timer: CPU7: Trapping CNTVCT access
[    0.488738] CPU7: Booted secondary processor 0x0000010103 [0x410fd082]
[    0.491156] Detected PIPT I-cache on CPU8
[    0.491168] GICv3: CPU8: found redistributor 10200 region 8:0x000000004d300000
[    0.491173] GICv3: CPU8: using allocated LPI pending table @0x0000001041820000
[    0.491310] arch_timer: CPU8: Trapping CNTVCT access
[    0.491313] CPU8: Booted secondary processor 0x0000010200 [0x410fd082]
[    0.493737] Detected PIPT I-cache on CPU9
[    0.493747] GICv3: CPU9: found redistributor 10201 region 9:0x000000004d340000
[    0.493752] GICv3: CPU9: using allocated LPI pending table @0x0000001041830000
[    0.493888] arch_timer: CPU9: Trapping CNTVCT access
[    0.493891] CPU9: Booted secondary processor 0x0000010201 [0x410fd082]
[    0.585310] Detected PIPT I-cache on CPU10
[    0.585320] GICv3: CPU10: found redistributor 10202 region 10:0x000000004d380000
[    0.585325] GICv3: CPU10: using allocated LPI pending table @0x0000001041840000
[    0.585461] arch_timer: CPU10: Trapping CNTVCT access
[    0.585464] CPU10: Booted secondary processor 0x0000010202 [0x410fd082]
[    0.587880] Detected PIPT I-cache on CPU11
[    0.587890] GICv3: CPU11: found redistributor 10203 region 11:0x000000004d3c0000
[    0.587896] GICv3: CPU11: using allocated LPI pending table @0x0000001041850000
[    0.588033] arch_timer: CPU11: Trapping CNTVCT access
[    0.588036] CPU11: Booted secondary processor 0x0000010203 [0x410fd082]
[    0.590460] Detected PIPT I-cache on CPU12
[    0.590473] GICv3: CPU12: found redistributor 10300 region 12:0x000000004d400000
[    0.590479] GICv3: CPU12: using allocated LPI pending table @0x0000001041860000
[    0.590616] arch_timer: CPU12: Trapping CNTVCT access
[    0.590619] CPU12: Booted secondary processor 0x0000010300 [0x410fd082]
[    0.683617] Detected PIPT I-cache on CPU13
[    0.683628] GICv3: CPU13: found redistributor 10301 region 13:0x000000004d440000
[    0.683634] GICv3: CPU13: using allocated LPI pending table @0x0000001041870000
[    0.683769] arch_timer: CPU13: Trapping CNTVCT access
[    0.683772] CPU13: Booted secondary processor 0x0000010301 [0x410fd082]
[    0.686188] Detected PIPT I-cache on CPU14
[    0.686199] GICv3: CPU14: found redistributor 10302 region 14:0x000000004d480000
[    0.686204] GICv3: CPU14: using allocated LPI pending table @0x0000001041880000
[    0.686340] arch_timer: CPU14: Trapping CNTVCT access
[    0.686343] CPU14: Booted secondary processor 0x0000010302 [0x410fd082]
[    0.688768] Detected PIPT I-cache on CPU15
[    0.688779] GICv3: CPU15: found redistributor 10303 region 15:0x000000004d4c0000
[    0.688785] GICv3: CPU15: using allocated LPI pending table @0x0000001041890000
[    0.688921] arch_timer: CPU15: Trapping CNTVCT access
[    0.688924] CPU15: Booted secondary processor 0x0000010303 [0x410fd082]
[    0.781890] Detected PIPT I-cache on CPU16
[    0.781907] GICv3: CPU16: found redistributor 30000 region 16:0x000000006d100000
[    0.781913] GICv3: CPU16: using allocated LPI pending table @0x00000010418a0000
[    0.782093] arch_timer: CPU16: Trapping CNTVCT access
[    0.782097] CPU16: Booted secondary processor 0x0000030000 [0x410fd082]
[    0.784582] Detected PIPT I-cache on CPU17
[    0.784594] GICv3: CPU17: found redistributor 30001 region 17:0x000000006d140000
[    0.784600] GICv3: CPU17: using allocated LPI pending table @0x00000010418b0000
[    0.784777] arch_timer: CPU17: Trapping CNTVCT access
[    0.784781] CPU17: Booted secondary processor 0x0000030001 [0x410fd082]
[    0.787176] Detected PIPT I-cache on CPU18
[    0.787188] GICv3: CPU18: found redistributor 30002 region 18:0x000000006d180000
[    0.787194] GICv3: CPU18: using allocated LPI pending table @0x00000010418c0000
[    0.787373] arch_timer: CPU18: Trapping CNTVCT access
[    0.787376] CPU18: Booted secondary processor 0x0000030002 [0x410fd082]
[    0.880222] Detected PIPT I-cache on CPU19
[    0.880234] GICv3: CPU19: found redistributor 30003 region 19:0x000000006d1c0000
[    0.880240] GICv3: CPU19: using allocated LPI pending table @0x00000010418d0000
[    0.880418] arch_timer: CPU19: Trapping CNTVCT access
[    0.880422] CPU19: Booted secondary processor 0x0000030003 [0x410fd082]
[    0.882825] Detected PIPT I-cache on CPU20
[    0.882842] GICv3: CPU20: found redistributor 30100 region 20:0x000000006d200000
[    0.882850] GICv3: CPU20: using allocated LPI pending table @0x00000010418e0000
[    0.883032] arch_timer: CPU20: Trapping CNTVCT access
[    0.883037] CPU20: Booted secondary processor 0x0000030100 [0x410fd082]
[    0.885455] Detected PIPT I-cache on CPU21
[    0.885468] GICv3: CPU21: found redistributor 30101 region 21:0x000000006d240000
[    0.885474] GICv3: CPU21: using allocated LPI pending table @0x00000010418f0000
[    0.885652] arch_timer: CPU21: Trapping CNTVCT access
[    0.885655] CPU21: Booted secondary processor 0x0000030101 [0x410fd082]
[    0.978547] Detected PIPT I-cache on CPU22
[    0.978560] GICv3: CPU22: found redistributor 30102 region 22:0x000000006d280000
[    0.978567] GICv3: CPU22: using allocated LPI pending table @0x0000001041900000
[    0.978746] arch_timer: CPU22: Trapping CNTVCT access
[    0.978749] CPU22: Booted secondary processor 0x0000030102 [0x410fd082]
[    0.981152] Detected PIPT I-cache on CPU23
[    0.981165] GICv3: CPU23: found redistributor 30103 region 23:0x000000006d2c0000
[    0.981171] GICv3: CPU23: using allocated LPI pending table @0x0000001041910000
[    0.981349] arch_timer: CPU23: Trapping CNTVCT access
[    0.981353] CPU23: Booted secondary processor 0x0000030103 [0x410fd082]
[    0.983753] Detected PIPT I-cache on CPU24
[    0.983772] GICv3: CPU24: found redistributor 30200 region 24:0x000000006d300000
[    0.983780] GICv3: CPU24: using allocated LPI pending table @0x0000001041920000
[    0.983963] arch_timer: CPU24: Trapping CNTVCT access
[    0.983968] CPU24: Booted secondary processor 0x0000030200 [0x410fd082]
[    1.076896] Detected PIPT I-cache on CPU25
[    1.076909] GICv3: CPU25: found redistributor 30201 region 25:0x000000006d340000
[    1.076916] GICv3: CPU25: using allocated LPI pending table @0x0000001041930000
[    1.077097] arch_timer: CPU25: Trapping CNTVCT access
[    1.077101] CPU25: Booted secondary processor 0x0000030201 [0x410fd082]
[    1.079510] Detected PIPT I-cache on CPU26
[    1.079524] GICv3: CPU26: found redistributor 30202 region 26:0x000000006d380000
[    1.079531] GICv3: CPU26: using allocated LPI pending table @0x0000001041940000
[    1.079709] arch_timer: CPU26: Trapping CNTVCT access
[    1.079713] CPU26: Booted secondary processor 0x0000030202 [0x410fd082]
[    1.082114] Detected PIPT I-cache on CPU27
[    1.082128] GICv3: CPU27: found redistributor 30203 region 27:0x000000006d3c0000
[    1.082135] GICv3: CPU27: using allocated LPI pending table @0x0000001041950000
[    1.082312] arch_timer: CPU27: Trapping CNTVCT access
[    1.082316] CPU27: Booted secondary processor 0x0000030203 [0x410fd082]
[    1.175223] Detected PIPT I-cache on CPU28
[    1.175244] GICv3: CPU28: found redistributor 30300 region 28:0x000000006d400000
[    1.175252] GICv3: CPU28: using allocated LPI pending table @0x0000001041960000
[    1.175433] arch_timer: CPU28: Trapping CNTVCT access
[    1.175438] CPU28: Booted secondary processor 0x0000030300 [0x410fd082]
[    1.177875] Detected PIPT I-cache on CPU29
[    1.177890] GICv3: CPU29: found redistributor 30301 region 29:0x000000006d440000
[    1.177896] GICv3: CPU29: using allocated LPI pending table @0x0000001041970000
[    1.178078] arch_timer: CPU29: Trapping CNTVCT access
[    1.178081] CPU29: Booted secondary processor 0x0000030301 [0x410fd082]
[    1.180474] Detected PIPT I-cache on CPU30
[    1.180489] GICv3: CPU30: found redistributor 30302 region 30:0x000000006d480000
[    1.180496] GICv3: CPU30: using allocated LPI pending table @0x0000001041980000
[    1.180674] arch_timer: CPU30: Trapping CNTVCT access
[    1.180677] CPU30: Booted secondary processor 0x0000030302 [0x410fd082]
[    1.273566] Detected PIPT I-cache on CPU31
[    1.273581] GICv3: CPU31: found redistributor 30303 region 31:0x000000006d4c0000
[    1.273588] GICv3: CPU31: using allocated LPI pending table @0x0000001041990000
[    1.273766] arch_timer: CPU31: Trapping CNTVCT access
[    1.273769] CPU31: Booted secondary processor 0x0000030303 [0x410fd082]
[    1.276368] Detected PIPT I-cache on CPU32
[    1.276424] GICv3: CPU32: found redistributor 50000 region 32:0x000004004d100000
[    1.276443] GICv3: CPU32: using allocated LPI pending table @0x00000010419a0000
[    1.276621] arch_timer: CPU32: Trapping CNTVCT access
[    1.276632] CPU32: Booted secondary processor 0x0000050000 [0x410fd082]
[    1.279465] Detected PIPT I-cache on CPU33
[    1.279498] GICv3: CPU33: found redistributor 50001 region 33:0x000004004d140000
[    1.279508] GICv3: CPU33: using allocated LPI pending table @0x00000010419b0000
[    1.279646] arch_timer: CPU33: Trapping CNTVCT access
[    1.279650] CPU33: Booted secondary processor 0x0000050001 [0x410fd082]
[    1.372096] Detected PIPT I-cache on CPU34
[    1.372130] GICv3: CPU34: found redistributor 50002 region 34:0x000004004d180000
[    1.372140] GICv3: CPU34: using allocated LPI pending table @0x00000010419c0000
[    1.372278] arch_timer: CPU34: Trapping CNTVCT access
[    1.372281] CPU34: Booted secondary processor 0x0000050002 [0x410fd082]
[    1.374879] Detected PIPT I-cache on CPU35
[    1.374912] GICv3: CPU35: found redistributor 50003 region 35:0x000004004d1c0000
[    1.374922] GICv3: CPU35: using allocated LPI pending table @0x00000010419d0000
[    1.375061] arch_timer: CPU35: Trapping CNTVCT access
[    1.375064] CPU35: Booted secondary processor 0x0000050003 [0x410fd082]
[    1.377655] Detected PIPT I-cache on CPU36
[    1.377689] GICv3: CPU36: found redistributor 50100 region 36:0x000004004d200000
[    1.377699] GICv3: CPU36: using allocated LPI pending table @0x00000010419e0000
[    1.377839] arch_timer: CPU36: Trapping CNTVCT access
[    1.377842] CPU36: Booted secondary processor 0x0000050100 [0x410fd082]
[    1.470631] Detected PIPT I-cache on CPU37
[    1.470665] GICv3: CPU37: found redistributor 50101 region 37:0x000004004d240000
[    1.470675] GICv3: CPU37: using allocated LPI pending table @0x00000010419f0000
[    1.470815] arch_timer: CPU37: Trapping CNTVCT access
[    1.470818] CPU37: Booted secondary processor 0x0000050101 [0x410fd082]
[    1.473407] Detected PIPT I-cache on CPU38
[    1.473440] GICv3: CPU38: found redistributor 50102 region 38:0x000004004d280000
[    1.473450] GICv3: CPU38: using allocated LPI pending table @0x0000001041a00000
[    1.473589] arch_timer: CPU38: Trapping CNTVCT access
[    1.473592] CPU38: Booted secondary processor 0x0000050102 [0x410fd082]
[    1.476187] Detected PIPT I-cache on CPU39
[    1.476221] GICv3: CPU39: found redistributor 50103 region 39:0x000004004d2c0000
[    1.476231] GICv3: CPU39: using allocated LPI pending table @0x0000001041a10000
[    1.476370] arch_timer: CPU39: Trapping CNTVCT access
[    1.476373] CPU39: Booted secondary processor 0x0000050103 [0x410fd082]
[    1.569214] Detected PIPT I-cache on CPU40
[    1.569251] GICv3: CPU40: found redistributor 50200 region 40:0x000004004d300000
[    1.569262] GICv3: CPU40: using allocated LPI pending table @0x0000001041a20000
[    1.569403] arch_timer: CPU40: Trapping CNTVCT access
[    1.569406] CPU40: Booted secondary processor 0x0000050200 [0x410fd082]
[    1.572013] Detected PIPT I-cache on CPU41
[    1.572047] GICv3: CPU41: found redistributor 50201 region 41:0x000004004d340000
[    1.572057] GICv3: CPU41: using allocated LPI pending table @0x0000001041a30000
[    1.572196] arch_timer: CPU41: Trapping CNTVCT access
[    1.572199] CPU41: Booted secondary processor 0x0000050201 [0x410fd082]
[    1.574784] Detected PIPT I-cache on CPU42
[    1.574818] GICv3: CPU42: found redistributor 50202 region 42:0x000004004d380000
[    1.574828] GICv3: CPU42: using allocated LPI pending table @0x0000001041a40000
[    1.574964] arch_timer: CPU42: Trapping CNTVCT access
[    1.574967] CPU42: Booted secondary processor 0x0000050202 [0x410fd082]
[    1.667800] Detected PIPT I-cache on CPU43
[    1.667835] GICv3: CPU43: found redistributor 50203 region 43:0x000004004d3c0000
[    1.667846] GICv3: CPU43: using allocated LPI pending table @0x0000001041a50000
[    1.667983] arch_timer: CPU43: Trapping CNTVCT access
[    1.667986] CPU43: Booted secondary processor 0x0000050203 [0x410fd082]
[    1.670583] Detected PIPT I-cache on CPU44
[    1.670620] GICv3: CPU44: found redistributor 50300 region 44:0x000004004d400000
[    1.670631] GICv3: CPU44: using allocated LPI pending table @0x0000001041a60000
[    1.670770] arch_timer: CPU44: Trapping CNTVCT access
[    1.670774] CPU44: Booted secondary processor 0x0000050300 [0x410fd082]
[    1.673386] Detected PIPT I-cache on CPU45
[    1.673421] GICv3: CPU45: found redistributor 50301 region 45:0x000004004d440000
[    1.673431] GICv3: CPU45: using allocated LPI pending table @0x0000001041a70000
[    1.673569] arch_timer: CPU45: Trapping CNTVCT access
[    1.673572] CPU45: Booted secondary processor 0x0000050301 [0x410fd082]
[    1.766326] Detected PIPT I-cache on CPU46
[    1.766361] GICv3: CPU46: found redistributor 50302 region 46:0x000004004d480000
[    1.766372] GICv3: CPU46: using allocated LPI pending table @0x0000001041a80000
[    1.766510] arch_timer: CPU46: Trapping CNTVCT access
[    1.766512] CPU46: Booted secondary processor 0x0000050302 [0x410fd082]
[    1.769111] Detected PIPT I-cache on CPU47
[    1.769146] GICv3: CPU47: found redistributor 50303 region 47:0x000004004d4c0000
[    1.769156] GICv3: CPU47: using allocated LPI pending table @0x0000001041a90000
[    1.769294] arch_timer: CPU47: Trapping CNTVCT access
[    1.769297] CPU47: Booted secondary processor 0x0000050303 [0x410fd082]
[    1.771940] Detected PIPT I-cache on CPU48
[    1.771983] GICv3: CPU48: found redistributor 70000 region 48:0x000004006d100000
[    1.771995] GICv3: CPU48: using allocated LPI pending table @0x0000001041aa0000
[    1.772181] arch_timer: CPU48: Trapping CNTVCT access
[    1.772185] CPU48: Booted secondary processor 0x0000070000 [0x410fd082]
[    1.865002] Detected PIPT I-cache on CPU49
[    1.865042] GICv3: CPU49: found redistributor 70001 region 49:0x000004006d140000
[    1.865054] GICv3: CPU49: using allocated LPI pending table @0x0000001041ab0000
[    1.865237] arch_timer: CPU49: Trapping CNTVCT access
[    1.865240] CPU49: Booted secondary processor 0x0000070001 [0x410fd082]
[    1.867869] Detected PIPT I-cache on CPU50
[    1.867908] GICv3: CPU50: found redistributor 70002 region 50:0x000004006d180000
[    1.867919] GICv3: CPU50: using allocated LPI pending table @0x0000001041ac0000
[    1.868103] arch_timer: CPU50: Trapping CNTVCT access
[    1.868106] CPU50: Booted secondary processor 0x0000070002 [0x410fd082]
[    1.870741] Detected PIPT I-cache on CPU51
[    1.870779] GICv3: CPU51: found redistributor 70003 region 51:0x000004006d1c0000
[    1.870792] GICv3: CPU51: using allocated LPI pending table @0x0000001041ad0000
[    1.870976] arch_timer: CPU51: Trapping CNTVCT access
[    1.870979] CPU51: Booted secondary processor 0x0000070003 [0x410fd082]
[    1.963744] Detected PIPT I-cache on CPU52
[    1.963789] GICv3: CPU52: found redistributor 70100 region 52:0x000004006d200000
[    1.963803] GICv3: CPU52: using allocated LPI pending table @0x0000001041ae0000
[    1.963989] arch_timer: CPU52: Trapping CNTVCT access
[    1.963993] CPU52: Booted secondary processor 0x0000070100 [0x410fd082]
[    1.966679] Detected PIPT I-cache on CPU53
[    1.966718] GICv3: CPU53: found redistributor 70101 region 53:0x000004006d240000
[    1.966730] GICv3: CPU53: using allocated LPI pending table @0x0000001041af0000
[    1.966912] arch_timer: CPU53: Trapping CNTVCT access
[    1.966916] CPU53: Booted secondary processor 0x0000070101 [0x410fd082]
[    1.969539] Detected PIPT I-cache on CPU54
[    1.969579] GICv3: CPU54: found redistributor 70102 region 54:0x000004006d280000
[    1.969590] GICv3: CPU54: using allocated LPI pending table @0x0000001041b00000
[    1.969774] arch_timer: CPU54: Trapping CNTVCT access
[    1.969776] CPU54: Booted secondary processor 0x0000070102 [0x410fd082]
[    2.062411] Detected PIPT I-cache on CPU55
[    2.062452] GICv3: CPU55: found redistributor 70103 region 55:0x000004006d2c0000
[    2.062464] GICv3: CPU55: using allocated LPI pending table @0x0000001041b10000
[    2.062647] arch_timer: CPU55: Trapping CNTVCT access
[    2.062650] CPU55: Booted secondary processor 0x0000070103 [0x410fd082]
[    2.065288] Detected PIPT I-cache on CPU56
[    2.065334] GICv3: CPU56: found redistributor 70200 region 56:0x000004006d300000
[    2.065348] GICv3: CPU56: using allocated LPI pending table @0x0000001041b20000
[    2.065537] arch_timer: CPU56: Trapping CNTVCT access
[    2.065541] CPU56: Booted secondary processor 0x0000070200 [0x410fd082]
[    2.068209] Detected PIPT I-cache on CPU57
[    2.068249] GICv3: CPU57: found redistributor 70201 region 57:0x000004006d340000
[    2.068261] GICv3: CPU57: using allocated LPI pending table @0x0000001041b30000
[    2.068446] arch_timer: CPU57: Trapping CNTVCT access
[    2.068450] CPU57: Booted secondary processor 0x0000070201 [0x410fd082]
[    2.161049] Detected PIPT I-cache on CPU58
[    2.161091] GICv3: CPU58: found redistributor 70202 region 58:0x000004006d380000
[    2.161103] GICv3: CPU58: using allocated LPI pending table @0x0000001041b40000
[    2.161289] arch_timer: CPU58: Trapping CNTVCT access
[    2.161292] CPU58: Booted secondary processor 0x0000070202 [0x410fd082]
[    2.163932] Detected PIPT I-cache on CPU59
[    2.163972] GICv3: CPU59: found redistributor 70203 region 59:0x000004006d3c0000
[    2.163985] GICv3: CPU59: using allocated LPI pending table @0x0000001041b50000
[    2.164170] arch_timer: CPU59: Trapping CNTVCT access
[    2.164173] CPU59: Booted secondary processor 0x0000070203 [0x410fd082]
[    2.166802] Detected PIPT I-cache on CPU60
[    2.166848] GICv3: CPU60: found redistributor 70300 region 60:0x000004006d400000
[    2.166863] GICv3: CPU60: using allocated LPI pending table @0x0000001041b60000
[    2.167050] arch_timer: CPU60: Trapping CNTVCT access
[    2.167055] CPU60: Booted secondary processor 0x0000070300 [0x410fd082]
[    2.259680] Detected PIPT I-cache on CPU61
[    2.259721] GICv3: CPU61: found redistributor 70301 region 61:0x000004006d440000
[    2.259734] GICv3: CPU61: using allocated LPI pending table @0x0000001041b70000
[    2.259917] arch_timer: CPU61: Trapping CNTVCT access
[    2.259920] CPU61: Booted secondary processor 0x0000070301 [0x410fd082]
[    2.262563] Detected PIPT I-cache on CPU62
[    2.262604] GICv3: CPU62: found redistributor 70302 region 62:0x000004006d480000
[    2.262617] GICv3: CPU62: using allocated LPI pending table @0x0000001041b80000
[    2.262801] arch_timer: CPU62: Trapping CNTVCT access
[    2.262804] CPU62: Booted secondary processor 0x0000070302 [0x410fd082]
[    2.265439] Detected PIPT I-cache on CPU63
[    2.265481] GICv3: CPU63: found redistributor 70303 region 63:0x000004006d4c0000
[    2.265493] GICv3: CPU63: using allocated LPI pending table @0x0000001041b90000
[    2.265677] arch_timer: CPU63: Trapping CNTVCT access
[    2.265680] CPU63: Booted secondary processor 0x0000070303 [0x410fd082]
[    2.355824] smp: Brought up 4 nodes, 64 CPUs
[    2.355828] SMP: Total of 64 processors activated.
[    2.355830] CPU features: detected: 32-bit EL0 Support
[    2.355832] CPU features: detected: 32-bit EL1 Support
[    2.355834] CPU features: detected: CRC32 instructions
[    2.358080] CPU: All CPU(s) started at EL2
[    2.358221] alternatives: patching kernel code
[    2.364109] devtmpfs: initialized
[    2.364620] KASLR disabled due to lack of seed
[    2.364726] clocksource: jiffies: mask: 0xffffffff max_cycles: 0xffffffff, max_idle_ns: 7645041785100000 ns
[    2.364813] futex hash table entries: 16384 (order: 8, 1048576 bytes, vmalloc)
[    2.365442] pinctrl core: initialized pinctrl subsystem
[    2.365824] SMBIOS 3.0.0 present.
[    2.365830] DMI: Huawei Taishan 2280 /D05, BIOS Hisilicon D05 IT21 Nemo 2.0 RC0 04/18/2018
[    2.366233] NET: Registered PF_NETLINK/PF_ROUTE protocol family
[    2.368121] DMA: preallocated 4096 KiB GFP_KERNEL pool for atomic allocations
[    2.368989] DMA: preallocated 4096 KiB GFP_KERNEL|GFP_DMA pool for atomic allocations
[    2.369769] DMA: preallocated 4096 KiB GFP_KERNEL|GFP_DMA32 pool for atomic allocations
[    2.369828] audit: initializing netlink subsys (disabled)
[    2.369906] audit: type=2000 audit(2.308:1): state=initialized audit_enabled=0 res=1
[    2.370242] thermal_sys: Registered thermal governor 'step_wise'
[    2.370244] thermal_sys: Registered thermal governor 'power_allocator'
[    2.370276] cpuidle: using governor menu
[    2.370410] hw-breakpoint: found 6 breakpoint and 4 watchpoint registers.
[    2.371189] ASID allocator initialised with 32768 entries
[    2.371192] HugeTLB: can optimize 4095 vmemmap pages for hugepages-1048576kB
[    2.371194] HugeTLB: can optimize 127 vmemmap pages for hugepages-32768kB
[    2.371196] HugeTLB: can optimize 7 vmemmap pages for hugepages-2048kB
[    2.371198] HugeTLB: can optimize 0 vmemmap pages for hugepages-64kB
[    2.371494] acpiphp: ACPI Hot Plug PCI Controller Driver version: 0.5
[    2.371635] Serial: AMBA PL011 UART driver
[    2.375658] HugeTLB registered 1.00 GiB page size, pre-allocated 0 pages
[    2.375661] HugeTLB registered 32.0 MiB page size, pre-allocated 0 pages
[    2.375664] HugeTLB registered 2.00 MiB page size, pre-allocated 0 pages
[    2.375665] HugeTLB registered 64.0 KiB page size, pre-allocated 0 pages
[    2.388598] ACPI: Added _OSI(Module Device)
[    2.388600] ACPI: Added _OSI(Processor Device)
[    2.388602] ACPI: Added _OSI(3.0 _SCP Extensions)
[    2.388604] ACPI: Added _OSI(Processor Aggregator Device)
[    2.388606] ACPI: Added _OSI(Linux-Dell-Video)
[    2.388609] ACPI: Added _OSI(Linux-Lenovo-NV-HDMI-Audio)
[    2.388611] ACPI: Added _OSI(Linux-HPI-Hybrid-Graphics)
[    2.390860] ACPI: 1 ACPI AML tables successfully acquired and loaded
[    2.392556] ACPI: Interpreter enabled
[    2.392558] ACPI: Using GIC for interrupt routing
[    2.392572] ACPI: MCFG table detected, 8 entries
[    2.392579] ACPI: IORT: SMMU-v3[a0040000] Mapped to Proximity domain 0
[    2.392636] ACPI: IORT: SMMU-v3[700a0040000] Mapped to Proximity domain 3
[    2.392676] ACPI: IORT: SMMU-v3[c0040000] Mapped to Proximity domain 0
[    2.392718] ACPI: IORT: SMMU-v3[8a0040000] Mapped to Proximity domain 1
[    2.392755] ACPI: IORT: SMMU-v3[600a0040000] Mapped to Proximity domain 2
[    2.423559] ACPI: PCI Root Bridge [PCI2] (domain 0002 [bus f8-ff])
[    2.423567] acpi PNP0A08:00: _OSC: OS supports [ExtendedConfig Segments MSI HPX-Type3]
[    2.423571] acpi PNP0A08:00: _OSC: not requesting OS control; OS requires [ExtendedConfig ASPM ClockPM MSI]
[    2.423646] acpi PNP0A08:00: MCFG quirk: ECAM at [mem 0xaf800000-0xafffffff] for [bus f8-ff] with hisi_pcie_ops
[    2.424624] acpi PNP0A08:00: ECAM area [mem 0xaf800000-0xafffffff] reserved by PNP0C02:00
[    2.425030] acpi PNP0A08:00: ECAM at [mem 0xaf800000-0xafffffff] for [bus f8-ff]
[    2.425062] ACPI: Remapped I/O 0x00000000af7f0000 to [io  0x0000-0xffff window]
[    2.425113] PCI host bridge to bus 0002:f8
[    2.425116] pci_bus 0002:f8: root bus resource [mem 0xa8000000-0xaf7effff window]
[    2.425119] pci_bus 0002:f8: root bus resource [io  0x0000-0xffff window]
[    2.425121] pci_bus 0002:f8: root bus resource [bus f8-ff]
[    2.425139] pci 0002:f8:00.0: [19e5:1610] type 01 class 0x060400
[    2.425143] pci_bus 0002:f8: 2-byte config write to 0002:f8:00.0 offset 0x4 may corrupt adjacent RW1C bits
[    2.425150] pci 0002:f8:00.0: reg 0x10: [mem 0x00000000-0x0000ffff]
[    2.425183] pci 0002:f8:00.0: supports D1 D2
[    2.425185] pci 0002:f8:00.0: PME# supported from D0 D1 D3hot
[    2.425305] pci 0002:f9:00.0: [9710:9912] type 00 class 0x070002
[    2.425326] pci 0002:f9:00.0: reg 0x10: [io  0x0000-0x0007]
[    2.425337] pci 0002:f9:00.0: reg 0x14: [mem 0xa8005000-0xa8005fff]
[    2.425372] pci 0002:f9:00.0: reg 0x24: [mem 0xa8004000-0xa8004fff]
[    2.425464] pci 0002:f9:00.0: PME# supported from D3hot D3cold
[    2.425582] pci 0002:f9:00.1: [9710:9912] type 00 class 0x070002
[    2.425603] pci 0002:f9:00.1: reg 0x10: [io  0x0000-0x0007]
[    2.425614] pci 0002:f9:00.1: reg 0x14: [mem 0xa8003000-0xa8003fff]
[    2.425649] pci 0002:f9:00.1: reg 0x24: [mem 0xa8002000-0xa8002fff]
[    2.425732] pci 0002:f9:00.1: PME# supported from D3hot D3cold
[    2.425828] pci 0002:f9:00.2: [9710:9912] type 00 class 0x070103
[    2.425849] pci 0002:f9:00.2: reg 0x10: [io  0x0000-0x0007]
[    2.425859] pci 0002:f9:00.2: reg 0x14: [io  0x0000-0x0007]
[    2.425869] pci 0002:f9:00.2: reg 0x18: [mem 0xa8001000-0xa8001fff]
[    2.425897] pci 0002:f9:00.2: reg 0x24: [mem 0xa8000000-0xa8000fff]
[    2.425974] pci 0002:f9:00.2: PME# supported from D3hot D3cold
[    2.426061] pci_bus 0002:f8: on NUMA node 0
[    2.426069] pci 0002:f8:00.0: BAR 14: assigned [mem 0xa8000000-0xa80fffff]
[    2.426072] pci 0002:f8:00.0: BAR 0: assigned [mem 0xa8100000-0xa810ffff]
[    2.426076] pci 0002:f8:00.0: BAR 13: assigned [io  0x1000-0x1fff]
[    2.426080] pci 0002:f9:00.0: BAR 1: assigned [mem 0xa8000000-0xa8000fff]
[    2.426085] pci 0002:f9:00.0: BAR 5: assigned [mem 0xa8001000-0xa8001fff]
[    2.426091] pci 0002:f9:00.1: BAR 1: assigned [mem 0xa8002000-0xa8002fff]
[    2.426097] pci 0002:f9:00.1: BAR 5: assigned [mem 0xa8003000-0xa8003fff]
[    2.426103] pci 0002:f9:00.2: BAR 2: assigned [mem 0xa8004000-0xa8004fff]
[    2.426109] pci 0002:f9:00.2: BAR 5: assigned [mem 0xa8005000-0xa8005fff]
[    2.426114] pci 0002:f9:00.0: BAR 0: assigned [io  0x1000-0x1007]
[    2.426120] pci 0002:f9:00.1: BAR 0: assigned [io  0x1008-0x100f]
[    2.426126] pci 0002:f9:00.2: BAR 0: assigned [io  0x1010-0x1017]
[    2.426131] pci 0002:f9:00.2: BAR 1: assigned [io  0x1018-0x101f]
[    2.426138] pci 0002:f8:00.0: PCI bridge to [bus f9]
[    2.426141] pci 0002:f8:00.0:   bridge window [io  0x1000-0x1fff]
[    2.426144] pci 0002:f8:00.0:   bridge window [mem 0xa8000000-0xa80fffff]
[    2.426148] pci_bus 0002:f8: resource 4 [mem 0xa8000000-0xaf7effff window]
[    2.426150] pci_bus 0002:f8: resource 5 [io  0x0000-0xffff window]
[    2.426153] pci_bus 0002:f9: resource 0 [io  0x1000-0x1fff]
[    2.426155] pci_bus 0002:f9: resource 1 [mem 0xa8000000-0xa80fffff]
[    2.426314] ACPI: PCI Root Bridge [PCI4] (domain 0004 [bus 88-8f])
[    2.426320] acpi PNP0A08:01: _OSC: OS supports [ExtendedConfig Segments MSI HPX-Type3]
[    2.426323] acpi PNP0A08:01: _OSC: not requesting OS control; OS requires [ExtendedConfig ASPM ClockPM MSI]
[    2.426393] acpi PNP0A08:01: MCFG quirk: ECAM at [mem 0x8a8800000-0x8a8ffffff] for [bus 88-8f] with hisi_pcie_ops
[    2.427676] acpi PNP0A08:01: ECAM area [mem 0x8a8800000-0x8a8ffffff] reserved by PNP0C02:01
[    2.428126] acpi PNP0A08:01: ECAM at [mem 0x8a8800000-0x8a8ffffff] for [bus 88-8f]
[    2.428154] ACPI: Remapped I/O 0x00000008abff0000 to [io  0x10000-0x1ffff window]
[    2.428210] PCI host bridge to bus 0004:88
[    2.428213] pci_bus 0004:88: root bus resource [mem 0x8a9000000-0x8abfeffff window] (bus address [0xa9000000-0xabfeffff])
[    2.428217] pci_bus 0004:88: root bus resource [io  0x10000-0x1ffff window] (bus address [0x0000-0xffff])
[    2.428219] pci_bus 0004:88: root bus resource [bus 88-8f]
[    2.428231] pci 0004:88:00.0: [19e5:1610] type 01 class 0x060400
[    2.428234] pci_bus 0004:88: 2-byte config write to 0004:88:00.0 offset 0x4 may corrupt adjacent RW1C bits
[    2.428242] pci 0004:88:00.0: reg 0x10: [mem 0x00000000-0x0000ffff]
[    2.428273] pci 0004:88:00.0: supports D1 D2
[    2.428274] pci 0004:88:00.0: PME# supported from D0 D1 D3hot
[    2.479589] pci_bus 0004:88: on NUMA node 1
[    2.479594] pci 0004:88:00.0: BAR 0: assigned [mem 0x8a9000000-0x8a900ffff]
[    2.479598] pci 0004:88:00.0: PCI bridge to [bus 89]
[    2.479604] pci_bus 0004:88: resource 4 [mem 0x8a9000000-0x8abfeffff window]
[    2.479606] pci_bus 0004:88: resource 5 [io  0x10000-0x1ffff window]
[    2.479775] ACPI: PCI Root Bridge [PCI5] (domain 0005 [bus 78-7f])
[    2.479781] acpi PNP0A08:02: _OSC: OS supports [ExtendedConfig Segments MSI HPX-Type3]
[    2.479783] acpi PNP0A08:02: _OSC: not requesting OS control; OS requires [ExtendedConfig ASPM ClockPM MSI]
[    2.479852] acpi PNP0A08:02: MCFG quirk: ECAM at [mem 0x8b7800000-0x8b7ffffff] for [bus 78-7f] with hisi_pcie_ops
[    2.481121] acpi PNP0A08:02: ECAM area [mem 0x8b7800000-0x8b7ffffff] reserved by PNP0C02:01
[    2.481603] acpi PNP0A08:02: ECAM at [mem 0x8b7800000-0x8b7ffffff] for [bus 78-7f]
[    2.481631] ACPI: Remapped I/O 0x00000008b77f0000 to [io  0x20000-0x2ffff window]
[    2.481677] PCI host bridge to bus 0005:78
[    2.481680] pci_bus 0005:78: root bus resource [mem 0x8b0000000-0x8b77effff window] (bus address [0xb0000000-0xb77effff])
[    2.481683] pci_bus 0005:78: root bus resource [io  0x20000-0x2ffff window] (bus address [0x0000-0xffff])
[    2.481686] pci_bus 0005:78: root bus resource [bus 78-7f]
[    2.481697] pci 0005:78:00.0: [19e5:1610] type 01 class 0x060400
[    2.481701] pci_bus 0005:78: 2-byte config write to 0005:78:00.0 offset 0x4 may corrupt adjacent RW1C bits
[    2.481709] pci 0005:78:00.0: reg 0x10: [mem 0x00000000-0x00000fff]
[    2.481717] pci 0005:78:00.0: reg 0x38: [mem 0xfffe0000-0xffffffff pref]
[    2.481744] pci 0005:78:00.0: supports D1 D2
[    2.481746] pci 0005:78:00.0: PME# supported from D0 D1 D3hot
[    2.533038] pci_bus 0005:78: on NUMA node 1
[    2.533042] pci 0005:78:00.0: BAR 6: assigned [mem 0x8b0000000-0x8b001ffff pref]
[    2.533045] pci 0005:78:00.0: BAR 0: assigned [mem 0x8b0020000-0x8b0020fff]
[    2.533049] pci 0005:78:00.0: PCI bridge to [bus 79]
[    2.533054] pci_bus 0005:78: resource 4 [mem 0x8b0000000-0x8b77effff window]
[    2.533056] pci_bus 0005:78: resource 5 [io  0x20000-0x2ffff window]
[    2.533223] ACPI: PCI Root Bridge [PCI6] (domain 0006 [bus c0-c7])
[    2.533229] acpi PNP0A08:03: _OSC: OS supports [ExtendedConfig Segments MSI HPX-Type3]
[    2.533232] acpi PNP0A08:03: _OSC: not requesting OS control; OS requires [ExtendedConfig ASPM ClockPM MSI]
[    2.533301] acpi PNP0A08:03: MCFG quirk: ECAM at [mem 0x8ac000000-0x8ac7fffff] for [bus c0-c7] with hisi_pcie_ops
[    2.534599] acpi PNP0A08:03: ECAM area [mem 0x8ac000000-0x8ac7fffff] reserved by PNP0C02:01
[    2.535120] acpi PNP0A08:03: ECAM at [mem 0x8ac000000-0x8ac7fffff] for [bus c0-c7]
[    2.535148] ACPI: Remapped I/O 0x00000008afff0000 to [io  0x30000-0x3ffff window]
[    2.535193] PCI host bridge to bus 0006:c0
[    2.535196] pci_bus 0006:c0: root bus resource [mem 0x8ac900000-0x8affeffff window] (bus address [0xac900000-0xaffeffff])
[    2.535199] pci_bus 0006:c0: root bus resource [io  0x30000-0x3ffff window] (bus address [0x0000-0xffff])
[    2.535202] pci_bus 0006:c0: root bus resource [bus c0-c7]
[    2.535213] pci 0006:c0:00.0: [19e5:1610] type 01 class 0x060400
[    2.535216] pci_bus 0006:c0: 2-byte config write to 0006:c0:00.0 offset 0x4 may corrupt adjacent RW1C bits
[    2.535225] pci 0006:c0:00.0: reg 0x10: [mem 0x00000000-0x0000ffff]
[    2.535255] pci 0006:c0:00.0: supports D1 D2
[    2.535257] pci 0006:c0:00.0: PME# supported from D0 D1 D3hot
[    2.586547] pci_bus 0006:c0: on NUMA node 1
[    2.586551] pci 0006:c0:00.0: BAR 0: assigned [mem 0x8ac900000-0x8ac90ffff]
[    2.586555] pci 0006:c0:00.0: PCI bridge to [bus c1]
[    2.586560] pci_bus 0006:c0: resource 4 [mem 0x8ac900000-0x8affeffff window]
[    2.586562] pci_bus 0006:c0: resource 5 [io  0x30000-0x3ffff window]
[    2.586719] ACPI: PCI Root Bridge [PCI7] (domain 0007 [bus 90-97])
[    2.586725] acpi PNP0A08:04: _OSC: OS supports [ExtendedConfig Segments MSI HPX-Type3]
[    2.586728] acpi PNP0A08:04: _OSC: not requesting OS control; OS requires [ExtendedConfig ASPM ClockPM MSI]
[    2.586798] acpi PNP0A08:04: MCFG quirk: ECAM at [mem 0x8b9000000-0x8b97fffff] for [bus 90-97] with hisi_pcie_ops
[    2.588087] acpi PNP0A08:04: ECAM area [mem 0x8b9000000-0x8b97fffff] reserved by PNP0C02:01
[    2.588647] acpi PNP0A08:04: ECAM at [mem 0x8b9000000-0x8b97fffff] for [bus 90-97]
[    2.588675] ACPI: Remapped I/O 0x00000008bfff0000 to [io  0x40000-0x4ffff window]
[    2.588720] PCI host bridge to bus 0007:90
[    2.588724] pci_bus 0007:90: root bus resource [mem 0x8b9800000-0x8bffeffff window] (bus address [0xb9800000-0xbffeffff])
[    2.588727] pci_bus 0007:90: root bus resource [io  0x40000-0x4ffff window] (bus address [0x0000-0xffff])
[    2.588730] pci_bus 0007:90: root bus resource [bus 90-97]
[    2.588741] pci 0007:90:00.0: [19e5:1610] type 01 class 0x060400
[    2.588744] pci_bus 0007:90: 2-byte config write to 0007:90:00.0 offset 0x4 may corrupt adjacent RW1C bits
[    2.588778] pci 0007:90:00.0: supports D1 D2
[    2.588780] pci 0007:90:00.0: PME# supported from D0 D1 D3hot
[    2.588876] pci 0007:91:00.0: [19e5:1711] type 00 class 0x030000
[    2.588897] pci 0007:91:00.0: reg 0x10: [mem 0x8ba000000-0x8bbffffff pref]
[    2.588909] pci 0007:91:00.0: reg 0x14: [mem 0x8b9800000-0x8b99fffff]
[    2.589016] pci 0007:91:00.0: supports D1
[    2.589017] pci 0007:91:00.0: PME# supported from D0 D1 D3hot
[    2.589099] pci_bus 0007:90: on NUMA node 1
[    2.589102] pci 0007:90:00.0: BAR 14: assigned [mem 0x8ba000000-0x8bcffffff]
[    2.589105] pci 0007:91:00.0: BAR 0: assigned [mem 0x8ba000000-0x8bbffffff pref]
[    2.589110] pci 0007:91:00.0: BAR 1: assigned [mem 0x8bc000000-0x8bc1fffff]
[    2.589116] pci 0007:90:00.0: PCI bridge to [bus 91]
[    2.589119] pci 0007:90:00.0:   bridge window [mem 0x8ba000000-0x8bcffffff]
[    2.589123] pci_bus 0007:90: resource 4 [mem 0x8b9800000-0x8bffeffff window]
[    2.589125] pci_bus 0007:90: resource 5 [io  0x40000-0x4ffff window]
[    2.589127] pci_bus 0007:91: resource 1 [mem 0x8ba000000-0x8bcffffff]
[    2.589300] ACPI: PCI Root Bridge [PCIA] (domain 000a [bus 10-1f])
[    2.589305] acpi PNP0A08:05: _OSC: OS supports [ExtendedConfig Segments MSI HPX-Type3]
[    2.589308] acpi PNP0A08:05: _OSC: not requesting OS control; OS requires [ExtendedConfig ASPM ClockPM MSI]
[    2.589377] acpi PNP0A08:05: MCFG quirk: ECAM at [mem 0x64001000000-0x64001ffffff] for [bus 10-1f] with hisi_pcie_ops
[    2.590710] acpi PNP0A08:05: ECAM area [mem 0x64001000000-0x64001ffffff] reserved by PNP0C02:02
[    2.591295] acpi PNP0A08:05: ECAM at [mem 0x64001000000-0x64001ffffff] for [bus 10-1f]
[    2.591323] ACPI: Remapped I/O 0x0000067fffff0000 to [io  0x50000-0x5ffff window]
[    2.591368] PCI host bridge to bus 000a:10
[    2.591371] pci_bus 000a:10: root bus resource [mem 0x65040000000-0x650efffffff window] (bus address [0x40000000-0xefffffff])
[    2.591374] pci_bus 000a:10: root bus resource [io  0x50000-0x5ffff window] (bus address [0x0000-0xffff])
[    2.591378] pci_bus 000a:10: root bus resource [bus 10-1f]
[    2.591392] pci 000a:10:00.0: [19e5:1610] type 01 class 0x060400
[    2.591395] pci_bus 000a:10: 2-byte config write to 000a:10:00.0 offset 0x4 may corrupt adjacent RW1C bits
[    2.591404] pci 000a:10:00.0: reg 0x10: [mem 0x00000000-0x0000ffff]
[    2.591442] pci 000a:10:00.0: supports D1 D2
[    2.591444] pci 000a:10:00.0: PME# supported from D0 D1 D3hot
[    2.642739] pci_bus 000a:10: on NUMA node 2
[    2.642743] pci 000a:10:00.0: BAR 0: assigned [mem 0x65040000000-0x6504000ffff]
[    2.642747] pci 000a:10:00.0: PCI bridge to [bus 11]
[    2.642753] pci_bus 000a:10: resource 4 [mem 0x65040000000-0x650efffffff window]
[    2.642755] pci_bus 000a:10: resource 5 [io  0x50000-0x5ffff window]
[    2.642905] ACPI: PCI Root Bridge [PCIC] (domain 000c [bus 20-2f])
[    2.642911] acpi PNP0A08:06: _OSC: OS supports [ExtendedConfig Segments MSI HPX-Type3]
[    2.642913] acpi PNP0A08:06: _OSC: not requesting OS control; OS requires [ExtendedConfig ASPM ClockPM MSI]
[    2.642983] acpi PNP0A08:06: MCFG quirk: ECAM at [mem 0x74002000000-0x74002ffffff] for [bus 20-2f] with hisi_pcie_ops
[    2.644464] acpi PNP0A08:06: ECAM area [mem 0x74002000000-0x74002ffffff] reserved by PNP0C02:03
[    2.645086] acpi PNP0A08:06: ECAM at [mem 0x74002000000-0x74002ffffff] for [bus 20-2f]
[    2.645115] ACPI: Remapped I/O 0x0000077fffff0000 to [io  0x60000-0x6ffff window]
[    2.645160] PCI host bridge to bus 000c:20
[    2.645162] pci_bus 000c:20: root bus resource [mem 0x75040000000-0x750efffffff window] (bus address [0x40000000-0xefffffff])
[    2.645166] pci_bus 000c:20: root bus resource [io  0x60000-0x6ffff window] (bus address [0x0000-0xffff])
[    2.645168] pci_bus 000c:20: root bus resource [bus 20-2f]
[    2.645183] pci 000c:20:00.0: [19e5:1610] type 01 class 0x060400
[    2.645186] pci_bus 000c:20: 2-byte config write to 000c:20:00.0 offset 0x4 may corrupt adjacent RW1C bits
[    2.645197] pci 000c:20:00.0: reg 0x10: [mem 0x00000000-0x0000ffff]
[    2.645242] pci 000c:20:00.0: supports D1 D2
[    2.645244] pci 000c:20:00.0: PME# supported from D0 D1 D3hot
[    2.696546] pci_bus 000c:20: on NUMA node 3
[    2.696550] pci 000c:20:00.0: BAR 0: assigned [mem 0x75040000000-0x7504000ffff]
[    2.696555] pci 000c:20:00.0: PCI bridge to [bus 21]
[    2.696562] pci_bus 000c:20: resource 4 [mem 0x75040000000-0x750efffffff window]
[    2.696565] pci_bus 000c:20: resource 5 [io  0x60000-0x6ffff window]
[    2.696727] ACPI: PCI Root Bridge [PCID] (domain 000d [bus 30-3f])
[    2.696733] acpi PNP0A08:07: _OSC: OS supports [ExtendedConfig Segments MSI HPX-Type3]
[    2.696736] acpi PNP0A08:07: _OSC: not requesting OS control; OS requires [ExtendedConfig ASPM ClockPM MSI]
[    2.696804] acpi PNP0A08:07: MCFG quirk: ECAM at [mem 0x78003000000-0x78003ffffff] for [bus 30-3f] with hisi_pcie_ops
[    2.698267] acpi PNP0A08:07: ECAM area [mem 0x78003000000-0x78003ffffff] reserved by PNP0C02:03
[    2.698927] acpi PNP0A08:07: ECAM at [mem 0x78003000000-0x78003ffffff] for [bus 30-3f]
[    2.698955] ACPI: Remapped I/O 0x000007bfffff0000 to [io  0x70000-0x7ffff window]
[    2.698999] PCI host bridge to bus 000d:30
[    2.699001] pci_bus 000d:30: root bus resource [mem 0x79040000000-0x790efffffff window] (bus address [0x40000000-0xefffffff])
[    2.699005] pci_bus 000d:30: root bus resource [io  0x70000-0x7ffff window] (bus address [0x0000-0xffff])
[    2.699008] pci_bus 000d:30: root bus resource [bus 30-3f]
[    2.699023] pci 000d:30:00.0: [19e5:1610] type 01 class 0x060400
[    2.699026] pci_bus 000d:30: 2-byte config write to 000d:30:00.0 offset 0x4 may corrupt adjacent RW1C bits
[    2.699037] pci 000d:30:00.0: reg 0x10: [mem 0x00000000-0x00000fff]
[    2.699048] pci 000d:30:00.0: reg 0x38: [mem 0xfffe0000-0xffffffff pref]
[    2.699087] pci 000d:30:00.0: supports D1 D2
[    2.699088] pci 000d:30:00.0: PME# supported from D0 D1 D3hot
[    2.750402] pci_bus 000d:30: on NUMA node 3
[    2.750406] pci 000d:30:00.0: BAR 6: assigned [mem 0x79040000000-0x7904001ffff pref]
[    2.750409] pci 000d:30:00.0: BAR 0: assigned [mem 0x79040020000-0x79040020fff]
[    2.750413] pci 000d:30:00.0: PCI bridge to [bus 31]
[    2.750420] pci_bus 000d:30: resource 4 [mem 0x79040000000-0x790efffffff window]
[    2.750423] pci_bus 000d:30: resource 5 [io  0x70000-0x7ffff window]
[    2.752132] iommu: Default domain type: Translated 
[    2.752134] iommu: DMA domain TLB invalidation policy: lazy mode (set via kernel command line)
[    2.752270] SCSI subsystem initialized
[    2.752335] libata version 3.00 loaded.
[    2.752391] ACPI: bus type USB registered
[    2.752419] usbcore: registered new interface driver usbfs
[    2.752430] usbcore: registered new interface driver hub
[    2.752457] usbcore: registered new device driver usb
[    2.770523] pps_core: LinuxPPS API ver. 1 registered
[    2.770525] pps_core: Software ver. 5.3.6 - Copyright 2005-2007 Rodolfo Giometti <giometti@linux.it>
[    2.770530] PTP clock support registered
[    2.770559] EDAC MC: Ver: 3.0.0
[    2.770773] Registered efivars operations
[    2.771871] FPGA manager framework
[    2.771895] Advanced Linux Sound Architecture Driver Initialized.
[    2.772146] pci 0007:91:00.0: vgaarb: setting as boot VGA device
[    2.772148] pci 0007:91:00.0: vgaarb: bridge control possible
[    2.772149] pci 0007:91:00.0: vgaarb: VGA device added: decodes=io+mem,owns=none,locks=none
[    2.772153] vgaarb: loaded
[    2.772418] clocksource: Switched to clocksource arch_sys_counter
[    2.772520] VFS: Disk quotas dquot_6.6.0
[    2.772542] VFS: Dquot-cache hash table entries: 512 (order 0, 4096 bytes)
[    2.772619] pnp: PnP ACPI init
[    2.773271] system 00:01: [mem 0xa00a0000-0xa00affff] has been reserved
[    2.773327] system 00:02: [mem 0xaf800000-0xafffffff] could not be reserved
[    2.773428] system 00:03: [mem 0x8a0090000-0x8a009ffff] has been reserved
[    2.773526] system 00:04: [mem 0x8a0200000-0x8a020ffff] has been reserved
[    2.773625] system 00:05: [mem 0x8a00a0000-0x8a00affff] has been reserved
[    2.773720] system 00:06: [mem 0x8a00b0000-0x8a00bffff] has been reserved
[    2.773793] system 00:07: [mem 0x8a8800000-0x8a8ffffff] could not be reserved
[    2.773797] system 00:07: [mem 0x8b7800000-0x8b7ffffff] could not be reserved
[    2.773800] system 00:07: [mem 0x8ac000000-0x8ac7fffff] could not be reserved
[    2.773803] system 00:07: [mem 0x8b9000000-0x8b97fffff] could not be reserved
[    2.773866] system 00:08: [mem 0x600a00a0000-0x600a00affff] has been reserved
[    2.773921] system 00:09: [mem 0x64001000000-0x64001ffffff] could not be reserved
[    2.774016] system 00:0a: [mem 0x700a0090000-0x700a009ffff] has been reserved
[    2.774111] system 00:0b: [mem 0x700a0200000-0x700a020ffff] has been reserved
[    2.774183] system 00:0c: [mem 0x74002000000-0x74002ffffff] could not be reserved
[    2.774187] system 00:0c: [mem 0x78003000000-0x78003ffffff] could not be reserved
[    2.774303] pnp: PnP ACPI: found 13 devices
[    2.776501] NET: Registered PF_INET protocol family
[    2.777283] IP idents hash table entries: 262144 (order: 9, 2097152 bytes, vmalloc)
[    2.781594] tcp_listen_portaddr_hash hash table entries: 32768 (order: 7, 524288 bytes, vmalloc)
[    2.781760] Table-perturb hash table entries: 65536 (order: 6, 262144 bytes, vmalloc)
[    2.782080] TCP established hash table entries: 524288 (order: 10, 4194304 bytes, vmalloc)
[    2.783027] TCP bind hash table entries: 65536 (order: 8, 1048576 bytes, vmalloc)
[    2.783315] TCP: Hash tables configured (established 524288 bind 65536)
[    2.783555] UDP hash table entries: 32768 (order: 8, 1048576 bytes, vmalloc)
[    2.783845] UDP-Lite hash table entries: 32768 (order: 8, 1048576 bytes, vmalloc)
[    2.784228] NET: Registered PF_UNIX/PF_LOCAL protocol family
[    2.784370] RPC: Registered named UNIX socket transport module.
[    2.784371] RPC: Registered udp transport module.
[    2.784373] RPC: Registered tcp transport module.
[    2.784374] RPC: Registered tcp NFSv4.1 backchannel transport module.
[    2.784411] PCI: CLS 0 bytes, default 64
[    2.787256] hw perfevents: enabled with armv8_pmuv3_0 PMU driver, 7 counters available
[    2.787319] kvm [1]: IPA Size Limit: 44 bits
[    2.788489] kvm [1]: GICv4 support disabled
[    2.788493] kvm [1]: vgic-v2@fe020000
[    2.788520] kvm [1]: GIC system register CPU interface enabled
[    2.789396] kvm [1]: vgic interrupt IRQ9
[    2.790224] kvm [1]: Hyp mode initialized successfully
[    2.791691] Initialise system trusted keyrings
[    2.791798] workingset: timestamp_bits=42 max_order=24 bucket_order=0
[    2.794234] squashfs: version 4.0 (2009/01/31) Phillip Lougher
[    2.794445] NFS: Registering the id_resolver key type
[    2.794456] Key type id_resolver registered
[    2.794457] Key type id_legacy registered
[    2.794486] nfs4filelayout_init: NFSv4 File Layout Driver Registering...
[    2.794488] nfs4flexfilelayout_init: NFSv4 Flexfile Layout Driver Registering...
[    2.794527] 9p: Installing v9fs 9p2000 file system support
[    2.810770] Key type asymmetric registered
[    2.810772] Asymmetric key parser 'x509' registered
[    2.810788] Block layer SCSI generic (bsg) driver version 0.4 loaded (major 245)
[    2.810791] io scheduler mq-deadline registered
[    2.810793] io scheduler kyber registered
[    2.812952] hisi-lpc HISI0191:00: registered range [0x0000000000ffbfff - 0x0000000000ffffff]
[    2.814709] pcieport 0006:c0:00.0: can't derive routing for PCI INT A
[    2.814712] pcieport 0006:c0:00.0: PCI INT A: no GSI
[    2.814808] pcieport 0007:90:00.0: can't derive routing for PCI INT A
[    2.814810] pcieport 0007:90:00.0: PCI INT A: no GSI
[    2.815572] input: Power Button as /devices/LNXSYSTM:00/LNXSYBUS:00/PNP0C0C:00/input/input0
[    2.815607] ACPI: button: Power Button [PWRB]
[    2.816582] EINJ: EINJ table not found.
[    2.821454] Serial: 8250/16550 driver, 4 ports, IRQ sharing enabled
[    2.842609] serial8250.6.auto: ttyS1 at I/O 0xffc2f7 (irq = 0, base_baud = 115200) is a 16550A
[    2.843159] SuperH (H)SCI(F) driver initialized
[    2.843253] msm_serial: driver initialized
[    2.843508] arm-smmu-v3 arm-smmu-v3.0.auto: option mask 0x1
[    2.843520] arm-smmu-v3 arm-smmu-v3.0.auto: ias 44-bit, oas 44-bit (features 0x00000f0d)
[    2.843751] arm-smmu-v3 arm-smmu-v3.0.auto: allocated 65536 entries for cmdq
[    2.843910] arm-smmu-v3 arm-smmu-v3.0.auto: allocated 32768 entries for evtq
[    2.845169] arm-smmu-v3 arm-smmu-v3.0.auto: no evtq irq - events will not be reported!
[    2.845172] arm-smmu-v3 arm-smmu-v3.0.auto: no gerr irq - errors will not be reported!
[    2.845252] arm-smmu-v3 arm-smmu-v3.1.auto: option mask 0x1
[    2.845269] arm-smmu-v3 arm-smmu-v3.1.auto: ias 44-bit, oas 44-bit (features 0x00000f0d)
[    2.845437] arm-smmu-v3 arm-smmu-v3.1.auto: allocated 65536 entries for cmdq
[    2.845632] arm-smmu-v3 arm-smmu-v3.1.auto: allocated 32768 entries for evtq
[    2.847831] arm-smmu-v3 arm-smmu-v3.1.auto: no evtq irq - events will not be reported!
[    2.847834] arm-smmu-v3 arm-smmu-v3.1.auto: no gerr irq - errors will not be reported!
[    2.847879] arm-smmu-v3 arm-smmu-v3.2.auto: option mask 0x1
[    2.847891] arm-smmu-v3 arm-smmu-v3.2.auto: ias 44-bit, oas 44-bit (features 0x00000f0d)
[    2.848100] arm-smmu-v3 arm-smmu-v3.2.auto: allocated 65536 entries for cmdq
[    2.848247] arm-smmu-v3 arm-smmu-v3.2.auto: allocated 32768 entries for evtq
[    2.849480] arm-smmu-v3 arm-smmu-v3.2.auto: no evtq irq - events will not be reported!
[    2.849483] arm-smmu-v3 arm-smmu-v3.2.auto: no gerr irq - errors will not be reported!
[    2.849538] arm-smmu-v3 arm-smmu-v3.3.auto: option mask 0x1
[    2.849552] arm-smmu-v3 arm-smmu-v3.3.auto: ias 44-bit, oas 44-bit (features 0x00000f0d)
[    2.849729] arm-smmu-v3 arm-smmu-v3.3.auto: allocated 65536 entries for cmdq
[    2.849920] arm-smmu-v3 arm-smmu-v3.3.auto: allocated 32768 entries for evtq
[    2.851089] arm-smmu-v3 arm-smmu-v3.3.auto: no evtq irq - events will not be reported!
[    2.851092] arm-smmu-v3 arm-smmu-v3.3.auto: no gerr irq - errors will not be reported!
[    2.851140] arm-smmu-v3 arm-smmu-v3.4.auto: option mask 0x1
[    2.851156] arm-smmu-v3 arm-smmu-v3.4.auto: ias 44-bit, oas 44-bit (features 0x00000f0d)
[    2.851371] arm-smmu-v3 arm-smmu-v3.4.auto: allocated 65536 entries for cmdq
[    2.851530] arm-smmu-v3 arm-smmu-v3.4.auto: allocated 32768 entries for evtq
[    2.853742] arm-smmu-v3 arm-smmu-v3.4.auto: no evtq irq - events will not be reported!
[    2.853744] arm-smmu-v3 arm-smmu-v3.4.auto: no gerr irq - errors will not be reported!
[    2.868011] loop: module loaded
[    2.868360] megasas: 07.719.03.00-rc1
[    2.868527] ACPI: IORT: [Firmware Bug]: Named component missing memory address limit
[    2.868667] hisi_sas_v2_hw HISI0162:01: Adding to iommu group 0
[    2.889137] scsi host0: hisi_sas_v2_hw
[    3.507906] hisi_sas_v2_hw HISI0162:01: phyup: phy0 link_rate=11
[    3.507917] hisi_sas_v2_hw HISI0162:01: phyup: phy1 link_rate=11
[    3.508014] sas: phy-0:0 added to port-0:0, phy_mask:0x1 (500e004aaaaaaa1f)
[    3.508038] sas: DOING DISCOVERY on port 0, pid:455
[    3.508334] hisi_sas_v2_hw HISI0162:01: dev[0:2] found
[    3.508877] sas: ex 500e004aaaaaaa1f phy00:U:0 attached: 0000000000000000 (no device)
[    3.508988] sas: ex 500e004aaaaaaa1f phy01:U:B attached: 5001e82002865f0e (ssp)
[    3.509084] sas: ex 500e004aaaaaaa1f phy02:U:A attached: 500e004aaaaaaa02 (stp)
[    3.509180] sas: ex 500e004aaaaaaa1f phy03:U:0 attached: 0000000000000000 (no device)
[    3.509276] sas: ex 500e004aaaaaaa1f phy04:U:B attached: 5001e8200287321e (ssp)
[    3.509377] sas: ex 500e004aaaaaaa1f phy05:U:B attached: 5000cca05b01d9c9 (ssp)
[    3.509475] sas: ex 500e004aaaaaaa1f phy06:U:0 attached: 0000000000000000 (no device)
[    3.509571] sas: ex 500e004aaaaaaa1f phy07:U:B attached: 5001e820028580ae (ssp)
[    3.509678] sas: ex 500e004aaaaaaa1f phy08:U:B attached: 5001e82002858496 (ssp)
[    3.509778] sas: ex 500e004aaaaaaa1f phy09:U:0 attached: 0000000000000000 (no device)
[    3.509876] sas: ex 500e004aaaaaaa1f phy10:U:B attached: 5001e82002862816 (ssp)
[    3.509971] sas: ex 500e004aaaaaaa1f phy11:U:B attached: 5001e8200285850a (ssp)
[    3.510078] sas: ex 500e004aaaaaaa1f phy12:U:0 attached: 0000000000000000 (no device)
[    3.510183] sas: ex 500e004aaaaaaa1f phy13:U:0 attached: 0000000000000000 (no device)
[    3.510289] sas: ex 500e004aaaaaaa1f phy14:U:0 attached: 0000000000000000 (no device)
[    3.510385] sas: ex 500e004aaaaaaa1f phy15:U:0 attached: 0000000000000000 (no device)
[    3.510486] sas: ex 500e004aaaaaaa1f phy16:U:B attached: 3201581410000000 (host)
[    3.510583] sas: ex 500e004aaaaaaa1f phy17:U:B attached: 3201581410000000 (host)
[    3.510682] sas: ex 500e004aaaaaaa1f phy18:U:B attached: 3201581410000000 (host)
[    3.510784] sas: ex 500e004aaaaaaa1f phy19:U:0 attached: 0000000000000000 (no device)
[    3.510893] sas: ex 500e004aaaaaaa1f phy20:U:0 attached: 0000000000000000 (no device)
[    3.510994] sas: ex 500e004aaaaaaa1f phy21:U:0 attached: 0000000000000000 (no device)
[    3.511095] sas: ex 500e004aaaaaaa1f phy22:U:0 attached: 0000000000000000 (no device)
[    3.511192] sas: ex 500e004aaaaaaa1f phy23:U:0 attached: 0000000000000000 (no device)
[    3.511296] sas: ex 500e004aaaaaaa1f phy24:D:B attached: 500e004aaaaaaa1e (host+target)
[    3.511328] hisi_sas_v2_hw HISI0162:01: dev[1:1] found
[    3.511561] hisi_sas_v2_hw HISI0162:01: dev[2:5] found
[    3.511590] hisi_sas_v2_hw HISI0162:01: dev[3:1] found
[    3.511616] hisi_sas_v2_hw HISI0162:01: dev[4:1] found
[    3.511643] hisi_sas_v2_hw HISI0162:01: dev[5:1] found
[    3.511670] hisi_sas_v2_hw HISI0162:01: dev[6:1] found
[    3.511698] hisi_sas_v2_hw HISI0162:01: dev[7:1] found
[    3.511727] hisi_sas_v2_hw HISI0162:01: dev[8:1] found
[    3.511783] hisi_sas_v2_hw HISI0162:01: dev[9:1] found
[    3.511788] ata_eh_set_pending fastdrain=1 ATA_PFLAG_EH_PENDING=0
[    3.511791] ata_eh_set_pending2 ap=0xffff0010467d0000 fastdrain=1 cnt=0
[    3.511805] sas: sas_scsi_recover_host Enter sas_scsi_recover_host busy: 0 failed: 0
[    3.511809] sas: sas_eh_handle_sas_errors shost=0xffff0010490c0000
[    3.511812] sas: sas_ata_strategy_handler shost=0xffff0010490c0000
[    3.511815] sas: sas_ata_strategy_handler2 shost=0xffff0010490c0000 calling async_schedule_domain(async_sas_ata_eh)
[    3.511827] sas: ata1: end_device-0:0:2: async_sas_ata_eh dev error handler
[    3.511830] ata_scsi_port_error_handler host=0xffff0010490c0000 ap=0xffff0010467d0000
[    3.511834] ata_scsi_port_error_handler2 host=0xffff0010490c0000 ap=0xffff0010467d0000 deleting fastdrain_timer
[    3.511838] ata_do_eh ap=0xffff0010467d0000 calling ata_eh_autopsy
[    3.511841] ata_eh_autopsy ap=0xffff0010467d0000 link=0xffff0010467d2040 calling ata_eh_link_autopsy
[    3.511844] ata_eh_link_autopsy link=0xffff0010467d2040 ATA_EHI_NO_AUTOPSY=1 
[    3.511852] ata_do_eh2 ap=0xffff0010467d0000 calling ata_eh_report
[    3.511854] ata_do_eh3 ap=0xffff0010467d0000 calling ata_eh_recover
[    3.511858] ata_eh_reset ap=0xffff0010467d0000 link=0xffff0010467d2040 prereset=sas_ata_prereset+0x0/0x60 softreset=0x0 hardreset=sas_ata_hard_reset+0x0/0xa0 postreset=0x0
[    3.511872] ata_eh_freeze_port ap=0xffff0010467d0000
[    3.511875] __ata_port_freeze ap=0xffff0010467d0000
[    3.512305] hisi_sas_debug_I_T_nexus_reset device=0xffff0010467c6200
[    3.512906] hisi_sas_v2_hw HISI0162:01: phyup: phy2 link_rate=11
[    3.512912] hisi_sas_v2_hw HISI0162:01: phyup: phy3 link_rate=11
[    3.512916] hisi_sas_v2_hw HISI0162:01: phyup: phy4 link_rate=11
[    3.512919] hisi_sas_v2_hw HISI0162:01: phyup: phy5 link_rate=11
[    3.512923] hisi_sas_v2_hw HISI0162:01: phyup: phy6 link_rate=11
[    3.512927] hisi_sas_v2_hw HISI0162:01: phyup: phy7 link_rate=11
[    3.672605] hisi_sas_I_T_nexus_reset1  device=0xffff0010467c6200 rc=0
[    3.672609] hisi_sas_softreset_ata_disk device=0xffff0010467c6200
[    3.679264] hisi_sas_release_task device=0xffff0010467c6200
[    3.679266] hisi_sas_I_T_nexus_reset8 device=0xffff0010467c6200 calling hisi_sas_release_task
[    3.679268] hisi_sas_release_task device=0xffff0010467c6200
[    3.836542] ata_eh_thaw_port ap=0xffff0010467d0000
[    3.838548] ata1.00: ata_dev_configure: cfg 49:2f00 82:746b 83:7d69 84:4773 85:7469 86:bc41 87:4763 88:407f
[    3.838552] ata1.00: 49==0x2f00  53==0x0007  63==0x0007  64==0x0003  75==0x001f
               80==0x01fc  81==0x0029  82==0x746b  83==0x7d69  84==0x4773
               88==0x407f  93==0x0000
[    3.838559] ata1.00: ATA-8: HGST HUS724040ALA640, MFAOA8B0, max UDMA/133
[    3.838563] ata_log_supported calling ata_read_log_page
[    3.838564] ata1.00: read log page - log 0x0, page 0x0
[    3.838705] ata1.00: 7814037168 sectors, multi 0: LBA48 NCQ (depth 32)
[    3.838711] ata1.00: set features - xfer mode
[    3.840841] ata1.00: ata_dev_configure: cfg 49:2f00 82:746b 83:7d69 84:4773 85:7469 86:bc41 87:4763 88:407f
[    3.840845] ata1.00: 49==0x2f00  53==0x0007  63==0x0007  64==0x0003  75==0x001f
               80==0x01fc  81==0x0029  82==0x746b  83==0x7d69  84==0x4773
               88==0x407f  93==0x0000
[    3.840852] ata1.00: xfer_shift=12, xfer_mode=0x46
[    3.840855] ata1.00: configured for UDMA/133
[    3.840858] scsi_eh_flush_done_q
[    3.840867] scsi_eh_flush_done_q
[    3.840869] sas: --- Exit sas_scsi_recover_host: busy: 0 failed: 0 tries: 1
[    3.858009] hisi_sas_release_task device=0xffff0010467c6000
[    3.924939] scsi 0:0:0:0: Direct-Access     SanDisk  LT0200MO         P404 PQ: 0 ANSI: 6
[    4.539947] hisi_sas_softreset_ata_disk device=0xffff0010467c6200
[    4.545750] hisi_sas_release_task device=0xffff0010467c6200
[    4.545775] scsi 0:0:1:0: Direct-Access     ATA      HGST HUS724040AL A8B0 PQ: 0 ANSI: 5
[    4.546178] sd 0:0:1:0: [sdb] 7814037168 512-byte logical blocks: (4.00 TB/3.64 TiB)
[    4.546187] sd 0:0:1:0: [sdb] Write Protect is off
[    4.546190] sd 0:0:1:0: [sdb] Mode Sense: 00 3a 00 00
[    4.546204] sd 0:0:1:0: [sdb] Write cache: enabled, read cache: enabled, doesn't support DPO or FUA
[    4.546221] sd 0:0:1:0: [sdb] Preferred minimum I/O size 512 bytes
[    4.553241] hisi_sas_release_task device=0xffff0010467c6400
[    4.580632] sd 0:0:0:0: [sda] 390721968 512-byte logical blocks: (200 GB/186 GiB)
[    4.585900]  sdb: sdb1 sdb2 sdb3
[    4.586104] sd 0:0:1:0: [sdb] Attached SCSI disk
[    4.620185] scsi 0:0:2:0: Direct-Access     SanDisk  LT0200MO         P404 PQ: 0 ANSI: 6
[    4.622661] sd 0:0:0:0: [sda] Write Protect is off
[    4.622664] sd 0:0:0:0: [sda] Mode Sense: cf 00 10 08
[    4.704651] sd 0:0:0:0: [sda] Write cache: disabled, read cache: disabled, supports DPO and FUA
[    4.827314] sd 0:0:0:0: [sda] Optimal transfer size 131072 bytes
[    5.188213]  sda: sda1 sda2
[    5.188348] sd 0:0:0:0: [sda] Attached SCSI disk
[    5.200174] hisi_sas_release_task device=0xffff0010467c6600
[    5.200371] scsi 0:0:3:0: Direct-Access     HGST     HUC156030CSS200  A3F0 PQ: 0 ANSI: 6
[    5.203163] sd 0:0:3:0: [sdd] 586072368 512-byte logical blocks: (300 GB/279 GiB)
[    5.204076] sd 0:0:3:0: [sdd] Write Protect is off
[    5.204079] sd 0:0:3:0: [sdd] Mode Sense: f7 00 10 08
[    5.205790] sd 0:0:3:0: [sdd] Write cache: enabled, read cache: enabled, supports DPO and FUA
[    5.210089] hisi_sas_release_task device=0xffff0010467c6800
[    5.218320]  sdd: sdd1
[    5.218410] sd 0:0:3:0: [sdd] Attached SCSI disk
[    5.275839] sd 0:0:2:0: [sdc] 390721968 512-byte logical blocks: (200 GB/186 GiB)
[    5.277034] scsi 0:0:4:0: Direct-Access     SanDisk  LT0200MO         P404 PQ: 0 ANSI: 6
[    5.317841] sd 0:0:2:0: [sdc] Write Protect is off
[    5.317844] sd 0:0:2:0: [sdc] Mode Sense: cf 00 10 08
[    5.399860] sd 0:0:2:0: [sdc] Write cache: disabled, read cache: disabled, supports DPO and FUA
[    5.522495] sd 0:0:2:0: [sdc] Optimal transfer size 131072 bytes
[    5.863446] hisi_sas_release_task device=0xffff0010467c6a00
[    5.883466]  sdc: sdc1 sdc2 sdc3
[    5.883646] sd 0:0:2:0: [sdc] Attached SCSI disk
[    5.930417] scsi 0:0:5:0: Direct-Access     SanDisk  LT0200MO         P404 PQ: 0 ANSI: 6
[    5.932605] sd 0:0:4:0: [sde] 390721968 512-byte logical blocks: (200 GB/186 GiB)
[    5.974599] sd 0:0:4:0: [sde] Write Protect is off
[    5.974602] sd 0:0:4:0: [sde] Mode Sense: cf 00 10 08
[    6.056598] sd 0:0:4:0: [sde] Write cache: disabled, read cache: disabled, supports DPO and FUA
[    6.179251] sd 0:0:4:0: [sde] Optimal transfer size 131072 bytes
[    6.516908] hisi_sas_release_task device=0xffff0010467c6c00
[    6.540115]  sde: sde1 sde2 sde3
[    6.540274] sd 0:0:4:0: [sde] Attached SCSI disk
[    6.583833] scsi 0:0:6:0: Direct-Access     SanDisk  LT0200MO         P404 PQ: 0 ANSI: 6
[    6.586100] sd 0:0:5:0: [sdf] 390721968 512-byte logical blocks: (200 GB/186 GiB)
[    6.628099] sd 0:0:5:0: [sdf] Write Protect is off
[    6.628102] sd 0:0:5:0: [sdf] Mode Sense: cf 00 10 08
[    6.710153] sd 0:0:5:0: [sdf] Write cache: disabled, read cache: disabled, supports DPO and FUA
[    6.832787] sd 0:0:5:0: [sdf] Optimal transfer size 131072 bytes
[    7.170800] hisi_sas_release_task device=0xffff0010467c6e00
[    7.193716]  sdf: sdf1 sdf2 sdf3 sdf4
[    7.193921] sd 0:0:5:0: [sdf] Attached SCSI disk
[    7.237750] scsi 0:0:7:0: Direct-Access     SanDisk  LT0200MO         P404 PQ: 0 ANSI: 6
[    7.239306] sd 0:0:6:0: [sdg] 390721968 512-byte logical blocks: (200 GB/186 GiB)
[    7.281335] sd 0:0:6:0: [sdg] Write Protect is off
[    7.281339] sd 0:0:6:0: [sdg] Mode Sense: cf 00 10 08
[    7.363328] sd 0:0:6:0: [sdg] Write cache: disabled, read cache: disabled, supports DPO and FUA
[    7.486016] sd 0:0:6:0: [sdg] Optimal transfer size 131072 bytes
[    7.817907] hisi_sas_release_task device=0xffff0010467c7000
[    7.818204] scsi 0:0:8:0: Enclosure         12G SAS  Expander         RevB PQ: 0 ANSI: 6
[    7.818305] scsi 0:0:8:0: Power-on or device reset occurred
[    7.819588] sas: DONE DISCOVERY on port 0, pid:455, result:0
[    7.819600] sas: phy1 matched wide port0
[    7.819608] sas: phy-0:1 added to port-0:0, phy_mask:0x3 (500e004aaaaaaa1f)
[    7.819616] sas: REVALIDATING DOMAIN on port 0, pid:455
[    7.820150] sas: ex 500e004aaaaaaa1f phy02 change count has changed
[    7.820440] sas: ex 500e004aaaaaaa1f phy02 originated BROADCAST(CHANGE)
[    7.820444] sas: ex 500e004aaaaaaa1f rediscovering phy02
[    7.820631] sas: ex 500e004aaaaaaa1f phy02 broadcast flutter
[    7.822265] sas: ex 500e004aaaaaaa1f phy19 originated BROADCAST(CHANGE)
[    7.822267] sas: ex 500e004aaaaaaa1f phy19 new device attached
[    7.822361] sas: ex 500e004aaaaaaa1f phy19:U:B attached: 3201581410000000 (host)
[    7.822457] sas: ex 500e004aaaaaaa1f phy20 originated BROADCAST(CHANGE)
[    7.822459] sas: ex 500e004aaaaaaa1f phy20 new device attached
[    7.822553] sas: ex 500e004aaaaaaa1f phy20:U:B attached: 3201581410000000 (host)
[    7.822649] sas: ex 500e004aaaaaaa1f phy21 originated BROADCAST(CHANGE)
[    7.822651] sas: ex 500e004aaaaaaa1f phy21 new device attached
[    7.822745] sas: ex 500e004aaaaaaa1f phy21:U:B attached: 3201581410000000 (host)
[    7.822841] sas: ex 500e004aaaaaaa1f phy22 originated BROADCAST(CHANGE)
[    7.822844] sas: ex 500e004aaaaaaa1f phy22 new device attached
[    7.822937] sas: ex 500e004aaaaaaa1f phy22:U:B attached: 3201581410000000 (host)
[    7.823033] sas: ex 500e004aaaaaaa1f phy23 originated BROADCAST(CHANGE)
[    7.823035] sas: ex 500e004aaaaaaa1f phy23 new device attached
[    7.823130] sas: ex 500e004aaaaaaa1f phy23:U:B attached: 3201581410000000 (host)
[    7.823226] sas: done REVALIDATING DOMAIN on port 0, pid:455, res 0x0
[    7.823234] sas: broadcast received: 0
[    7.823239] sas: REVALIDATING DOMAIN on port 0, pid:455
[    7.823322] sas: done REVALIDATING DOMAIN on port 0, pid:455, res 0x0
[    7.823328] sas: broadcast received: 0
[    7.823330] sas: broadcast received: 0
[    7.823332] sas: broadcast received: 0
[    7.823333] sas: broadcast received: 0
[    7.823335] sas: broadcast received: 0
[    7.823336] sas: broadcast received: 0
[    7.823338] sas: phy2 matched wide port0
[    7.823343] sas: phy-0:2 added to port-0:0, phy_mask:0x7 (500e004aaaaaaa1f)
[    7.823350] sas: REVALIDATING DOMAIN on port 0, pid:455
[    7.825821] sas: ex 500e004aaaaaaa1f phys DID NOT change
[    7.825823] sas: done REVALIDATING DOMAIN on port 0, pid:455, res 0x0
[    7.825829] sas: phy3 matched wide port0
[    7.825836] sas: phy-0:3 added to port-0:0, phy_mask:0xf (500e004aaaaaaa1f)
[    7.825842] sas: REVALIDATING DOMAIN on port 0, pid:455
[    7.828320] sas: ex 500e004aaaaaaa1f phys DID NOT change
[    7.828322] sas: done REVALIDATING DOMAIN on port 0, pid:455, res 0x0
[    7.828328] sas: phy4 matched wide port0
[    7.828333] sas: phy-0:4 added to port-0:0, phy_mask:0x1f (500e004aaaaaaa1f)
[    7.828340] sas: REVALIDATING DOMAIN on port 0, pid:455
[    7.830819] sas: ex 500e004aaaaaaa1f phys DID NOT change
[    7.830821] sas: done REVALIDATING DOMAIN on port 0, pid:455, res 0x0
[    7.830827] sas: phy5 matched wide port0
[    7.830833] sas: phy-0:5 added to port-0:0, phy_mask:0x3f (500e004aaaaaaa1f)
[    7.830839] sas: REVALIDATING DOMAIN on port 0, pid:455
[    7.833318] sas: ex 500e004aaaaaaa1f phys DID NOT change
[    7.833320] sas: done REVALIDATING DOMAIN on port 0, pid:455, res 0x0
[    7.833327] sas: phy6 matched wide port0
[    7.833332] sas: phy-0:6 added to port-0:0, phy_mask:0x7f (500e004aaaaaaa1f)
[    7.833338] sas: REVALIDATING DOMAIN on port 0, pid:455
[    7.835817] sas: ex 500e004aaaaaaa1f phys DID NOT change
[    7.835819] sas: done REVALIDATING DOMAIN on port 0, pid:455, res 0x0
[    7.835826] sas: phy7 matched wide port0
[    7.835832] sas: phy-0:7 added to port-0:0, phy_mask:0xff (500e004aaaaaaa1f)
[    7.835838] sas: REVALIDATING DOMAIN on port 0, pid:455
[    7.838316] sas: ex 500e004aaaaaaa1f phys DID NOT change
[    7.838318] sas: done REVALIDATING DOMAIN on port 0, pid:455, res 0x0
[    7.838324] sas: broadcast received: 0
[    7.838331] sas: REVALIDATING DOMAIN on port 0, pid:455
[    7.840815] sas: ex 500e004aaaaaaa1f phys DID NOT change
[    7.840818] sas: done REVALIDATING DOMAIN on port 0, pid:455, res 0x0
[    7.840824] sas: broadcast received: 0
[    7.840829] sas: REVALIDATING DOMAIN on port 0, pid:455
[    7.843315] sas: ex 500e004aaaaaaa1f phys DID NOT change
[    7.843316] sas: done REVALIDATING DOMAIN on port 0, pid:455, res 0x0
[    7.843321] sas: broadcast received: 0
[    7.843327] sas: REVALIDATING DOMAIN on port 0, pid:455
[    7.845749] sd 0:0:6:0: [sdg] Attached SCSI disk
[    7.845815] sas: ex 500e004aaaaaaa1f phys DID NOT change
[    7.845816] sas: done REVALIDATING DOMAIN on port 0, pid:455, res 0x0
[    7.845823] sas: broadcast received: 0
[    7.845829] sas: REVALIDATING DOMAIN on port 0, pid:455
[    7.848313] sas: ex 500e004aaaaaaa1f phys DID NOT change
[    7.848314] sas: done REVALIDATING DOMAIN on port 0, pid:455, res 0x0
[    7.848320] sas: broadcast received: 0
[    7.848326] sas: REVALIDATING DOMAIN on port 0, pid:455
[    7.850812] sas: ex 500e004aaaaaaa1f phys DID NOT change
[    7.850813] sas: done REVALIDATING DOMAIN on port 0, pid:455, res 0x0
[    7.850819] sas: broadcast received: 0
[    7.850825] sas: REVALIDATING DOMAIN on port 0, pid:455
[    7.853311] sas: ex 500e004aaaaaaa1f phys DID NOT change
[    7.853313] sas: done REVALIDATING DOMAIN on port 0, pid:455, res 0x0
[    7.853319] sas: broadcast received: 0
[    7.853325] sas: REVALIDATING DOMAIN on port 0, pid:455
[    7.855810] sas: ex 500e004aaaaaaa1f phys DID NOT change
[    7.855812] sas: done REVALIDATING DOMAIN on port 0, pid:455, res 0x0
[    7.855818] sas: broadcast received: 0
[    7.855824] sas: REVALIDATING DOMAIN on port 0, pid:455
[    7.858309] sas: ex 500e004aaaaaaa1f phys DID NOT change
[    7.858311] sas: done REVALIDATING DOMAIN on port 0, pid:455, res 0x0
[    7.858318] sas: broadcast received: 0
[    7.858323] sas: REVALIDATING DOMAIN on port 0, pid:455
[    7.860809] sas: ex 500e004aaaaaaa1f phys DID NOT change
[    7.860810] sas: done REVALIDATING DOMAIN on port 0, pid:455, res 0x0
[    7.860816] sas: broadcast received: 0
[    7.860822] sas: REVALIDATING DOMAIN on port 0, pid:455
[    7.863307] sas: ex 500e004aaaaaaa1f phys DID NOT change
[    7.863309] sas: done REVALIDATING DOMAIN on port 0, pid:455, res 0x0
[    7.863315] sas: broadcast received: 0
[    7.863321] sas: REVALIDATING DOMAIN on port 0, pid:455
[    7.865807] sas: ex 500e004aaaaaaa1f phys DID NOT change
[    7.865808] sas: done REVALIDATING DOMAIN on port 0, pid:455, res 0x0
[    7.865814] sas: broadcast received: 0
[    7.865820] sas: REVALIDATING DOMAIN on port 0, pid:455
[    7.868306] sas: ex 500e004aaaaaaa1f phys DID NOT change
[    7.868308] sas: done REVALIDATING DOMAIN on port 0, pid:455, res 0x0
[    7.868313] sas: broadcast received: 0
[    7.868319] sas: REVALIDATING DOMAIN on port 0, pid:455
[    7.870805] sas: ex 500e004aaaaaaa1f phys DID NOT change
[    7.870806] sas: done REVALIDATING DOMAIN on port 0, pid:455, res 0x0
[    7.870813] sas: broadcast received: 0
[    7.870818] sas: REVALIDATING DOMAIN on port 0, pid:455
[    7.873304] sas: ex 500e004aaaaaaa1f phys DID NOT change
[    7.873306] sas: done REVALIDATING DOMAIN on port 0, pid:455, res 0x0
[    7.873312] sas: broadcast received: 0
[    7.873317] sas: REVALIDATING DOMAIN on port 0, pid:455
[    7.875803] sas: ex 500e004aaaaaaa1f phys DID NOT change
[    7.875805] sas: done REVALIDATING DOMAIN on port 0, pid:455, res 0x0
[    7.875811] sas: broadcast received: 0
[    7.875817] sas: REVALIDATING DOMAIN on port 0, pid:455
[    7.878302] sas: ex 500e004aaaaaaa1f phys DID NOT change
[    7.878304] sas: done REVALIDATING DOMAIN on port 0, pid:455, res 0x0
[    7.880328] tun: Universal TUN/TAP device driver, 1.6
[    7.880560] thunder_xcv, ver 1.0
[    7.880575] thunder_bgx, ver 1.0
[    7.880591] nicpf, ver 1.0
[    7.893378] sd 0:0:7:0: [sdh] 390721968 512-byte logical blocks: (200 GB/186 GiB)
[    7.935385] sd 0:0:7:0: [sdh] Write Protect is off
[    7.935387] sd 0:0:7:0: [sdh] Mode Sense: cf 00 10 08
[    7.960457] ACPI: IORT: [Firmware Bug]: Named component missing memory address limit
[    7.960575] hns_dsaf HISI00B2:00: Adding to iommu group 1
[    8.017440] sd 0:0:7:0: [sdh] Write cache: disabled, read cache: disabled, supports DPO and FUA
[    8.030149] hns_dsaf HISI00B2:00: no mc-mac-mask property, set to default value.
[    8.140178] sd 0:0:7:0: [sdh] Optimal transfer size 131072 bytes
[    8.244483] hns_dsaf HISI00B2:00: no mc-mac-mask property, set to default value.
[    8.460732] hns_dsaf HISI00B2:00: no mc-mac-mask property, set to default value.
[    8.481235] hns_dsaf HISI00B2:00: no mc-mac-mask property, set to default value.
[    8.500246] sd 0:0:7:0: [sdh] Attached SCSI disk
[    8.780152] Generic PHY Mii-HISI0141:00:00: attached PHY driver (mii_bus:phy_addr=Mii-HISI0141:00:00, irq=POLL)
[    8.801003] Generic PHY Mii-HISI0141:00:01: attached PHY driver (mii_bus:phy_addr=Mii-HISI0141:00:01, irq=POLL)
[    8.844126] hns3: Hisilicon Ethernet Network Driver for Hip08 Family - version
[    8.844129] hns3: Copyright (c) 2017 Huawei Corporation.
[    8.844191] hclge is initializing
[    8.844206] e1000: Intel(R) PRO/1000 Network Driver
[    8.844208] e1000: Copyright (c) 1999-2006 Intel Corporation.
[    8.844226] e1000e: Intel(R) PRO/1000 Network Driver
[    8.844228] e1000e: Copyright(c) 1999 - 2015 Intel Corporation.
[    8.844249] igb: Intel(R) Gigabit Ethernet Network Driver
[    8.844251] igb: Copyright (c) 2007-2014 Intel Corporation.
[    8.844271] igbvf: Intel(R) Gigabit Virtual Function Network Driver
[    8.844273] igbvf: Copyright (c) 2009 - 2012 Intel Corporation.
[    8.844443] sky2: driver version 1.30
[    8.844714] VFIO - User Level meta-driver version: 0.3
[    8.845234] ehci_hcd: USB 2.0 'Enhanced' Host Controller (EHCI) Driver
[    8.845237] ehci-pci: EHCI PCI platform driver
[    8.845250] ehci-platform: EHCI generic platform driver
[    8.845282] ehci-orion: EHCI orion driver
[    8.845286] ACPI: IORT: [Firmware Bug]: Named component missing memory address limit
[    8.845307] ehci-exynos: EHCI Exynos driver
[    8.845319] ehci-platform PNP0D20:00: Adding to iommu group 2
[    8.845330] ohci_hcd: USB 1.1 'Open' Host Controller (OHCI) Driver
[    8.845338] ohci-pci: OHCI PCI platform driver
[    8.845351] ohci-platform: OHCI generic platform driver
[    8.845377] ohci-exynos: OHCI Exynos driver
[    8.845508] usbcore: registered new interface driver usb-storage
[    8.846452] ehci-platform PNP0D20:00: EHCI Host Controller
[    8.846460] ehci-platform PNP0D20:00: new USB bus registered, assigned bus number 1
[    8.846515] ehci-platform PNP0D20:00: irq 369, io mem 0xa7020000
[    8.860405] ehci-platform PNP0D20:00: USB 2.0 started, EHCI 1.00
[    8.860594] hub 1-0:1.0: USB hub found
[    8.860603] hub 1-0:1.0: 2 ports detected
[    8.972037] rtc-efi rtc-efi.0: registered as rtc0
[    9.034963] rtc-efi rtc-efi.0: setting system clock to 2022-06-24T12:14:45 UTC (1656072885)
[    9.035154] i2c_dev: i2c /dev entries driver
[    9.036915] sdhci: Secure Digital Host Controller Interface driver
[    9.036917] sdhci: Copyright(c) Pierre Ossman
[    9.037081] Synopsys Designware Multimedia Card Interface Driver
[    9.037291] sdhci-pltfm: SDHCI platform and OF driver helper
[    9.038665] ledtrig-cpu: registered to indicate activity on CPUs
[    9.041352] pstore: Registered efi as persistent store backend
[    9.041677] usbcore: registered new interface driver usbhid
[    9.041679] usbhid: USB HID core driver
[    9.043072] NET: Registered PF_PACKET protocol family
[    9.043126] 9pnet: Installing 9P2000 support
[    9.043157] Key type dns_resolver registered
[    9.043300] registered taskstats version 1
[    9.043317] Loading compiled-in X.509 certificates
[    9.043516] pstore: Using crash dump compression: deflate
[    9.045586] ARMH0011:00: ttyAMA0 at MMIO 0x602b0000 (irq = 370, base_baud = 0) is a SBSA
[    9.059673] printk: console [ttyAMA0] printing thread started
[    9.059681] printk: console [ttyAMA0] enabled
[    9.059683] printk: bootconsole [pl11] disabled
[    9.093253] printk: bootconsole [pl11] printing thread stopped
[    9.095621] pcieport 0002:f8:00.0: Adding to iommu group 3
[    9.096690] pcieport 0002:f8:00.0: can't derive routing for PCI INT A
[    9.096693] pcieport 0002:f8:00.0: PCI INT A: no GSI
[    9.100960] pcieport 0004:88:00.0: Adding to iommu group 4
[    9.101913] pcieport 0004:88:00.0: can't derive routing for PCI INT A
[    9.101916] pcieport 0004:88:00.0: PCI INT A: no GSI
[    9.106783] pcieport 0005:78:00.0: Adding to iommu group 5
[    9.107675] pcieport 0005:78:00.0: can't derive routing for PCI INT A
[    9.107678] pcieport 0005:78:00.0: PCI INT A: no GSI
[    9.112263] pcieport 000a:10:00.0: Adding to iommu group 6
[    9.113147] pcieport 000a:10:00.0: can't derive routing for PCI INT A
[    9.113150] pcieport 000a:10:00.0: PCI INT A: no GSI
[    9.118699] pcieport 000c:20:00.0: Adding to iommu group 7
[    9.119731] pcieport 000c:20:00.0: can't derive routing for PCI INT A
[    9.119734] pcieport 000c:20:00.0: PCI INT A: no GSI
[    9.123648] pcieport 000d:30:00.0: Adding to iommu group 8
[    9.124398] usb 1-1: new high-speed USB device number 2 using ehci-platform
[    9.124470] pcieport 000d:30:00.0: can't derive routing for PCI INT A
[    9.124472] pcieport 000d:30:00.0: PCI INT A: no GSI
[    9.129125] serial 0002:f9:00.0: Adding to iommu group 3
[    9.129144] pci 0002:f8:00.0: can't derive routing for PCI INT A
[    9.129146] serial 0002:f9:00.0: PCI INT A: no GSI
[    9.129165] serial 0002:f9:00.0: enabling device (0000 -> 0003)
[    9.150856] 0002:f9:00.0: ttyS2 at I/O 0x1000 (irq = 372, base_baud = 115200) is a ST16650V2
[    9.150996] serial 0002:f9:00.1: Adding to iommu group 3
[    9.151011] pci 0002:f8:00.0: can't derive routing for PCI INT B
[    9.151013] serial 0002:f9:00.1: PCI INT B: no GSI
[    9.151026] serial 0002:f9:00.1: enabling device (0000 -> 0003)
[    9.172635] 0002:f9:00.1: ttyS3 at I/O 0x1008 (irq = 373, base_baud = 115200) is a ST16650V2
[    9.172922] ALSA device list:
[    9.172925]   No soundcards found.
[    9.194979] EXT4-fs (sda2): mounted filesystem with ordered data mode. Quota mode: none.
[    9.194997] VFS: Mounted root (ext4 filesystem) on device 8:2.
[    9.195544] devtmpfs: mounted
[    9.197388] Freeing unused kernel memory: 6976K
[    9.208483] Run /sbin/init as init process
[    9.208485]   with arguments:
[    9.208486]     /sbin/init
[    9.208487]   with environment:
[    9.208488]     HOME=/
[    9.208490]     TERM=linux
[    9.208491]     BOOT_IMAGE=/john/Image
[    9.208492]     user_debug=1
[    9.281072] hub 1-1:1.0: USB hub found
[    9.281153] hub 1-1:1.0: 4 ports detected
[    9.315782] systemd[1]: systemd 237 running in system mode. (+PAM +AUDIT +SELINUX +IMA +APPARMOR +SMACK +SYSVINIT +UTMP +LIBCRYPTSETUP +GCRYPT +GNUTLS +ACL +XZ +LZ4 +SECCOMP +BLKID +ELFUTILS +KMOD -IDN2 +IDN -PCRE2 default-hierarchy=hybrid)
[    9.316252] systemd[1]: Detected architecture arm64.
[    9.372557] systemd[1]: Set hostname to <ubuntu>.
[    9.408400] usb 1-2: new high-speed USB device number 3 using ehci-platform
[    9.565063] hub 1-2:1.0: USB hub found
[    9.565152] hub 1-2:1.0: 4 ports detected
[    9.852395] usb 1-2.1: new full-speed USB device number 4 using ehci-platform
[    9.964902] input: Keyboard/Mouse KVM 1.1.0 as /devices/platform/PNP0D20:00/usb1/1-2/1-2.1/1-2.1:1.0/0003:12D1:0003.0001/input/input1
[   10.024512] hid-generic 0003:12D1:0003.0001: input: USB HID v1.10 Keyboard [Keyboard/Mouse KVM 1.1.0] on usb-PNP0D20:00-2.1/input0
[   10.025280] input: Keyboard/Mouse KVM 1.1.0 as /devices/platform/PNP0D20:00/usb1/1-2/1-2.1/1-2.1:1.1/0003:12D1:0003.0002/input/input2
[   10.025311] hid-generic 0003:12D1:0003.0002: input: USB HID v1.10 Mouse [Keyboard/Mouse KVM 1.1.0] on usb-PNP0D20:00-2.1/input1
[   10.888392] random: crng init done
[   10.888543] systemd[1]: Reached target User and Group Name Lookups.
[   10.912523] systemd[1]: Started Forward Password Requests to Wall Directory Watch.
[   10.936717] systemd[1]: Created slice User and Session Slice.
[   10.948423] systemd[1]: Reached target Libvirt guests shutdown.
[   10.960647] systemd[1]: Created slice System Slice.
[   10.972505] systemd[1]: Listening on Device-mapper event daemon FIFOs.
[   10.996503] systemd[1]: Listening on LVM2 poll daemon socket.
[   11.584782] EXT4-fs (sda2): re-mounted. Quota mode: none.
[   11.607448] Adding 2097148k swap on /swapfile.  Priority:-2 extents:6 across:2260988k SS
[   11.696654] systemd-journald[607]: Received request to flush runtime journal from PID 1
[   11.764786] hns-nic HISI00C2:00 enahisic2i0: renamed from eth0
[   11.812577] hns-nic HISI00C2:01 enahisic2i1: renamed from eth1
[   11.856519] hns-nic HISI00C2:04 enahisic2i4: renamed from eth2
[   11.900688] hns-nic HISI00C2:05 enahisic2i5: renamed from eth3
[   12.401778] loop0: detected capacity change from 0 to 161512
[   12.441049] loop1: detected capacity change from 0 to 104384
[   12.441107] Filesystem uses "xz" compression. This is not supported
[   12.481042] Filesystem uses "xz" compression. This is not supported
[   13.775813] loop0: detected capacity change from 0 to 8
[   13.808973] Filesystem uses "xz" compression. This is not supported
[   16.120619] hns-nic HISI00C2:01 enahisic2i1: link up
