[    0.000000] Booting Linux on physical CPU 0x0000010000 [0x410fd082]
[    0.000000] Linux version 5.19.0-rc3-36894-g7f2b15352a29 (john@debian) (gcc (Debian 6.3.0-18+deb9u1) 6.3.0 20170516, GNU ld (GNU Binutils for Debian) 2.38) #320 SMP PREEMPT Fri Jul 1 17:05:55 BST 2022
[    0.000000] Machine model: Hisilicon PhosphorV660 Development Board
[    0.000000] efi: EFI v2.60 by EDK II
[    0.000000] efi: SMBIOS=0x3eff0000 SMBIOS 3.0=0x39aa0000 ACPI=0x39b70000 ACPI 2.0=0x39b70014 MEMATTR=0x3b8d0018 MEMRESERVE=0x3a002d18 
[    0.000000] ACPI: Early table checksum verification disabled
[    0.000000] ACPI: RSDP 0x0000000039B70014 000024 (v02 HISI  )
[    0.000000] ACPI: XSDT 0x0000000039B600E8 000084 (v01 HISI   HIP07    00000000      01000013)
[    0.000000] ACPI: FACP 0x0000000039A20000 00010C (v05 HISI   HIP07    00000000 INTL 20151124)
[    0.000000] ACPI: DSDT 0x00000000399E0000 0080C8 (v02 HISI   HIP07    00000000 INTL 20170728)
[    0.000000] ACPI: MCFG 0x0000000039A80000 0000AC (v01 HISI   HIP07    00000000 INTL 20151124)
[    0.000000] ACPI: SLIT 0x0000000039A70000 00003C (v01 HISI   HIP07    00000000 INTL 20151124)
[    0.000000] ACPI: SPCR 0x0000000039A60000 000050 (v02 HISI   HIP07    00000000 INTL 20151124)
[    0.000000] ACPI: SRAT 0x0000000039A50000 0005B0 (v03 HISI   HIP07    00000000 INTL 20151124)
[    0.000000] ACPI: DBG2 0x0000000039A40000 00005A (v00 HISI   HIP07    00000000 INTL 20151124)
[    0.000000] ACPI: GTDT 0x0000000039A10000 000098 (v02 HISI   HIP07    00000000 INTL 20151124)
[    0.000000] ACPI: APIC 0x0000000039A00000 0013E4 (v01 HISI   HIP07    00000000 INTL 20151124)
[    0.000000] ACPI: IORT 0x00000000399F0000 00080C (v00 HISI   HIP07    00000000 INTL 20170728)
[    0.000000] ACPI: PPTT 0x0000000031870000 001754 (v01 HISI   HIP07    00000000 INTL 20151124)
[    0.000000] ACPI: SPMI 0x0000000031860000 000041 (v05 HISI   HIP07    00000000 INTL 20151124)
[    0.000000] ACPI: iBFT 0x00000000317C0000 000800 (v01 HISI   HIP07    00000000      00000000)
[    0.000000] ACPI: SPCR: console: pl011,mmio32,0x602b0000,115200
[    0.000000] earlycon: pl11 at MMIO32 0x00000000602b0000 (options '115200')
[    0.000000] printk: bootconsole [pl11] enabled
[    0.000000] ACPI: SRAT: Node 0 PXM 0 [mem 0x00000000-0x3fffffff]
[    0.000000] ACPI: SRAT: Node 0 PXM 0 [mem 0x1000000000-0x17ffffffff]
[    0.000000] ACPI: SRAT: Node 2 PXM 2 [mem 0x40000000000-0x4003fffffff]
[    0.000000] ACPI: SRAT: Node 2 PXM 2 [mem 0x41000000000-0x417ffffffff]
[    0.000000] NUMA: NODE_DATA [mem 0x17fbffdb40-0x17fbffffff]
[    0.000000] NUMA: Initmem setup node 1 [<memory-less node>]
[    0.000000] NUMA: NODE_DATA [mem 0x417f4002b40-0x417f4004fff]
[    0.000000] NUMA: NODE_DATA(1) on node 2
[    0.000000] NUMA: NODE_DATA [mem 0x417f4000680-0x417f4002b3f]
[    0.000000] NUMA: Initmem setup node 3 [<memory-less node>]
[    0.000000] NUMA: NODE_DATA [mem 0x417f3ffe1c0-0x417f400067f]
[    0.000000] NUMA: NODE_DATA(3) on node 2
[    0.000000] Zone ranges:
[    0.000000]   DMA      [mem 0x0000000000000000-0x00000000ffffffff]
[    0.000000]   DMA32    empty
[    0.000000]   Normal   [mem 0x0000000100000000-0x00000417fbffffff]
[    0.000000] Movable zone start for each node
[    0.000000] Early memory node ranges
[    0.000000]   node   0: [mem 0x0000000000000000-0x000000003188afff]
[    0.000000]   node   0: [mem 0x000000003188b000-0x000000003188efff]
[    0.000000]   node   0: [mem 0x000000003188f000-0x000000003992ffff]
[    0.000000]   node   0: [mem 0x0000000039930000-0x00000000399dffff]
[    0.000000]   node   0: [mem 0x00000000399e0000-0x0000000039a2ffff]
[    0.000000]   node   0: [mem 0x0000000039a30000-0x0000000039a3ffff]
[    0.000000]   node   0: [mem 0x0000000039a40000-0x0000000039a8ffff]
[    0.000000]   node   0: [mem 0x0000000039a90000-0x0000000039b5ffff]
[    0.000000]   node   0: [mem 0x0000000039b60000-0x0000000039b7ffff]
[    0.000000]   node   0: [mem 0x0000000039b80000-0x0000000039ffffff]
[    0.000000]   node   0: [mem 0x000000003a000000-0x000000003efeffff]
[    0.000000]   node   0: [mem 0x000000003eff0000-0x000000003f01ffff]
[    0.000000]   node   0: [mem 0x000000003f020000-0x000000003fbfffff]
[    0.000000]   node   0: [mem 0x0000001040000000-0x00000017fbffffff]
[    0.000000]   node   2: [mem 0x0000041000000000-0x00000417fbffffff]
[    0.000000] Initmem setup node 0 [mem 0x0000000000000000-0x00000017fbffffff]
[    0.000000] Initmem setup node 1 as memoryless
[    0.000000] Initmem setup node 2 [mem 0x0000041000000000-0x00000417fbffffff]
[    0.000000] Initmem setup node 3 as memoryless
[    0.000000] On node 0, zone Normal: 1024 pages in unavailable ranges
[    0.000000] On node 2, zone Normal: 16384 pages in unavailable ranges
[    0.000000] On node 2, zone Normal: 16384 pages in unavailable ranges
[    0.000000] cma: Reserved 32 MiB at 0x000000003ce00000
[    0.000000] crashkernel reserved: 0x0000000002000000 - 0x0000000012000000 (256 MB)
[    0.000000] psci: probing for conduit method from ACPI.
[    0.000000] psci: PSCIv1.0 detected in firmware.
[    0.000000] psci: Using standard PSCI v0.2 function IDs
[    0.000000] psci: MIGRATE_INFO_TYPE not supported.
[    0.000000] psci: SMC Calling Convention v1.0
[    0.000000] ACPI: NUMA: SRAT: PXM 0 -> MPIDR 0x10000 -> Node 0
[    0.000000] ACPI: NUMA: SRAT: PXM 0 -> MPIDR 0x10001 -> Node 0
[    0.000000] ACPI: NUMA: SRAT: PXM 0 -> MPIDR 0x10002 -> Node 0
[    0.000000] ACPI: NUMA: SRAT: PXM 0 -> MPIDR 0x10003 -> Node 0
[    0.000000] ACPI: NUMA: SRAT: PXM 0 -> MPIDR 0x10100 -> Node 0
[    0.000000] ACPI: NUMA: SRAT: PXM 0 -> MPIDR 0x10101 -> Node 0
[    0.000000] ACPI: NUMA: SRAT: PXM 0 -> MPIDR 0x10102 -> Node 0
[    0.000000] ACPI: NUMA: SRAT: PXM 0 -> MPIDR 0x10103 -> Node 0
[    0.000000] ACPI: NUMA: SRAT: PXM 0 -> MPIDR 0x10200 -> Node 0
[    0.000000] ACPI: NUMA: SRAT: PXM 0 -> MPIDR 0x10201 -> Node 0
[    0.000000] ACPI: NUMA: SRAT: PXM 0 -> MPIDR 0x10202 -> Node 0
[    0.000000] ACPI: NUMA: SRAT: PXM 0 -> MPIDR 0x10203 -> Node 0
[    0.000000] ACPI: NUMA: SRAT: PXM 0 -> MPIDR 0x10300 -> Node 0
[    0.000000] ACPI: NUMA: SRAT: PXM 0 -> MPIDR 0x10301 -> Node 0
[    0.000000] ACPI: NUMA: SRAT: PXM 0 -> MPIDR 0x10302 -> Node 0
[    0.000000] ACPI: NUMA: SRAT: PXM 0 -> MPIDR 0x10303 -> Node 0
[    0.000000] ACPI: NUMA: SRAT: PXM 1 -> MPIDR 0x30000 -> Node 1
[    0.000000] ACPI: NUMA: SRAT: PXM 1 -> MPIDR 0x30001 -> Node 1
[    0.000000] ACPI: NUMA: SRAT: PXM 1 -> MPIDR 0x30002 -> Node 1
[    0.000000] ACPI: NUMA: SRAT: PXM 1 -> MPIDR 0x30003 -> Node 1
[    0.000000] ACPI: NUMA: SRAT: PXM 1 -> MPIDR 0x30100 -> Node 1
[    0.000000] ACPI: NUMA: SRAT: PXM 1 -> MPIDR 0x30101 -> Node 1
[    0.000000] ACPI: NUMA: SRAT: PXM 1 -> MPIDR 0x30102 -> Node 1
[    0.000000] ACPI: NUMA: SRAT: PXM 1 -> MPIDR 0x30103 -> Node 1
[    0.000000] ACPI: NUMA: SRAT: PXM 1 -> MPIDR 0x30200 -> Node 1
[    0.000000] ACPI: NUMA: SRAT: PXM 1 -> MPIDR 0x30201 -> Node 1
[    0.000000] ACPI: NUMA: SRAT: PXM 1 -> MPIDR 0x30202 -> Node 1
[    0.000000] ACPI: NUMA: SRAT: PXM 1 -> MPIDR 0x30203 -> Node 1
[    0.000000] ACPI: NUMA: SRAT: PXM 1 -> MPIDR 0x30300 -> Node 1
[    0.000000] ACPI: NUMA: SRAT: PXM 1 -> MPIDR 0x30301 -> Node 1
[    0.000000] ACPI: NUMA: SRAT: PXM 1 -> MPIDR 0x30302 -> Node 1
[    0.000000] ACPI: NUMA: SRAT: PXM 1 -> MPIDR 0x30303 -> Node 1
[    0.000000] ACPI: NUMA: SRAT: PXM 2 -> MPIDR 0x50000 -> Node 2
[    0.000000] ACPI: NUMA: SRAT: PXM 2 -> MPIDR 0x50001 -> Node 2
[    0.000000] ACPI: NUMA: SRAT: PXM 2 -> MPIDR 0x50002 -> Node 2
[    0.000000] ACPI: NUMA: SRAT: PXM 2 -> MPIDR 0x50003 -> Node 2
[    0.000000] ACPI: NUMA: SRAT: PXM 2 -> MPIDR 0x50100 -> Node 2
[    0.000000] ACPI: NUMA: SRAT: PXM 2 -> MPIDR 0x50101 -> Node 2
[    0.000000] ACPI: NUMA: SRAT: PXM 2 -> MPIDR 0x50102 -> Node 2
[    0.000000] ACPI: NUMA: SRAT: PXM 2 -> MPIDR 0x50103 -> Node 2
[    0.000000] ACPI: NUMA: SRAT: PXM 2 -> MPIDR 0x50200 -> Node 2
[    0.000000] ACPI: NUMA: SRAT: PXM 2 -> MPIDR 0x50201 -> Node 2
[    0.000000] ACPI: NUMA: SRAT: PXM 2 -> MPIDR 0x50202 -> Node 2
[    0.000000] ACPI: NUMA: SRAT: PXM 2 -> MPIDR 0x50203 -> Node 2
[    0.000000] ACPI: NUMA: SRAT: PXM 2 -> MPIDR 0x50300 -> Node 2
[    0.000000] ACPI: NUMA: SRAT: PXM 2 -> MPIDR 0x50301 -> Node 2
[    0.000000] ACPI: NUMA: SRAT: PXM 2 -> MPIDR 0x50302 -> Node 2
[    0.000000] ACPI: NUMA: SRAT: PXM 2 -> MPIDR 0x50303 -> Node 2
[    0.000000] ACPI: NUMA: SRAT: PXM 3 -> MPIDR 0x70000 -> Node 3
[    0.000000] ACPI: NUMA: SRAT: PXM 3 -> MPIDR 0x70001 -> Node 3
[    0.000000] ACPI: NUMA: SRAT: PXM 3 -> MPIDR 0x70002 -> Node 3
[    0.000000] ACPI: NUMA: SRAT: PXM 3 -> MPIDR 0x70003 -> Node 3
[    0.000000] ACPI: NUMA: SRAT: PXM 3 -> MPIDR 0x70100 -> Node 3
[    0.000000] ACPI: NUMA: SRAT: PXM 3 -> MPIDR 0x70101 -> Node 3
[    0.000000] ACPI: NUMA: SRAT: PXM 3 -> MPIDR 0x70102 -> Node 3
[    0.000000] ACPI: NUMA: SRAT: PXM 3 -> MPIDR 0x70103 -> Node 3
[    0.000000] ACPI: NUMA: SRAT: PXM 3 -> MPIDR 0x70200 -> Node 3
[    0.000000] ACPI: NUMA: SRAT: PXM 3 -> MPIDR 0x70201 -> Node 3
[    0.000000] ACPI: NUMA: SRAT: PXM 3 -> MPIDR 0x70202 -> Node 3
[    0.000000] ACPI: NUMA: SRAT: PXM 3 -> MPIDR 0x70203 -> Node 3
[    0.000000] ACPI: NUMA: SRAT: PXM 3 -> MPIDR 0x70300 -> Node 3
[    0.000000] ACPI: NUMA: SRAT: PXM 3 -> MPIDR 0x70301 -> Node 3
[    0.000000] ACPI: NUMA: SRAT: PXM 3 -> MPIDR 0x70302 -> Node 3
[    0.000000] ACPI: NUMA: SRAT: PXM 3 -> MPIDR 0x70303 -> Node 3
[    0.000000] percpu: Embedded 20 pages/cpu s44520 r8192 d29208 u81920
[    0.000000] pcpu-alloc: s44520 r8192 d29208 u81920 alloc=20*4096
[    0.000000] pcpu-alloc: [0] 00 [0] 01 [0] 02 [0] 03 [0] 04 [0] 05 [0] 06 [0] 07 
[    0.000000] pcpu-alloc: [0] 08 [0] 09 [0] 10 [0] 11 [0] 12 [0] 13 [0] 14 [0] 15 
[    0.000000] pcpu-alloc: [1] 16 [1] 17 [1] 18 [1] 19 [1] 20 [1] 21 [1] 22 [1] 23 
[    0.000000] pcpu-alloc: [1] 24 [1] 25 [1] 26 [1] 27 [1] 28 [1] 29 [1] 30 [1] 31 
[    0.000000] pcpu-alloc: [2] 32 [2] 33 [2] 34 [2] 35 [2] 36 [2] 37 [2] 38 [2] 39 
[    0.000000] pcpu-alloc: [2] 40 [2] 41 [2] 42 [2] 43 [2] 44 [2] 45 [2] 46 [2] 47 
[    0.000000] pcpu-alloc: [3] 48 [3] 49 [3] 50 [3] 51 [3] 52 [3] 53 [3] 54 [3] 55 
[    0.000000] pcpu-alloc: [3] 56 [3] 57 [3] 58 [3] 59 [3] 60 [3] 61 [3] 62 [3] 63 
[    0.000000] Detected PIPT I-cache on CPU0
[    0.000000] CPU features: detected: GIC system register CPU interface
[    0.000000] CPU features: detected: Spectre-v2
[    0.000000] CPU features: detected: Spectre-v3a
[    0.000000] CPU features: detected: Spectre-v4
[    0.000000] CPU features: detected: Spectre-BHB
[    0.000000] CPU features: kernel page table isolation forced ON by KASLR
[    0.000000] CPU features: detected: Kernel page table isolation (KPTI)
[    0.000000] CPU features: detected: ARM errata 1165522, 1319367, or 1530923
[    0.000000] Fallback order for Node 0: 0 2 
[    0.000000] Fallback order for Node 1: 1 0 2 
[    0.000000] Fallback order for Node 2: 2 0 
[    0.000000] Fallback order for Node 3: 3 2 0 
[    0.000000] Built 4 zonelists, mobility grouping on.  Total pages: 16481808
[    0.000000] Policy zone: Normal
[    0.000000] Kernel command line: BOOT_IMAGE=/john/Image rdinit=/init crashkernel=256M@32M console=ttyAMA0,115200 earlycon acpi=force pcie_aspm=off noinitrd root=/dev/sda2 rw log_buf_len=16M user_debug=1 iommu.strict=0 nvme.use_threaded_interrupts=1 irqchip.gicv3_pseudo_nmi=1
[    0.000000] PCIe ASPM is disabled
[    0.000000] Unknown kernel command line parameters "BOOT_IMAGE=/john/Image user_debug=1", will be passed to user space.
[    0.000000] printk: log_buf_len: 16777216 bytes
[    0.000000] printk: early log buf free: 120080(91%)
[    0.000000] mem auto-init: stack:off, heap alloc:off, heap free:off
[    0.000000] Stack Depot early init allocating hash table with memblock_alloc, 8388608 bytes
[    0.000000] software IO TLB: mapped [mem 0x0000000035930000-0x0000000039930000] (64MB)
[    0.000000] Memory: 65302732K/66973696K available (15360K kernel code, 3396K rwdata, 9152K rodata, 6912K init, 586K bss, 1638196K reserved, 32768K cma-reserved)
[    0.000000] SLUB: HWalign=64, Order=0-3, MinObjects=0, CPUs=64, Nodes=4
[    0.000000] rcu: Preemptible hierarchical RCU implementation.
[    0.000000] rcu: 	RCU event tracing is enabled.
[    0.000000] rcu: 	RCU restricting CPUs from NR_CPUS=256 to nr_cpu_ids=64.
[    0.000000] 	Trampoline variant of Tasks RCU enabled.
[    0.000000] 	Tracing variant of Tasks RCU enabled.
[    0.000000] rcu: RCU calculated value of scheduler-enlistment delay is 25 jiffies.
[    0.000000] rcu: Adjusting geometry for rcu_fanout_leaf=16, nr_cpu_ids=64
[    0.000000] NR_IRQS: 64, nr_irqs: 64, preallocated irqs: 0
[    0.000000] GICv3: GIC: Using split EOI/Deactivate mode
[    0.000000] GIC: enabling workaround for GICv3: HIP07 erratum 161010803
[    0.000000] GICv3: 988 SPIs implemented
[    0.000000] GICv3: 0 Extended SPIs implemented
[    0.000000] Root IRQ handler: gic_handle_irq
[    0.000000] GICv3: GICv3 features: 16 PPIs, DirectLPI
[    0.000000] GICv3: GICv4 features: DirectLPI 
[    0.000000] GICv3: CPU0: found redistributor 10000 region 0:0x000000004d100000
[    0.000000] SRAT: PXM 0 -> ITS 0 -> Node 0
[    0.000000] SRAT: PXM 1 -> ITS 1 -> Node 1
[    0.000000] SRAT: PXM 0 -> ITS 2 -> Node 0
[    0.000000] SRAT: PXM 1 -> ITS 3 -> Node 1
[    0.000000] SRAT: PXM 2 -> ITS 4 -> Node 2
[    0.000000] SRAT: PXM 3 -> ITS 5 -> Node 3
[    0.000000] SRAT: PXM 2 -> ITS 6 -> Node 2
[    0.000000] SRAT: PXM 3 -> ITS 7 -> Node 3
[    0.000000] ITS [mem 0x4c000000-0x4c01ffff]
[    0.000000] ITS@0x000000004c000000: Using ITS number 0
[    0.000000] GIC: enabling workaround for ITS: Hip07 erratum 161600802
[    0.000000] ITS@0x000000004c000000: allocated 524288 Devices @1040800000 (flat, esz 8, psz 16K, shr 1)
[    0.000000] ITS@0x000000004c000000: allocated 65536 Virtual CPUs @1040180000 (flat, esz 8, psz 4K, shr 1)
[    0.000000] ITS@0x000000004c000000: allocated 512 Interrupt Collections @1040143000 (flat, esz 8, psz 4K, shr 1)
[    0.000000] ITS [mem 0x6c000000-0x6c01ffff]
[    0.000000] ITS@0x000000006c000000: Using ITS number 1
[    0.000000] GIC: enabling workaround for ITS: Hip07 erratum 161600802
[    0.000000] ITS@0x000000006c000000: allocated 524288 Devices @1040c00000 (flat, esz 8, psz 16K, shr 1)
[    0.000000] ITS@0x000000006c000000: allocated 65536 Virtual CPUs @1040200000 (flat, esz 8, psz 4K, shr 1)
[    0.000000] ITS@0x000000006c000000: allocated 512 Interrupt Collections @1040144000 (flat, esz 8, psz 4K, shr 1)
[    0.000000] ITS [mem 0xc6000000-0xc601ffff]
[    0.000000] ITS@0x00000000c6000000: Using ITS number 2
[    0.000000] GIC: enabling workaround for ITS: Hip07 erratum 161600802
[    0.000000] ITS@0x00000000c6000000: allocated 524288 Devices @1041000000 (flat, esz 8, psz 16K, shr 1)
[    0.000000] ITS@0x00000000c6000000: allocated 65536 Virtual CPUs @1040280000 (flat, esz 8, psz 4K, shr 1)
[    0.000000] ITS@0x00000000c6000000: allocated 512 Interrupt Collections @1040145000 (flat, esz 8, psz 4K, shr 1)
[    0.000000] ITS [mem 0x8c6000000-0x8c601ffff]
[    0.000000] ITS@0x00000008c6000000: Using ITS number 3
[    0.000000] GIC: enabling workaround for ITS: Hip07 erratum 161600802
[    0.000000] ITS@0x00000008c6000000: allocated 524288 Devices @1041400000 (flat, esz 8, psz 16K, shr 1)
[    0.000000] ITS@0x00000008c6000000: allocated 65536 Virtual CPUs @1040380000 (flat, esz 8, psz 4K, shr 1)
[    0.000000] ITS@0x00000008c6000000: allocated 512 Interrupt Collections @1040146000 (flat, esz 8, psz 4K, shr 1)
[    0.000000] ITS [mem 0x4004c000000-0x4004c01ffff]
[    0.000000] ITS@0x000004004c000000: Using ITS number 4
[    0.000000] GIC: enabling workaround for ITS: Hip07 erratum 161600802
[    0.000000] ITS@0x000004004c000000: allocated 524288 Devices @41000400000 (flat, esz 8, psz 16K, shr 1)
[    0.000000] ITS@0x000004004c000000: allocated 65536 Virtual CPUs @41000080000 (flat, esz 8, psz 4K, shr 1)
[    0.000000] ITS@0x000004004c000000: allocated 512 Interrupt Collections @41000002000 (flat, esz 8, psz 4K, shr 1)
[    0.000000] ITS [mem 0x4006c000000-0x4006c01ffff]
[    0.000000] ITS@0x000004006c000000: Using ITS number 5
[    0.000000] GIC: enabling workaround for ITS: Hip07 erratum 161600802
[    0.000000] ITS@0x000004006c000000: allocated 524288 Devices @41000800000 (flat, esz 8, psz 16K, shr 1)
[    0.000000] ITS@0x000004006c000000: allocated 65536 Virtual CPUs @41000100000 (flat, esz 8, psz 4K, shr 1)
[    0.000000] ITS@0x000004006c000000: allocated 512 Interrupt Collections @41000003000 (flat, esz 8, psz 4K, shr 1)
[    0.000000] ITS [mem 0x400c6000000-0x400c601ffff]
[    0.000000] ITS@0x00000400c6000000: Using ITS number 6
[    0.000000] GIC: enabling workaround for ITS: Hip07 erratum 161600802
[    0.000000] ITS@0x00000400c6000000: allocated 524288 Devices @41000c00000 (flat, esz 8, psz 16K, shr 1)
[    0.000000] ITS@0x00000400c6000000: allocated 65536 Virtual CPUs @41000180000 (flat, esz 8, psz 4K, shr 1)
[    0.000000] ITS@0x00000400c6000000: allocated 512 Interrupt Collections @41000004000 (flat, esz 8, psz 4K, shr 1)
[    0.000000] ITS [mem 0x408c6000000-0x408c601ffff]
[    0.000000] ITS@0x00000408c6000000: Using ITS number 7
[    0.000000] GIC: enabling workaround for ITS: Hip07 erratum 161600802
[    0.000000] ITS@0x00000408c6000000: allocated 524288 Devices @41001000000 (flat, esz 8, psz 16K, shr 1)
[    0.000000] ITS@0x00000408c6000000: allocated 65536 Virtual CPUs @41000200000 (flat, esz 8, psz 4K, shr 1)
[    0.000000] ITS@0x00000408c6000000: allocated 512 Interrupt Collections @41000005000 (flat, esz 8, psz 4K, shr 1)
[    0.000000] GICv3: using LPI property table @0x0000001040310000
[    0.000000] ITS: Using DirectLPI for VPE invalidation
[    0.000000] ITS: Enabling GICv4 support
[    0.000000] GICv3: CPU0: using allocated LPI pending table @0x0000001040320000
[    0.000000] rcu: srcu_init: Setting srcu_struct sizes based on contention.
[    0.000000] arch_timer: Enabling global workaround for HiSilicon erratum 161010101
[    0.000000] arch_timer: CPU0: Trapping CNTVCT access
[    0.000000] arch_timer: cp15 timer(s) running at 50.00MHz (phys).
[    0.000000] clocksource: arch_sys_counter: mask: 0xffffffffffffff max_cycles: 0xb8812736b, max_idle_ns: 440795202655 ns
[    0.000000] sched_clock: 56 bits at 50MHz, resolution 20ns, wraps every 4398046511100ns
[    0.008180] Console: colour dummy device 80x25
[    0.012723] mempolicy: Enabling automatic NUMA balancing. Configure with numa_balancing= or the kernel.numa_balancing sysctl
[    0.024012] ACPI: Core revision 20220331
[    0.028009] ACPI BIOS Warning (bug): Incorrect checksum in table [DSDT] - 0x71, should be 0x6F (20220331/tbprint-178)
[    0.038767] Calibrating delay loop (skipped), value calculated using timer frequency.. 100.00 BogoMIPS (lpj=200000)
[    0.049258] pid_max: default: 65536 minimum: 512
[    0.053939] LSM: Security Framework initializing
[    0.080977] Dentry cache hash table entries: 8388608 (order: 14, 67108864 bytes, vmalloc)
[    0.100284] Inode-cache hash table entries: 4194304 (order: 13, 33554432 bytes, vmalloc)
[    0.108810] Mount-cache hash table entries: 131072 (order: 8, 1048576 bytes, vmalloc)
[    0.117023] Mountpoint-cache hash table entries: 131072 (order: 8, 1048576 bytes, vmalloc)
[    0.126990] cblist_init_generic: Setting adjustable number of callback queues.
[    0.134317] cblist_init_generic: Setting shift to 6 and lim to 1.
[    0.140521] cblist_init_generic: Setting shift to 6 and lim to 1.
[    0.146734] rcu: Hierarchical SRCU implementation.
[    0.146755] printk: bootconsole [pl11] printing thread started
[    0.157497] Platform MSI: ITS@0x4c000000 domain created
[    0.157501] Platform MSI: ITS@0x6c000000 domain created
[    0.157504] Platform MSI: ITS@0xc6000000 domain created
[    0.157507] Platform MSI: ITS@0x8c6000000 domain created
[    0.157511] Platform MSI: ITS@0x4004c000000 domain created
[    0.157516] Platform MSI: ITS@0x4006c000000 domain created
[    0.157520] Platform MSI: ITS@0x400c6000000 domain created
[    0.157523] Platform MSI: ITS@0x408c6000000 domain created
[    0.157530] PCI/MSI: ITS@0x4c000000 domain created
[    0.157533] PCI/MSI: ITS@0x6c000000 domain created
[    0.157536] PCI/MSI: ITS@0xc6000000 domain created
[    0.157539] PCI/MSI: ITS@0x8c6000000 domain created
[    0.157542] PCI/MSI: ITS@0x4004c000000 domain created
[    0.157545] PCI/MSI: ITS@0x4006c000000 domain created
[    0.157547] PCI/MSI: ITS@0x400c6000000 domain created
[    0.157550] PCI/MSI: ITS@0x408c6000000 domain created
[    0.157555] fsl-mc MSI: ITS@0x4c000000 domain created
[    0.157558] fsl-mc MSI: ITS@0x6c000000 domain created
[    0.157560] fsl-mc MSI: ITS@0xc6000000 domain created
[    0.157563] fsl-mc MSI: ITS@0x8c6000000 domain created
[    0.157565] fsl-mc MSI: ITS@0x4004c000000 domain created
[    0.157569] fsl-mc MSI: ITS@0x4006c000000 domain created
[    0.157571] fsl-mc MSI: ITS@0x400c6000000 domain created
[    0.157573] fsl-mc MSI: ITS@0x408c6000000 domain created
[    0.157590] Remapping and enabling EFI services.
[    0.159774] smp: Bringing up secondary CPUs ...
[    0.295763] Detected PIPT I-cache on CPU1
[    0.295778] GICv3: CPU1: found redistributor 10001 region 1:0x000000004d140000
[    0.295785] GICv3: CPU1: using allocated LPI pending table @0x0000001040330000
[    0.295937] arch_timer: CPU1: Trapping CNTVCT access
[    0.295941] CPU1: Booted secondary processor 0x0000010001 [0x410fd082]
[    0.298367] Detected PIPT I-cache on CPU2
[    0.298375] GICv3: CPU2: found redistributor 10002 region 2:0x000000004d180000
[    0.298380] GICv3: CPU2: using allocated LPI pending table @0x0000001040340000
[    0.298519] arch_timer: CPU2: Trapping CNTVCT access
[    0.298522] CPU2: Booted secondary processor 0x0000010002 [0x410fd082]
[    0.300942] Detected PIPT I-cache on CPU3
[    0.300951] GICv3: CPU3: found redistributor 10003 region 3:0x000000004d1c0000
[    0.300957] GICv3: CPU3: using allocated LPI pending table @0x0000001040350000
[    0.301096] arch_timer: CPU3: Trapping CNTVCT access
[    0.301099] CPU3: Booted secondary processor 0x0000010003 [0x410fd082]
[    0.392510] Detected PIPT I-cache on CPU4
[    0.392521] GICv3: CPU4: found redistributor 10100 region 4:0x000000004d200000
[    0.392527] GICv3: CPU4: using allocated LPI pending table @0x0000001040360000
[    0.392664] arch_timer: CPU4: Trapping CNTVCT access
[    0.392668] CPU4: Booted secondary processor 0x0000010100 [0x410fd082]
[    0.395109] Detected PIPT I-cache on CPU5
[    0.395117] GICv3: CPU5: found redistributor 10101 region 5:0x000000004d240000
[    0.395123] GICv3: CPU5: using allocated LPI pending table @0x0000001040370000
[    0.395258] arch_timer: CPU5: Trapping CNTVCT access
[    0.395261] CPU5: Booted secondary processor 0x0000010101 [0x410fd082]
[    0.397680] Detected PIPT I-cache on CPU6
[    0.397689] GICv3: CPU6: found redistributor 10102 region 6:0x000000004d280000
[    0.397695] GICv3: CPU6: using allocated LPI pending table @0x0000001041800000
[    0.397831] arch_timer: CPU6: Trapping CNTVCT access
[    0.397835] CPU6: Booted secondary processor 0x0000010102 [0x410fd082]
[    0.489241] Detected PIPT I-cache on CPU7
[    0.489250] GICv3: CPU7: found redistributor 10103 region 7:0x000000004d2c0000
[    0.489256] GICv3: CPU7: using allocated LPI pending table @0x0000001041810000
[    0.489394] arch_timer: CPU7: Trapping CNTVCT access
[    0.489397] CPU7: Booted secondary processor 0x0000010103 [0x410fd082]
[    0.491824] Detected PIPT I-cache on CPU8
[    0.491836] GICv3: CPU8: found redistributor 10200 region 8:0x000000004d300000
[    0.491842] GICv3: CPU8: using allocated LPI pending table @0x0000001041820000
[    0.491979] arch_timer: CPU8: Trapping CNTVCT access
[    0.491983] CPU8: Booted secondary processor 0x0000010200 [0x410fd082]
[    0.494417] Detected PIPT I-cache on CPU9
[    0.494426] GICv3: CPU9: found redistributor 10201 region 9:0x000000004d340000
[    0.494431] GICv3: CPU9: using allocated LPI pending table @0x0000001041830000
[    0.494568] arch_timer: CPU9: Trapping CNTVCT access
[    0.494571] CPU9: Booted secondary processor 0x0000010201 [0x410fd082]
[    0.585979] Detected PIPT I-cache on CPU10
[    0.585989] GICv3: CPU10: found redistributor 10202 region 10:0x000000004d380000
[    0.585994] GICv3: CPU10: using allocated LPI pending table @0x0000001041840000
[    0.586132] arch_timer: CPU10: Trapping CNTVCT access
[    0.586135] CPU10: Booted secondary processor 0x0000010202 [0x410fd082]
[    0.588561] Detected PIPT I-cache on CPU11
[    0.588572] GICv3: CPU11: found redistributor 10203 region 11:0x000000004d3c0000
[    0.588578] GICv3: CPU11: using allocated LPI pending table @0x0000001041850000
[    0.588715] arch_timer: CPU11: Trapping CNTVCT access
[    0.588718] CPU11: Booted secondary processor 0x0000010203 [0x410fd082]
[    0.591152] Detected PIPT I-cache on CPU12
[    0.591165] GICv3: CPU12: found redistributor 10300 region 12:0x000000004d400000
[    0.591171] GICv3: CPU12: using allocated LPI pending table @0x0000001041860000
[    0.591309] arch_timer: CPU12: Trapping CNTVCT access
[    0.591313] CPU12: Booted secondary processor 0x0000010300 [0x410fd082]
[    0.684300] Detected PIPT I-cache on CPU13
[    0.684311] GICv3: CPU13: found redistributor 10301 region 13:0x000000004d440000
[    0.684316] GICv3: CPU13: using allocated LPI pending table @0x0000001041870000
[    0.684452] arch_timer: CPU13: Trapping CNTVCT access
[    0.684455] CPU13: Booted secondary processor 0x0000010301 [0x410fd082]
[    0.686880] Detected PIPT I-cache on CPU14
[    0.686890] GICv3: CPU14: found redistributor 10302 region 14:0x000000004d480000
[    0.686896] GICv3: CPU14: using allocated LPI pending table @0x0000001041880000
[    0.687032] arch_timer: CPU14: Trapping CNTVCT access
[    0.687036] CPU14: Booted secondary processor 0x0000010302 [0x410fd082]
[    0.689470] Detected PIPT I-cache on CPU15
[    0.689481] GICv3: CPU15: found redistributor 10303 region 15:0x000000004d4c0000
[    0.689487] GICv3: CPU15: using allocated LPI pending table @0x0000001041890000
[    0.689623] arch_timer: CPU15: Trapping CNTVCT access
[    0.689626] CPU15: Booted secondary processor 0x0000010303 [0x410fd082]
[    0.782589] Detected PIPT I-cache on CPU16
[    0.782606] GICv3: CPU16: found redistributor 30000 region 16:0x000000006d100000
[    0.782613] GICv3: CPU16: using allocated LPI pending table @0x00000010418a0000
[    0.782798] arch_timer: CPU16: Trapping CNTVCT access
[    0.782803] CPU16: Booted secondary processor 0x0000030000 [0x410fd082]
[    0.785295] Detected PIPT I-cache on CPU17
[    0.785307] GICv3: CPU17: found redistributor 30001 region 17:0x000000006d140000
[    0.785313] GICv3: CPU17: using allocated LPI pending table @0x00000010418b0000
[    0.785494] arch_timer: CPU17: Trapping CNTVCT access
[    0.785497] CPU17: Booted secondary processor 0x0000030001 [0x410fd082]
[    0.787909] Detected PIPT I-cache on CPU18
[    0.787921] GICv3: CPU18: found redistributor 30002 region 18:0x000000006d180000
[    0.787926] GICv3: CPU18: using allocated LPI pending table @0x00000010418c0000
[    0.788108] arch_timer: CPU18: Trapping CNTVCT access
[    0.788111] CPU18: Booted secondary processor 0x0000030002 [0x410fd082]
[    0.880937] Detected PIPT I-cache on CPU19
[    0.880950] GICv3: CPU19: found redistributor 30003 region 19:0x000000006d1c0000
[    0.880956] GICv3: CPU19: using allocated LPI pending table @0x00000010418d0000
[    0.881138] arch_timer: CPU19: Trapping CNTVCT access
[    0.881142] CPU19: Booted secondary processor 0x0000030003 [0x410fd082]
[    0.883558] Detected PIPT I-cache on CPU20
[    0.883576] GICv3: CPU20: found redistributor 30100 region 20:0x000000006d200000
[    0.883583] GICv3: CPU20: using allocated LPI pending table @0x00000010418e0000
[    0.883767] arch_timer: CPU20: Trapping CNTVCT access
[    0.883772] CPU20: Booted secondary processor 0x0000030100 [0x410fd082]
[    0.886201] Detected PIPT I-cache on CPU21
[    0.886214] GICv3: CPU21: found redistributor 30101 region 21:0x000000006d240000
[    0.886221] GICv3: CPU21: using allocated LPI pending table @0x00000010418f0000
[    0.886402] arch_timer: CPU21: Trapping CNTVCT access
[    0.886406] CPU21: Booted secondary processor 0x0000030101 [0x410fd082]
[    0.979271] Detected PIPT I-cache on CPU22
[    0.979285] GICv3: CPU22: found redistributor 30102 region 22:0x000000006d280000
[    0.979292] GICv3: CPU22: using allocated LPI pending table @0x0000001041900000
[    0.979473] arch_timer: CPU22: Trapping CNTVCT access
[    0.979477] CPU22: Booted secondary processor 0x0000030102 [0x410fd082]
[    0.981894] Detected PIPT I-cache on CPU23
[    0.981908] GICv3: CPU23: found redistributor 30103 region 23:0x000000006d2c0000
[    0.981914] GICv3: CPU23: using allocated LPI pending table @0x0000001041910000
[    0.982096] arch_timer: CPU23: Trapping CNTVCT access
[    0.982099] CPU23: Booted secondary processor 0x0000030103 [0x410fd082]
[    0.984512] Detected PIPT I-cache on CPU24
[    0.984531] GICv3: CPU24: found redistributor 30200 region 24:0x000000006d300000
[    0.984538] GICv3: CPU24: using allocated LPI pending table @0x0000001041920000
[    0.984722] arch_timer: CPU24: Trapping CNTVCT access
[    0.984727] CPU24: Booted secondary processor 0x0000030200 [0x410fd082]
[    1.077631] Detected PIPT I-cache on CPU25
[    1.077646] GICv3: CPU25: found redistributor 30201 region 25:0x000000006d340000
[    1.077652] GICv3: CPU25: using allocated LPI pending table @0x0000001041930000
[    1.077834] arch_timer: CPU25: Trapping CNTVCT access
[    1.077837] CPU25: Booted secondary processor 0x0000030201 [0x410fd082]
[    1.080254] Detected PIPT I-cache on CPU26
[    1.080269] GICv3: CPU26: found redistributor 30202 region 26:0x000000006d380000
[    1.080275] GICv3: CPU26: using allocated LPI pending table @0x0000001041940000
[    1.080457] arch_timer: CPU26: Trapping CNTVCT access
[    1.080460] CPU26: Booted secondary processor 0x0000030202 [0x410fd082]
[    1.082871] Detected PIPT I-cache on CPU27
[    1.082886] GICv3: CPU27: found redistributor 30203 region 27:0x000000006d3c0000
[    1.082893] GICv3: CPU27: using allocated LPI pending table @0x0000001041950000
[    1.083073] arch_timer: CPU27: Trapping CNTVCT access
[    1.083076] CPU27: Booted secondary processor 0x0000030203 [0x410fd082]
[    1.175972] Detected PIPT I-cache on CPU28
[    1.175994] GICv3: CPU28: found redistributor 30300 region 28:0x000000006d400000
[    1.176002] GICv3: CPU28: using allocated LPI pending table @0x0000001041960000
[    1.176186] arch_timer: CPU28: Trapping CNTVCT access
[    1.176192] CPU28: Booted secondary processor 0x0000030300 [0x410fd082]
[    1.178638] Detected PIPT I-cache on CPU29
[    1.178653] GICv3: CPU29: found redistributor 30301 region 29:0x000000006d440000
[    1.178660] GICv3: CPU29: using allocated LPI pending table @0x0000001041970000
[    1.178841] arch_timer: CPU29: Trapping CNTVCT access
[    1.178845] CPU29: Booted secondary processor 0x0000030301 [0x410fd082]
[    1.181250] Detected PIPT I-cache on CPU30
[    1.181265] GICv3: CPU30: found redistributor 30302 region 30:0x000000006d480000
[    1.181273] GICv3: CPU30: using allocated LPI pending table @0x0000001041980000
[    1.181453] arch_timer: CPU30: Trapping CNTVCT access
[    1.181457] CPU30: Booted secondary processor 0x0000030302 [0x410fd082]
[    1.274324] Detected PIPT I-cache on CPU31
[    1.274340] GICv3: CPU31: found redistributor 30303 region 31:0x000000006d4c0000
[    1.274347] GICv3: CPU31: using allocated LPI pending table @0x0000001041990000
[    1.274527] arch_timer: CPU31: Trapping CNTVCT access
[    1.274531] CPU31: Booted secondary processor 0x0000030303 [0x410fd082]
[    1.277140] Detected PIPT I-cache on CPU32
[    1.277196] GICv3: CPU32: found redistributor 50000 region 32:0x000004004d100000
[    1.277215] GICv3: CPU32: using allocated LPI pending table @0x00000010419a0000
[    1.277394] arch_timer: CPU32: Trapping CNTVCT access
[    1.277404] CPU32: Booted secondary processor 0x0000050000 [0x410fd082]
[    1.280257] Detected PIPT I-cache on CPU33
[    1.280290] GICv3: CPU33: found redistributor 50001 region 33:0x000004004d140000
[    1.280300] GICv3: CPU33: using allocated LPI pending table @0x00000010419b0000
[    1.280439] arch_timer: CPU33: Trapping CNTVCT access
[    1.280442] CPU33: Booted secondary processor 0x0000050001 [0x410fd082]
[    1.372872] Detected PIPT I-cache on CPU34
[    1.372906] GICv3: CPU34: found redistributor 50002 region 34:0x000004004d180000
[    1.372916] GICv3: CPU34: using allocated LPI pending table @0x00000010419c0000
[    1.373053] arch_timer: CPU34: Trapping CNTVCT access
[    1.373056] CPU34: Booted secondary processor 0x0000050002 [0x410fd082]
[    1.375665] Detected PIPT I-cache on CPU35
[    1.375698] GICv3: CPU35: found redistributor 50003 region 35:0x000004004d1c0000
[    1.375708] GICv3: CPU35: using allocated LPI pending table @0x00000010419d0000
[    1.375846] arch_timer: CPU35: Trapping CNTVCT access
[    1.375849] CPU35: Booted secondary processor 0x0000050003 [0x410fd082]
[    1.378447] Detected PIPT I-cache on CPU36
[    1.378482] GICv3: CPU36: found redistributor 50100 region 36:0x000004004d200000
[    1.378492] GICv3: CPU36: using allocated LPI pending table @0x00000010419e0000
[    1.378633] arch_timer: CPU36: Trapping CNTVCT access
[    1.378636] CPU36: Booted secondary processor 0x0000050100 [0x410fd082]
[    1.471412] Detected PIPT I-cache on CPU37
[    1.471447] GICv3: CPU37: found redistributor 50101 region 37:0x000004004d240000
[    1.471457] GICv3: CPU37: using allocated LPI pending table @0x00000010419f0000
[    1.471597] arch_timer: CPU37: Trapping CNTVCT access
[    1.471600] CPU37: Booted secondary processor 0x0000050101 [0x410fd082]
[    1.474205] Detected PIPT I-cache on CPU38
[    1.474239] GICv3: CPU38: found redistributor 50102 region 38:0x000004004d280000
[    1.474249] GICv3: CPU38: using allocated LPI pending table @0x0000001041a00000
[    1.474386] arch_timer: CPU38: Trapping CNTVCT access
[    1.474389] CPU38: Booted secondary processor 0x0000050102 [0x410fd082]
[    1.476990] Detected PIPT I-cache on CPU39
[    1.477024] GICv3: CPU39: found redistributor 50103 region 39:0x000004004d2c0000
[    1.477034] GICv3: CPU39: using allocated LPI pending table @0x0000001041a10000
[    1.477172] arch_timer: CPU39: Trapping CNTVCT access
[    1.477175] CPU39: Booted secondary processor 0x0000050103 [0x410fd082]
[    1.570024] Detected PIPT I-cache on CPU40
[    1.570062] GICv3: CPU40: found redistributor 50200 region 40:0x000004004d300000
[    1.570073] GICv3: CPU40: using allocated LPI pending table @0x0000001041a20000
[    1.570213] arch_timer: CPU40: Trapping CNTVCT access
[    1.570217] CPU40: Booted secondary processor 0x0000050200 [0x410fd082]
[    1.572840] Detected PIPT I-cache on CPU41
[    1.572875] GICv3: CPU41: found redistributor 50201 region 41:0x000004004d340000
[    1.572885] GICv3: CPU41: using allocated LPI pending table @0x0000001041a30000
[    1.573023] arch_timer: CPU41: Trapping CNTVCT access
[    1.573027] CPU41: Booted secondary processor 0x0000050201 [0x410fd082]
[    1.575619] Detected PIPT I-cache on CPU42
[    1.575654] GICv3: CPU42: found redistributor 50202 region 42:0x000004004d380000
[    1.575665] GICv3: CPU42: using allocated LPI pending table @0x0000001041a40000
[    1.575802] arch_timer: CPU42: Trapping CNTVCT access
[    1.575805] CPU42: Booted secondary processor 0x0000050202 [0x410fd082]
[    1.668626] Detected PIPT I-cache on CPU43
[    1.668662] GICv3: CPU43: found redistributor 50203 region 43:0x000004004d3c0000
[    1.668673] GICv3: CPU43: using allocated LPI pending table @0x0000001041a50000
[    1.668809] arch_timer: CPU43: Trapping CNTVCT access
[    1.668813] CPU43: Booted secondary processor 0x0000050203 [0x410fd082]
[    1.671421] Detected PIPT I-cache on CPU44
[    1.671459] GICv3: CPU44: found redistributor 50300 region 44:0x000004004d400000
[    1.671470] GICv3: CPU44: using allocated LPI pending table @0x0000001041a60000
[    1.671610] arch_timer: CPU44: Trapping CNTVCT access
[    1.671614] CPU44: Booted secondary processor 0x0000050300 [0x410fd082]
[    1.674227] Detected PIPT I-cache on CPU45
[    1.674262] GICv3: CPU45: found redistributor 50301 region 45:0x000004004d440000
[    1.674272] GICv3: CPU45: using allocated LPI pending table @0x0000001041a70000
[    1.674410] arch_timer: CPU45: Trapping CNTVCT access
[    1.674413] CPU45: Booted secondary processor 0x0000050301 [0x410fd082]
[    1.767151] Detected PIPT I-cache on CPU46
[    1.767187] GICv3: CPU46: found redistributor 50302 region 46:0x000004004d480000
[    1.767198] GICv3: CPU46: using allocated LPI pending table @0x0000001041a80000
[    1.767336] arch_timer: CPU46: Trapping CNTVCT access
[    1.767339] CPU46: Booted secondary processor 0x0000050302 [0x410fd082]
[    1.769963] Detected PIPT I-cache on CPU47
[    1.769998] GICv3: CPU47: found redistributor 50303 region 47:0x000004004d4c0000
[    1.770009] GICv3: CPU47: using allocated LPI pending table @0x0000001041a90000
[    1.770147] arch_timer: CPU47: Trapping CNTVCT access
[    1.770151] CPU47: Booted secondary processor 0x0000050303 [0x410fd082]
[    1.772806] Detected PIPT I-cache on CPU48
[    1.772849] GICv3: CPU48: found redistributor 70000 region 48:0x000004006d100000
[    1.772863] GICv3: CPU48: using allocated LPI pending table @0x0000001041aa0000
[    1.773047] arch_timer: CPU48: Trapping CNTVCT access
[    1.773052] CPU48: Booted secondary processor 0x0000070000 [0x410fd082]
[    1.865852] Detected PIPT I-cache on CPU49
[    1.865892] GICv3: CPU49: found redistributor 70001 region 49:0x000004006d140000
[    1.865904] GICv3: CPU49: using allocated LPI pending table @0x0000001041ab0000
[    1.866087] arch_timer: CPU49: Trapping CNTVCT access
[    1.866090] CPU49: Booted secondary processor 0x0000070001 [0x410fd082]
[    1.868732] Detected PIPT I-cache on CPU50
[    1.868771] GICv3: CPU50: found redistributor 70002 region 50:0x000004006d180000
[    1.868783] GICv3: CPU50: using allocated LPI pending table @0x0000001041ac0000
[    1.868965] arch_timer: CPU50: Trapping CNTVCT access
[    1.868969] CPU50: Booted secondary processor 0x0000070002 [0x410fd082]
[    1.871617] Detected PIPT I-cache on CPU51
[    1.871657] GICv3: CPU51: found redistributor 70003 region 51:0x000004006d1c0000
[    1.871668] GICv3: CPU51: using allocated LPI pending table @0x0000001041ad0000
[    1.871851] arch_timer: CPU51: Trapping CNTVCT access
[    1.871854] CPU51: Booted secondary processor 0x0000070003 [0x410fd082]
[    1.964623] Detected PIPT I-cache on CPU52
[    1.964670] GICv3: CPU52: found redistributor 70100 region 52:0x000004006d200000
[    1.964684] GICv3: CPU52: using allocated LPI pending table @0x0000001041ae0000
[    1.964870] arch_timer: CPU52: Trapping CNTVCT access
[    1.964875] CPU52: Booted secondary processor 0x0000070100 [0x410fd082]
[    1.967582] Detected PIPT I-cache on CPU53
[    1.967622] GICv3: CPU53: found redistributor 70101 region 53:0x000004006d240000
[    1.967634] GICv3: CPU53: using allocated LPI pending table @0x0000001041af0000
[    1.967817] arch_timer: CPU53: Trapping CNTVCT access
[    1.967821] CPU53: Booted secondary processor 0x0000070101 [0x410fd082]
[    1.970464] Detected PIPT I-cache on CPU54
[    1.970504] GICv3: CPU54: found redistributor 70102 region 54:0x000004006d280000
[    1.970515] GICv3: CPU54: using allocated LPI pending table @0x0000001041b00000
[    1.970697] arch_timer: CPU54: Trapping CNTVCT access
[    1.970700] CPU54: Booted secondary processor 0x0000070102 [0x410fd082]
[    2.063318] Detected PIPT I-cache on CPU55
[    2.063360] GICv3: CPU55: found redistributor 70103 region 55:0x000004006d2c0000
[    2.063372] GICv3: CPU55: using allocated LPI pending table @0x0000001041b10000
[    2.063555] arch_timer: CPU55: Trapping CNTVCT access
[    2.063558] CPU55: Booted secondary processor 0x0000070103 [0x410fd082]
[    2.066211] Detected PIPT I-cache on CPU56
[    2.066258] GICv3: CPU56: found redistributor 70200 region 56:0x000004006d300000
[    2.066271] GICv3: CPU56: using allocated LPI pending table @0x0000001041b20000
[    2.066458] arch_timer: CPU56: Trapping CNTVCT access
[    2.066462] CPU56: Booted secondary processor 0x0000070200 [0x410fd082]
[    2.069142] Detected PIPT I-cache on CPU57
[    2.069183] GICv3: CPU57: found redistributor 70201 region 57:0x000004006d340000
[    2.069194] GICv3: CPU57: using allocated LPI pending table @0x0000001041b30000
[    2.069377] arch_timer: CPU57: Trapping CNTVCT access
[    2.069381] CPU57: Booted secondary processor 0x0000070201 [0x410fd082]
[    2.161961] Detected PIPT I-cache on CPU58
[    2.162003] GICv3: CPU58: found redistributor 70202 region 58:0x000004006d380000
[    2.162016] GICv3: CPU58: using allocated LPI pending table @0x0000001041b40000
[    2.162200] arch_timer: CPU58: Trapping CNTVCT access
[    2.162203] CPU58: Booted secondary processor 0x0000070202 [0x410fd082]
[    2.164856] Detected PIPT I-cache on CPU59
[    2.164897] GICv3: CPU59: found redistributor 70203 region 59:0x000004006d3c0000
[    2.164909] GICv3: CPU59: using allocated LPI pending table @0x0000001041b50000
[    2.165093] arch_timer: CPU59: Trapping CNTVCT access
[    2.165096] CPU59: Booted secondary processor 0x0000070203 [0x410fd082]
[    2.167739] Detected PIPT I-cache on CPU60
[    2.167786] GICv3: CPU60: found redistributor 70300 region 60:0x000004006d400000
[    2.167800] GICv3: CPU60: using allocated LPI pending table @0x0000001041b60000
[    2.167986] arch_timer: CPU60: Trapping CNTVCT access
[    2.167991] CPU60: Booted secondary processor 0x0000070300 [0x410fd082]
[    2.260629] Detected PIPT I-cache on CPU61
[    2.260672] GICv3: CPU61: found redistributor 70301 region 61:0x000004006d440000
[    2.260684] GICv3: CPU61: using allocated LPI pending table @0x0000001041b70000
[    2.260867] arch_timer: CPU61: Trapping CNTVCT access
[    2.260870] CPU61: Booted secondary processor 0x0000070301 [0x410fd082]
[    2.263526] Detected PIPT I-cache on CPU62
[    2.263568] GICv3: CPU62: found redistributor 70302 region 62:0x000004006d480000
[    2.263581] GICv3: CPU62: using allocated LPI pending table @0x0000001041b80000
[    2.263762] arch_timer: CPU62: Trapping CNTVCT access
[    2.263765] CPU62: Booted secondary processor 0x0000070302 [0x410fd082]
[    2.266424] Detected PIPT I-cache on CPU63
[    2.266466] GICv3: CPU63: found redistributor 70303 region 63:0x000004006d4c0000
[    2.266478] GICv3: CPU63: using allocated LPI pending table @0x0000001041b90000
[    2.266660] arch_timer: CPU63: Trapping CNTVCT access
[    2.266663] CPU63: Booted secondary processor 0x0000070303 [0x410fd082]
[    2.356760] smp: Brought up 4 nodes, 64 CPUs
[    2.356764] SMP: Total of 64 processors activated.
[    2.356766] CPU features: detected: 32-bit EL0 Support
[    2.356767] CPU features: detected: 32-bit EL1 Support
[    2.356769] CPU features: detected: CRC32 instructions
[    2.359322] CPU: All CPU(s) started at EL2
[    2.359464] alternatives: patching kernel code
[    2.365497] devtmpfs: initialized
[    2.366000] KASLR disabled due to lack of seed
[    2.366102] clocksource: jiffies: mask: 0xffffffff max_cycles: 0xffffffff, max_idle_ns: 7645041785100000 ns
[    2.366190] futex hash table entries: 16384 (order: 8, 1048576 bytes, vmalloc)
[    2.366776] pinctrl core: initialized pinctrl subsystem
[    2.367176] SMBIOS 3.0.0 present.
[    2.367183] DMI: Huawei Taishan 2280 /D05, BIOS Hisilicon D05 IT21 Nemo 2.0 RC0 04/18/2018
[    2.367609] NET: Registered PF_NETLINK/PF_ROUTE protocol family
[    2.378195] DMA: preallocated 4096 KiB GFP_KERNEL pool for atomic allocations
[    2.379063] DMA: preallocated 4096 KiB GFP_KERNEL|GFP_DMA pool for atomic allocations
[    2.379835] DMA: preallocated 4096 KiB GFP_KERNEL|GFP_DMA32 pool for atomic allocations
[    2.379857] audit: initializing netlink subsys (disabled)
[    2.379915] audit: type=2000 audit(2.316:1): state=initialized audit_enabled=0 res=1
[    2.380238] thermal_sys: Registered thermal governor 'step_wise'
[    2.380240] thermal_sys: Registered thermal governor 'power_allocator'
[    2.380273] cpuidle: using governor menu
[    2.380462] hw-breakpoint: found 6 breakpoint and 4 watchpoint registers.
[    2.381268] ASID allocator initialised with 32768 entries
[    2.381271] HugeTLB: can optimize 4095 vmemmap pages for hugepages-1048576kB
[    2.381274] HugeTLB: can optimize 127 vmemmap pages for hugepages-32768kB
[    2.381276] HugeTLB: can optimize 7 vmemmap pages for hugepages-2048kB
[    2.381278] HugeTLB: can optimize 0 vmemmap pages for hugepages-64kB
[    2.381582] acpiphp: ACPI Hot Plug PCI Controller Driver version: 0.5
[    2.381739] Serial: AMBA PL011 UART driver
[    2.386048] HugeTLB registered 1.00 GiB page size, pre-allocated 0 pages
[    2.386051] HugeTLB registered 32.0 MiB page size, pre-allocated 0 pages
[    2.386053] HugeTLB registered 2.00 MiB page size, pre-allocated 0 pages
[    2.386055] HugeTLB registered 64.0 KiB page size, pre-allocated 0 pages
[    2.388612] ACPI: Added _OSI(Module Device)
[    2.388614] ACPI: Added _OSI(Processor Device)
[    2.388616] ACPI: Added _OSI(3.0 _SCP Extensions)
[    2.388618] ACPI: Added _OSI(Processor Aggregator Device)
[    2.388620] ACPI: Added _OSI(Linux-Dell-Video)
[    2.388623] ACPI: Added _OSI(Linux-Lenovo-NV-HDMI-Audio)
[    2.388626] ACPI: Added _OSI(Linux-HPI-Hybrid-Graphics)
[    2.391196] ACPI: 1 ACPI AML tables successfully acquired and loaded
[    2.392838] ACPI: Interpreter enabled
[    2.392840] ACPI: Using GIC for interrupt routing
[    2.392852] ACPI: MCFG table detected, 8 entries
[    2.392856] ACPI: IORT: SMMU-v3[a0040000] Mapped to Proximity domain 0
[    2.392908] ACPI: IORT: SMMU-v3[700a0040000] Mapped to Proximity domain 3
[    2.392947] ACPI: IORT: SMMU-v3[c0040000] Mapped to Proximity domain 0
[    2.392982] ACPI: IORT: SMMU-v3[8a0040000] Mapped to Proximity domain 1
[    2.393020] ACPI: IORT: SMMU-v3[600a0040000] Mapped to Proximity domain 2
[    2.422140] ACPI: PCI Root Bridge [PCI2] (domain 0002 [bus f8-ff])
[    2.422148] acpi PNP0A08:00: _OSC: OS supports [ExtendedConfig Segments MSI HPX-Type3]
[    2.422151] acpi PNP0A08:00: _OSC: not requesting OS control; OS requires [ExtendedConfig ASPM ClockPM MSI]
[    2.422233] acpi PNP0A08:00: MCFG quirk: ECAM at [mem 0xaf800000-0xafffffff] for [bus f8-ff] with hisi_pcie_ops
[    2.423300] acpi PNP0A08:00: ECAM area [mem 0xaf800000-0xafffffff] reserved by PNP0C02:00
[    2.423738] acpi PNP0A08:00: ECAM at [mem 0xaf800000-0xafffffff] for [bus f8-ff]
[    2.423770] ACPI: Remapped I/O 0x00000000af7f0000 to [io  0x0000-0xffff window]
[    2.423820] PCI host bridge to bus 0002:f8
[    2.423822] pci_bus 0002:f8: root bus resource [mem 0xa8000000-0xaf7effff window]
[    2.423825] pci_bus 0002:f8: root bus resource [io  0x0000-0xffff window]
[    2.423827] pci_bus 0002:f8: root bus resource [bus f8-ff]
[    2.423846] pci 0002:f8:00.0: [19e5:1610] type 01 class 0x060400
[    2.423850] pci_bus 0002:f8: 2-byte config write to 0002:f8:00.0 offset 0x4 may corrupt adjacent RW1C bits
[    2.423858] pci 0002:f8:00.0: reg 0x10: [mem 0x00000000-0x0000ffff]
[    2.423891] pci 0002:f8:00.0: supports D1 D2
[    2.423893] pci 0002:f8:00.0: PME# supported from D0 D1 D3hot
[    2.424009] pci 0002:f9:00.0: [9710:9912] type 00 class 0x070002
[    2.424039] pci 0002:f9:00.0: reg 0x10: [io  0x0000-0x0007]
[    2.424050] pci 0002:f9:00.0: reg 0x14: [mem 0xa8005000-0xa8005fff]
[    2.424086] pci 0002:f9:00.0: reg 0x24: [mem 0xa8004000-0xa8004fff]
[    2.424178] pci 0002:f9:00.0: PME# supported from D3hot D3cold
[    2.424298] pci 0002:f9:00.1: [9710:9912] type 00 class 0x070002
[    2.424319] pci 0002:f9:00.1: reg 0x10: [io  0x0000-0x0007]
[    2.424330] pci 0002:f9:00.1: reg 0x14: [mem 0xa8003000-0xa8003fff]
[    2.424365] pci 0002:f9:00.1: reg 0x24: [mem 0xa8002000-0xa8002fff]
[    2.424444] pci 0002:f9:00.1: PME# supported from D3hot D3cold
[    2.424540] pci 0002:f9:00.2: [9710:9912] type 00 class 0x070103
[    2.424561] pci 0002:f9:00.2: reg 0x10: [io  0x0000-0x0007]
[    2.424571] pci 0002:f9:00.2: reg 0x14: [io  0x0000-0x0007]
[    2.424582] pci 0002:f9:00.2: reg 0x18: [mem 0xa8001000-0xa8001fff]
[    2.424609] pci 0002:f9:00.2: reg 0x24: [mem 0xa8000000-0xa8000fff]
[    2.424687] pci 0002:f9:00.2: PME# supported from D3hot D3cold
[    2.424774] pci_bus 0002:f8: on NUMA node 0
[    2.424783] pci 0002:f8:00.0: BAR 14: assigned [mem 0xa8000000-0xa80fffff]
[    2.424786] pci 0002:f8:00.0: BAR 0: assigned [mem 0xa8100000-0xa810ffff]
[    2.424789] pci 0002:f8:00.0: BAR 13: assigned [io  0x1000-0x1fff]
[    2.424794] pci 0002:f9:00.0: BAR 1: assigned [mem 0xa8000000-0xa8000fff]
[    2.424800] pci 0002:f9:00.0: BAR 5: assigned [mem 0xa8001000-0xa8001fff]
[    2.424806] pci 0002:f9:00.1: BAR 1: assigned [mem 0xa8002000-0xa8002fff]
[    2.424812] pci 0002:f9:00.1: BAR 5: assigned [mem 0xa8003000-0xa8003fff]
[    2.424817] pci 0002:f9:00.2: BAR 2: assigned [mem 0xa8004000-0xa8004fff]
[    2.424823] pci 0002:f9:00.2: BAR 5: assigned [mem 0xa8005000-0xa8005fff]
[    2.424829] pci 0002:f9:00.0: BAR 0: assigned [io  0x1000-0x1007]
[    2.424834] pci 0002:f9:00.1: BAR 0: assigned [io  0x1008-0x100f]
[    2.424840] pci 0002:f9:00.2: BAR 0: assigned [io  0x1010-0x1017]
[    2.424846] pci 0002:f9:00.2: BAR 1: assigned [io  0x1018-0x101f]
[    2.424853] pci 0002:f8:00.0: PCI bridge to [bus f9]
[    2.424856] pci 0002:f8:00.0:   bridge window [io  0x1000-0x1fff]
[    2.424859] pci 0002:f8:00.0:   bridge window [mem 0xa8000000-0xa80fffff]
[    2.424864] pci_bus 0002:f8: resource 4 [mem 0xa8000000-0xaf7effff window]
[    2.424866] pci_bus 0002:f8: resource 5 [io  0x0000-0xffff window]
[    2.424869] pci_bus 0002:f9: resource 0 [io  0x1000-0x1fff]
[    2.424871] pci_bus 0002:f9: resource 1 [mem 0xa8000000-0xa80fffff]
[    2.425043] ACPI: PCI Root Bridge [PCI4] (domain 0004 [bus 88-8f])
[    2.425048] acpi PNP0A08:01: _OSC: OS supports [ExtendedConfig Segments MSI HPX-Type3]
[    2.425051] acpi PNP0A08:01: _OSC: not requesting OS control; OS requires [ExtendedConfig ASPM ClockPM MSI]
[    2.425124] acpi PNP0A08:01: MCFG quirk: ECAM at [mem 0x8a8800000-0x8a8ffffff] for [bus 88-8f] with hisi_pcie_ops
[    2.426488] acpi PNP0A08:01: ECAM area [mem 0x8a8800000-0x8a8ffffff] reserved by PNP0C02:01
[    2.426962] acpi PNP0A08:01: ECAM at [mem 0x8a8800000-0x8a8ffffff] for [bus 88-8f]
[    2.426993] ACPI: Remapped I/O 0x00000008abff0000 to [io  0x10000-0x1ffff window]
[    2.427036] PCI host bridge to bus 0004:88
[    2.427040] pci_bus 0004:88: root bus resource [mem 0x8a9000000-0x8abfeffff window] (bus address [0xa9000000-0xabfeffff])
[    2.427043] pci_bus 0004:88: root bus resource [io  0x10000-0x1ffff window] (bus address [0x0000-0xffff])
[    2.427046] pci_bus 0004:88: root bus resource [bus 88-8f]
[    2.427059] pci 0004:88:00.0: [19e5:1610] type 01 class 0x060400
[    2.427062] pci_bus 0004:88: 2-byte config write to 0004:88:00.0 offset 0x4 may corrupt adjacent RW1C bits
[    2.427070] pci 0004:88:00.0: reg 0x10: [mem 0x00000000-0x0000ffff]
[    2.427101] pci 0004:88:00.0: supports D1 D2
[    2.427103] pci 0004:88:00.0: PME# supported from D0 D1 D3hot
[    2.478398] pci_bus 0004:88: on NUMA node 1
[    2.478402] pci 0004:88:00.0: BAR 0: assigned [mem 0x8a9000000-0x8a900ffff]
[    2.478406] pci 0004:88:00.0: PCI bridge to [bus 89]
[    2.478411] pci_bus 0004:88: resource 4 [mem 0x8a9000000-0x8abfeffff window]
[    2.478414] pci_bus 0004:88: resource 5 [io  0x10000-0x1ffff window]
[    2.478585] ACPI: PCI Root Bridge [PCI5] (domain 0005 [bus 78-7f])
[    2.478590] acpi PNP0A08:02: _OSC: OS supports [ExtendedConfig Segments MSI HPX-Type3]
[    2.478593] acpi PNP0A08:02: _OSC: not requesting OS control; OS requires [ExtendedConfig ASPM ClockPM MSI]
[    2.478665] acpi PNP0A08:02: MCFG quirk: ECAM at [mem 0x8b7800000-0x8b7ffffff] for [bus 78-7f] with hisi_pcie_ops
[    2.480015] acpi PNP0A08:02: ECAM area [mem 0x8b7800000-0x8b7ffffff] reserved by PNP0C02:01
[    2.480526] acpi PNP0A08:02: ECAM at [mem 0x8b7800000-0x8b7ffffff] for [bus 78-7f]
[    2.480555] ACPI: Remapped I/O 0x00000008b77f0000 to [io  0x20000-0x2ffff window]
[    2.480596] PCI host bridge to bus 0005:78
[    2.480599] pci_bus 0005:78: root bus resource [mem 0x8b0000000-0x8b77effff window] (bus address [0xb0000000-0xb77effff])
[    2.480602] pci_bus 0005:78: root bus resource [io  0x20000-0x2ffff window] (bus address [0x0000-0xffff])
[    2.480605] pci_bus 0005:78: root bus resource [bus 78-7f]
[    2.480619] pci 0005:78:00.0: [19e5:1610] type 01 class 0x060400
[    2.480622] pci_bus 0005:78: 2-byte config write to 0005:78:00.0 offset 0x4 may corrupt adjacent RW1C bits
[    2.480630] pci 0005:78:00.0: reg 0x10: [mem 0x00000000-0x00000fff]
[    2.480638] pci 0005:78:00.0: reg 0x38: [mem 0xfffe0000-0xffffffff pref]
[    2.480666] pci 0005:78:00.0: supports D1 D2
[    2.480669] pci 0005:78:00.0: PME# supported from D0 D1 D3hot
[    2.531963] pci_bus 0005:78: on NUMA node 1
[    2.531967] pci 0005:78:00.0: BAR 6: assigned [mem 0x8b0000000-0x8b001ffff pref]
[    2.531971] pci 0005:78:00.0: BAR 0: assigned [mem 0x8b0020000-0x8b0020fff]
[    2.531975] pci 0005:78:00.0: PCI bridge to [bus 79]
[    2.531980] pci_bus 0005:78: resource 4 [mem 0x8b0000000-0x8b77effff window]
[    2.531982] pci_bus 0005:78: resource 5 [io  0x20000-0x2ffff window]
[    2.532154] ACPI: PCI Root Bridge [PCI6] (domain 0006 [bus c0-c7])
[    2.532159] acpi PNP0A08:03: _OSC: OS supports [ExtendedConfig Segments MSI HPX-Type3]
[    2.532162] acpi PNP0A08:03: _OSC: not requesting OS control; OS requires [ExtendedConfig ASPM ClockPM MSI]
[    2.532234] acpi PNP0A08:03: MCFG quirk: ECAM at [mem 0x8ac000000-0x8ac7fffff] for [bus c0-c7] with hisi_pcie_ops
[    2.533590] acpi PNP0A08:03: ECAM area [mem 0x8ac000000-0x8ac7fffff] reserved by PNP0C02:01
[    2.534141] acpi PNP0A08:03: ECAM at [mem 0x8ac000000-0x8ac7fffff] for [bus c0-c7]
[    2.534170] ACPI: Remapped I/O 0x00000008afff0000 to [io  0x30000-0x3ffff window]
[    2.534212] PCI host bridge to bus 0006:c0
[    2.534215] pci_bus 0006:c0: root bus resource [mem 0x8ac900000-0x8affeffff window] (bus address [0xac900000-0xaffeffff])
[    2.534218] pci_bus 0006:c0: root bus resource [io  0x30000-0x3ffff window] (bus address [0x0000-0xffff])
[    2.534221] pci_bus 0006:c0: root bus resource [bus c0-c7]
[    2.534235] pci 0006:c0:00.0: [19e5:1610] type 01 class 0x060400
[    2.534239] pci_bus 0006:c0: 2-byte config write to 0006:c0:00.0 offset 0x4 may corrupt adjacent RW1C bits
[    2.534247] pci 0006:c0:00.0: reg 0x10: [mem 0x00000000-0x0000ffff]
[    2.534278] pci 0006:c0:00.0: supports D1 D2
[    2.534280] pci 0006:c0:00.0: PME# supported from D0 D1 D3hot
[    2.585571] pci_bus 0006:c0: on NUMA node 1
[    2.585575] pci 0006:c0:00.0: BAR 0: assigned [mem 0x8ac900000-0x8ac90ffff]
[    2.585579] pci 0006:c0:00.0: PCI bridge to [bus c1]
[    2.585585] pci_bus 0006:c0: resource 4 [mem 0x8ac900000-0x8affeffff window]
[    2.585588] pci_bus 0006:c0: resource 5 [io  0x30000-0x3ffff window]
[    2.585760] ACPI: PCI Root Bridge [PCI7] (domain 0007 [bus 90-97])
[    2.585765] acpi PNP0A08:04: _OSC: OS supports [ExtendedConfig Segments MSI HPX-Type3]
[    2.585768] acpi PNP0A08:04: _OSC: not requesting OS control; OS requires [ExtendedConfig ASPM ClockPM MSI]
[    2.585840] acpi PNP0A08:04: MCFG quirk: ECAM at [mem 0x8b9000000-0x8b97fffff] for [bus 90-97] with hisi_pcie_ops
[    2.587183] acpi PNP0A08:04: ECAM area [mem 0x8b9000000-0x8b97fffff] reserved by PNP0C02:01
[    2.587774] acpi PNP0A08:04: ECAM at [mem 0x8b9000000-0x8b97fffff] for [bus 90-97]
[    2.587803] ACPI: Remapped I/O 0x00000008bfff0000 to [io  0x40000-0x4ffff window]
[    2.587846] PCI host bridge to bus 0007:90
[    2.587849] pci_bus 0007:90: root bus resource [mem 0x8b9800000-0x8bffeffff window] (bus address [0xb9800000-0xbffeffff])
[    2.587852] pci_bus 0007:90: root bus resource [io  0x40000-0x4ffff window] (bus address [0x0000-0xffff])
[    2.587855] pci_bus 0007:90: root bus resource [bus 90-97]
[    2.587868] pci 0007:90:00.0: [19e5:1610] type 01 class 0x060400
[    2.587871] pci_bus 0007:90: 2-byte config write to 0007:90:00.0 offset 0x4 may corrupt adjacent RW1C bits
[    2.587906] pci 0007:90:00.0: supports D1 D2
[    2.587908] pci 0007:90:00.0: PME# supported from D0 D1 D3hot
[    2.588005] pci 0007:91:00.0: [19e5:1711] type 00 class 0x030000
[    2.588026] pci 0007:91:00.0: reg 0x10: [mem 0x8ba000000-0x8bbffffff pref]
[    2.588038] pci 0007:91:00.0: reg 0x14: [mem 0x8b9800000-0x8b99fffff]
[    2.588145] pci 0007:91:00.0: supports D1
[    2.588146] pci 0007:91:00.0: PME# supported from D0 D1 D3hot
[    2.588228] pci_bus 0007:90: on NUMA node 1
[    2.588232] pci 0007:90:00.0: BAR 14: assigned [mem 0x8ba000000-0x8bcffffff]
[    2.588235] pci 0007:91:00.0: BAR 0: assigned [mem 0x8ba000000-0x8bbffffff pref]
[    2.588241] pci 0007:91:00.0: BAR 1: assigned [mem 0x8bc000000-0x8bc1fffff]
[    2.588246] pci 0007:90:00.0: PCI bridge to [bus 91]
[    2.588248] pci 0007:90:00.0:   bridge window [mem 0x8ba000000-0x8bcffffff]
[    2.588252] pci_bus 0007:90: resource 4 [mem 0x8b9800000-0x8bffeffff window]
[    2.588255] pci_bus 0007:90: resource 5 [io  0x40000-0x4ffff window]
[    2.588257] pci_bus 0007:91: resource 1 [mem 0x8ba000000-0x8bcffffff]
[    2.588436] ACPI: PCI Root Bridge [PCIA] (domain 000a [bus 10-1f])
[    2.588442] acpi PNP0A08:05: _OSC: OS supports [ExtendedConfig Segments MSI HPX-Type3]
[    2.588445] acpi PNP0A08:05: _OSC: not requesting OS control; OS requires [ExtendedConfig ASPM ClockPM MSI]
[    2.588516] acpi PNP0A08:05: MCFG quirk: ECAM at [mem 0x64001000000-0x64001ffffff] for [bus 10-1f] with hisi_pcie_ops
[    2.589912] acpi PNP0A08:05: ECAM area [mem 0x64001000000-0x64001ffffff] reserved by PNP0C02:02
[    2.590534] acpi PNP0A08:05: ECAM at [mem 0x64001000000-0x64001ffffff] for [bus 10-1f]
[    2.590563] ACPI: Remapped I/O 0x0000067fffff0000 to [io  0x50000-0x5ffff window]
[    2.590606] PCI host bridge to bus 000a:10
[    2.590609] pci_bus 000a:10: root bus resource [mem 0x65040000000-0x650efffffff window] (bus address [0x40000000-0xefffffff])
[    2.590612] pci_bus 000a:10: root bus resource [io  0x50000-0x5ffff window] (bus address [0x0000-0xffff])
[    2.590616] pci_bus 000a:10: root bus resource [bus 10-1f]
[    2.590629] pci 000a:10:00.0: [19e5:1610] type 01 class 0x060400
[    2.590633] pci_bus 000a:10: 2-byte config write to 000a:10:00.0 offset 0x4 may corrupt adjacent RW1C bits
[    2.590642] pci 000a:10:00.0: reg 0x10: [mem 0x00000000-0x0000ffff]
[    2.590680] pci 000a:10:00.0: supports D1 D2
[    2.590682] pci 000a:10:00.0: PME# supported from D0 D1 D3hot
[    2.641979] pci_bus 000a:10: on NUMA node 2
[    2.641983] pci 000a:10:00.0: BAR 0: assigned [mem 0x65040000000-0x6504000ffff]
[    2.641987] pci 000a:10:00.0: PCI bridge to [bus 11]
[    2.641993] pci_bus 000a:10: resource 4 [mem 0x65040000000-0x650efffffff window]
[    2.641996] pci_bus 000a:10: resource 5 [io  0x50000-0x5ffff window]
[    2.642158] ACPI: PCI Root Bridge [PCIC] (domain 000c [bus 20-2f])
[    2.642163] acpi PNP0A08:06: _OSC: OS supports [ExtendedConfig Segments MSI HPX-Type3]
[    2.642166] acpi PNP0A08:06: _OSC: not requesting OS control; OS requires [ExtendedConfig ASPM ClockPM MSI]
[    2.642238] acpi PNP0A08:06: MCFG quirk: ECAM at [mem 0x74002000000-0x74002ffffff] for [bus 20-2f] with hisi_pcie_ops
[    2.643786] acpi PNP0A08:06: ECAM area [mem 0x74002000000-0x74002ffffff] reserved by PNP0C02:03
[    2.644447] acpi PNP0A08:06: ECAM at [mem 0x74002000000-0x74002ffffff] for [bus 20-2f]
[    2.644475] ACPI: Remapped I/O 0x0000077fffff0000 to [io  0x60000-0x6ffff window]
[    2.644519] PCI host bridge to bus 000c:20
[    2.644521] pci_bus 000c:20: root bus resource [mem 0x75040000000-0x750efffffff window] (bus address [0x40000000-0xefffffff])
[    2.644525] pci_bus 000c:20: root bus resource [io  0x60000-0x6ffff window] (bus address [0x0000-0xffff])
[    2.644528] pci_bus 000c:20: root bus resource [bus 20-2f]
[    2.644542] pci 000c:20:00.0: [19e5:1610] type 01 class 0x060400
[    2.644546] pci_bus 000c:20: 2-byte config write to 000c:20:00.0 offset 0x4 may corrupt adjacent RW1C bits
[    2.644556] pci 000c:20:00.0: reg 0x10: [mem 0x00000000-0x0000ffff]
[    2.644602] pci 000c:20:00.0: supports D1 D2
[    2.644604] pci 000c:20:00.0: PME# supported from D0 D1 D3hot
[    2.695907] pci_bus 000c:20: on NUMA node 3
[    2.695911] pci 000c:20:00.0: BAR 0: assigned [mem 0x75040000000-0x7504000ffff]
[    2.695915] pci 000c:20:00.0: PCI bridge to [bus 21]
[    2.695923] pci_bus 000c:20: resource 4 [mem 0x75040000000-0x750efffffff window]
[    2.695925] pci_bus 000c:20: resource 5 [io  0x60000-0x6ffff window]
[    2.696096] ACPI: PCI Root Bridge [PCID] (domain 000d [bus 30-3f])
[    2.696100] acpi PNP0A08:07: _OSC: OS supports [ExtendedConfig Segments MSI HPX-Type3]
[    2.696104] acpi PNP0A08:07: _OSC: not requesting OS control; OS requires [ExtendedConfig ASPM ClockPM MSI]
[    2.696175] acpi PNP0A08:07: MCFG quirk: ECAM at [mem 0x78003000000-0x78003ffffff] for [bus 30-3f] with hisi_pcie_ops
[    2.697719] acpi PNP0A08:07: ECAM area [mem 0x78003000000-0x78003ffffff] reserved by PNP0C02:03
[    2.698419] acpi PNP0A08:07: ECAM at [mem 0x78003000000-0x78003ffffff] for [bus 30-3f]
[    2.698448] ACPI: Remapped I/O 0x000007bfffff0000 to [io  0x70000-0x7ffff window]
[    2.698492] PCI host bridge to bus 000d:30
[    2.698495] pci_bus 000d:30: root bus resource [mem 0x79040000000-0x790efffffff window] (bus address [0x40000000-0xefffffff])
[    2.698499] pci_bus 000d:30: root bus resource [io  0x70000-0x7ffff window] (bus address [0x0000-0xffff])
[    2.698501] pci_bus 000d:30: root bus resource [bus 30-3f]
[    2.698515] pci 000d:30:00.0: [19e5:1610] type 01 class 0x060400
[    2.698519] pci_bus 000d:30: 2-byte config write to 000d:30:00.0 offset 0x4 may corrupt adjacent RW1C bits
[    2.698530] pci 000d:30:00.0: reg 0x10: [mem 0x00000000-0x00000fff]
[    2.698541] pci 000d:30:00.0: reg 0x38: [mem 0xfffe0000-0xffffffff pref]
[    2.698580] pci 000d:30:00.0: supports D1 D2
[    2.698583] pci 000d:30:00.0: PME# supported from D0 D1 D3hot
[    2.749888] pci_bus 000d:30: on NUMA node 3
[    2.749893] pci 000d:30:00.0: BAR 6: assigned [mem 0x79040000000-0x7904001ffff pref]
[    2.749896] pci 000d:30:00.0: BAR 0: assigned [mem 0x79040020000-0x79040020fff]
[    2.749900] pci 000d:30:00.0: PCI bridge to [bus 31]
[    2.749907] pci_bus 000d:30: resource 4 [mem 0x79040000000-0x790efffffff window]
[    2.749910] pci_bus 000d:30: resource 5 [io  0x70000-0x7ffff window]
[    2.751646] iommu: Default domain type: Translated 
[    2.751648] iommu: DMA domain TLB invalidation policy: lazy mode (set via kernel command line)
[    2.751768] SCSI subsystem initialized
[    2.751835] libata version 3.00 loaded.
[    2.751879] ACPI: bus type USB registered
[    2.751903] usbcore: registered new interface driver usbfs
[    2.751914] usbcore: registered new interface driver hub
[    2.751943] usbcore: registered new device driver usb
[    2.766019] pps_core: LinuxPPS API ver. 1 registered
[    2.766022] pps_core: Software ver. 5.3.6 - Copyright 2005-2007 Rodolfo Giometti <giometti@linux.it>
[    2.766026] PTP clock support registered
[    2.766058] EDAC MC: Ver: 3.0.0
[    2.766294] Registered efivars operations
[    2.767450] FPGA manager framework
[    2.767479] Advanced Linux Sound Architecture Driver Initialized.
[    2.767771] pci 0007:91:00.0: vgaarb: setting as boot VGA device
[    2.767773] pci 0007:91:00.0: vgaarb: bridge control possible
[    2.767776] pci 0007:91:00.0: vgaarb: VGA device added: decodes=io+mem,owns=none,locks=none
[    2.767779] vgaarb: loaded
[    2.768110] clocksource: Switched to clocksource arch_sys_counter
[    2.768218] VFS: Disk quotas dquot_6.6.0
[    2.768243] VFS: Dquot-cache hash table entries: 512 (order 0, 4096 bytes)
[    2.768331] pnp: PnP ACPI init
[    2.769012] system 00:01: [mem 0xa00a0000-0xa00affff] has been reserved
[    2.769069] system 00:02: [mem 0xaf800000-0xafffffff] could not be reserved
[    2.769172] system 00:03: [mem 0x8a0090000-0x8a009ffff] has been reserved
[    2.769273] system 00:04: [mem 0x8a0200000-0x8a020ffff] has been reserved
[    2.769373] system 00:05: [mem 0x8a00a0000-0x8a00affff] has been reserved
[    2.769472] system 00:06: [mem 0x8a00b0000-0x8a00bffff] has been reserved
[    2.769549] system 00:07: [mem 0x8a8800000-0x8a8ffffff] could not be reserved
[    2.769552] system 00:07: [mem 0x8b7800000-0x8b7ffffff] could not be reserved
[    2.769556] system 00:07: [mem 0x8ac000000-0x8ac7fffff] could not be reserved
[    2.769559] system 00:07: [mem 0x8b9000000-0x8b97fffff] could not be reserved
[    2.769629] system 00:08: [mem 0x600a00a0000-0x600a00affff] has been reserved
[    2.769682] system 00:09: [mem 0x64001000000-0x64001ffffff] could not be reserved
[    2.769781] system 00:0a: [mem 0x700a0090000-0x700a009ffff] has been reserved
[    2.769884] system 00:0b: [mem 0x700a0200000-0x700a020ffff] has been reserved
[    2.770002] system 00:0c: [mem 0x74002000000-0x74002ffffff] could not be reserved
[    2.770006] system 00:0c: [mem 0x78003000000-0x78003ffffff] could not be reserved
[    2.770126] pnp: PnP ACPI: found 13 devices
[    2.772330] NET: Registered PF_INET protocol family
[    2.773118] IP idents hash table entries: 262144 (order: 9, 2097152 bytes, vmalloc)
[    2.777453] tcp_listen_portaddr_hash hash table entries: 32768 (order: 7, 524288 bytes, vmalloc)
[    2.777626] Table-perturb hash table entries: 65536 (order: 6, 262144 bytes, vmalloc)
[    2.777949] TCP established hash table entries: 524288 (order: 10, 4194304 bytes, vmalloc)
[    2.778959] TCP bind hash table entries: 65536 (order: 8, 1048576 bytes, vmalloc)
[    2.779245] TCP: Hash tables configured (established 524288 bind 65536)
[    2.779481] UDP hash table entries: 32768 (order: 8, 1048576 bytes, vmalloc)
[    2.779767] UDP-Lite hash table entries: 32768 (order: 8, 1048576 bytes, vmalloc)
[    2.780092] NET: Registered PF_UNIX/PF_LOCAL protocol family
[    2.780236] RPC: Registered named UNIX socket transport module.
[    2.780238] RPC: Registered udp transport module.
[    2.780240] RPC: Registered tcp transport module.
[    2.780241] RPC: Registered tcp NFSv4.1 backchannel transport module.
[    2.780272] PCI: CLS 0 bytes, default 64
[    2.783310] hw perfevents: enabled with armv8_pmuv3_0 PMU driver, 7 counters available
[    2.783370] kvm [1]: IPA Size Limit: 44 bits
[    2.784535] kvm [1]: GICv4 support disabled
[    2.784537] kvm [1]: vgic-v2@fe020000
[    2.784564] kvm [1]: GIC system register CPU interface enabled
[    2.785494] kvm [1]: vgic interrupt IRQ9
[    2.786342] kvm [1]: Hyp mode initialized successfully
[    2.787893] Initialise system trusted keyrings
[    2.788004] workingset: timestamp_bits=42 max_order=24 bucket_order=0
[    2.790466] squashfs: version 4.0 (2009/01/31) Phillip Lougher
[    2.790736] NFS: Registering the id_resolver key type
[    2.790746] Key type id_resolver registered
[    2.790748] Key type id_legacy registered
[    2.790786] nfs4filelayout_init: NFSv4 File Layout Driver Registering...
[    2.790788] nfs4flexfilelayout_init: NFSv4 Flexfile Layout Driver Registering...
[    2.790837] 9p: Installing v9fs 9p2000 file system support
[    2.806793] Key type asymmetric registered
[    2.806795] Asymmetric key parser 'x509' registered
[    2.806813] Block layer SCSI generic (bsg) driver version 0.4 loaded (major 245)
[    2.806815] io scheduler mq-deadline registered
[    2.806817] io scheduler kyber registered
[    2.809359] hisi-lpc HISI0191:00: registered range [0x0000000000ffbfff - 0x0000000000ffffff]
[    2.811263] pcieport 0006:c0:00.0: can't derive routing for PCI INT A
[    2.811266] pcieport 0006:c0:00.0: PCI INT A: no GSI
[    2.811310] pcieport 0007:90:00.0: can't derive routing for PCI INT A
[    2.811313] pcieport 0007:90:00.0: PCI INT A: no GSI
[    2.812236] input: Power Button as /devices/LNXSYSTM:00/LNXSYBUS:00/PNP0C0C:00/input/input0
[    2.812273] ACPI: button: Power Button [PWRB]
[    2.813343] EINJ: EINJ table not found.
[    2.818747] Serial: 8250/16550 driver, 4 ports, IRQ sharing enabled
[    2.840176] serial8250.6.auto: ttyS1 at I/O 0xffc2f7 (irq = 0, base_baud = 115200) is a 16550A
[    2.840783] SuperH (H)SCI(F) driver initialized
[    2.840886] msm_serial: driver initialized
[    2.841179] arm-smmu-v3 arm-smmu-v3.0.auto: option mask 0x1
[    2.841193] arm-smmu-v3 arm-smmu-v3.0.auto: ias 44-bit, oas 44-bit (features 0x00000f0d)
[    2.841687] arm-smmu-v3 arm-smmu-v3.0.auto: allocated 65536 entries for cmdq
[    2.841993] arm-smmu-v3 arm-smmu-v3.0.auto: allocated 32768 entries for evtq
[    2.843959] arm-smmu-v3 arm-smmu-v3.0.auto: no evtq irq - events will not be reported!
[    2.843962] arm-smmu-v3 arm-smmu-v3.0.auto: no gerr irq - errors will not be reported!
[    2.844064] arm-smmu-v3 arm-smmu-v3.1.auto: option mask 0x1
[    2.844108] arm-smmu-v3 arm-smmu-v3.1.auto: ias 44-bit, oas 44-bit (features 0x00000f0d)
[    2.844438] arm-smmu-v3 arm-smmu-v3.1.auto: allocated 65536 entries for cmdq
[    2.844777] arm-smmu-v3 arm-smmu-v3.1.auto: allocated 32768 entries for evtq
[    2.847288] arm-smmu-v3 arm-smmu-v3.1.auto: no evtq irq - events will not be reported!
[    2.847291] arm-smmu-v3 arm-smmu-v3.1.auto: no gerr irq - errors will not be reported!
[    2.847354] arm-smmu-v3 arm-smmu-v3.2.auto: option mask 0x1
[    2.847368] arm-smmu-v3 arm-smmu-v3.2.auto: ias 44-bit, oas 44-bit (features 0x00000f0d)
[    2.847726] arm-smmu-v3 arm-smmu-v3.2.auto: allocated 65536 entries for cmdq
[    2.848012] arm-smmu-v3 arm-smmu-v3.2.auto: allocated 32768 entries for evtq
[    2.849989] arm-smmu-v3 arm-smmu-v3.2.auto: no evtq irq - events will not be reported!
[    2.849993] arm-smmu-v3 arm-smmu-v3.2.auto: no gerr irq - errors will not be reported!
[    2.850064] arm-smmu-v3 arm-smmu-v3.3.auto: option mask 0x1
[    2.850086] arm-smmu-v3 arm-smmu-v3.3.auto: ias 44-bit, oas 44-bit (features 0x00000f0d)
[    2.850410] arm-smmu-v3 arm-smmu-v3.3.auto: allocated 65536 entries for cmdq
[    2.850739] arm-smmu-v3 arm-smmu-v3.3.auto: allocated 32768 entries for evtq
[    2.852662] arm-smmu-v3 arm-smmu-v3.3.auto: no evtq irq - events will not be reported!
[    2.852665] arm-smmu-v3 arm-smmu-v3.3.auto: no gerr irq - errors will not be reported!
[    2.852723] arm-smmu-v3 arm-smmu-v3.4.auto: option mask 0x1
[    2.852745] arm-smmu-v3 arm-smmu-v3.4.auto: ias 44-bit, oas 44-bit (features 0x00000f0d)
[    2.853115] arm-smmu-v3 arm-smmu-v3.4.auto: allocated 65536 entries for cmdq
[    2.853409] arm-smmu-v3 arm-smmu-v3.4.auto: allocated 32768 entries for evtq
[    2.855921] arm-smmu-v3 arm-smmu-v3.4.auto: no evtq irq - events will not be reported!
[    2.855924] arm-smmu-v3 arm-smmu-v3.4.auto: no gerr irq - errors will not be reported!
[    2.871250] loop: module loaded
[    2.871660] megasas: 07.719.03.00-rc1
[    2.871834] ACPI: IORT: [Firmware Bug]: Named component missing memory address limit
[    2.872012] hisi_sas_v2_hw HISI0162:01: Adding to iommu group 0
[    2.897341] scsi host0: hisi_sas_v2_hw
[    3.515675] hisi_sas_v2_hw HISI0162:01: phyup: phy0 link_rate=11
[    3.515684] hisi_sas_v2_hw HISI0162:01: phyup: phy1 link_rate=11
[    3.515781] sas: phy-0:0 added to port-0:0, phy_mask:0x1 (500e004aaaaaaa1f)
[    3.515795] sas: DOING DISCOVERY on port 0, pid:400
[    3.516131] hisi_sas_v2_hw HISI0162:01: dev[0:2] found
[    3.516696] sas: ex 500e004aaaaaaa1f phy00:U:0 attached: 0000000000000000 (no device)
[    3.516820] sas: ex 500e004aaaaaaa1f phy01:U:B attached: 5001e82002865f0e (ssp)
[    3.516916] sas: ex 500e004aaaaaaa1f phy02:U:A attached: 500e004aaaaaaa02 (stp)
[    3.517014] sas: ex 500e004aaaaaaa1f phy03:U:0 attached: 0000000000000000 (no device)
[    3.517109] sas: ex 500e004aaaaaaa1f phy04:U:B attached: 5001e8200287321e (ssp)
[    3.517205] sas: ex 500e004aaaaaaa1f phy05:U:B attached: 5000cca05b01d9c9 (ssp)
[    3.517302] sas: ex 500e004aaaaaaa1f phy06:U:0 attached: 0000000000000000 (no device)
[    3.517398] sas: ex 500e004aaaaaaa1f phy07:U:B attached: 5001e820028580ae (ssp)
[    3.517493] sas: ex 500e004aaaaaaa1f phy08:U:B attached: 5001e82002858496 (ssp)
[    3.517595] sas: ex 500e004aaaaaaa1f phy09:U:0 attached: 0000000000000000 (no device)
[    3.517700] sas: ex 500e004aaaaaaa1f phy10:U:B attached: 5001e82002862816 (ssp)
[    3.517800] sas: ex 500e004aaaaaaa1f phy11:U:B attached: 5001e8200285850a (ssp)
[    3.517895] sas: ex 500e004aaaaaaa1f phy12:U:0 attached: 0000000000000000 (no device)
[    3.517992] sas: ex 500e004aaaaaaa1f phy13:U:0 attached: 0000000000000000 (no device)
[    3.518088] sas: ex 500e004aaaaaaa1f phy14:U:0 attached: 0000000000000000 (no device)
[    3.518188] sas: ex 500e004aaaaaaa1f phy15:U:0 attached: 0000000000000000 (no device)
[    3.518282] sas: ex 500e004aaaaaaa1f phy16:U:0 attached: 0000000000000000 (no device)
[    3.518379] sas: ex 500e004aaaaaaa1f phy17:U:0 attached: 0000000000000000 (no device)
[    3.518474] sas: ex 500e004aaaaaaa1f phy18:U:0 attached: 0000000000000000 (no device)
[    3.518571] sas: ex 500e004aaaaaaa1f phy19:U:0 attached: 0000000000000000 (no device)
[    3.518668] sas: ex 500e004aaaaaaa1f phy20:U:0 attached: 0000000000000000 (no device)
[    3.518773] sas: ex 500e004aaaaaaa1f phy21:U:0 attached: 0000000000000000 (no device)
[    3.518871] sas: ex 500e004aaaaaaa1f phy22:U:0 attached: 0000000000000000 (no device)
[    3.518967] sas: ex 500e004aaaaaaa1f phy23:U:0 attached: 0000000000000000 (no device)
[    3.519070] sas: ex 500e004aaaaaaa1f phy24:D:B attached: 500e004aaaaaaa1e (host+target)
[    3.519109] hisi_sas_v2_hw HISI0162:01: dev[1:1] found
[    3.519323] hisi_sas_v2_hw HISI0162:01: dev[2:5] found
[    3.519353] hisi_sas_v2_hw HISI0162:01: dev[3:1] found
[    3.519382] hisi_sas_v2_hw HISI0162:01: dev[4:1] found
[    3.519411] hisi_sas_v2_hw HISI0162:01: dev[5:1] found
[    3.519443] hisi_sas_v2_hw HISI0162:01: dev[6:1] found
[    3.519472] hisi_sas_v2_hw HISI0162:01: dev[7:1] found
[    3.519500] hisi_sas_v2_hw HISI0162:01: dev[8:1] found
[    3.519532] hisi_sas_v2_hw HISI0162:01: dev[9:1] found
[    3.519537] ata_std_sched_eh ap=0xffff0010480b8000 ATA_PFLAG_INITIALIZING=0
[    3.519543] ata_eh_set_pending fastdrain=1 ATA_PFLAG_EH_PENDING=0
[    3.519545] ata_eh_set_pending2 ap=0xffff0010480b8000 fastdrain=1 cnt=0
[    3.519560] sas: sas_scsi_recover_host Enter sas_scsi_recover_host busy: 0 failed: 0
[    3.519564] sas: sas_eh_handle_sas_errors shost=0xffff0410081c0000
[    3.519567] sas: sas_ata_strategy_handler shost=0xffff0410081c0000
[    3.519570] sas: sas_ata_strategy_handler2 shost=0xffff0410081c0000 calling async_schedule_domain(async_sas_ata_eh)
[    3.519582] sas: ata1: end_device-0:0:2: async_sas_ata_eh dev error handler
[    3.519586] ata_scsi_port_error_handler host=0xffff0410081c0000 ap=0xffff0010480b8000
[    3.519590] ata_scsi_port_error_handler2 host=0xffff0410081c0000 ap=0xffff0010480b8000 deleting fastdrain_timer
[    3.519594] ata_do_eh ap=0xffff0010480b8000 calling ata_eh_autopsy
[    3.519596] ata_eh_autopsy ap=0xffff0010480b8000 link=0xffff0010480ba040 calling ata_eh_link_autopsy
[    3.519599] ata_eh_link_autopsy link=0xffff0010480ba040 ATA_EHI_NO_AUTOPSY=1 
[    3.519602] ata_do_eh2 ap=0xffff0010480b8000 calling ata_eh_report
[    3.519604] ata_do_eh3 ap=0xffff0010480b8000 calling ata_eh_recover
[    3.519609] ata_eh_reset ap=0xffff0010480b8000 link=0xffff0010480ba040 prereset=sas_ata_prereset+0x0/0x50 softreset=0x0 hardreset=sas_ata_hard_reset+0x0/0x98 postreset=0x0
[    3.519623] ata_eh_freeze_port ap=0xffff0010480b8000
[    3.519626] __ata_port_freeze ap=0xffff0010480b8000
[    3.520077] hisi_sas_debug_I_T_nexus_reset device=0xffff0010480b1000
[    3.520674] hisi_sas_v2_hw HISI0162:01: phyup: phy2 link_rate=11
[    3.520681] hisi_sas_v2_hw HISI0162:01: phyup: phy3 link_rate=11
[    3.520685] hisi_sas_v2_hw HISI0162:01: phyup: phy4 link_rate=11
[    3.520689] hisi_sas_v2_hw HISI0162:01: phyup: phy5 link_rate=11
[    3.520695] hisi_sas_v2_hw HISI0162:01: phyup: phy6 link_rate=11
[    3.520699] hisi_sas_v2_hw HISI0162:01: phyup: phy7 link_rate=11
[    3.680302] hisi_sas_I_T_nexus_reset1  device=0xffff0010480b1000 rc=0
[    3.680306] hisi_sas_softreset_ata_disk device=0xffff0010480b1000
[    3.686949] hisi_sas_release_task device=0xffff0010480b1000
[    3.686952] hisi_sas_I_T_nexus_reset8 device=0xffff0010480b1000 calling hisi_sas_release_task
[    3.686954] hisi_sas_release_task device=0xffff0010480b1000
[    3.844235] ata_eh_thaw_port ap=0xffff0010480b8000
[    3.846055] sas: sas_ata_task_done qc=0xffff0010480b9f30 err_mask=0x0 scsicmd=0x0 task=0xffff0010464d8000
[    3.846060] sas: sas_ata_task_done2 qc=0xffff0010480b9f30 err_mask=0x0 scsicmd=0x0 task=0xffff0010464d8000
[    3.846064] sas: sas_ata_task_done3 qc=0xffff0010480b9f30 scsicmd=0x0 task=0xffff0010464d8000
[    3.846067] ata_qc_complete qc=0xffff0010480b9f30 err_mask=0x0 scsicmd=0x0
[    3.846231] sas: sas_ata_task_done qc=0xffff0010480b9f30 err_mask=0x0 scsicmd=0x0 task=0xffff0010464d8180
[    3.846235] sas: sas_ata_task_done2 qc=0xffff0010480b9f30 err_mask=0x0 scsicmd=0x0 task=0xffff0010464d8180
[    3.846238] sas: sas_ata_task_done3 qc=0xffff0010480b9f30 scsicmd=0x0 task=0xffff0010464d8180
[    3.846241] ata_qc_complete qc=0xffff0010480b9f30 err_mask=0x0 scsicmd=0x0
[    3.846248] ata1.00: ata_dev_configure: cfg 49:2f00 82:746b 83:7d69 84:4773 85:7469 86:bc41 87:4763 88:407f
[    3.846253] ata1.00: 49==0x2f00  53==0x0007  63==0x0007  64==0x0003  75==0x001f
               80==0x01fc  81==0x0029  82==0x746b  83==0x7d69  84==0x4773
               88==0x407f  93==0x0000
[    3.846258] ata1.00: ATA-8: HGST HUS724040ALA640, MFAOA8B0, max UDMA/133
[    3.846261] ata_log_supported calling ata_read_log_page
[    3.846263] ata1.00: read log page - log 0x0, page 0x0
[    3.846395] sas: sas_ata_task_done qc=0xffff0010480b9f30 err_mask=0x0 scsicmd=0x0 task=0xffff0010464d8300
[    3.846399] sas: sas_ata_task_done2 qc=0xffff0010480b9f30 err_mask=0x0 scsicmd=0x0 task=0xffff0010464d8300
[    3.846402] sas: sas_ata_task_done3 qc=0xffff0010480b9f30 scsicmd=0x0 task=0xffff0010464d8300
[    3.846405] ata_qc_complete qc=0xffff0010480b9f30 err_mask=0x0 scsicmd=0x0
[    3.846413] ata_read_log_page3 ata_exec_internal err_mask=0x0
[    3.846415] ata1.00: 7814037168 sectors, multi 0: LBA48 NCQ (depth 32)
[    3.846421] ata1.00: set features - xfer mode
[    3.846551] sas: sas_ata_task_done qc=0xffff0010480b9f30 err_mask=0x0 scsicmd=0x0 task=0xffff0010464d8480
[    3.846555] sas: sas_ata_task_done2 qc=0xffff0010480b9f30 err_mask=0x0 scsicmd=0x0 task=0xffff0010464d8480
[    3.846558] sas: sas_ata_task_done3 qc=0xffff0010480b9f30 scsicmd=0x0 task=0xffff0010464d8480
[    3.846561] ata_qc_complete qc=0xffff0010480b9f30 err_mask=0x0 scsicmd=0x0
[    3.848363] sas: sas_ata_task_done qc=0xffff0010480b9f30 err_mask=0x0 scsicmd=0x0 task=0xffff0010464d8600
[    3.848367] sas: sas_ata_task_done2 qc=0xffff0010480b9f30 err_mask=0x0 scsicmd=0x0 task=0xffff0010464d8600
[    3.848370] sas: sas_ata_task_done3 qc=0xffff0010480b9f30 scsicmd=0x0 task=0xffff0010464d8600
[    3.848373] ata_qc_complete qc=0xffff0010480b9f30 err_mask=0x0 scsicmd=0x0
[    3.848541] sas: sas_ata_task_done qc=0xffff0010480b9f30 err_mask=0x0 scsicmd=0x0 task=0xffff0010464d8780
[    3.848545] sas: sas_ata_task_done2 qc=0xffff0010480b9f30 err_mask=0x0 scsicmd=0x0 task=0xffff0010464d8780
[    3.848548] sas: sas_ata_task_done3 qc=0xffff0010480b9f30 scsicmd=0x0 task=0xffff0010464d8780
[    3.848551] ata_qc_complete qc=0xffff0010480b9f30 err_mask=0x0 scsicmd=0x0
[    3.848558] ata1.00: ata_dev_configure: cfg 49:2f00 82:746b 83:7d69 84:4773 85:7469 86:bc41 87:4763 88:407f
[    3.848562] ata1.00: 49==0x2f00  53==0x0007  63==0x0007  64==0x0003  75==0x001f
               80==0x01fc  81==0x0029  82==0x746b  83==0x7d69  84==0x4773
               88==0x407f  93==0x0000
[    3.848568] ata1.00: xfer_shift=12, xfer_mode=0x46
[    3.848570] ata1.00: configured for UDMA/133
[    3.848573] scsi_eh_flush_done_q
[    3.848583] scsi_eh_flush_done_q
[    3.848585] sas: --- Exit sas_scsi_recover_host: busy: 0 failed: 0 tries: 1
[    3.865814] hisi_sas_release_task device=0xffff0010480b0e00
[    3.933116] scsi 0:0:0:0: Direct-Access     SanDisk  LT0200MO         P404 PQ: 0 ANSI: 6
[    4.548104] hisi_sas_softreset_ata_disk device=0xffff0010480b1000
[    4.553836] hisi_sas_release_task device=0xffff0010480b1000
[    4.553866] scsi 0:0:1:0: Direct-Access     ATA      HGST HUS724040AL A8B0 PQ: 0 ANSI: 5
[    4.554298] sd 0:0:1:0: [sdb] 7814037168 512-byte logical blocks: (4.00 TB/3.64 TiB)
[    4.554309] sd 0:0:1:0: [sdb] Write Protect is off
[    4.554312] sd 0:0:1:0: [sdb] Mode Sense: 00 3a 00 00
[    4.554325] sd 0:0:1:0: [sdb] Write cache: enabled, read cache: enabled, doesn't support DPO or FUA
[    4.554343] sd 0:0:1:0: [sdb] Preferred minimum I/O size 512 bytes
[    4.561317] hisi_sas_release_task device=0xffff0010480b1200
[    4.588875] sd 0:0:0:0: [sda] 390721968 512-byte logical blocks: (200 GB/186 GiB)
[    4.596340]  sdb: sdb1 sdb2 sdb3
[    4.596556] sd 0:0:1:0: [sdb] Attached SCSI disk
[    4.628258] scsi 0:0:2:0: Direct-Access     SanDisk  LT0200MO         P404 PQ: 0 ANSI: 6
[    4.630885] sd 0:0:0:0: [sda] Write Protect is off
[    4.630888] sd 0:0:0:0: [sda] Mode Sense: cf 00 10 08
[    4.712881] sd 0:0:0:0: [sda] Write cache: disabled, read cache: disabled, supports DPO and FUA
[    4.835565] sd 0:0:0:0: [sda] Optimal transfer size 131072 bytes
[    5.196093]  sda: sda1 sda2
[    5.196230] sd 0:0:0:0: [sda] Attached SCSI disk
[    5.208165] hisi_sas_release_task device=0xffff0010480b1400
[    5.208368] scsi 0:0:3:0: Direct-Access     HGST     HUC156030CSS200  A3F0 PQ: 0 ANSI: 6
[    5.211418] sd 0:0:3:0: [sdd] 586072368 512-byte logical blocks: (300 GB/279 GiB)
[    5.212617] sd 0:0:3:0: [sdd] Write Protect is off
[    5.212621] sd 0:0:3:0: [sdd] Mode Sense: f7 00 10 08
[    5.214842] sd 0:0:3:0: [sdd] Write cache: enabled, read cache: enabled, supports DPO and FUA
[    5.218399] hisi_sas_release_task device=0xffff0010480b1600
[    5.229718]  sdd: sdd1
[    5.229805] sd 0:0:3:0: [sdd] Attached SCSI disk
[    5.283794] sd 0:0:2:0: [sdc] 390721968 512-byte logical blocks: (200 GB/186 GiB)
[    5.285323] scsi 0:0:4:0: Direct-Access     SanDisk  LT0200MO         P404 PQ: 0 ANSI: 6
[    5.325801] sd 0:0:2:0: [sdc] Write Protect is off
[    5.325805] sd 0:0:2:0: [sdc] Mode Sense: cf 00 10 08
[    5.407797] sd 0:0:2:0: [sdc] Write cache: disabled, read cache: disabled, supports DPO and FUA
[    5.530505] sd 0:0:2:0: [sdc] Optimal transfer size 131072 bytes
[    5.871992] hisi_sas_release_task device=0xffff0010480b1800
[    5.891652]  sdc: sdc1 sdc2 sdc3
[    5.891833] sd 0:0:2:0: [sdc] Attached SCSI disk
[    5.938912] scsi 0:0:5:0: Direct-Access     SanDisk  LT0200MO         P404 PQ: 0 ANSI: 6
[    5.941122] sd 0:0:4:0: [sde] 390721968 512-byte logical blocks: (200 GB/186 GiB)
[    5.983128] sd 0:0:4:0: [sde] Write Protect is off
[    5.983131] sd 0:0:4:0: [sde] Mode Sense: cf 00 10 08
[    6.065160] sd 0:0:4:0: [sde] Write cache: disabled, read cache: disabled, supports DPO and FUA
[    6.187899] sd 0:0:4:0: [sde] Optimal transfer size 131072 bytes
[    6.525513] hisi_sas_release_task device=0xffff0010480b1a00
[    6.548782]  sde: sde1 sde2 sde3
[    6.548949] sd 0:0:4:0: [sde] Attached SCSI disk
[    6.592466] scsi 0:0:6:0: Direct-Access     SanDisk  LT0200MO         P404 PQ: 0 ANSI: 6
[    6.594650] sd 0:0:5:0: [sdf] 390721968 512-byte logical blocks: (200 GB/186 GiB)
[    6.636673] sd 0:0:5:0: [sdf] Write Protect is off
[    6.636677] sd 0:0:5:0: [sdf] Mode Sense: cf 00 10 08
[    6.718704] sd 0:0:5:0: [sdf] Write cache: disabled, read cache: disabled, supports DPO and FUA
[    6.841354] sd 0:0:5:0: [sdf] Optimal transfer size 131072 bytes
[    7.202299]  sdf: sdf1 sdf2 sdf3 sdf4
[    7.202503] sd 0:0:5:0: [sdf] Attached SCSI disk
[    7.212354] sd 0:0:6:0: [sdg] 390721968 512-byte logical blocks: (200 GB/186 GiB)
[    7.254364] sd 0:0:6:0: [sdg] Write Protect is off
[    7.254366] sd 0:0:6:0: [sdg] Mode Sense: cf 00 10 08
[    7.297091] hisi_sas_release_task device=0xffff0010480b1c00
[    7.364034] scsi 0:0:7:0: Direct-Access     SanDisk  LT0200MO         P404 PQ: 0 ANSI: 6
[    7.371982] sd 0:0:6:0: [sdg] Write cache: disabled, read cache: disabled, supports DPO and FUA
[    7.494600] sd 0:0:6:0: [sdg] Optimal transfer size 131072 bytes
[    7.854573] sd 0:0:6:0: [sdg] Attached SCSI disk
[    7.944410] hisi_sas_release_task device=0xffff0010480b1e00
[    7.944710] scsi 0:0:8:0: Enclosure         12G SAS  Expander         RevB PQ: 0 ANSI: 6
[    7.944811] scsi 0:0:8:0: Power-on or device reset occurred
[    7.946124] sas: DONE DISCOVERY on port 0, pid:400, result:0
[    7.946139] sas: phy1 matched wide port0
[    7.946145] sas: phy-0:1 added to port-0:0, phy_mask:0x3 (500e004aaaaaaa1f)
[    7.946155] sas: REVALIDATING DOMAIN on port 0, pid:400
[    7.946694] sas: ex 500e004aaaaaaa1f phy02 change count has changed
[    7.946982] sas: ex 500e004aaaaaaa1f phy02 originated BROADCAST(CHANGE)
[    7.946986] sas: ex 500e004aaaaaaa1f rediscovering phy02
[    7.947175] sas: ex 500e004aaaaaaa1f phy02 broadcast flutter
[    7.948522] sas: ex 500e004aaaaaaa1f phy16 originated BROADCAST(CHANGE)
[    7.948524] sas: ex 500e004aaaaaaa1f phy16 new device attached
[    7.948617] sas: ex 500e004aaaaaaa1f phy16:U:B attached: 3201581410000000 (host)
[    7.948725] sas: ex 500e004aaaaaaa1f phy17 originated BROADCAST(CHANGE)
[    7.948727] sas: ex 500e004aaaaaaa1f phy17 new device attached
[    7.948820] sas: ex 500e004aaaaaaa1f phy17:U:B attached: 3201581410000000 (host)
[    7.948916] sas: ex 500e004aaaaaaa1f phy18 originated BROADCAST(CHANGE)
[    7.948918] sas: ex 500e004aaaaaaa1f phy18 new device attached
[    7.949012] sas: ex 500e004aaaaaaa1f phy18:U:B attached: 3201581410000000 (host)
[    7.949108] sas: ex 500e004aaaaaaa1f phy19 originated BROADCAST(CHANGE)
[    7.949110] sas: ex 500e004aaaaaaa1f phy19 new device attached
[    7.949204] sas: ex 500e004aaaaaaa1f phy19:U:B attached: 3201581410000000 (host)
[    7.949301] sas: ex 500e004aaaaaaa1f phy20 originated BROADCAST(CHANGE)
[    7.949302] sas: ex 500e004aaaaaaa1f phy20 new device attached
[    7.949396] sas: ex 500e004aaaaaaa1f phy20:U:B attached: 3201581410000000 (host)
[    7.949493] sas: ex 500e004aaaaaaa1f phy21 originated BROADCAST(CHANGE)
[    7.949495] sas: ex 500e004aaaaaaa1f phy21 new device attached
[    7.949589] sas: ex 500e004aaaaaaa1f phy21:U:B attached: 3201581410000000 (host)
[    7.949685] sas: ex 500e004aaaaaaa1f phy22 originated BROADCAST(CHANGE)
[    7.949687] sas: ex 500e004aaaaaaa1f phy22 new device attached
[    7.949781] sas: ex 500e004aaaaaaa1f phy22:U:B attached: 3201581410000000 (host)
[    7.949877] sas: ex 500e004aaaaaaa1f phy23 originated BROADCAST(CHANGE)
[    7.949880] sas: ex 500e004aaaaaaa1f phy23 new device attached
[    7.949973] sas: ex 500e004aaaaaaa1f phy23:U:B attached: 3201581410000000 (host)
[    7.950070] sas: done REVALIDATING DOMAIN on port 0, pid:400, res 0x0
[    7.950081] sas: phy2 matched wide port0
[    7.950086] sas: phy-0:2 added to port-0:0, phy_mask:0x7 (500e004aaaaaaa1f)
[    7.950095] sas: REVALIDATING DOMAIN on port 0, pid:400
[    7.952568] sas: ex 500e004aaaaaaa1f phys DID NOT change
[    7.952570] sas: done REVALIDATING DOMAIN on port 0, pid:400, res 0x0
[    7.952579] sas: phy3 matched wide port0
[    7.952583] sas: phy-0:3 added to port-0:0, phy_mask:0xf (500e004aaaaaaa1f)
[    7.952592] sas: REVALIDATING DOMAIN on port 0, pid:400
[    7.955067] sas: ex 500e004aaaaaaa1f phys DID NOT change
[    7.955068] sas: done REVALIDATING DOMAIN on port 0, pid:400, res 0x0
[    7.955077] sas: phy4 matched wide port0
[    7.955081] sas: phy-0:4 added to port-0:0, phy_mask:0x1f (500e004aaaaaaa1f)
[    7.955089] sas: REVALIDATING DOMAIN on port 0, pid:400
[    7.957567] sas: ex 500e004aaaaaaa1f phys DID NOT change
[    7.957568] sas: done REVALIDATING DOMAIN on port 0, pid:400, res 0x0
[    7.957576] sas: phy5 matched wide port0
[    7.957581] sas: phy-0:5 added to port-0:0, phy_mask:0x3f (500e004aaaaaaa1f)
[    7.957589] sas: REVALIDATING DOMAIN on port 0, pid:400
[    7.960066] sas: ex 500e004aaaaaaa1f phys DID NOT change
[    7.960067] sas: done REVALIDATING DOMAIN on port 0, pid:400, res 0x0
[    7.960076] sas: phy6 matched wide port0
[    7.960085] sas: phy-0:6 added to port-0:0, phy_mask:0x7f (500e004aaaaaaa1f)
[    7.960093] sas: REVALIDATING DOMAIN on port 0, pid:400
[    7.962572] sas: ex 500e004aaaaaaa1f phys DID NOT change
[    7.962573] sas: done REVALIDATING DOMAIN on port 0, pid:400, res 0x0
[    7.962582] sas: phy7 matched wide port0
[    7.962587] sas: phy-0:7 added to port-0:0, phy_mask:0xff (500e004aaaaaaa1f)
[    7.962595] sas: REVALIDATING DOMAIN on port 0, pid:400
[    7.965070] sas: ex 500e004aaaaaaa1f phys DID NOT change
[    7.965072] sas: done REVALIDATING DOMAIN on port 0, pid:400, res 0x0
[    7.965080] sas: broadcast received: 0
[    7.965088] sas: REVALIDATING DOMAIN on port 0, pid:400
[    7.967569] sas: ex 500e004aaaaaaa1f phys DID NOT change
[    7.967571] sas: done REVALIDATING DOMAIN on port 0, pid:400, res 0x0
[    7.967579] sas: broadcast received: 0
[    7.967586] sas: REVALIDATING DOMAIN on port 0, pid:400
[    7.970068] sas: ex 500e004aaaaaaa1f phys DID NOT change
[    7.970070] sas: done REVALIDATING DOMAIN on port 0, pid:400, res 0x0
[    7.970078] sas: broadcast received: 0
[    7.970085] sas: REVALIDATING DOMAIN on port 0, pid:400
[    7.972575] sas: ex 500e004aaaaaaa1f phys DID NOT change
[    7.972577] sas: done REVALIDATING DOMAIN on port 0, pid:400, res 0x0
[    7.972585] sas: broadcast received: 0
[    7.972592] sas: REVALIDATING DOMAIN on port 0, pid:400
[    7.975074] sas: ex 500e004aaaaaaa1f phys DID NOT change
[    7.975077] sas: done REVALIDATING DOMAIN on port 0, pid:400, res 0x0
[    7.975084] sas: broadcast received: 0
[    7.975092] sas: REVALIDATING DOMAIN on port 0, pid:400
[    7.977573] sas: ex 500e004aaaaaaa1f phys DID NOT change
[    7.977575] sas: done REVALIDATING DOMAIN on port 0, pid:400, res 0x0
[    7.977583] sas: broadcast received: 0
[    7.977590] sas: REVALIDATING DOMAIN on port 0, pid:400
[    7.980073] sas: ex 500e004aaaaaaa1f phys DID NOT change
[    7.980075] sas: done REVALIDATING DOMAIN on port 0, pid:400, res 0x0
[    7.980083] sas: broadcast received: 0
[    7.980091] sas: REVALIDATING DOMAIN on port 0, pid:400
[    7.982572] sas: ex 500e004aaaaaaa1f phys DID NOT change
[    7.982573] sas: done REVALIDATING DOMAIN on port 0, pid:400, res 0x0
[    7.982581] sas: broadcast received: 0
[    7.982588] sas: REVALIDATING DOMAIN on port 0, pid:400
[    7.985070] sas: ex 500e004aaaaaaa1f phys DID NOT change
[    7.985072] sas: done REVALIDATING DOMAIN on port 0, pid:400, res 0x0
[    7.985080] sas: broadcast received: 0
[    7.985087] sas: REVALIDATING DOMAIN on port 0, pid:400
[    7.987569] sas: ex 500e004aaaaaaa1f phys DID NOT change
[    7.987571] sas: done REVALIDATING DOMAIN on port 0, pid:400, res 0x0
[    7.987579] sas: broadcast received: 0
[    7.987586] sas: REVALIDATING DOMAIN on port 0, pid:400
[    7.990069] sas: ex 500e004aaaaaaa1f phys DID NOT change
[    7.990071] sas: done REVALIDATING DOMAIN on port 0, pid:400, res 0x0
[    7.990079] sas: broadcast received: 0
[    7.990087] sas: REVALIDATING DOMAIN on port 0, pid:400
[    7.992571] sas: ex 500e004aaaaaaa1f phys DID NOT change
[    7.992573] sas: done REVALIDATING DOMAIN on port 0, pid:400, res 0x0
[    7.992581] sas: broadcast received: 0
[    7.992588] sas: REVALIDATING DOMAIN on port 0, pid:400
[    7.995070] sas: ex 500e004aaaaaaa1f phys DID NOT change
[    7.995072] sas: done REVALIDATING DOMAIN on port 0, pid:400, res 0x0
[    7.995080] sas: broadcast received: 0
[    7.995087] sas: REVALIDATING DOMAIN on port 0, pid:400
[    7.997569] sas: ex 500e004aaaaaaa1f phys DID NOT change
[    7.997571] sas: done REVALIDATING DOMAIN on port 0, pid:400, res 0x0
[    7.997579] sas: broadcast received: 0
[    7.997587] sas: REVALIDATING DOMAIN on port 0, pid:400
[    8.000069] sas: ex 500e004aaaaaaa1f phys DID NOT change
[    8.000071] sas: done REVALIDATING DOMAIN on port 0, pid:400, res 0x0
[    8.000085] sas: broadcast received: 0
[    8.000093] sas: REVALIDATING DOMAIN on port 0, pid:400
[    8.002567] sas: ex 500e004aaaaaaa1f phys DID NOT change
[    8.002569] sas: done REVALIDATING DOMAIN on port 0, pid:400, res 0x0
[    8.002577] sas: broadcast received: 0
[    8.002584] sas: REVALIDATING DOMAIN on port 0, pid:400
[    8.005067] sas: ex 500e004aaaaaaa1f phys DID NOT change
[    8.005069] sas: done REVALIDATING DOMAIN on port 0, pid:400, res 0x0
[    8.007115] tun: Universal TUN/TAP device driver, 1.6
[    8.007334] thunder_xcv, ver 1.0
[    8.007347] thunder_bgx, ver 1.0
[    8.007360] nicpf, ver 1.0
[    8.019868] sd 0:0:7:0: [sdh] 390721968 512-byte logical blocks: (200 GB/186 GiB)
[    8.061857] sd 0:0:7:0: [sdh] Write Protect is off
[    8.061860] sd 0:0:7:0: [sdh] Mode Sense: cf 00 10 08
[    8.084163] ACPI: IORT: [Firmware Bug]: Named component missing memory address limit
[    8.084305] hns_dsaf HISI00B2:00: Adding to iommu group 1
[    8.143878] sd 0:0:7:0: [sdh] Write cache: disabled, read cache: disabled, supports DPO and FUA
[    8.159147] hns_dsaf HISI00B2:00: no mc-mac-mask property, set to default value.
[    8.266531] sd 0:0:7:0: [sdh] Optimal transfer size 131072 bytes
[    8.372171] hns_dsaf HISI00B2:00: no mc-mac-mask property, set to default value.
[    8.588482] hns_dsaf HISI00B2:00: no mc-mac-mask property, set to default value.
[    8.609033] hns_dsaf HISI00B2:00: no mc-mac-mask property, set to default value.
[    8.626586] sd 0:0:7:0: [sdh] Attached SCSI disk
[    8.909911] Generic PHY Mii-HISI0141:00:00: attached PHY driver (mii_bus:phy_addr=Mii-HISI0141:00:00, irq=POLL)
[    8.932329] Generic PHY Mii-HISI0141:00:01: attached PHY driver (mii_bus:phy_addr=Mii-HISI0141:00:01, irq=POLL)
[    8.978438] hns3: Hisilicon Ethernet Network Driver for Hip08 Family - version
[    8.978442] hns3: Copyright (c) 2017 Huawei Corporation.
[    8.978503] hclge is initializing
[    8.978522] e1000: Intel(R) PRO/1000 Network Driver
[    8.978524] e1000: Copyright (c) 1999-2006 Intel Corporation.
[    8.978548] e1000e: Intel(R) PRO/1000 Network Driver
[    8.978549] e1000e: Copyright(c) 1999 - 2015 Intel Corporation.
[    8.978573] igb: Intel(R) Gigabit Ethernet Network Driver
[    8.978574] igb: Copyright (c) 2007-2014 Intel Corporation.
[    8.978597] igbvf: Intel(R) Gigabit Virtual Function Network Driver
[    8.978599] igbvf: Copyright (c) 2009 - 2012 Intel Corporation.
[    8.978792] sky2: driver version 1.30
[    8.979112] VFIO - User Level meta-driver version: 0.3
[    8.979774] ehci_hcd: USB 2.0 'Enhanced' Host Controller (EHCI) Driver
[    8.979777] ehci-pci: EHCI PCI platform driver
[    8.979795] ehci-platform: EHCI generic platform driver
[    8.979831] ehci-orion: EHCI orion driver
[    8.979839] ACPI: IORT: [Firmware Bug]: Named component missing memory address limit
[    8.979860] ehci-exynos: EHCI Exynos driver
[    8.979878] ehci-platform PNP0D20:00: Adding to iommu group 2
[    8.979886] ohci_hcd: USB 1.1 'Open' Host Controller (OHCI) Driver
[    8.979895] ohci-pci: OHCI PCI platform driver
[    8.979913] ohci-platform: OHCI generic platform driver
[    8.979944] ohci-exynos: OHCI Exynos driver
[    8.980106] usbcore: registered new interface driver usb-storage
[    8.981051] ehci-platform PNP0D20:00: EHCI Host Controller
[    8.981062] ehci-platform PNP0D20:00: new USB bus registered, assigned bus number 1
[    8.981126] ehci-platform PNP0D20:00: irq 369, io mem 0xa7020000
[    8.996090] ehci-platform PNP0D20:00: USB 2.0 started, EHCI 1.00
[    8.996355] hub 1-0:1.0: USB hub found
[    8.996369] hub 1-0:1.0: 2 ports detected
[    9.106757] rtc-efi rtc-efi.0: registered as rtc0
[    9.169690] rtc-efi rtc-efi.0: setting system clock to 2022-07-01T16:07:30 UTC (1656691650)
[    9.169908] i2c_dev: i2c /dev entries driver
[    9.171870] sdhci: Secure Digital Host Controller Interface driver
[    9.171872] sdhci: Copyright(c) Pierre Ossman
[    9.172059] Synopsys Designware Multimedia Card Interface Driver
[    9.172327] sdhci-pltfm: SDHCI platform and OF driver helper
[    9.173826] ledtrig-cpu: registered to indicate activity on CPUs
[    9.176849] pstore: Registered efi as persistent store backend
[    9.177248] usbcore: registered new interface driver usbhid
[    9.177250] usbhid: USB HID core driver
[    9.178968] NET: Registered PF_PACKET protocol family
[    9.179058] 9pnet: Installing 9P2000 support
[    9.179089] Key type dns_resolver registered
[    9.179317] registered taskstats version 1
[    9.179336] Loading compiled-in X.509 certificates
[    9.179586] pstore: Using crash dump compression: deflate
[    9.181967] ARMH0011:00: ttyAMA0 at MMIO 0x602b0000 (irq = 370, base_baud = 0) is a SBSA
[    9.207079] printk: console [ttyAMA0] printing thread started
[    9.207087] printk: console [ttyAMA0] enabled
[    9.207089] printk: bootconsole [pl11] disabled
[    9.256085] usb 1-1: new high-speed USB device number 2 using ehci-platform
[    9.260931] printk: bootconsole [pl11] printing thread stopped
[    9.263602] pcieport 0002:f8:00.0: Adding to iommu group 3
[    9.264869] pcieport 0002:f8:00.0: can't derive routing for PCI INT A
[    9.264874] pcieport 0002:f8:00.0: PCI INT A: no GSI
[    9.268669] pcieport 0004:88:00.0: Adding to iommu group 4
[    9.269820] pcieport 0004:88:00.0: can't derive routing for PCI INT A
[    9.269824] pcieport 0004:88:00.0: PCI INT A: no GSI
[    9.275631] pcieport 0005:78:00.0: Adding to iommu group 5
[    9.276759] pcieport 0005:78:00.0: can't derive routing for PCI INT A
[    9.276762] pcieport 0005:78:00.0: PCI INT A: no GSI
[    9.281452] pcieport 000a:10:00.0: Adding to iommu group 6
[    9.282556] pcieport 000a:10:00.0: can't derive routing for PCI INT A
[    9.282559] pcieport 000a:10:00.0: PCI INT A: no GSI
[    9.286931] pcieport 000c:20:00.0: Adding to iommu group 7
[    9.288225] pcieport 000c:20:00.0: can't derive routing for PCI INT A
[    9.288228] pcieport 000c:20:00.0: PCI INT A: no GSI
[    9.293366] pcieport 000d:30:00.0: Adding to iommu group 8
[    9.294444] pcieport 000d:30:00.0: can't derive routing for PCI INT A
[    9.294447] pcieport 000d:30:00.0: PCI INT A: no GSI
[    9.298323] serial 0002:f9:00.0: Adding to iommu group 3
[    9.298342] pci 0002:f8:00.0: can't derive routing for PCI INT A
[    9.298344] serial 0002:f9:00.0: PCI INT A: no GSI
[    9.298363] serial 0002:f9:00.0: enabling device (0000 -> 0003)
[    9.320130] 0002:f9:00.0: ttyS2 at I/O 0x1000 (irq = 372, base_baud = 115200) is a ST16650V2
[    9.320279] serial 0002:f9:00.1: Adding to iommu group 3
[    9.320293] pci 0002:f8:00.0: can't derive routing for PCI INT B
[    9.320295] serial 0002:f9:00.1: PCI INT B: no GSI
[    9.320309] serial 0002:f9:00.1: enabling device (0000 -> 0003)
[    9.341947] 0002:f9:00.1: ttyS3 at I/O 0x1008 (irq = 373, base_baud = 115200) is a ST16650V2
[    9.342285] ALSA device list:
[    9.342288]   No soundcards found.
[    9.370348] EXT4-fs (sda2): mounted filesystem with ordered data mode. Quota mode: none.
[    9.370373] VFS: Mounted root (ext4 filesystem) on device 8:2.
[    9.370938] devtmpfs: mounted
[    9.373268] Freeing unused kernel memory: 6912K
[    9.396395] Run /sbin/init as init process
[    9.396397]   with arguments:
[    9.396398]     /sbin/init
[    9.396399]   with environment:
[    9.396400]     HOME=/
[    9.396402]     TERM=linux
