[    0.000000] Booting Linux on physical CPU 0x0000010000 [0x410fd082]
[    0.000000] Linux version 5.19.0-rc3-36883-gb9a53e60e023 (john@debian) (gcc (Debian 6.3.0-18+deb9u1) 6.3.0 20170516, GNU ld (GNU Binutils for Debian) 2.38) #313 SMP PREEMPT Fri Jul 1 15:28:01 BST 2022
[    0.000000] Machine model: Hisilicon PhosphorV660 Development Board
[    0.000000] efi: EFI v2.60 by EDK II
[    0.000000] efi: SMBIOS=0x3eff0000 SMBIOS 3.0=0x39aa0000 ACPI=0x39b70000 ACPI 2.0=0x39b70014 MEMATTR=0x3b8d0018 MEMRESERVE=0x3a002d18 
[    0.000000] ACPI: Early table checksum verification disabled
[    0.000000] ACPI: RSDP 0x0000000039B70014 000024 (v02 HISI  )
[    0.000000] ACPI: XSDT 0x0000000039B600E8 000084 (v01 HISI   HIP07    00000000      01000013)
[    0.000000] ACPI: FACP 0x0000000039A20000 00010C (v05 HISI   HIP07    00000000 INTL 20151124)
[    0.000000] ACPI: DSDT 0x00000000399E0000 0080C8 (v02 HISI   HIP07    00000000 INTL 20170728)
[    0.000000] ACPI: MCFG 0x0000000039A80000 0000AC (v01 HISI   HIP07    00000000 INTL 20151124)
[    0.000000] ACPI: SLIT 0x0000000039A70000 00003C (v01 HISI   HIP07    00000000 INTL 20151124)
[    0.000000] ACPI: SPCR 0x0000000039A60000 000050 (v02 HISI   HIP07    00000000 INTL 20151124)
[    0.000000] ACPI: SRAT 0x0000000039A50000 0005B0 (v03 HISI   HIP07    00000000 INTL 20151124)
[    0.000000] ACPI: DBG2 0x0000000039A40000 00005A (v00 HISI   HIP07    00000000 INTL 20151124)
[    0.000000] ACPI: GTDT 0x0000000039A10000 000098 (v02 HISI   HIP07    00000000 INTL 20151124)
[    0.000000] ACPI: APIC 0x0000000039A00000 0013E4 (v01 HISI   HIP07    00000000 INTL 20151124)
[    0.000000] ACPI: IORT 0x00000000399F0000 00080C (v00 HISI   HIP07    00000000 INTL 20170728)
[    0.000000] ACPI: PPTT 0x0000000031870000 001754 (v01 HISI   HIP07    00000000 INTL 20151124)
[    0.000000] ACPI: SPMI 0x0000000031860000 000041 (v05 HISI   HIP07    00000000 INTL 20151124)
[    0.000000] ACPI: iBFT 0x00000000317C0000 000800 (v01 HISI   HIP07    00000000      00000000)
[    0.000000] ACPI: SPCR: console: pl011,mmio32,0x602b0000,115200
[    0.000000] earlycon: pl11 at MMIO32 0x00000000602b0000 (options '115200')
[    0.000000] printk: bootconsole [pl11] enabled
[    0.000000] ACPI: SRAT: Node 0 PXM 0 [mem 0x00000000-0x3fffffff]
[    0.000000] ACPI: SRAT: Node 0 PXM 0 [mem 0x1000000000-0x17ffffffff]
[    0.000000] ACPI: SRAT: Node 2 PXM 2 [mem 0x40000000000-0x4003fffffff]
[    0.000000] ACPI: SRAT: Node 2 PXM 2 [mem 0x41000000000-0x417ffffffff]
[    0.000000] NUMA: NODE_DATA [mem 0x17fbffdb40-0x17fbffffff]
[    0.000000] NUMA: Initmem setup node 1 [<memory-less node>]
[    0.000000] NUMA: NODE_DATA [mem 0x417f4002b40-0x417f4004fff]
[    0.000000] NUMA: NODE_DATA(1) on node 2
[    0.000000] NUMA: NODE_DATA [mem 0x417f4000680-0x417f4002b3f]
[    0.000000] NUMA: Initmem setup node 3 [<memory-less node>]
[    0.000000] NUMA: NODE_DATA [mem 0x417f3ffe1c0-0x417f400067f]
[    0.000000] NUMA: NODE_DATA(3) on node 2
[    0.000000] Zone ranges:
[    0.000000]   DMA      [mem 0x0000000000000000-0x00000000ffffffff]
[    0.000000]   DMA32    empty
[    0.000000]   Normal   [mem 0x0000000100000000-0x00000417fbffffff]
[    0.000000] Movable zone start for each node
[    0.000000] Early memory node ranges
[    0.000000]   node   0: [mem 0x0000000000000000-0x000000003188afff]
[    0.000000]   node   0: [mem 0x000000003188b000-0x000000003188efff]
[    0.000000]   node   0: [mem 0x000000003188f000-0x000000003992ffff]
[    0.000000]   node   0: [mem 0x0000000039930000-0x00000000399dffff]
[    0.000000]   node   0: [mem 0x00000000399e0000-0x0000000039a2ffff]
[    0.000000]   node   0: [mem 0x0000000039a30000-0x0000000039a3ffff]
[    0.000000]   node   0: [mem 0x0000000039a40000-0x0000000039a8ffff]
[    0.000000]   node   0: [mem 0x0000000039a90000-0x0000000039b5ffff]
[    0.000000]   node   0: [mem 0x0000000039b60000-0x0000000039b7ffff]
[    0.000000]   node   0: [mem 0x0000000039b80000-0x0000000039ffffff]
[    0.000000]   node   0: [mem 0x000000003a000000-0x000000003efeffff]
[    0.000000]   node   0: [mem 0x000000003eff0000-0x000000003f01ffff]
[    0.000000]   node   0: [mem 0x000000003f020000-0x000000003fbfffff]
[    0.000000]   node   0: [mem 0x0000001040000000-0x00000017fbffffff]
[    0.000000]   node   2: [mem 0x0000041000000000-0x00000417fbffffff]
[    0.000000] Initmem setup node 0 [mem 0x0000000000000000-0x00000017fbffffff]
[    0.000000] Initmem setup node 1 as memoryless
[    0.000000] Initmem setup node 2 [mem 0x0000041000000000-0x00000417fbffffff]
[    0.000000] Initmem setup node 3 as memoryless
[    0.000000] On node 0, zone Normal: 1024 pages in unavailable ranges
[    0.000000] On node 2, zone Normal: 16384 pages in unavailable ranges
[    0.000000] On node 2, zone Normal: 16384 pages in unavailable ranges
[    0.000000] cma: Reserved 32 MiB at 0x000000003ce00000
[    0.000000] crashkernel reserved: 0x0000000002000000 - 0x0000000012000000 (256 MB)
[    0.000000] psci: probing for conduit method from ACPI.
[    0.000000] psci: PSCIv1.0 detected in firmware.
[    0.000000] psci: Using standard PSCI v0.2 function IDs
[    0.000000] psci: MIGRATE_INFO_TYPE not supported.
[    0.000000] psci: SMC Calling Convention v1.0
[    0.000000] ACPI: NUMA: SRAT: PXM 0 -> MPIDR 0x10000 -> Node 0
[    0.000000] ACPI: NUMA: SRAT: PXM 0 -> MPIDR 0x10001 -> Node 0
[    0.000000] ACPI: NUMA: SRAT: PXM 0 -> MPIDR 0x10002 -> Node 0
[    0.000000] ACPI: NUMA: SRAT: PXM 0 -> MPIDR 0x10003 -> Node 0
[    0.000000] ACPI: NUMA: SRAT: PXM 0 -> MPIDR 0x10100 -> Node 0
[    0.000000] ACPI: NUMA: SRAT: PXM 0 -> MPIDR 0x10101 -> Node 0
[    0.000000] ACPI: NUMA: SRAT: PXM 0 -> MPIDR 0x10102 -> Node 0
[    0.000000] ACPI: NUMA: SRAT: PXM 0 -> MPIDR 0x10103 -> Node 0
[    0.000000] ACPI: NUMA: SRAT: PXM 0 -> MPIDR 0x10200 -> Node 0
[    0.000000] ACPI: NUMA: SRAT: PXM 0 -> MPIDR 0x10201 -> Node 0
[    0.000000] ACPI: NUMA: SRAT: PXM 0 -> MPIDR 0x10202 -> Node 0
[    0.000000] ACPI: NUMA: SRAT: PXM 0 -> MPIDR 0x10203 -> Node 0
[    0.000000] ACPI: NUMA: SRAT: PXM 0 -> MPIDR 0x10300 -> Node 0
[    0.000000] ACPI: NUMA: SRAT: PXM 0 -> MPIDR 0x10301 -> Node 0
[    0.000000] ACPI: NUMA: SRAT: PXM 0 -> MPIDR 0x10302 -> Node 0
[    0.000000] ACPI: NUMA: SRAT: PXM 0 -> MPIDR 0x10303 -> Node 0
[    0.000000] ACPI: NUMA: SRAT: PXM 1 -> MPIDR 0x30000 -> Node 1
[    0.000000] ACPI: NUMA: SRAT: PXM 1 -> MPIDR 0x30001 -> Node 1
[    0.000000] ACPI: NUMA: SRAT: PXM 1 -> MPIDR 0x30002 -> Node 1
[    0.000000] ACPI: NUMA: SRAT: PXM 1 -> MPIDR 0x30003 -> Node 1
[    0.000000] ACPI: NUMA: SRAT: PXM 1 -> MPIDR 0x30100 -> Node 1
[    0.000000] ACPI: NUMA: SRAT: PXM 1 -> MPIDR 0x30101 -> Node 1
[    0.000000] ACPI: NUMA: SRAT: PXM 1 -> MPIDR 0x30102 -> Node 1
[    0.000000] ACPI: NUMA: SRAT: PXM 1 -> MPIDR 0x30103 -> Node 1
[    0.000000] ACPI: NUMA: SRAT: PXM 1 -> MPIDR 0x30200 -> Node 1
[    0.000000] ACPI: NUMA: SRAT: PXM 1 -> MPIDR 0x30201 -> Node 1
[    0.000000] ACPI: NUMA: SRAT: PXM 1 -> MPIDR 0x30202 -> Node 1
[    0.000000] ACPI: NUMA: SRAT: PXM 1 -> MPIDR 0x30203 -> Node 1
[    0.000000] ACPI: NUMA: SRAT: PXM 1 -> MPIDR 0x30300 -> Node 1
[    0.000000] ACPI: NUMA: SRAT: PXM 1 -> MPIDR 0x30301 -> Node 1
[    0.000000] ACPI: NUMA: SRAT: PXM 1 -> MPIDR 0x30302 -> Node 1
[    0.000000] ACPI: NUMA: SRAT: PXM 1 -> MPIDR 0x30303 -> Node 1
[    0.000000] ACPI: NUMA: SRAT: PXM 2 -> MPIDR 0x50000 -> Node 2
[    0.000000] ACPI: NUMA: SRAT: PXM 2 -> MPIDR 0x50001 -> Node 2
[    0.000000] ACPI: NUMA: SRAT: PXM 2 -> MPIDR 0x50002 -> Node 2
[    0.000000] ACPI: NUMA: SRAT: PXM 2 -> MPIDR 0x50003 -> Node 2
[    0.000000] ACPI: NUMA: SRAT: PXM 2 -> MPIDR 0x50100 -> Node 2
[    0.000000] ACPI: NUMA: SRAT: PXM 2 -> MPIDR 0x50101 -> Node 2
[    0.000000] ACPI: NUMA: SRAT: PXM 2 -> MPIDR 0x50102 -> Node 2
[    0.000000] ACPI: NUMA: SRAT: PXM 2 -> MPIDR 0x50103 -> Node 2
[    0.000000] ACPI: NUMA: SRAT: PXM 2 -> MPIDR 0x50200 -> Node 2
[    0.000000] ACPI: NUMA: SRAT: PXM 2 -> MPIDR 0x50201 -> Node 2
[    0.000000] ACPI: NUMA: SRAT: PXM 2 -> MPIDR 0x50202 -> Node 2
[    0.000000] ACPI: NUMA: SRAT: PXM 2 -> MPIDR 0x50203 -> Node 2
[    0.000000] ACPI: NUMA: SRAT: PXM 2 -> MPIDR 0x50300 -> Node 2
[    0.000000] ACPI: NUMA: SRAT: PXM 2 -> MPIDR 0x50301 -> Node 2
[    0.000000] ACPI: NUMA: SRAT: PXM 2 -> MPIDR 0x50302 -> Node 2
[    0.000000] ACPI: NUMA: SRAT: PXM 2 -> MPIDR 0x50303 -> Node 2
[    0.000000] ACPI: NUMA: SRAT: PXM 3 -> MPIDR 0x70000 -> Node 3
[    0.000000] ACPI: NUMA: SRAT: PXM 3 -> MPIDR 0x70001 -> Node 3
[    0.000000] ACPI: NUMA: SRAT: PXM 3 -> MPIDR 0x70002 -> Node 3
[    0.000000] ACPI: NUMA: SRAT: PXM 3 -> MPIDR 0x70003 -> Node 3
[    0.000000] ACPI: NUMA: SRAT: PXM 3 -> MPIDR 0x70100 -> Node 3
[    0.000000] ACPI: NUMA: SRAT: PXM 3 -> MPIDR 0x70101 -> Node 3
[    0.000000] ACPI: NUMA: SRAT: PXM 3 -> MPIDR 0x70102 -> Node 3
[    0.000000] ACPI: NUMA: SRAT: PXM 3 -> MPIDR 0x70103 -> Node 3
[    0.000000] ACPI: NUMA: SRAT: PXM 3 -> MPIDR 0x70200 -> Node 3
[    0.000000] ACPI: NUMA: SRAT: PXM 3 -> MPIDR 0x70201 -> Node 3
[    0.000000] ACPI: NUMA: SRAT: PXM 3 -> MPIDR 0x70202 -> Node 3
[    0.000000] ACPI: NUMA: SRAT: PXM 3 -> MPIDR 0x70203 -> Node 3
[    0.000000] ACPI: NUMA: SRAT: PXM 3 -> MPIDR 0x70300 -> Node 3
[    0.000000] ACPI: NUMA: SRAT: PXM 3 -> MPIDR 0x70301 -> Node 3
[    0.000000] ACPI: NUMA: SRAT: PXM 3 -> MPIDR 0x70302 -> Node 3
[    0.000000] ACPI: NUMA: SRAT: PXM 3 -> MPIDR 0x70303 -> Node 3
[    0.000000] percpu: Embedded 20 pages/cpu s44520 r8192 d29208 u81920
[    0.000000] pcpu-alloc: s44520 r8192 d29208 u81920 alloc=20*4096
[    0.000000] pcpu-alloc: [0] 00 [0] 01 [0] 02 [0] 03 [0] 04 [0] 05 [0] 06 [0] 07 
[    0.000000] pcpu-alloc: [0] 08 [0] 09 [0] 10 [0] 11 [0] 12 [0] 13 [0] 14 [0] 15 
[    0.000000] pcpu-alloc: [1] 16 [1] 17 [1] 18 [1] 19 [1] 20 [1] 21 [1] 22 [1] 23 
[    0.000000] pcpu-alloc: [1] 24 [1] 25 [1] 26 [1] 27 [1] 28 [1] 29 [1] 30 [1] 31 
[    0.000000] pcpu-alloc: [2] 32 [2] 33 [2] 34 [2] 35 [2] 36 [2] 37 [2] 38 [2] 39 
[    0.000000] pcpu-alloc: [2] 40 [2] 41 [2] 42 [2] 43 [2] 44 [2] 45 [2] 46 [2] 47 
[    0.000000] pcpu-alloc: [3] 48 [3] 49 [3] 50 [3] 51 [3] 52 [3] 53 [3] 54 [3] 55 
[    0.000000] pcpu-alloc: [3] 56 [3] 57 [3] 58 [3] 59 [3] 60 [3] 61 [3] 62 [3] 63 
[    0.000000] Detected PIPT I-cache on CPU0
[    0.000000] CPU features: detected: GIC system register CPU interface
[    0.000000] CPU features: detected: Spectre-v2
[    0.000000] CPU features: detected: Spectre-v3a
[    0.000000] CPU features: detected: Spectre-v4
[    0.000000] CPU features: detected: Spectre-BHB
[    0.000000] CPU features: kernel page table isolation forced ON by KASLR
[    0.000000] CPU features: detected: Kernel page table isolation (KPTI)
[    0.000000] CPU features: detected: ARM errata 1165522, 1319367, or 1530923
[    0.000000] Fallback order for Node 0: 0 2 
[    0.000000] Fallback order for Node 1: 1 0 2 
[    0.000000] Fallback order for Node 2: 2 0 
[    0.000000] Fallback order for Node 3: 3 2 0 
[    0.000000] Built 4 zonelists, mobility grouping on.  Total pages: 16481808
[    0.000000] Policy zone: Normal
[    0.000000] Kernel command line: BOOT_IMAGE=/john/Image rdinit=/init crashkernel=256M@32M console=ttyAMA0,115200 earlycon acpi=force pcie_aspm=off noinitrd root=/dev/sda2 rw log_buf_len=16M user_debug=1 iommu.strict=0 nvme.use_threaded_interrupts=1 irqchip.gicv3_pseudo_nmi=1
[    0.000000] PCIe ASPM is disabled
[    0.000000] Unknown kernel command line parameters "BOOT_IMAGE=/john/Image user_debug=1", will be passed to user space.
[    0.000000] printk: log_buf_len: 16777216 bytes
[    0.000000] printk: early log buf free: 120080(91%)
[    0.000000] mem auto-init: stack:off, heap alloc:off, heap free:off
[    0.000000] software IO TLB: mapped [mem 0x0000000035930000-0x0000000039930000] (64MB)
[    0.000000] Memory: 65310988K/66973696K available (15296K kernel code, 3396K rwdata, 9104K rodata, 6912K init, 586K bss, 1629940K reserved, 32768K cma-reserved)
[    0.000000] SLUB: HWalign=64, Order=0-3, MinObjects=0, CPUs=64, Nodes=4
[    0.000000] rcu: Preemptible hierarchical RCU implementation.
[    0.000000] rcu: 	RCU event tracing is enabled.
[    0.000000] rcu: 	RCU restricting CPUs from NR_CPUS=256 to nr_cpu_ids=64.
[    0.000000] 	Trampoline variant of Tasks RCU enabled.
[    0.000000] 	Tracing variant of Tasks RCU enabled.
[    0.000000] rcu: RCU calculated value of scheduler-enlistment delay is 25 jiffies.
[    0.000000] rcu: Adjusting geometry for rcu_fanout_leaf=16, nr_cpu_ids=64
[    0.000000] NR_IRQS: 64, nr_irqs: 64, preallocated irqs: 0
[    0.000000] GICv3: GIC: Using split EOI/Deactivate mode
[    0.000000] GIC: enabling workaround for GICv3: HIP07 erratum 161010803
[    0.000000] GICv3: 988 SPIs implemented
[    0.000000] GICv3: 0 Extended SPIs implemented
[    0.000000] Root IRQ handler: gic_handle_irq
[    0.000000] GICv3: GICv3 features: 16 PPIs, DirectLPI
[    0.000000] GICv3: GICv4 features: DirectLPI 
[    0.000000] GICv3: CPU0: found redistributor 10000 region 0:0x000000004d100000
[    0.000000] SRAT: PXM 0 -> ITS 0 -> Node 0
[    0.000000] SRAT: PXM 1 -> ITS 1 -> Node 1
[    0.000000] SRAT: PXM 0 -> ITS 2 -> Node 0
[    0.000000] SRAT: PXM 1 -> ITS 3 -> Node 1
[    0.000000] SRAT: PXM 2 -> ITS 4 -> Node 2
[    0.000000] SRAT: PXM 3 -> ITS 5 -> Node 3
[    0.000000] SRAT: PXM 2 -> ITS 6 -> Node 2
[    0.000000] SRAT: PXM 3 -> ITS 7 -> Node 3
[    0.000000] ITS [mem 0x4c000000-0x4c01ffff]
[    0.000000] ITS@0x000000004c000000: Using ITS number 0
[    0.000000] GIC: enabling workaround for ITS: Hip07 erratum 161600802
[    0.000000] ITS@0x000000004c000000: allocated 524288 Devices @1040800000 (flat, esz 8, psz 16K, shr 1)
[    0.000000] ITS@0x000000004c000000: allocated 65536 Virtual CPUs @1040180000 (flat, esz 8, psz 4K, shr 1)
[    0.000000] ITS@0x000000004c000000: allocated 512 Interrupt Collections @1040143000 (flat, esz 8, psz 4K, shr 1)
[    0.000000] ITS [mem 0x6c000000-0x6c01ffff]
[    0.000000] ITS@0x000000006c000000: Using ITS number 1
[    0.000000] GIC: enabling workaround for ITS: Hip07 erratum 161600802
[    0.000000] ITS@0x000000006c000000: allocated 524288 Devices @1040c00000 (flat, esz 8, psz 16K, shr 1)
[    0.000000] ITS@0x000000006c000000: allocated 65536 Virtual CPUs @1040200000 (flat, esz 8, psz 4K, shr 1)
[    0.000000] ITS@0x000000006c000000: allocated 512 Interrupt Collections @1040144000 (flat, esz 8, psz 4K, shr 1)
[    0.000000] ITS [mem 0xc6000000-0xc601ffff]
[    0.000000] ITS@0x00000000c6000000: Using ITS number 2
[    0.000000] GIC: enabling workaround for ITS: Hip07 erratum 161600802
[    0.000000] ITS@0x00000000c6000000: allocated 524288 Devices @1041000000 (flat, esz 8, psz 16K, shr 1)
[    0.000000] ITS@0x00000000c6000000: allocated 65536 Virtual CPUs @1040280000 (flat, esz 8, psz 4K, shr 1)
[    0.000000] ITS@0x00000000c6000000: allocated 512 Interrupt Collections @1040145000 (flat, esz 8, psz 4K, shr 1)
[    0.000000] ITS [mem 0x8c6000000-0x8c601ffff]
[    0.000000] ITS@0x00000008c6000000: Using ITS number 3
[    0.000000] GIC: enabling workaround for ITS: Hip07 erratum 161600802
[    0.000000] ITS@0x00000008c6000000: allocated 524288 Devices @1041400000 (flat, esz 8, psz 16K, shr 1)
[    0.000000] ITS@0x00000008c6000000: allocated 65536 Virtual CPUs @1040380000 (flat, esz 8, psz 4K, shr 1)
[    0.000000] ITS@0x00000008c6000000: allocated 512 Interrupt Collections @1040146000 (flat, esz 8, psz 4K, shr 1)
[    0.000000] ITS [mem 0x4004c000000-0x4004c01ffff]
[    0.000000] ITS@0x000004004c000000: Using ITS number 4
[    0.000000] GIC: enabling workaround for ITS: Hip07 erratum 161600802
[    0.000000] ITS@0x000004004c000000: allocated 524288 Devices @41000400000 (flat, esz 8, psz 16K, shr 1)
[    0.000000] ITS@0x000004004c000000: allocated 65536 Virtual CPUs @41000080000 (flat, esz 8, psz 4K, shr 1)
[    0.000000] ITS@0x000004004c000000: allocated 512 Interrupt Collections @41000002000 (flat, esz 8, psz 4K, shr 1)
[    0.000000] ITS [mem 0x4006c000000-0x4006c01ffff]
[    0.000000] ITS@0x000004006c000000: Using ITS number 5
[    0.000000] GIC: enabling workaround for ITS: Hip07 erratum 161600802
[    0.000000] ITS@0x000004006c000000: allocated 524288 Devices @41000800000 (flat, esz 8, psz 16K, shr 1)
[    0.000000] ITS@0x000004006c000000: allocated 65536 Virtual CPUs @41000100000 (flat, esz 8, psz 4K, shr 1)
[    0.000000] ITS@0x000004006c000000: allocated 512 Interrupt Collections @41000003000 (flat, esz 8, psz 4K, shr 1)
[    0.000000] ITS [mem 0x400c6000000-0x400c601ffff]
[    0.000000] ITS@0x00000400c6000000: Using ITS number 6
[    0.000000] GIC: enabling workaround for ITS: Hip07 erratum 161600802
[    0.000000] ITS@0x00000400c6000000: allocated 524288 Devices @41000c00000 (flat, esz 8, psz 16K, shr 1)
[    0.000000] ITS@0x00000400c6000000: allocated 65536 Virtual CPUs @41000180000 (flat, esz 8, psz 4K, shr 1)
[    0.000000] ITS@0x00000400c6000000: allocated 512 Interrupt Collections @41000004000 (flat, esz 8, psz 4K, shr 1)
[    0.000000] ITS [mem 0x408c6000000-0x408c601ffff]
[    0.000000] ITS@0x00000408c6000000: Using ITS number 7
[    0.000000] GIC: enabling workaround for ITS: Hip07 erratum 161600802
[    0.000000] ITS@0x00000408c6000000: allocated 524288 Devices @41001000000 (flat, esz 8, psz 16K, shr 1)
[    0.000000] ITS@0x00000408c6000000: allocated 65536 Virtual CPUs @41000200000 (flat, esz 8, psz 4K, shr 1)
[    0.000000] ITS@0x00000408c6000000: allocated 512 Interrupt Collections @41000005000 (flat, esz 8, psz 4K, shr 1)
[    0.000000] GICv3: using LPI property table @0x0000001040310000
[    0.000000] ITS: Using DirectLPI for VPE invalidation
[    0.000000] ITS: Enabling GICv4 support
[    0.000000] GICv3: CPU0: using allocated LPI pending table @0x0000001040320000
[    0.000000] rcu: srcu_init: Setting srcu_struct sizes based on contention.
[    0.000000] arch_timer: Enabling global workaround for HiSilicon erratum 161010101
[    0.000000] arch_timer: CPU0: Trapping CNTVCT access
[    0.000000] arch_timer: cp15 timer(s) running at 50.00MHz (phys).
[    0.000000] clocksource: arch_sys_counter: mask: 0xffffffffffffff max_cycles: 0xb8812736b, max_idle_ns: 440795202655 ns
[    0.000000] sched_clock: 56 bits at 50MHz, resolution 20ns, wraps every 4398046511100ns
[    0.008182] Console: colour dummy device 80x25
[    0.012746] mempolicy: Enabling automatic NUMA balancing. Configure with numa_balancing= or the kernel.numa_balancing sysctl
[    0.024034] ACPI: Core revision 20220331
[    0.028031] ACPI BIOS Warning (bug): Incorrect checksum in table [DSDT] - 0x71, should be 0x6F (20220331/tbprint-178)
[    0.038796] Calibrating delay loop (skipped), value calculated using timer frequency.. 100.00 BogoMIPS (lpj=200000)
[    0.049286] pid_max: default: 65536 minimum: 512
[    0.054013] LSM: Security Framework initializing
[    0.080170] Dentry cache hash table entries: 8388608 (order: 14, 67108864 bytes, vmalloc)
[    0.099774] Inode-cache hash table entries: 4194304 (order: 13, 33554432 bytes, vmalloc)
[    0.108301] Mount-cache hash table entries: 131072 (order: 8, 1048576 bytes, vmalloc)
[    0.116516] Mountpoint-cache hash table entries: 131072 (order: 8, 1048576 bytes, vmalloc)
[    0.126565] cblist_init_generic: Setting adjustable number of callback queues.
[    0.133892] cblist_init_generic: Setting shift to 6 and lim to 1.
[    0.140094] cblist_init_generic: Setting shift to 6 and lim to 1.
[    0.146302] rcu: Hierarchical SRCU implementation.
[    0.146323] printk: bootconsole [pl11] printing thread started
[    0.157066] Platform MSI: ITS@0x4c000000 domain created
[    0.157071] Platform MSI: ITS@0x6c000000 domain created
[    0.157074] Platform MSI: ITS@0xc6000000 domain created
[    0.157077] Platform MSI: ITS@0x8c6000000 domain created
[    0.157079] Platform MSI: ITS@0x4004c000000 domain created
[    0.157082] Platform MSI: ITS@0x4006c000000 domain created
[    0.157085] Platform MSI: ITS@0x400c6000000 domain created
[    0.157088] Platform MSI: ITS@0x408c6000000 domain created
[    0.157094] PCI/MSI: ITS@0x4c000000 domain created
[    0.157097] PCI/MSI: ITS@0x6c000000 domain created
[    0.157099] PCI/MSI: ITS@0xc6000000 domain created
[    0.157102] PCI/MSI: ITS@0x8c6000000 domain created
[    0.157105] PCI/MSI: ITS@0x4004c000000 domain created
[    0.157107] PCI/MSI: ITS@0x4006c000000 domain created
[    0.157110] PCI/MSI: ITS@0x400c6000000 domain created
[    0.157112] PCI/MSI: ITS@0x408c6000000 domain created
[    0.157118] fsl-mc MSI: ITS@0x4c000000 domain created
[    0.157120] fsl-mc MSI: ITS@0x6c000000 domain created
[    0.157122] fsl-mc MSI: ITS@0xc6000000 domain created
[    0.157125] fsl-mc MSI: ITS@0x8c6000000 domain created
[    0.157127] fsl-mc MSI: ITS@0x4004c000000 domain created
[    0.157130] fsl-mc MSI: ITS@0x4006c000000 domain created
[    0.157135] fsl-mc MSI: ITS@0x400c6000000 domain created
[    0.157138] fsl-mc MSI: ITS@0x408c6000000 domain created
[    0.157157] Remapping and enabling EFI services.
[    0.159416] smp: Bringing up secondary CPUs ...
[    0.295423] Detected PIPT I-cache on CPU1
[    0.295440] GICv3: CPU1: found redistributor 10001 region 1:0x000000004d140000
[    0.295446] GICv3: CPU1: using allocated LPI pending table @0x0000001040330000
[    0.295597] arch_timer: CPU1: Trapping CNTVCT access
[    0.295602] CPU1: Booted secondary processor 0x0000010001 [0x410fd082]
[    0.298027] Detected PIPT I-cache on CPU2
[    0.298035] GICv3: CPU2: found redistributor 10002 region 2:0x000000004d180000
[    0.298041] GICv3: CPU2: using allocated LPI pending table @0x0000001040340000
[    0.298179] arch_timer: CPU2: Trapping CNTVCT access
[    0.298182] CPU2: Booted secondary processor 0x0000010002 [0x410fd082]
[    0.300609] Detected PIPT I-cache on CPU3
[    0.300617] GICv3: CPU3: found redistributor 10003 region 3:0x000000004d1c0000
[    0.300624] GICv3: CPU3: using allocated LPI pending table @0x0000001040350000
[    0.300762] arch_timer: CPU3: Trapping CNTVCT access
[    0.300765] CPU3: Booted secondary processor 0x0000010003 [0x410fd082]
[    0.392167] Detected PIPT I-cache on CPU4
[    0.392177] GICv3: CPU4: found redistributor 10100 region 4:0x000000004d200000
[    0.392183] GICv3: CPU4: using allocated LPI pending table @0x0000001040360000
[    0.392322] arch_timer: CPU4: Trapping CNTVCT access
[    0.392325] CPU4: Booted secondary processor 0x0000010100 [0x410fd082]
[    0.394759] Detected PIPT I-cache on CPU5
[    0.394767] GICv3: CPU5: found redistributor 10101 region 5:0x000000004d240000
[    0.394773] GICv3: CPU5: using allocated LPI pending table @0x0000001040370000
[    0.394907] arch_timer: CPU5: Trapping CNTVCT access
[    0.394910] CPU5: Booted secondary processor 0x0000010101 [0x410fd082]
[    0.397330] Detected PIPT I-cache on CPU6
[    0.397338] GICv3: CPU6: found redistributor 10102 region 6:0x000000004d280000
[    0.397344] GICv3: CPU6: using allocated LPI pending table @0x0000001041800000
[    0.397482] arch_timer: CPU6: Trapping CNTVCT access
[    0.397485] CPU6: Booted secondary processor 0x0000010102 [0x410fd082]
[    0.488900] Detected PIPT I-cache on CPU7
[    0.488909] GICv3: CPU7: found redistributor 10103 region 7:0x000000004d2c0000
[    0.488915] GICv3: CPU7: using allocated LPI pending table @0x0000001041810000
[    0.489052] arch_timer: CPU7: Trapping CNTVCT access
[    0.489054] CPU7: Booted secondary processor 0x0000010103 [0x410fd082]
[    0.491477] Detected PIPT I-cache on CPU8
[    0.491489] GICv3: CPU8: found redistributor 10200 region 8:0x000000004d300000
[    0.491495] GICv3: CPU8: using allocated LPI pending table @0x0000001041820000
[    0.491633] arch_timer: CPU8: Trapping CNTVCT access
[    0.491637] CPU8: Booted secondary processor 0x0000010200 [0x410fd082]
[    0.494068] Detected PIPT I-cache on CPU9
[    0.494077] GICv3: CPU9: found redistributor 10201 region 9:0x000000004d340000
[    0.494083] GICv3: CPU9: using allocated LPI pending table @0x0000001041830000
[    0.494217] arch_timer: CPU9: Trapping CNTVCT access
[    0.494220] CPU9: Booted secondary processor 0x0000010201 [0x410fd082]
[    0.585640] Detected PIPT I-cache on CPU10
[    0.585649] GICv3: CPU10: found redistributor 10202 region 10:0x000000004d380000
[    0.585655] GICv3: CPU10: using allocated LPI pending table @0x0000001041840000
[    0.585790] arch_timer: CPU10: Trapping CNTVCT access
[    0.585793] CPU10: Booted secondary processor 0x0000010202 [0x410fd082]
[    0.588214] Detected PIPT I-cache on CPU11
[    0.588224] GICv3: CPU11: found redistributor 10203 region 11:0x000000004d3c0000
[    0.588230] GICv3: CPU11: using allocated LPI pending table @0x0000001041850000
[    0.588366] arch_timer: CPU11: Trapping CNTVCT access
[    0.588369] CPU11: Booted secondary processor 0x0000010203 [0x410fd082]
[    0.590798] Detected PIPT I-cache on CPU12
[    0.590811] GICv3: CPU12: found redistributor 10300 region 12:0x000000004d400000
[    0.590817] GICv3: CPU12: using allocated LPI pending table @0x0000001041860000
[    0.590954] arch_timer: CPU12: Trapping CNTVCT access
[    0.590958] CPU12: Booted secondary processor 0x0000010300 [0x410fd082]
[    0.683955] Detected PIPT I-cache on CPU13
[    0.683965] GICv3: CPU13: found redistributor 10301 region 13:0x000000004d440000
[    0.683971] GICv3: CPU13: using allocated LPI pending table @0x0000001041870000
[    0.684107] arch_timer: CPU13: Trapping CNTVCT access
[    0.684110] CPU13: Booted secondary processor 0x0000010301 [0x410fd082]
[    0.686530] Detected PIPT I-cache on CPU14
[    0.686541] GICv3: CPU14: found redistributor 10302 region 14:0x000000004d480000
[    0.686547] GICv3: CPU14: using allocated LPI pending table @0x0000001041880000
[    0.686682] arch_timer: CPU14: Trapping CNTVCT access
[    0.686685] CPU14: Booted secondary processor 0x0000010302 [0x410fd082]
[    0.689115] Detected PIPT I-cache on CPU15
[    0.689126] GICv3: CPU15: found redistributor 10303 region 15:0x000000004d4c0000
[    0.689131] GICv3: CPU15: using allocated LPI pending table @0x0000001041890000
[    0.689265] arch_timer: CPU15: Trapping CNTVCT access
[    0.689267] CPU15: Booted secondary processor 0x0000010303 [0x410fd082]
[    0.782235] Detected PIPT I-cache on CPU16
[    0.782253] GICv3: CPU16: found redistributor 30000 region 16:0x000000006d100000
[    0.782260] GICv3: CPU16: using allocated LPI pending table @0x00000010418a0000
[    0.782441] arch_timer: CPU16: Trapping CNTVCT access
[    0.782446] CPU16: Booted secondary processor 0x0000030000 [0x410fd082]
[    0.784926] Detected PIPT I-cache on CPU17
[    0.784938] GICv3: CPU17: found redistributor 30001 region 17:0x000000006d140000
[    0.784943] GICv3: CPU17: using allocated LPI pending table @0x00000010418b0000
[    0.785121] arch_timer: CPU17: Trapping CNTVCT access
[    0.785125] CPU17: Booted secondary processor 0x0000030001 [0x410fd082]
[    0.787530] Detected PIPT I-cache on CPU18
[    0.787542] GICv3: CPU18: found redistributor 30002 region 18:0x000000006d180000
[    0.787547] GICv3: CPU18: using allocated LPI pending table @0x00000010418c0000
[    0.787726] arch_timer: CPU18: Trapping CNTVCT access
[    0.787729] CPU18: Booted secondary processor 0x0000030002 [0x410fd082]
[    0.880573] Detected PIPT I-cache on CPU19
[    0.880585] GICv3: CPU19: found redistributor 30003 region 19:0x000000006d1c0000
[    0.880591] GICv3: CPU19: using allocated LPI pending table @0x00000010418d0000
[    0.880771] arch_timer: CPU19: Trapping CNTVCT access
[    0.880774] CPU19: Booted secondary processor 0x0000030003 [0x410fd082]
[    0.883178] Detected PIPT I-cache on CPU20
[    0.883197] GICv3: CPU20: found redistributor 30100 region 20:0x000000006d200000
[    0.883205] GICv3: CPU20: using allocated LPI pending table @0x00000010418e0000
[    0.883386] arch_timer: CPU20: Trapping CNTVCT access
[    0.883391] CPU20: Booted secondary processor 0x0000030100 [0x410fd082]
[    0.885818] Detected PIPT I-cache on CPU21
[    0.885831] GICv3: CPU21: found redistributor 30101 region 21:0x000000006d240000
[    0.885837] GICv3: CPU21: using allocated LPI pending table @0x00000010418f0000
[    0.886015] arch_timer: CPU21: Trapping CNTVCT access
[    0.886018] CPU21: Booted secondary processor 0x0000030101 [0x410fd082]
[    0.978898] Detected PIPT I-cache on CPU22
[    0.978912] GICv3: CPU22: found redistributor 30102 region 22:0x000000006d280000
[    0.978918] GICv3: CPU22: using allocated LPI pending table @0x0000001041900000
[    0.979097] arch_timer: CPU22: Trapping CNTVCT access
[    0.979100] CPU22: Booted secondary processor 0x0000030102 [0x410fd082]
[    0.981507] Detected PIPT I-cache on CPU23
[    0.981521] GICv3: CPU23: found redistributor 30103 region 23:0x000000006d2c0000
[    0.981527] GICv3: CPU23: using allocated LPI pending table @0x0000001041910000
[    0.981705] arch_timer: CPU23: Trapping CNTVCT access
[    0.981708] CPU23: Booted secondary processor 0x0000030103 [0x410fd082]
[    0.984123] Detected PIPT I-cache on CPU24
[    0.984143] GICv3: CPU24: found redistributor 30200 region 24:0x000000006d300000
[    0.984151] GICv3: CPU24: using allocated LPI pending table @0x0000001041920000
[    0.984333] arch_timer: CPU24: Trapping CNTVCT access
[    0.984338] CPU24: Booted secondary processor 0x0000030200 [0x410fd082]
[    1.077254] Detected PIPT I-cache on CPU25
[    1.077268] GICv3: CPU25: found redistributor 30201 region 25:0x000000006d340000
[    1.077274] GICv3: CPU25: using allocated LPI pending table @0x0000001041930000
[    1.077454] arch_timer: CPU25: Trapping CNTVCT access
[    1.077458] CPU25: Booted secondary processor 0x0000030201 [0x410fd082]
[    1.079861] Detected PIPT I-cache on CPU26
[    1.079875] GICv3: CPU26: found redistributor 30202 region 26:0x000000006d380000
[    1.079882] GICv3: CPU26: using allocated LPI pending table @0x0000001041940000
[    1.080059] arch_timer: CPU26: Trapping CNTVCT access
[    1.080063] CPU26: Booted secondary processor 0x0000030202 [0x410fd082]
[    1.082474] Detected PIPT I-cache on CPU27
[    1.082488] GICv3: CPU27: found redistributor 30203 region 27:0x000000006d3c0000
[    1.082495] GICv3: CPU27: using allocated LPI pending table @0x0000001041950000
[    1.082674] arch_timer: CPU27: Trapping CNTVCT access
[    1.082678] CPU27: Booted secondary processor 0x0000030203 [0x410fd082]
[    1.175589] Detected PIPT I-cache on CPU28
[    1.175611] GICv3: CPU28: found redistributor 30300 region 28:0x000000006d400000
[    1.175619] GICv3: CPU28: using allocated LPI pending table @0x0000001041960000
[    1.175801] arch_timer: CPU28: Trapping CNTVCT access
[    1.175806] CPU28: Booted secondary processor 0x0000030300 [0x410fd082]
[    1.178241] Detected PIPT I-cache on CPU29
[    1.178256] GICv3: CPU29: found redistributor 30301 region 29:0x000000006d440000
[    1.178263] GICv3: CPU29: using allocated LPI pending table @0x0000001041970000
[    1.178441] arch_timer: CPU29: Trapping CNTVCT access
[    1.178444] CPU29: Booted secondary processor 0x0000030301 [0x410fd082]
[    1.180849] Detected PIPT I-cache on CPU30
[    1.180864] GICv3: CPU30: found redistributor 30302 region 30:0x000000006d480000
[    1.180871] GICv3: CPU30: using allocated LPI pending table @0x0000001041980000
[    1.181049] arch_timer: CPU30: Trapping CNTVCT access
[    1.181052] CPU30: Booted secondary processor 0x0000030302 [0x410fd082]
[    1.273936] Detected PIPT I-cache on CPU31
[    1.273952] GICv3: CPU31: found redistributor 30303 region 31:0x000000006d4c0000
[    1.273958] GICv3: CPU31: using allocated LPI pending table @0x0000001041990000
[    1.274136] arch_timer: CPU31: Trapping CNTVCT access
[    1.274139] CPU31: Booted secondary processor 0x0000030303 [0x410fd082]
[    1.276727] Detected PIPT I-cache on CPU32
[    1.276786] GICv3: CPU32: found redistributor 50000 region 32:0x000004004d100000
[    1.276804] GICv3: CPU32: using allocated LPI pending table @0x00000010419a0000
[    1.276984] arch_timer: CPU32: Trapping CNTVCT access
[    1.276994] CPU32: Booted secondary processor 0x0000050000 [0x410fd082]
[    1.279842] Detected PIPT I-cache on CPU33
[    1.279874] GICv3: CPU33: found redistributor 50001 region 33:0x000004004d140000
[    1.279884] GICv3: CPU33: using allocated LPI pending table @0x00000010419b0000
[    1.280022] arch_timer: CPU33: Trapping CNTVCT access
[    1.280025] CPU33: Booted secondary processor 0x0000050001 [0x410fd082]
[    1.372474] Detected PIPT I-cache on CPU34
[    1.372508] GICv3: CPU34: found redistributor 50002 region 34:0x000004004d180000
[    1.372518] GICv3: CPU34: using allocated LPI pending table @0x00000010419c0000
[    1.372656] arch_timer: CPU34: Trapping CNTVCT access
[    1.372659] CPU34: Booted secondary processor 0x0000050002 [0x410fd082]
[    1.375262] Detected PIPT I-cache on CPU35
[    1.375294] GICv3: CPU35: found redistributor 50003 region 35:0x000004004d1c0000
[    1.375304] GICv3: CPU35: using allocated LPI pending table @0x00000010419d0000
[    1.375442] arch_timer: CPU35: Trapping CNTVCT access
[    1.375445] CPU35: Booted secondary processor 0x0000050003 [0x410fd082]
[    1.378038] Detected PIPT I-cache on CPU36
[    1.378073] GICv3: CPU36: found redistributor 50100 region 36:0x000004004d200000
[    1.378083] GICv3: CPU36: using allocated LPI pending table @0x00000010419e0000
[    1.378224] arch_timer: CPU36: Trapping CNTVCT access
[    1.378228] CPU36: Booted secondary processor 0x0000050100 [0x410fd082]
[    1.471017] Detected PIPT I-cache on CPU37
[    1.471051] GICv3: CPU37: found redistributor 50101 region 37:0x000004004d240000
[    1.471062] GICv3: CPU37: using allocated LPI pending table @0x00000010419f0000
[    1.471199] arch_timer: CPU37: Trapping CNTVCT access
[    1.471202] CPU37: Booted secondary processor 0x0000050101 [0x410fd082]
[    1.473802] Detected PIPT I-cache on CPU38
[    1.473835] GICv3: CPU38: found redistributor 50102 region 38:0x000004004d280000
[    1.473845] GICv3: CPU38: using allocated LPI pending table @0x0000001041a00000
[    1.473983] arch_timer: CPU38: Trapping CNTVCT access
[    1.473986] CPU38: Booted secondary processor 0x0000050102 [0x410fd082]
[    1.476583] Detected PIPT I-cache on CPU39
[    1.476616] GICv3: CPU39: found redistributor 50103 region 39:0x000004004d2c0000
[    1.476626] GICv3: CPU39: using allocated LPI pending table @0x0000001041a10000
[    1.476764] arch_timer: CPU39: Trapping CNTVCT access
[    1.476767] CPU39: Booted secondary processor 0x0000050103 [0x410fd082]
[    1.569605] Detected PIPT I-cache on CPU40
[    1.569643] GICv3: CPU40: found redistributor 50200 region 40:0x000004004d300000
[    1.569654] GICv3: CPU40: using allocated LPI pending table @0x0000001041a20000
[    1.569792] arch_timer: CPU40: Trapping CNTVCT access
[    1.569796] CPU40: Booted secondary processor 0x0000050200 [0x410fd082]
[    1.572418] Detected PIPT I-cache on CPU41
[    1.572452] GICv3: CPU41: found redistributor 50201 region 41:0x000004004d340000
[    1.572462] GICv3: CPU41: using allocated LPI pending table @0x0000001041a30000
[    1.572600] arch_timer: CPU41: Trapping CNTVCT access
[    1.572603] CPU41: Booted secondary processor 0x0000050201 [0x410fd082]
[    1.575196] Detected PIPT I-cache on CPU42
[    1.575230] GICv3: CPU42: found redistributor 50202 region 42:0x000004004d380000
[    1.575241] GICv3: CPU42: using allocated LPI pending table @0x0000001041a40000
[    1.575378] arch_timer: CPU42: Trapping CNTVCT access
[    1.575381] CPU42: Booted secondary processor 0x0000050202 [0x410fd082]
[    1.668223] Detected PIPT I-cache on CPU43
[    1.668258] GICv3: CPU43: found redistributor 50203 region 43:0x000004004d3c0000
[    1.668269] GICv3: CPU43: using allocated LPI pending table @0x0000001041a50000
[    1.668406] arch_timer: CPU43: Trapping CNTVCT access
[    1.668409] CPU43: Booted secondary processor 0x0000050203 [0x410fd082]
[    1.671011] Detected PIPT I-cache on CPU44
[    1.671049] GICv3: CPU44: found redistributor 50300 region 44:0x000004004d400000
[    1.671060] GICv3: CPU44: using allocated LPI pending table @0x0000001041a60000
[    1.671200] arch_timer: CPU44: Trapping CNTVCT access
[    1.671204] CPU44: Booted secondary processor 0x0000050300 [0x410fd082]
[    1.673811] Detected PIPT I-cache on CPU45
[    1.673846] GICv3: CPU45: found redistributor 50301 region 45:0x000004004d440000
[    1.673856] GICv3: CPU45: using allocated LPI pending table @0x0000001041a70000
[    1.673994] arch_timer: CPU45: Trapping CNTVCT access
[    1.673997] CPU45: Booted secondary processor 0x0000050301 [0x410fd082]
[    1.766744] Detected PIPT I-cache on CPU46
[    1.766780] GICv3: CPU46: found redistributor 50302 region 46:0x000004004d480000
[    1.766791] GICv3: CPU46: using allocated LPI pending table @0x0000001041a80000
[    1.766929] arch_timer: CPU46: Trapping CNTVCT access
[    1.766932] CPU46: Booted secondary processor 0x0000050302 [0x410fd082]
[    1.769556] Detected PIPT I-cache on CPU47
[    1.769592] GICv3: CPU47: found redistributor 50303 region 47:0x000004004d4c0000
[    1.769602] GICv3: CPU47: using allocated LPI pending table @0x0000001041a90000
[    1.769740] arch_timer: CPU47: Trapping CNTVCT access
[    1.769743] CPU47: Booted secondary processor 0x0000050303 [0x410fd082]
[    1.772389] Detected PIPT I-cache on CPU48
[    1.772433] GICv3: CPU48: found redistributor 70000 region 48:0x000004006d100000
[    1.772446] GICv3: CPU48: using allocated LPI pending table @0x0000001041aa0000
[    1.772627] arch_timer: CPU48: Trapping CNTVCT access
[    1.772631] CPU48: Booted secondary processor 0x0000070000 [0x410fd082]
[    1.865435] Detected PIPT I-cache on CPU49
[    1.865476] GICv3: CPU49: found redistributor 70001 region 49:0x000004006d140000
[    1.865487] GICv3: CPU49: using allocated LPI pending table @0x0000001041ab0000
[    1.865667] arch_timer: CPU49: Trapping CNTVCT access
[    1.865670] CPU49: Booted secondary processor 0x0000070001 [0x410fd082]
[    1.868303] Detected PIPT I-cache on CPU50
[    1.868342] GICv3: CPU50: found redistributor 70002 region 50:0x000004006d180000
[    1.868353] GICv3: CPU50: using allocated LPI pending table @0x0000001041ac0000
[    1.868532] arch_timer: CPU50: Trapping CNTVCT access
[    1.868535] CPU50: Booted secondary processor 0x0000070002 [0x410fd082]
[    1.871174] Detected PIPT I-cache on CPU51
[    1.871213] GICv3: CPU51: found redistributor 70003 region 51:0x000004006d1c0000
[    1.871225] GICv3: CPU51: using allocated LPI pending table @0x0000001041ad0000
[    1.871404] arch_timer: CPU51: Trapping CNTVCT access
[    1.871408] CPU51: Booted secondary processor 0x0000070003 [0x410fd082]
[    1.964207] Detected PIPT I-cache on CPU52
[    1.964253] GICv3: CPU52: found redistributor 70100 region 52:0x000004006d200000
[    1.964266] GICv3: CPU52: using allocated LPI pending table @0x0000001041ae0000
[    1.964449] arch_timer: CPU52: Trapping CNTVCT access
[    1.964454] CPU52: Booted secondary processor 0x0000070100 [0x410fd082]
[    1.967152] Detected PIPT I-cache on CPU53
[    1.967192] GICv3: CPU53: found redistributor 70101 region 53:0x000004006d240000
[    1.967203] GICv3: CPU53: using allocated LPI pending table @0x0000001041af0000
[    1.967383] arch_timer: CPU53: Trapping CNTVCT access
[    1.967387] CPU53: Booted secondary processor 0x0000070101 [0x410fd082]
[    1.970019] Detected PIPT I-cache on CPU54
[    1.970058] GICv3: CPU54: found redistributor 70102 region 54:0x000004006d280000
[    1.970069] GICv3: CPU54: using allocated LPI pending table @0x0000001041b00000
[    1.970248] arch_timer: CPU54: Trapping CNTVCT access
[    1.970251] CPU54: Booted secondary processor 0x0000070102 [0x410fd082]
[    2.062893] Detected PIPT I-cache on CPU55
[    2.062935] GICv3: CPU55: found redistributor 70103 region 55:0x000004006d2c0000
[    2.062946] GICv3: CPU55: using allocated LPI pending table @0x0000001041b10000
[    2.063126] arch_timer: CPU55: Trapping CNTVCT access
[    2.063129] CPU55: Booted secondary processor 0x0000070103 [0x410fd082]
[    2.065771] Detected PIPT I-cache on CPU56
[    2.065817] GICv3: CPU56: found redistributor 70200 region 56:0x000004006d300000
[    2.065831] GICv3: CPU56: using allocated LPI pending table @0x0000001041b20000
[    2.066014] arch_timer: CPU56: Trapping CNTVCT access
[    2.066018] CPU56: Booted secondary processor 0x0000070200 [0x410fd082]
[    2.068689] Detected PIPT I-cache on CPU57
[    2.068729] GICv3: CPU57: found redistributor 70201 region 57:0x000004006d340000
[    2.068741] GICv3: CPU57: using allocated LPI pending table @0x0000001041b30000
[    2.068921] arch_timer: CPU57: Trapping CNTVCT access
[    2.068924] CPU57: Booted secondary processor 0x0000070201 [0x410fd082]
[    2.161538] Detected PIPT I-cache on CPU58
[    2.161580] GICv3: CPU58: found redistributor 70202 region 58:0x000004006d380000
[    2.161592] GICv3: CPU58: using allocated LPI pending table @0x0000001041b40000
[    2.161772] arch_timer: CPU58: Trapping CNTVCT access
[    2.161775] CPU58: Booted secondary processor 0x0000070202 [0x410fd082]
[    2.164426] Detected PIPT I-cache on CPU59
[    2.164466] GICv3: CPU59: found redistributor 70203 region 59:0x000004006d3c0000
[    2.164479] GICv3: CPU59: using allocated LPI pending table @0x0000001041b50000
[    2.164659] arch_timer: CPU59: Trapping CNTVCT access
[    2.164662] CPU59: Booted secondary processor 0x0000070203 [0x410fd082]
[    2.167299] Detected PIPT I-cache on CPU60
[    2.167347] GICv3: CPU60: found redistributor 70300 region 60:0x000004006d400000
[    2.167361] GICv3: CPU60: using allocated LPI pending table @0x0000001041b60000
[    2.167545] arch_timer: CPU60: Trapping CNTVCT access
[    2.167549] CPU60: Booted secondary processor 0x0000070300 [0x410fd082]
[    2.260172] Detected PIPT I-cache on CPU61
[    2.260215] GICv3: CPU61: found redistributor 70301 region 61:0x000004006d440000
[    2.260227] GICv3: CPU61: using allocated LPI pending table @0x0000001041b70000
[    2.260407] arch_timer: CPU61: Trapping CNTVCT access
[    2.260410] CPU61: Booted secondary processor 0x0000070301 [0x410fd082]
[    2.263054] Detected PIPT I-cache on CPU62
[    2.263095] GICv3: CPU62: found redistributor 70302 region 62:0x000004006d480000
[    2.263108] GICv3: CPU62: using allocated LPI pending table @0x0000001041b80000
[    2.263288] arch_timer: CPU62: Trapping CNTVCT access
[    2.263291] CPU62: Booted secondary processor 0x0000070302 [0x410fd082]
[    2.265941] Detected PIPT I-cache on CPU63
[    2.265982] GICv3: CPU63: found redistributor 70303 region 63:0x000004006d4c0000
[    2.265994] GICv3: CPU63: using allocated LPI pending table @0x0000001041b90000
[    2.266174] arch_timer: CPU63: Trapping CNTVCT access
[    2.266177] CPU63: Booted secondary processor 0x0000070303 [0x410fd082]
[    2.356337] smp: Brought up 4 nodes, 64 CPUs
[    2.356340] SMP: Total of 64 processors activated.
[    2.356342] CPU features: detected: 32-bit EL0 Support
[    2.356344] CPU features: detected: 32-bit EL1 Support
[    2.356346] CPU features: detected: CRC32 instructions
[    2.358841] CPU: All CPU(s) started at EL2
[    2.358987] alternatives: patching kernel code
[    2.365119] devtmpfs: initialized
[    2.365619] KASLR disabled due to lack of seed
[    2.365730] clocksource: jiffies: mask: 0xffffffff max_cycles: 0xffffffff, max_idle_ns: 7645041785100000 ns
[    2.365816] futex hash table entries: 16384 (order: 8, 1048576 bytes, vmalloc)
[    2.366427] pinctrl core: initialized pinctrl subsystem
[    2.366760] SMBIOS 3.0.0 present.
[    2.366766] DMI: Huawei Taishan 2280 /D05, BIOS Hisilicon D05 IT21 Nemo 2.0 RC0 04/18/2018
[    2.367211] NET: Registered PF_NETLINK/PF_ROUTE protocol family
[    2.369160] DMA: preallocated 4096 KiB GFP_KERNEL pool for atomic allocations
[    2.370033] DMA: preallocated 4096 KiB GFP_KERNEL|GFP_DMA pool for atomic allocations
[    2.370803] DMA: preallocated 4096 KiB GFP_KERNEL|GFP_DMA32 pool for atomic allocations
[    2.370825] audit: initializing netlink subsys (disabled)
[    2.370879] audit: type=2000 audit(2.308:1): state=initialized audit_enabled=0 res=1
[    2.371210] thermal_sys: Registered thermal governor 'step_wise'
[    2.371212] thermal_sys: Registered thermal governor 'power_allocator'
[    2.371245] cpuidle: using governor menu
[    2.371412] hw-breakpoint: found 6 breakpoint and 4 watchpoint registers.
[    2.372187] ASID allocator initialised with 32768 entries
[    2.372191] HugeTLB: can optimize 4095 vmemmap pages for hugepages-1048576kB
[    2.372193] HugeTLB: can optimize 127 vmemmap pages for hugepages-32768kB
[    2.372196] HugeTLB: can optimize 7 vmemmap pages for hugepages-2048kB
[    2.372197] HugeTLB: can optimize 0 vmemmap pages for hugepages-64kB
[    2.372513] acpiphp: ACPI Hot Plug PCI Controller Driver version: 0.5
[    2.372666] Serial: AMBA PL011 UART driver
[    2.376879] HugeTLB registered 1.00 GiB page size, pre-allocated 0 pages
[    2.376883] HugeTLB registered 32.0 MiB page size, pre-allocated 0 pages
[    2.376885] HugeTLB registered 2.00 MiB page size, pre-allocated 0 pages
[    2.376887] HugeTLB registered 64.0 KiB page size, pre-allocated 0 pages
[    2.379299] ACPI: Added _OSI(Module Device)
[    2.379302] ACPI: Added _OSI(Processor Device)
[    2.379304] ACPI: Added _OSI(3.0 _SCP Extensions)
[    2.379306] ACPI: Added _OSI(Processor Aggregator Device)
[    2.379308] ACPI: Added _OSI(Linux-Dell-Video)
[    2.379310] ACPI: Added _OSI(Linux-Lenovo-NV-HDMI-Audio)
[    2.379313] ACPI: Added _OSI(Linux-HPI-Hybrid-Graphics)
[    2.381673] ACPI: 1 ACPI AML tables successfully acquired and loaded
[    2.383272] ACPI: Interpreter enabled
[    2.383273] ACPI: Using GIC for interrupt routing
[    2.383289] ACPI: MCFG table detected, 8 entries
[    2.383294] ACPI: IORT: SMMU-v3[a0040000] Mapped to Proximity domain 0
[    2.383350] ACPI: IORT: SMMU-v3[700a0040000] Mapped to Proximity domain 3
[    2.383390] ACPI: IORT: SMMU-v3[c0040000] Mapped to Proximity domain 0
[    2.383432] ACPI: IORT: SMMU-v3[8a0040000] Mapped to Proximity domain 1
[    2.383472] ACPI: IORT: SMMU-v3[600a0040000] Mapped to Proximity domain 2
[    2.415247] ACPI: PCI Root Bridge [PCI2] (domain 0002 [bus f8-ff])
[    2.415255] acpi PNP0A08:00: _OSC: OS supports [ExtendedConfig Segments MSI HPX-Type3]
[    2.415259] acpi PNP0A08:00: _OSC: not requesting OS control; OS requires [ExtendedConfig ASPM ClockPM MSI]
[    2.415332] acpi PNP0A08:00: MCFG quirk: ECAM at [mem 0xaf800000-0xafffffff] for [bus f8-ff] with hisi_pcie_ops
[    2.416317] acpi PNP0A08:00: ECAM area [mem 0xaf800000-0xafffffff] reserved by PNP0C02:00
[    2.416746] acpi PNP0A08:00: ECAM at [mem 0xaf800000-0xafffffff] for [bus f8-ff]
[    2.416777] ACPI: Remapped I/O 0x00000000af7f0000 to [io  0x0000-0xffff window]
[    2.416831] PCI host bridge to bus 0002:f8
[    2.416833] pci_bus 0002:f8: root bus resource [mem 0xa8000000-0xaf7effff window]
[    2.416836] pci_bus 0002:f8: root bus resource [io  0x0000-0xffff window]
[    2.416839] pci_bus 0002:f8: root bus resource [bus f8-ff]
[    2.416856] pci 0002:f8:00.0: [19e5:1610] type 01 class 0x060400
[    2.416860] pci_bus 0002:f8: 2-byte config write to 0002:f8:00.0 offset 0x4 may corrupt adjacent RW1C bits
[    2.416868] pci 0002:f8:00.0: reg 0x10: [mem 0x00000000-0x0000ffff]
[    2.416901] pci 0002:f8:00.0: supports D1 D2
[    2.416904] pci 0002:f8:00.0: PME# supported from D0 D1 D3hot
[    2.417019] pci 0002:f9:00.0: [9710:9912] type 00 class 0x070002
[    2.417040] pci 0002:f9:00.0: reg 0x10: [io  0x0000-0x0007]
[    2.417051] pci 0002:f9:00.0: reg 0x14: [mem 0xa8005000-0xa8005fff]
[    2.417087] pci 0002:f9:00.0: reg 0x24: [mem 0xa8004000-0xa8004fff]
[    2.417179] pci 0002:f9:00.0: PME# supported from D3hot D3cold
[    2.417301] pci 0002:f9:00.1: [9710:9912] type 00 class 0x070002
[    2.417322] pci 0002:f9:00.1: reg 0x10: [io  0x0000-0x0007]
[    2.417333] pci 0002:f9:00.1: reg 0x14: [mem 0xa8003000-0xa8003fff]
[    2.417368] pci 0002:f9:00.1: reg 0x24: [mem 0xa8002000-0xa8002fff]
[    2.417447] pci 0002:f9:00.1: PME# supported from D3hot D3cold
[    2.417542] pci 0002:f9:00.2: [9710:9912] type 00 class 0x070103
[    2.417563] pci 0002:f9:00.2: reg 0x10: [io  0x0000-0x0007]
[    2.417573] pci 0002:f9:00.2: reg 0x14: [io  0x0000-0x0007]
[    2.417583] pci 0002:f9:00.2: reg 0x18: [mem 0xa8001000-0xa8001fff]
[    2.417611] pci 0002:f9:00.2: reg 0x24: [mem 0xa8000000-0xa8000fff]
[    2.417689] pci 0002:f9:00.2: PME# supported from D3hot D3cold
[    2.417777] pci_bus 0002:f8: on NUMA node 0
[    2.417785] pci 0002:f8:00.0: BAR 14: assigned [mem 0xa8000000-0xa80fffff]
[    2.417788] pci 0002:f8:00.0: BAR 0: assigned [mem 0xa8100000-0xa810ffff]
[    2.417791] pci 0002:f8:00.0: BAR 13: assigned [io  0x1000-0x1fff]
[    2.417795] pci 0002:f9:00.0: BAR 1: assigned [mem 0xa8000000-0xa8000fff]
[    2.417801] pci 0002:f9:00.0: BAR 5: assigned [mem 0xa8001000-0xa8001fff]
[    2.417808] pci 0002:f9:00.1: BAR 1: assigned [mem 0xa8002000-0xa8002fff]
[    2.417813] pci 0002:f9:00.1: BAR 5: assigned [mem 0xa8003000-0xa8003fff]
[    2.417820] pci 0002:f9:00.2: BAR 2: assigned [mem 0xa8004000-0xa8004fff]
[    2.417825] pci 0002:f9:00.2: BAR 5: assigned [mem 0xa8005000-0xa8005fff]
[    2.417831] pci 0002:f9:00.0: BAR 0: assigned [io  0x1000-0x1007]
[    2.417837] pci 0002:f9:00.1: BAR 0: assigned [io  0x1008-0x100f]
[    2.417842] pci 0002:f9:00.2: BAR 0: assigned [io  0x1010-0x1017]
[    2.417848] pci 0002:f9:00.2: BAR 1: assigned [io  0x1018-0x101f]
[    2.417856] pci 0002:f8:00.0: PCI bridge to [bus f9]
[    2.417858] pci 0002:f8:00.0:   bridge window [io  0x1000-0x1fff]
[    2.417862] pci 0002:f8:00.0:   bridge window [mem 0xa8000000-0xa80fffff]
[    2.417866] pci_bus 0002:f8: resource 4 [mem 0xa8000000-0xaf7effff window]
[    2.417868] pci_bus 0002:f8: resource 5 [io  0x0000-0xffff window]
[    2.417870] pci_bus 0002:f9: resource 0 [io  0x1000-0x1fff]
[    2.417872] pci_bus 0002:f9: resource 1 [mem 0xa8000000-0xa80fffff]
[    2.418037] ACPI: PCI Root Bridge [PCI4] (domain 0004 [bus 88-8f])
[    2.418043] acpi PNP0A08:01: _OSC: OS supports [ExtendedConfig Segments MSI HPX-Type3]
[    2.418046] acpi PNP0A08:01: _OSC: not requesting OS control; OS requires [ExtendedConfig ASPM ClockPM MSI]
[    2.418115] acpi PNP0A08:01: MCFG quirk: ECAM at [mem 0x8a8800000-0x8a8ffffff] for [bus 88-8f] with hisi_pcie_ops
[    2.419387] acpi PNP0A08:01: ECAM area [mem 0x8a8800000-0x8a8ffffff] reserved by PNP0C02:01
[    2.419848] acpi PNP0A08:01: ECAM at [mem 0x8a8800000-0x8a8ffffff] for [bus 88-8f]
[    2.419875] ACPI: Remapped I/O 0x00000008abff0000 to [io  0x10000-0x1ffff window]
[    2.419918] PCI host bridge to bus 0004:88
[    2.419921] pci_bus 0004:88: root bus resource [mem 0x8a9000000-0x8abfeffff window] (bus address [0xa9000000-0xabfeffff])
[    2.419925] pci_bus 0004:88: root bus resource [io  0x10000-0x1ffff window] (bus address [0x0000-0xffff])
[    2.419928] pci_bus 0004:88: root bus resource [bus 88-8f]
[    2.419941] pci 0004:88:00.0: [19e5:1610] type 01 class 0x060400
[    2.419945] pci_bus 0004:88: 2-byte config write to 0004:88:00.0 offset 0x4 may corrupt adjacent RW1C bits
[    2.419953] pci 0004:88:00.0: reg 0x10: [mem 0x00000000-0x0000ffff]
[    2.419984] pci 0004:88:00.0: supports D1 D2
[    2.419986] pci 0004:88:00.0: PME# supported from D0 D1 D3hot
[    2.471279] pci_bus 0004:88: on NUMA node 1
[    2.471283] pci 0004:88:00.0: BAR 0: assigned [mem 0x8a9000000-0x8a900ffff]
[    2.471287] pci 0004:88:00.0: PCI bridge to [bus 89]
[    2.471292] pci_bus 0004:88: resource 4 [mem 0x8a9000000-0x8abfeffff window]
[    2.471295] pci_bus 0004:88: resource 5 [io  0x10000-0x1ffff window]
[    2.471459] ACPI: PCI Root Bridge [PCI5] (domain 0005 [bus 78-7f])
[    2.471464] acpi PNP0A08:02: _OSC: OS supports [ExtendedConfig Segments MSI HPX-Type3]
[    2.471467] acpi PNP0A08:02: _OSC: not requesting OS control; OS requires [ExtendedConfig ASPM ClockPM MSI]
[    2.471536] acpi PNP0A08:02: MCFG quirk: ECAM at [mem 0x8b7800000-0x8b7ffffff] for [bus 78-7f] with hisi_pcie_ops
[    2.472786] acpi PNP0A08:02: ECAM area [mem 0x8b7800000-0x8b7ffffff] reserved by PNP0C02:01
[    2.473286] acpi PNP0A08:02: ECAM at [mem 0x8b7800000-0x8b7ffffff] for [bus 78-7f]
[    2.473315] ACPI: Remapped I/O 0x00000008b77f0000 to [io  0x20000-0x2ffff window]
[    2.473357] PCI host bridge to bus 0005:78
[    2.473359] pci_bus 0005:78: root bus resource [mem 0x8b0000000-0x8b77effff window] (bus address [0xb0000000-0xb77effff])
[    2.473363] pci_bus 0005:78: root bus resource [io  0x20000-0x2ffff window] (bus address [0x0000-0xffff])
[    2.473366] pci_bus 0005:78: root bus resource [bus 78-7f]
[    2.473379] pci 0005:78:00.0: [19e5:1610] type 01 class 0x060400
[    2.473383] pci_bus 0005:78: 2-byte config write to 0005:78:00.0 offset 0x4 may corrupt adjacent RW1C bits
[    2.473390] pci 0005:78:00.0: reg 0x10: [mem 0x00000000-0x00000fff]
[    2.473398] pci 0005:78:00.0: reg 0x38: [mem 0xfffe0000-0xffffffff pref]
[    2.473426] pci 0005:78:00.0: supports D1 D2
[    2.473428] pci 0005:78:00.0: PME# supported from D0 D1 D3hot
[    2.524721] pci_bus 0005:78: on NUMA node 1
[    2.524725] pci 0005:78:00.0: BAR 6: assigned [mem 0x8b0000000-0x8b001ffff pref]
[    2.524728] pci 0005:78:00.0: BAR 0: assigned [mem 0x8b0020000-0x8b0020fff]
[    2.524732] pci 0005:78:00.0: PCI bridge to [bus 79]
[    2.524737] pci_bus 0005:78: resource 4 [mem 0x8b0000000-0x8b77effff window]
[    2.524740] pci_bus 0005:78: resource 5 [io  0x20000-0x2ffff window]
[    2.524902] ACPI: PCI Root Bridge [PCI6] (domain 0006 [bus c0-c7])
[    2.524907] acpi PNP0A08:03: _OSC: OS supports [ExtendedConfig Segments MSI HPX-Type3]
[    2.524910] acpi PNP0A08:03: _OSC: not requesting OS control; OS requires [ExtendedConfig ASPM ClockPM MSI]
[    2.524978] acpi PNP0A08:03: MCFG quirk: ECAM at [mem 0x8ac000000-0x8ac7fffff] for [bus c0-c7] with hisi_pcie_ops
[    2.526231] acpi PNP0A08:03: ECAM area [mem 0x8ac000000-0x8ac7fffff] reserved by PNP0C02:01
[    2.526764] acpi PNP0A08:03: ECAM at [mem 0x8ac000000-0x8ac7fffff] for [bus c0-c7]
[    2.526792] ACPI: Remapped I/O 0x00000008afff0000 to [io  0x30000-0x3ffff window]
[    2.526834] PCI host bridge to bus 0006:c0
[    2.526837] pci_bus 0006:c0: root bus resource [mem 0x8ac900000-0x8affeffff window] (bus address [0xac900000-0xaffeffff])
[    2.526840] pci_bus 0006:c0: root bus resource [io  0x30000-0x3ffff window] (bus address [0x0000-0xffff])
[    2.526842] pci_bus 0006:c0: root bus resource [bus c0-c7]
[    2.526856] pci 0006:c0:00.0: [19e5:1610] type 01 class 0x060400
[    2.526859] pci_bus 0006:c0: 2-byte config write to 0006:c0:00.0 offset 0x4 may corrupt adjacent RW1C bits
[    2.526868] pci 0006:c0:00.0: reg 0x10: [mem 0x00000000-0x0000ffff]
[    2.526899] pci 0006:c0:00.0: supports D1 D2
[    2.526900] pci 0006:c0:00.0: PME# supported from D0 D1 D3hot
[    2.578206] pci_bus 0006:c0: on NUMA node 1
[    2.578210] pci 0006:c0:00.0: BAR 0: assigned [mem 0x8ac900000-0x8ac90ffff]
[    2.578213] pci 0006:c0:00.0: PCI bridge to [bus c1]
[    2.578219] pci_bus 0006:c0: resource 4 [mem 0x8ac900000-0x8affeffff window]
[    2.578221] pci_bus 0006:c0: resource 5 [io  0x30000-0x3ffff window]
[    2.578391] ACPI: PCI Root Bridge [PCI7] (domain 0007 [bus 90-97])
[    2.578396] acpi PNP0A08:04: _OSC: OS supports [ExtendedConfig Segments MSI HPX-Type3]
[    2.578399] acpi PNP0A08:04: _OSC: not requesting OS control; OS requires [ExtendedConfig ASPM ClockPM MSI]
[    2.578467] acpi PNP0A08:04: MCFG quirk: ECAM at [mem 0x8b9000000-0x8b97fffff] for [bus 90-97] with hisi_pcie_ops
[    2.579720] acpi PNP0A08:04: ECAM area [mem 0x8b9000000-0x8b97fffff] reserved by PNP0C02:01
[    2.580292] acpi PNP0A08:04: ECAM at [mem 0x8b9000000-0x8b97fffff] for [bus 90-97]
[    2.580320] ACPI: Remapped I/O 0x00000008bfff0000 to [io  0x40000-0x4ffff window]
[    2.580363] PCI host bridge to bus 0007:90
[    2.580366] pci_bus 0007:90: root bus resource [mem 0x8b9800000-0x8bffeffff window] (bus address [0xb9800000-0xbffeffff])
[    2.580369] pci_bus 0007:90: root bus resource [io  0x40000-0x4ffff window] (bus address [0x0000-0xffff])
[    2.580372] pci_bus 0007:90: root bus resource [bus 90-97]
[    2.580385] pci 0007:90:00.0: [19e5:1610] type 01 class 0x060400
[    2.580388] pci_bus 0007:90: 2-byte config write to 0007:90:00.0 offset 0x4 may corrupt adjacent RW1C bits
[    2.580422] pci 0007:90:00.0: supports D1 D2
[    2.580424] pci 0007:90:00.0: PME# supported from D0 D1 D3hot
[    2.580521] pci 0007:91:00.0: [19e5:1711] type 00 class 0x030000
[    2.580542] pci 0007:91:00.0: reg 0x10: [mem 0x8ba000000-0x8bbffffff pref]
[    2.580554] pci 0007:91:00.0: reg 0x14: [mem 0x8b9800000-0x8b99fffff]
[    2.580661] pci 0007:91:00.0: supports D1
[    2.580662] pci 0007:91:00.0: PME# supported from D0 D1 D3hot
[    2.580742] pci_bus 0007:90: on NUMA node 1
[    2.580746] pci 0007:90:00.0: BAR 14: assigned [mem 0x8ba000000-0x8bcffffff]
[    2.580749] pci 0007:91:00.0: BAR 0: assigned [mem 0x8ba000000-0x8bbffffff pref]
[    2.580754] pci 0007:91:00.0: BAR 1: assigned [mem 0x8bc000000-0x8bc1fffff]
[    2.580759] pci 0007:90:00.0: PCI bridge to [bus 91]
[    2.580763] pci 0007:90:00.0:   bridge window [mem 0x8ba000000-0x8bcffffff]
[    2.580767] pci_bus 0007:90: resource 4 [mem 0x8b9800000-0x8bffeffff window]
[    2.580769] pci_bus 0007:90: resource 5 [io  0x40000-0x4ffff window]
[    2.580771] pci_bus 0007:91: resource 1 [mem 0x8ba000000-0x8bcffffff]
[    2.580943] ACPI: PCI Root Bridge [PCIA] (domain 000a [bus 10-1f])
[    2.580948] acpi PNP0A08:05: _OSC: OS supports [ExtendedConfig Segments MSI HPX-Type3]
[    2.580951] acpi PNP0A08:05: _OSC: not requesting OS control; OS requires [ExtendedConfig ASPM ClockPM MSI]
[    2.581021] acpi PNP0A08:05: MCFG quirk: ECAM at [mem 0x64001000000-0x64001ffffff] for [bus 10-1f] with hisi_pcie_ops
[    2.582324] acpi PNP0A08:05: ECAM area [mem 0x64001000000-0x64001ffffff] reserved by PNP0C02:02
[    2.582927] acpi PNP0A08:05: ECAM at [mem 0x64001000000-0x64001ffffff] for [bus 10-1f]
[    2.582955] ACPI: Remapped I/O 0x0000067fffff0000 to [io  0x50000-0x5ffff window]
[    2.582997] PCI host bridge to bus 000a:10
[    2.583000] pci_bus 000a:10: root bus resource [mem 0x65040000000-0x650efffffff window] (bus address [0x40000000-0xefffffff])
[    2.583003] pci_bus 000a:10: root bus resource [io  0x50000-0x5ffff window] (bus address [0x0000-0xffff])
[    2.583006] pci_bus 000a:10: root bus resource [bus 10-1f]
[    2.583021] pci 000a:10:00.0: [19e5:1610] type 01 class 0x060400
[    2.583024] pci_bus 000a:10: 2-byte config write to 000a:10:00.0 offset 0x4 may corrupt adjacent RW1C bits
[    2.583033] pci 000a:10:00.0: reg 0x10: [mem 0x00000000-0x0000ffff]
[    2.583071] pci 000a:10:00.0: supports D1 D2
[    2.583073] pci 000a:10:00.0: PME# supported from D0 D1 D3hot
[    2.634370] pci_bus 000a:10: on NUMA node 2
[    2.634373] pci 000a:10:00.0: BAR 0: assigned [mem 0x65040000000-0x6504000ffff]
[    2.634377] pci 000a:10:00.0: PCI bridge to [bus 11]
[    2.634384] pci_bus 000a:10: resource 4 [mem 0x65040000000-0x650efffffff window]
[    2.634386] pci_bus 000a:10: resource 5 [io  0x50000-0x5ffff window]
[    2.634542] ACPI: PCI Root Bridge [PCIC] (domain 000c [bus 20-2f])
[    2.634547] acpi PNP0A08:06: _OSC: OS supports [ExtendedConfig Segments MSI HPX-Type3]
[    2.634550] acpi PNP0A08:06: _OSC: not requesting OS control; OS requires [ExtendedConfig ASPM ClockPM MSI]
[    2.634618] acpi PNP0A08:06: MCFG quirk: ECAM at [mem 0x74002000000-0x74002ffffff] for [bus 20-2f] with hisi_pcie_ops
[    2.636072] acpi PNP0A08:06: ECAM area [mem 0x74002000000-0x74002ffffff] reserved by PNP0C02:03
[    2.636712] acpi PNP0A08:06: ECAM at [mem 0x74002000000-0x74002ffffff] for [bus 20-2f]
[    2.636740] ACPI: Remapped I/O 0x0000077fffff0000 to [io  0x60000-0x6ffff window]
[    2.636783] PCI host bridge to bus 000c:20
[    2.636785] pci_bus 000c:20: root bus resource [mem 0x75040000000-0x750efffffff window] (bus address [0x40000000-0xefffffff])
[    2.636789] pci_bus 000c:20: root bus resource [io  0x60000-0x6ffff window] (bus address [0x0000-0xffff])
[    2.636791] pci_bus 000c:20: root bus resource [bus 20-2f]
[    2.636807] pci 000c:20:00.0: [19e5:1610] type 01 class 0x060400
[    2.636810] pci_bus 000c:20: 2-byte config write to 000c:20:00.0 offset 0x4 may corrupt adjacent RW1C bits
[    2.636821] pci 000c:20:00.0: reg 0x10: [mem 0x00000000-0x0000ffff]
[    2.636866] pci 000c:20:00.0: supports D1 D2
[    2.636867] pci 000c:20:00.0: PME# supported from D0 D1 D3hot
[    2.688172] pci_bus 000c:20: on NUMA node 3
[    2.688176] pci 000c:20:00.0: BAR 0: assigned [mem 0x75040000000-0x7504000ffff]
[    2.688181] pci 000c:20:00.0: PCI bridge to [bus 21]
[    2.688188] pci_bus 000c:20: resource 4 [mem 0x75040000000-0x750efffffff window]
[    2.688191] pci_bus 000c:20: resource 5 [io  0x60000-0x6ffff window]
[    2.688353] ACPI: PCI Root Bridge [PCID] (domain 000d [bus 30-3f])
[    2.688359] acpi PNP0A08:07: _OSC: OS supports [ExtendedConfig Segments MSI HPX-Type3]
[    2.688362] acpi PNP0A08:07: _OSC: not requesting OS control; OS requires [ExtendedConfig ASPM ClockPM MSI]
[    2.688431] acpi PNP0A08:07: MCFG quirk: ECAM at [mem 0x78003000000-0x78003ffffff] for [bus 30-3f] with hisi_pcie_ops
[    2.689884] acpi PNP0A08:07: ECAM area [mem 0x78003000000-0x78003ffffff] reserved by PNP0C02:03
[    2.690563] acpi PNP0A08:07: ECAM at [mem 0x78003000000-0x78003ffffff] for [bus 30-3f]
[    2.690590] ACPI: Remapped I/O 0x000007bfffff0000 to [io  0x70000-0x7ffff window]
[    2.690633] PCI host bridge to bus 000d:30
[    2.690635] pci_bus 000d:30: root bus resource [mem 0x79040000000-0x790efffffff window] (bus address [0x40000000-0xefffffff])
[    2.690639] pci_bus 000d:30: root bus resource [io  0x70000-0x7ffff window] (bus address [0x0000-0xffff])
[    2.690642] pci_bus 000d:30: root bus resource [bus 30-3f]
[    2.690658] pci 000d:30:00.0: [19e5:1610] type 01 class 0x060400
[    2.690661] pci_bus 000d:30: 2-byte config write to 000d:30:00.0 offset 0x4 may corrupt adjacent RW1C bits
[    2.690671] pci 000d:30:00.0: reg 0x10: [mem 0x00000000-0x00000fff]
[    2.690683] pci 000d:30:00.0: reg 0x38: [mem 0xfffe0000-0xffffffff pref]
[    2.690722] pci 000d:30:00.0: supports D1 D2
[    2.690724] pci 000d:30:00.0: PME# supported from D0 D1 D3hot
[    2.742028] pci_bus 000d:30: on NUMA node 3
[    2.742032] pci 000d:30:00.0: BAR 6: assigned [mem 0x79040000000-0x7904001ffff pref]
[    2.742035] pci 000d:30:00.0: BAR 0: assigned [mem 0x79040020000-0x79040020fff]
[    2.742039] pci 000d:30:00.0: PCI bridge to [bus 31]
[    2.742047] pci_bus 000d:30: resource 4 [mem 0x79040000000-0x790efffffff window]
[    2.742049] pci_bus 000d:30: resource 5 [io  0x70000-0x7ffff window]
[    2.743821] iommu: Default domain type: Translated 
[    2.743823] iommu: DMA domain TLB invalidation policy: lazy mode (set via kernel command line)
[    2.743962] SCSI subsystem initialized
[    2.744028] libata version 3.00 loaded.
[    2.744073] ACPI: bus type USB registered
[    2.744103] usbcore: registered new interface driver usbfs
[    2.744114] usbcore: registered new interface driver hub
[    2.744141] usbcore: registered new device driver usb
[    2.758151] pps_core: LinuxPPS API ver. 1 registered
[    2.758153] pps_core: Software ver. 5.3.6 - Copyright 2005-2007 Rodolfo Giometti <giometti@linux.it>
[    2.758158] PTP clock support registered
[    2.758188] EDAC MC: Ver: 3.0.0
[    2.758408] Registered efivars operations
[    2.759502] FPGA manager framework
[    2.759525] Advanced Linux Sound Architecture Driver Initialized.
[    2.759780] pci 0007:91:00.0: vgaarb: setting as boot VGA device
[    2.759782] pci 0007:91:00.0: vgaarb: bridge control possible
[    2.759783] pci 0007:91:00.0: vgaarb: VGA device added: decodes=io+mem,owns=none,locks=none
[    2.759787] vgaarb: loaded
[    2.760096] clocksource: Switched to clocksource arch_sys_counter
[    2.760192] VFS: Disk quotas dquot_6.6.0
[    2.760214] VFS: Dquot-cache hash table entries: 512 (order 0, 4096 bytes)
[    2.760303] pnp: PnP ACPI init
[    2.760971] system 00:01: [mem 0xa00a0000-0xa00affff] has been reserved
[    2.761033] system 00:02: [mem 0xaf800000-0xafffffff] could not be reserved
[    2.761146] system 00:03: [mem 0x8a0090000-0x8a009ffff] has been reserved
[    2.761247] system 00:04: [mem 0x8a0200000-0x8a020ffff] has been reserved
[    2.761347] system 00:05: [mem 0x8a00a0000-0x8a00affff] has been reserved
[    2.761448] system 00:06: [mem 0x8a00b0000-0x8a00bffff] has been reserved
[    2.761529] system 00:07: [mem 0x8a8800000-0x8a8ffffff] could not be reserved
[    2.761532] system 00:07: [mem 0x8b7800000-0x8b7ffffff] could not be reserved
[    2.761535] system 00:07: [mem 0x8ac000000-0x8ac7fffff] could not be reserved
[    2.761538] system 00:07: [mem 0x8b9000000-0x8b97fffff] could not be reserved
[    2.761605] system 00:08: [mem 0x600a00a0000-0x600a00affff] has been reserved
[    2.761666] system 00:09: [mem 0x64001000000-0x64001ffffff] could not be reserved
[    2.761765] system 00:0a: [mem 0x700a0090000-0x700a009ffff] has been reserved
[    2.761867] system 00:0b: [mem 0x700a0200000-0x700a020ffff] has been reserved
[    2.761944] system 00:0c: [mem 0x74002000000-0x74002ffffff] could not be reserved
[    2.761948] system 00:0c: [mem 0x78003000000-0x78003ffffff] could not be reserved
[    2.762085] pnp: PnP ACPI: found 13 devices
[    2.764383] NET: Registered PF_INET protocol family
[    2.765164] IP idents hash table entries: 262144 (order: 9, 2097152 bytes, vmalloc)
[    2.769436] tcp_listen_portaddr_hash hash table entries: 32768 (order: 7, 524288 bytes, vmalloc)
[    2.769619] Table-perturb hash table entries: 65536 (order: 6, 262144 bytes, vmalloc)
[    2.769937] TCP established hash table entries: 524288 (order: 10, 4194304 bytes, vmalloc)
[    2.770945] TCP bind hash table entries: 65536 (order: 8, 1048576 bytes, vmalloc)
[    2.771222] TCP: Hash tables configured (established 524288 bind 65536)
[    2.771416] UDP hash table entries: 32768 (order: 8, 1048576 bytes, vmalloc)
[    2.771711] UDP-Lite hash table entries: 32768 (order: 8, 1048576 bytes, vmalloc)
[    2.772108] NET: Registered PF_UNIX/PF_LOCAL protocol family
[    2.772259] RPC: Registered named UNIX socket transport module.
[    2.772261] RPC: Registered udp transport module.
[    2.772262] RPC: Registered tcp transport module.
[    2.772264] RPC: Registered tcp NFSv4.1 backchannel transport module.
[    2.772293] PCI: CLS 0 bytes, default 64
[    2.775154] hw perfevents: enabled with armv8_pmuv3_0 PMU driver, 7 counters available
[    2.775215] kvm [1]: IPA Size Limit: 44 bits
[    2.776362] kvm [1]: GICv4 support disabled
[    2.776366] kvm [1]: vgic-v2@fe020000
[    2.776391] kvm [1]: GIC system register CPU interface enabled
[    2.777271] kvm [1]: vgic interrupt IRQ9
[    2.778083] kvm [1]: Hyp mode initialized successfully
[    2.779764] Initialise system trusted keyrings
[    2.779877] workingset: timestamp_bits=42 max_order=24 bucket_order=0
[    2.782298] squashfs: version 4.0 (2009/01/31) Phillip Lougher
[    2.782566] NFS: Registering the id_resolver key type
[    2.782580] Key type id_resolver registered
[    2.782582] Key type id_legacy registered
[    2.782621] nfs4filelayout_init: NFSv4 File Layout Driver Registering...
[    2.782623] nfs4flexfilelayout_init: NFSv4 Flexfile Layout Driver Registering...
[    2.782668] 9p: Installing v9fs 9p2000 file system support
[    2.799071] Key type asymmetric registered
[    2.799073] Asymmetric key parser 'x509' registered
[    2.799088] Block layer SCSI generic (bsg) driver version 0.4 loaded (major 245)
[    2.799091] io scheduler mq-deadline registered
[    2.799092] io scheduler kyber registered
[    2.801291] hisi-lpc HISI0191:00: registered range [0x0000000000ffbfff - 0x0000000000ffffff]
[    2.802997] pcieport 0006:c0:00.0: can't derive routing for PCI INT A
[    2.803000] pcieport 0006:c0:00.0: PCI INT A: no GSI
[    2.803105] pcieport 0007:90:00.0: can't derive routing for PCI INT A
[    2.803107] pcieport 0007:90:00.0: PCI INT A: no GSI
[    2.803876] input: Power Button as /devices/LNXSYSTM:00/LNXSYBUS:00/PNP0C0C:00/input/input0
[    2.803903] ACPI: button: Power Button [PWRB]
[    2.804896] EINJ: EINJ table not found.
[    2.809654] Serial: 8250/16550 driver, 4 ports, IRQ sharing enabled
[    2.830834] serial8250.6.auto: ttyS1 at I/O 0xffc2f7 (irq = 0, base_baud = 115200) is a 16550A
[    2.831371] SuperH (H)SCI(F) driver initialized
[    2.831467] msm_serial: driver initialized
[    2.831714] arm-smmu-v3 arm-smmu-v3.0.auto: option mask 0x1
[    2.831725] arm-smmu-v3 arm-smmu-v3.0.auto: ias 44-bit, oas 44-bit (features 0x00000f0d)
[    2.831957] arm-smmu-v3 arm-smmu-v3.0.auto: allocated 65536 entries for cmdq
[    2.832127] arm-smmu-v3 arm-smmu-v3.0.auto: allocated 32768 entries for evtq
[    2.833371] arm-smmu-v3 arm-smmu-v3.0.auto: no evtq irq - events will not be reported!
[    2.833374] arm-smmu-v3 arm-smmu-v3.0.auto: no gerr irq - errors will not be reported!
[    2.833458] arm-smmu-v3 arm-smmu-v3.1.auto: option mask 0x1
[    2.833476] arm-smmu-v3 arm-smmu-v3.1.auto: ias 44-bit, oas 44-bit (features 0x00000f0d)
[    2.833644] arm-smmu-v3 arm-smmu-v3.1.auto: allocated 65536 entries for cmdq
[    2.833844] arm-smmu-v3 arm-smmu-v3.1.auto: allocated 32768 entries for evtq
[    2.836041] arm-smmu-v3 arm-smmu-v3.1.auto: no evtq irq - events will not be reported!
[    2.836043] arm-smmu-v3 arm-smmu-v3.1.auto: no gerr irq - errors will not be reported!
[    2.836093] arm-smmu-v3 arm-smmu-v3.2.auto: option mask 0x1
[    2.836105] arm-smmu-v3 arm-smmu-v3.2.auto: ias 44-bit, oas 44-bit (features 0x00000f0d)
[    2.836352] arm-smmu-v3 arm-smmu-v3.2.auto: allocated 65536 entries for cmdq
[    2.836503] arm-smmu-v3 arm-smmu-v3.2.auto: allocated 32768 entries for evtq
[    2.837731] arm-smmu-v3 arm-smmu-v3.2.auto: no evtq irq - events will not be reported!
[    2.837734] arm-smmu-v3 arm-smmu-v3.2.auto: no gerr irq - errors will not be reported!
[    2.837781] arm-smmu-v3 arm-smmu-v3.3.auto: option mask 0x1
[    2.837794] arm-smmu-v3 arm-smmu-v3.3.auto: ias 44-bit, oas 44-bit (features 0x00000f0d)
[    2.837971] arm-smmu-v3 arm-smmu-v3.3.auto: allocated 65536 entries for cmdq
[    2.838167] arm-smmu-v3 arm-smmu-v3.3.auto: allocated 32768 entries for evtq
[    2.839330] arm-smmu-v3 arm-smmu-v3.3.auto: no evtq irq - events will not be reported!
[    2.839333] arm-smmu-v3 arm-smmu-v3.3.auto: no gerr irq - errors will not be reported!
[    2.839386] arm-smmu-v3 arm-smmu-v3.4.auto: option mask 0x1
[    2.839404] arm-smmu-v3 arm-smmu-v3.4.auto: ias 44-bit, oas 44-bit (features 0x00000f0d)
[    2.839621] arm-smmu-v3 arm-smmu-v3.4.auto: allocated 65536 entries for cmdq
[    2.839777] arm-smmu-v3 arm-smmu-v3.4.auto: allocated 32768 entries for evtq
[    2.841992] arm-smmu-v3 arm-smmu-v3.4.auto: no evtq irq - events will not be reported!
[    2.841994] arm-smmu-v3 arm-smmu-v3.4.auto: no gerr irq - errors will not be reported!
[    2.855385] loop: module loaded
[    2.855711] megasas: 07.719.03.00-rc1
[    2.855857] ACPI: IORT: [Firmware Bug]: Named component missing memory address limit
[    2.856006] hisi_sas_v2_hw HISI0162:01: Adding to iommu group 0
[    2.876937] scsi host0: hisi_sas_v2_hw
[    3.495537] hisi_sas_v2_hw HISI0162:01: phyup: phy0 link_rate=11
[    3.495546] hisi_sas_v2_hw HISI0162:01: phyup: phy1 link_rate=11
[    3.495645] sas: phy-0:0 added to port-0:0, phy_mask:0x1 (500e004aaaaaaa1f)
[    3.495664] sas: DOING DISCOVERY on port 0, pid:455
[    3.495957] hisi_sas_v2_hw HISI0162:01: dev[0:2] found
[    3.496493] sas: ex 500e004aaaaaaa1f phy00:U:0 attached: 0000000000000000 (no device)
[    3.496597] sas: ex 500e004aaaaaaa1f phy01:U:B attached: 5001e82002865f0e (ssp)
[    3.496691] sas: ex 500e004aaaaaaa1f phy02:U:A attached: 500e004aaaaaaa02 (stp)
[    3.496788] sas: ex 500e004aaaaaaa1f phy03:U:0 attached: 0000000000000000 (no device)
[    3.496884] sas: ex 500e004aaaaaaa1f phy04:U:B attached: 5001e8200287321e (ssp)
[    3.496987] sas: ex 500e004aaaaaaa1f phy05:U:B attached: 5000cca05b01d9c9 (ssp)
[    3.497084] sas: ex 500e004aaaaaaa1f phy06:U:0 attached: 0000000000000000 (no device)
[    3.497179] sas: ex 500e004aaaaaaa1f phy07:U:B attached: 5001e820028580ae (ssp)
[    3.497276] sas: ex 500e004aaaaaaa1f phy08:U:B attached: 5001e82002858496 (ssp)
[    3.497371] sas: ex 500e004aaaaaaa1f phy09:U:0 attached: 0000000000000000 (no device)
[    3.497468] sas: ex 500e004aaaaaaa1f phy10:U:B attached: 5001e82002862816 (ssp)
[    3.497566] sas: ex 500e004aaaaaaa1f phy11:U:B attached: 5001e8200285850a (ssp)
[    3.497662] sas: ex 500e004aaaaaaa1f phy12:U:0 attached: 0000000000000000 (no device)
[    3.497758] sas: ex 500e004aaaaaaa1f phy13:U:0 attached: 0000000000000000 (no device)
[    3.497853] sas: ex 500e004aaaaaaa1f phy14:U:0 attached: 0000000000000000 (no device)
[    3.497954] sas: ex 500e004aaaaaaa1f phy15:U:0 attached: 0000000000000000 (no device)
[    3.498063] sas: ex 500e004aaaaaaa1f phy16:U:0 attached: 0000000000000000 (no device)
[    3.498156] sas: ex 500e004aaaaaaa1f phy17:U:0 attached: 0000000000000000 (no device)
[    3.498251] sas: ex 500e004aaaaaaa1f phy18:U:0 attached: 0000000000000000 (no device)
[    3.498358] sas: ex 500e004aaaaaaa1f phy19:U:0 attached: 0000000000000000 (no device)
[    3.498450] sas: ex 500e004aaaaaaa1f phy20:U:0 attached: 0000000000000000 (no device)
[    3.498547] sas: ex 500e004aaaaaaa1f phy21:U:0 attached: 0000000000000000 (no device)
[    3.498643] sas: ex 500e004aaaaaaa1f phy22:U:0 attached: 0000000000000000 (no device)
[    3.498738] sas: ex 500e004aaaaaaa1f phy23:U:0 attached: 0000000000000000 (no device)
[    3.498839] sas: ex 500e004aaaaaaa1f phy24:D:B attached: 500e004aaaaaaa1e (host+target)
[    3.498870] hisi_sas_v2_hw HISI0162:01: dev[1:1] found
[    3.499088] hisi_sas_v2_hw HISI0162:01: dev[2:5] found
[    3.499120] hisi_sas_v2_hw HISI0162:01: dev[3:1] found
[    3.499148] hisi_sas_v2_hw HISI0162:01: dev[4:1] found
[    3.499174] hisi_sas_v2_hw HISI0162:01: dev[5:1] found
[    3.499201] hisi_sas_v2_hw HISI0162:01: dev[6:1] found
[    3.499230] hisi_sas_v2_hw HISI0162:01: dev[7:1] found
[    3.499256] hisi_sas_v2_hw HISI0162:01: dev[8:1] found
[    3.499287] hisi_sas_v2_hw HISI0162:01: dev[9:1] found
[    3.499291] ata_std_sched_eh ap=0xffff001045cd4000 ATA_PFLAG_INITIALIZING=0
[    3.499296] ata_eh_set_pending fastdrain=1 ATA_PFLAG_EH_PENDING=0
[    3.499298] ata_eh_set_pending2 ap=0xffff001045cd4000 fastdrain=1 cnt=0
[    3.499310] sas: sas_scsi_recover_host Enter sas_scsi_recover_host busy: 0 failed: 0
[    3.499313] sas: sas_eh_handle_sas_errors shost=0xffff001049080000
[    3.499316] sas: sas_ata_strategy_handler shost=0xffff001049080000
[    3.499319] sas: sas_ata_strategy_handler2 shost=0xffff001049080000 calling async_schedule_domain(async_sas_ata_eh)
[    3.499329] sas: ata1: end_device-0:0:2: async_sas_ata_eh dev error handler
[    3.499334] ata_scsi_port_error_handler host=0xffff001049080000 ap=0xffff001045cd4000
[    3.499338] ata_scsi_port_error_handler2 host=0xffff001049080000 ap=0xffff001045cd4000 deleting fastdrain_timer
[    3.499341] sas: sas_ata_std_error_handler ap=0xffff001045cd4000 link=0xffff001045cd6040 ehc->i.err_mask=0x0 calling ata_eh_analyze_ncq_error
[    3.499345] ata_eh_analyze_ncq_error link=0xffff001045cd6040 ATA_PFLAG_FROZEN=1
[    3.499347] sas: sas_ata_std_error_handler2 ap=0xffff001045cd4000 link=0xffff001045cd6040 ehc->i.err_mask=0x0 calling ata_std_error_handler
[    3.499350] ata_do_eh ap=0xffff001045cd4000 calling ata_eh_autopsy
[    3.499352] ata_eh_autopsy ap=0xffff001045cd4000 link=0xffff001045cd6040 calling ata_eh_link_autopsy
[    3.499355] ata_eh_link_autopsy link=0xffff001045cd6040 ATA_EHI_NO_AUTOPSY=1 
[    3.499358] ata_do_eh2 ap=0xffff001045cd4000 calling ata_eh_report
[    3.499360] ata_do_eh3 ap=0xffff001045cd4000 calling ata_eh_recover
[    3.499364] ata_eh_reset ap=0xffff001045cd4000 link=0xffff001045cd6040 prereset=sas_ata_prereset+0x0/0x50 softreset=0x0 hardreset=sas_ata_hard_reset+0x0/0x98 postreset=0x0
[    3.499378] ata_eh_freeze_port ap=0xffff001045cd4000
[    3.499380] __ata_port_freeze ap=0xffff001045cd4000
[    3.499815] hisi_sas_debug_I_T_nexus_reset device=0xffff001045cccc00
[    3.500535] hisi_sas_v2_hw HISI0162:01: phyup: phy2 link_rate=11
[    3.500542] hisi_sas_v2_hw HISI0162:01: phyup: phy3 link_rate=11
[    3.500547] hisi_sas_v2_hw HISI0162:01: phyup: phy4 link_rate=11
[    3.500550] hisi_sas_v2_hw HISI0162:01: phyup: phy5 link_rate=11
[    3.500554] hisi_sas_v2_hw HISI0162:01: phyup: phy6 link_rate=11
[    3.500558] hisi_sas_v2_hw HISI0162:01: phyup: phy7 link_rate=11
[    3.656281] hisi_sas_I_T_nexus_reset1  device=0xffff001045cccc00 rc=0
[    3.656285] hisi_sas_softreset_ata_disk device=0xffff001045cccc00
[    3.662979] hisi_sas_release_task device=0xffff001045cccc00
[    3.662982] hisi_sas_I_T_nexus_reset8 device=0xffff001045cccc00 calling hisi_sas_release_task
[    3.662984] hisi_sas_release_task device=0xffff001045cccc00
[    3.820220] ata_eh_thaw_port ap=0xffff001045cd4000
[    3.822063] sas: sas_ata_task_done qc=0xffff001045cd5f30 err_mask=0x0 scsicmd=0x0 task=0xffff001045c04000
[    3.822068] sas: sas_ata_task_done2 qc=0xffff001045cd5f30 err_mask=0x0 scsicmd=0x0 task=0xffff001045c04000
[    3.822072] sas: sas_ata_task_done3 qc=0xffff001045cd5f30 scsicmd=0x0 task=0xffff001045c04000
[    3.822075] ata_qc_complete qc=0xffff001045cd5f30 err_mask=0x0 scsicmd=0x0
[    3.822245] sas: sas_ata_task_done qc=0xffff001045cd5f30 err_mask=0x0 scsicmd=0x0 task=0xffff001045c04180
[    3.822249] sas: sas_ata_task_done2 qc=0xffff001045cd5f30 err_mask=0x0 scsicmd=0x0 task=0xffff001045c04180
[    3.822252] sas: sas_ata_task_done3 qc=0xffff001045cd5f30 scsicmd=0x0 task=0xffff001045c04180
[    3.822255] ata_qc_complete qc=0xffff001045cd5f30 err_mask=0x0 scsicmd=0x0
[    3.822262] ata1.00: ata_dev_configure: cfg 49:2f00 82:746b 83:7d69 84:4773 85:7469 86:bc41 87:4763 88:407f
[    3.822266] ata1.00: 49==0x2f00  53==0x0007  63==0x0007  64==0x0003  75==0x001f
               80==0x01fc  81==0x0029  82==0x746b  83==0x7d69  84==0x4773
               88==0x407f  93==0x0000
[    3.822272] ata1.00: ATA-8: HGST HUS724040ALA640, MFAOA8B0, max UDMA/133
[    3.822275] ata_log_supported calling ata_read_log_page
[    3.822277] ata1.00: read log page - log 0x0, page 0x0
[    3.822406] sas: sas_ata_task_done qc=0xffff001045cd5f30 err_mask=0x0 scsicmd=0x0 task=0xffff001045c04300
[    3.822410] sas: sas_ata_task_done2 qc=0xffff001045cd5f30 err_mask=0x0 scsicmd=0x0 task=0xffff001045c04300
[    3.822413] sas: sas_ata_task_done3 qc=0xffff001045cd5f30 scsicmd=0x0 task=0xffff001045c04300
[    3.822416] ata_qc_complete qc=0xffff001045cd5f30 err_mask=0x0 scsicmd=0x0
[    3.822423] ata_read_log_page3 ata_exec_internal err_mask=0x0
[    3.822425] ata1.00: 7814037168 sectors, multi 0: LBA48 NCQ (depth 32)
[    3.822431] ata1.00: set features - xfer mode
[    3.822579] sas: sas_ata_task_done qc=0xffff001045cd5f30 err_mask=0x0 scsicmd=0x0 task=0xffff001045c04480
[    3.822582] sas: sas_ata_task_done2 qc=0xffff001045cd5f30 err_mask=0x0 scsicmd=0x0 task=0xffff001045c04480
[    3.822586] sas: sas_ata_task_done3 qc=0xffff001045cd5f30 scsicmd=0x0 task=0xffff001045c04480
[    3.822589] ata_qc_complete qc=0xffff001045cd5f30 err_mask=0x0 scsicmd=0x0
[    3.824408] sas: sas_ata_task_done qc=0xffff001045cd5f30 err_mask=0x0 scsicmd=0x0 task=0xffff001045c04600
[    3.824412] sas: sas_ata_task_done2 qc=0xffff001045cd5f30 err_mask=0x0 scsicmd=0x0 task=0xffff001045c04600
[    3.824415] sas: sas_ata_task_done3 qc=0xffff001045cd5f30 scsicmd=0x0 task=0xffff001045c04600
[    3.824418] ata_qc_complete qc=0xffff001045cd5f30 err_mask=0x0 scsicmd=0x0
[    3.824591] sas: sas_ata_task_done qc=0xffff001045cd5f30 err_mask=0x0 scsicmd=0x0 task=0xffff001045c04780
[    3.824595] sas: sas_ata_task_done2 qc=0xffff001045cd5f30 err_mask=0x0 scsicmd=0x0 task=0xffff001045c04780
[    3.824599] sas: sas_ata_task_done3 qc=0xffff001045cd5f30 scsicmd=0x0 task=0xffff001045c04780
[    3.824601] ata_qc_complete qc=0xffff001045cd5f30 err_mask=0x0 scsicmd=0x0
[    3.824608] ata1.00: ata_dev_configure: cfg 49:2f00 82:746b 83:7d69 84:4773 85:7469 86:bc41 87:4763 88:407f
[    3.824612] ata1.00: 49==0x2f00  53==0x0007  63==0x0007  64==0x0003  75==0x001f
               80==0x01fc  81==0x0029  82==0x746b  83==0x7d69  84==0x4773
               88==0x407f  93==0x0000
[    3.824618] ata1.00: xfer_shift=12, xfer_mode=0x46
[    3.824620] ata1.00: configured for UDMA/133
[    3.824623] scsi_eh_flush_done_q
[    3.824633] scsi_eh_flush_done_q
[    3.824635] sas: --- Exit sas_scsi_recover_host: busy: 0 failed: 0 tries: 1
[    3.841770] hisi_sas_release_task device=0xffff001045ccca00
[    3.908698] scsi 0:0:0:0: Direct-Access     SanDisk  LT0200MO         P404 PQ: 0 ANSI: 6
[    4.523597] hisi_sas_softreset_ata_disk device=0xffff001045cccc00
[    4.529325] hisi_sas_release_task device=0xffff001045cccc00
[    4.529351] scsi 0:0:1:0: Direct-Access     ATA      HGST HUS724040AL A8B0 PQ: 0 ANSI: 5
[    4.529740] sd 0:0:1:0: [sdb] 7814037168 512-byte logical blocks: (4.00 TB/3.64 TiB)
[    4.529750] sd 0:0:1:0: [sdb] Write Protect is off
[    4.529753] sd 0:0:1:0: [sdb] Mode Sense: 00 3a 00 00
[    4.529767] sd 0:0:1:0: [sdb] Write cache: enabled, read cache: enabled, doesn't support DPO or FUA
[    4.529785] sd 0:0:1:0: [sdb] Preferred minimum I/O size 512 bytes
[    4.537522] hisi_sas_release_task device=0xffff001045ccce00
[    4.564284] sd 0:0:0:0: [sda] 390721968 512-byte logical blocks: (200 GB/186 GiB)
[    4.571054]  sdb: sdb1 sdb2 sdb3
[    4.571265] sd 0:0:1:0: [sdb] Attached SCSI disk
[    4.604467] scsi 0:0:2:0: Direct-Access     SanDisk  LT0200MO         P404 PQ: 0 ANSI: 6
[    4.606283] sd 0:0:0:0: [sda] Write Protect is off
[    4.606286] sd 0:0:0:0: [sda] Mode Sense: cf 00 10 08
[    4.656351] scsi 0:0:2:0: Power-on or device reset occurred
[    4.688308] sd 0:0:0:0: [sda] Write cache: disabled, read cache: disabled, supports DPO and FUA
[    4.810993] sd 0:0:0:0: [sda] Optimal transfer size 131072 bytes
[    5.171881]  sda: sda1 sda2
[    5.172014] sd 0:0:0:0: [sda] Attached SCSI disk
[    5.276620] sd 0:0:2:0: [sdc] 390721968 512-byte logical blocks: (200 GB/186 GiB)
[    5.318645] sd 0:0:2:0: [sdc] Write Protect is off
[    5.318648] sd 0:0:2:0: [sdc] Mode Sense: cf 00 10 08
[    5.354830] hisi_sas_release_task device=0xffff001045ccd000
[    5.355028] scsi 0:0:3:0: Direct-Access     HGST     HUC156030CSS200  A3F0 PQ: 0 ANSI: 6
[    5.357288] sd 0:0:3:0: [sdd] 586072368 512-byte logical blocks: (300 GB/279 GiB)
[    5.357694] sd 0:0:3:0: [sdd] Write Protect is off
[    5.357697] sd 0:0:3:0: [sdd] Mode Sense: f7 00 10 08
[    5.358376] sd 0:0:3:0: [sdd] Write cache: enabled, read cache: enabled, supports DPO and FUA
[    5.364217] hisi_sas_release_task device=0xffff001045ccd200
[    5.374535]  sdd: sdd1
[    5.374627] sd 0:0:3:0: [sdd] Attached SCSI disk
[    5.431213] scsi 0:0:4:0: Direct-Access     SanDisk  LT0200MO         P404 PQ: 0 ANSI: 6
[    5.436274] sd 0:0:2:0: [sdc] Write cache: disabled, read cache: disabled, supports DPO and FUA
[    5.482765] scsi 0:0:4:0: Power-on or device reset occurred
[    5.558891] sd 0:0:2:0: [sdc] Optimal transfer size 131072 bytes
[    5.920053]  sdc: sdc1 sdc2 sdc3
[    5.920235] sd 0:0:2:0: [sdc] Attached SCSI disk
[    6.069133] hisi_sas_release_task device=0xffff001045ccd400
[    6.136140] scsi 0:0:5:0: Direct-Access     SanDisk  LT0200MO         P404 PQ: 0 ANSI: 6
[    6.138348] sd 0:0:4:0: [sde] 390721968 512-byte logical blocks: (200 GB/186 GiB)
[    6.180365] sd 0:0:4:0: [sde] Write Protect is off
[    6.180367] sd 0:0:4:0: [sde] Mode Sense: cf 00 10 08
[    6.187681] scsi 0:0:5:0: Power-on or device reset occurred
[    6.262356] sd 0:0:4:0: [sde] Write cache: disabled, read cache: disabled, supports DPO and FUA
[    6.384990] sd 0:0:4:0: [sde] Optimal transfer size 131072 bytes
[    6.745952]  sde: sde1 sde2 sde3
[    6.746111] sd 0:0:4:0: [sde] Attached SCSI disk
[    6.774022] hisi_sas_release_task device=0xffff001045ccd600
[    6.840980] scsi 0:0:6:0: Direct-Access     SanDisk  LT0200MO         P404 PQ: 0 ANSI: 6
[    6.843175] sd 0:0:5:0: [sdf] 390721968 512-byte logical blocks: (200 GB/186 GiB)
[    6.885187] sd 0:0:5:0: [sdf] Write Protect is off
[    6.885190] sd 0:0:5:0: [sdf] Mode Sense: cf 00 10 08
[    6.892854] scsi 0:0:6:0: Power-on or device reset occurred
[    6.967210] sd 0:0:5:0: [sdf] Write cache: disabled, read cache: disabled, supports DPO and FUA
[    7.089833] sd 0:0:5:0: [sdf] Optimal transfer size 131072 bytes
[    7.450817]  sdf: sdf1 sdf2 sdf3 sdf4
[    7.451019] sd 0:0:5:0: [sdf] Attached SCSI disk
[    7.479832] hisi_sas_release_task device=0xffff001045ccd800
[    7.546825] scsi 0:0:7:0: Direct-Access     SanDisk  LT0200MO         P404 PQ: 0 ANSI: 6
[    7.548339] sd 0:0:6:0: [sdg] 390721968 512-byte logical blocks: (200 GB/186 GiB)
[    7.590349] sd 0:0:6:0: [sdg] Write Protect is off
[    7.590352] sd 0:0:6:0: [sdg] Mode Sense: cf 00 10 08
[    7.598688] scsi 0:0:7:0: Power-on or device reset occurred
[    7.672347] sd 0:0:6:0: [sdg] Write cache: disabled, read cache: disabled, supports DPO and FUA
[    7.795006] sd 0:0:6:0: [sdg] Optimal transfer size 131072 bytes
[    8.154979] sd 0:0:6:0: [sdg] Attached SCSI disk
[    8.178988] hisi_sas_release_task device=0xffff001045ccda00
[    8.179272] scsi 0:0:8:0: Enclosure         12G SAS  Expander         RevB PQ: 0 ANSI: 6
[    8.179375] scsi 0:0:8:0: Power-on or device reset occurred
[    8.180671] sas: DONE DISCOVERY on port 0, pid:455, result:0
[    8.180684] sas: phy1 matched wide port0
[    8.180690] sas: phy-0:1 added to port-0:0, phy_mask:0x3 (500e004aaaaaaa1f)
[    8.180698] sas: REVALIDATING DOMAIN on port 0, pid:455
[    8.181247] sas: ex 500e004aaaaaaa1f phy02 change count has changed
[    8.181535] sas: ex 500e004aaaaaaa1f phy02 originated BROADCAST(CHANGE)
[    8.181538] sas: ex 500e004aaaaaaa1f rediscovering phy02
[    8.181729] sas: ex 500e004aaaaaaa1f phy02 broadcast flutter
[    8.183072] sas: ex 500e004aaaaaaa1f phy16 originated BROADCAST(CHANGE)
[    8.183075] sas: ex 500e004aaaaaaa1f phy16 new device attached
[    8.183169] sas: ex 500e004aaaaaaa1f phy16:U:B attached: 3201581410000000 (host)
[    8.183266] sas: ex 500e004aaaaaaa1f phy17 originated BROADCAST(CHANGE)
[    8.183268] sas: ex 500e004aaaaaaa1f phy17 new device attached
[    8.183361] sas: ex 500e004aaaaaaa1f phy17:U:B attached: 3201581410000000 (host)
[    8.183457] sas: ex 500e004aaaaaaa1f phy18 originated BROADCAST(CHANGE)
[    8.183460] sas: ex 500e004aaaaaaa1f phy18 new device attached
[    8.183553] sas: ex 500e004aaaaaaa1f phy18:U:B attached: 3201581410000000 (host)
[    8.183649] sas: ex 500e004aaaaaaa1f phy19 originated BROADCAST(CHANGE)
[    8.183651] sas: ex 500e004aaaaaaa1f phy19 new device attached
[    8.183746] sas: ex 500e004aaaaaaa1f phy19:U:B attached: 3201581410000000 (host)
[    8.183842] sas: ex 500e004aaaaaaa1f phy20 originated BROADCAST(CHANGE)
[    8.183844] sas: ex 500e004aaaaaaa1f phy20 new device attached
[    8.183938] sas: ex 500e004aaaaaaa1f phy20:U:B attached: 3201581410000000 (host)
[    8.184034] sas: ex 500e004aaaaaaa1f phy21 originated BROADCAST(CHANGE)
[    8.184036] sas: ex 500e004aaaaaaa1f phy21 new device attached
[    8.184131] sas: ex 500e004aaaaaaa1f phy21:U:B attached: 3201581410000000 (host)
[    8.184227] sas: ex 500e004aaaaaaa1f phy22 originated BROADCAST(CHANGE)
[    8.184228] sas: ex 500e004aaaaaaa1f phy22 new device attached
[    8.184322] sas: ex 500e004aaaaaaa1f phy22:U:B attached: 3201581410000000 (host)
[    8.184419] sas: ex 500e004aaaaaaa1f phy23 originated BROADCAST(CHANGE)
[    8.184421] sas: ex 500e004aaaaaaa1f phy23 new device attached
[    8.184514] sas: ex 500e004aaaaaaa1f phy23:U:B attached: 3201581410000000 (host)
[    8.184611] sas: done REVALIDATING DOMAIN on port 0, pid:455, res 0x0
[    8.184619] sas: phy2 matched wide port0
[    8.184623] sas: phy-0:2 added to port-0:0, phy_mask:0x7 (500e004aaaaaaa1f)
[    8.184629] sas: REVALIDATING DOMAIN on port 0, pid:455
[    8.187109] sas: ex 500e004aaaaaaa1f phys DID NOT change
[    8.187111] sas: done REVALIDATING DOMAIN on port 0, pid:455, res 0x0
[    8.187118] sas: phy3 matched wide port0
[    8.187122] sas: phy-0:3 added to port-0:0, phy_mask:0xf (500e004aaaaaaa1f)
[    8.187128] sas: REVALIDATING DOMAIN on port 0, pid:455
[    8.189609] sas: ex 500e004aaaaaaa1f phys DID NOT change
[    8.189610] sas: done REVALIDATING DOMAIN on port 0, pid:455, res 0x0
[    8.189618] sas: phy4 matched wide port0
[    8.189622] sas: phy-0:4 added to port-0:0, phy_mask:0x1f (500e004aaaaaaa1f)
[    8.189628] sas: REVALIDATING DOMAIN on port 0, pid:455
[    8.192109] sas: ex 500e004aaaaaaa1f phys DID NOT change
[    8.192112] sas: done REVALIDATING DOMAIN on port 0, pid:455, res 0x0
[    8.192118] sas: phy5 matched wide port0
[    8.192124] sas: phy-0:5 added to port-0:0, phy_mask:0x3f (500e004aaaaaaa1f)
[    8.192131] sas: REVALIDATING DOMAIN on port 0, pid:455
[    8.194607] sas: ex 500e004aaaaaaa1f phys DID NOT change
[    8.194609] sas: done REVALIDATING DOMAIN on port 0, pid:455, res 0x0
[    8.194616] sas: phy6 matched wide port0
[    8.194619] sas: phy-0:6 added to port-0:0, phy_mask:0x7f (500e004aaaaaaa1f)
[    8.194626] sas: REVALIDATING DOMAIN on port 0, pid:455
[    8.197106] sas: ex 500e004aaaaaaa1f phys DID NOT change
[    8.197108] sas: done REVALIDATING DOMAIN on port 0, pid:455, res 0x0
[    8.197114] sas: phy7 matched wide port0
[    8.197118] sas: phy-0:7 added to port-0:0, phy_mask:0xff (500e004aaaaaaa1f)
[    8.197125] sas: REVALIDATING DOMAIN on port 0, pid:455
[    8.199605] sas: ex 500e004aaaaaaa1f phys DID NOT change
[    8.199607] sas: done REVALIDATING DOMAIN on port 0, pid:455, res 0x0
[    8.199614] sas: broadcast received: 0
[    8.199620] sas: REVALIDATING DOMAIN on port 0, pid:455
[    8.202104] sas: ex 500e004aaaaaaa1f phys DID NOT change
[    8.202106] sas: done REVALIDATING DOMAIN on port 0, pid:455, res 0x0
[    8.202112] sas: broadcast received: 0
[    8.202118] sas: REVALIDATING DOMAIN on port 0, pid:455
[    8.204608] sas: ex 500e004aaaaaaa1f phys DID NOT change
[    8.204610] sas: done REVALIDATING DOMAIN on port 0, pid:455, res 0x0
[    8.204617] sas: broadcast received: 0
[    8.204623] sas: REVALIDATING DOMAIN on port 0, pid:455
[    8.207107] sas: ex 500e004aaaaaaa1f phys DID NOT change
[    8.207109] sas: done REVALIDATING DOMAIN on port 0, pid:455, res 0x0
[    8.207115] sas: broadcast received: 0
[    8.207121] sas: REVALIDATING DOMAIN on port 0, pid:455
[    8.209607] sas: ex 500e004aaaaaaa1f phys DID NOT change
[    8.209608] sas: done REVALIDATING DOMAIN on port 0, pid:455, res 0x0
[    8.209615] sas: broadcast received: 0
[    8.209621] sas: REVALIDATING DOMAIN on port 0, pid:455
[    8.212106] sas: ex 500e004aaaaaaa1f phys DID NOT change
[    8.212108] sas: done REVALIDATING DOMAIN on port 0, pid:455, res 0x0
[    8.212113] sas: broadcast received: 0
[    8.212119] sas: REVALIDATING DOMAIN on port 0, pid:455
[    8.214605] sas: ex 500e004aaaaaaa1f phys DID NOT change
[    8.214606] sas: done REVALIDATING DOMAIN on port 0, pid:455, res 0x0
[    8.214613] sas: broadcast received: 0
[    8.214619] sas: REVALIDATING DOMAIN on port 0, pid:455
[    8.217104] sas: ex 500e004aaaaaaa1f phys DID NOT change
[    8.217105] sas: done REVALIDATING DOMAIN on port 0, pid:455, res 0x0
[    8.217111] sas: broadcast received: 0
[    8.217117] sas: REVALIDATING DOMAIN on port 0, pid:455
[    8.219603] sas: ex 500e004aaaaaaa1f phys DID NOT change
[    8.219605] sas: done REVALIDATING DOMAIN on port 0, pid:455, res 0x0
[    8.219611] sas: broadcast received: 0
[    8.219617] sas: REVALIDATING DOMAIN on port 0, pid:455
[    8.222102] sas: ex 500e004aaaaaaa1f phys DID NOT change
[    8.222104] sas: done REVALIDATING DOMAIN on port 0, pid:455, res 0x0
[    8.222110] sas: broadcast received: 0
[    8.222116] sas: REVALIDATING DOMAIN on port 0, pid:455
[    8.224601] sas: ex 500e004aaaaaaa1f phys DID NOT change
[    8.224603] sas: done REVALIDATING DOMAIN on port 0, pid:455, res 0x0
[    8.224610] sas: broadcast received: 0
[    8.224616] sas: REVALIDATING DOMAIN on port 0, pid:455
[    8.227101] sas: ex 500e004aaaaaaa1f phys DID NOT change
[    8.227102] sas: done REVALIDATING DOMAIN on port 0, pid:455, res 0x0
[    8.227108] sas: broadcast received: 0
[    8.227114] sas: REVALIDATING DOMAIN on port 0, pid:455
[    8.229599] sas: ex 500e004aaaaaaa1f phys DID NOT change
[    8.229601] sas: done REVALIDATING DOMAIN on port 0, pid:455, res 0x0
[    8.229608] sas: broadcast received: 0
[    8.229614] sas: REVALIDATING DOMAIN on port 0, pid:455
[    8.232099] sas: ex 500e004aaaaaaa1f phys DID NOT change
[    8.232101] sas: done REVALIDATING DOMAIN on port 0, pid:455, res 0x0
[    8.232107] sas: broadcast received: 0
[    8.232113] sas: REVALIDATING DOMAIN on port 0, pid:455
[    8.234598] sas: ex 500e004aaaaaaa1f phys DID NOT change
[    8.234600] sas: done REVALIDATING DOMAIN on port 0, pid:455, res 0x0
[    8.234606] sas: broadcast received: 0
[    8.234612] sas: REVALIDATING DOMAIN on port 0, pid:455
[    8.237097] sas: ex 500e004aaaaaaa1f phys DID NOT change
[    8.237099] sas: done REVALIDATING DOMAIN on port 0, pid:455, res 0x0
[    8.237105] sas: broadcast received: 0
[    8.237111] sas: REVALIDATING DOMAIN on port 0, pid:455
[    8.239596] sas: ex 500e004aaaaaaa1f phys DID NOT change
[    8.239598] sas: done REVALIDATING DOMAIN on port 0, pid:455, res 0x0
[    8.241664] tun: Universal TUN/TAP device driver, 1.6
[    8.241875] thunder_xcv, ver 1.0
[    8.241891] thunder_bgx, ver 1.0
[    8.241905] nicpf, ver 1.0
[    8.254517] sd 0:0:7:0: [sdh] 390721968 512-byte logical blocks: (200 GB/186 GiB)
[    8.296523] sd 0:0:7:0: [sdh] Write Protect is off
[    8.296525] sd 0:0:7:0: [sdh] Mode Sense: cf 00 10 08
[    8.320146] ACPI: IORT: [Firmware Bug]: Named component missing memory address limit
[    8.320278] hns_dsaf HISI00B2:00: Adding to iommu group 1
[    8.378559] sd 0:0:7:0: [sdh] Write cache: disabled, read cache: disabled, supports DPO and FUA
[    8.389832] hns_dsaf HISI00B2:00: no mc-mac-mask property, set to default value.
[    8.501214] sd 0:0:7:0: [sdh] Optimal transfer size 131072 bytes
[    8.604157] hns_dsaf HISI00B2:00: no mc-mac-mask property, set to default value.
[    8.820427] hns_dsaf HISI00B2:00: no mc-mac-mask property, set to default value.
[    8.840939] hns_dsaf HISI00B2:00: no mc-mac-mask property, set to default value.
[    8.861200] sd 0:0:7:0: [sdh] Attached SCSI disk
[    9.140033] Generic PHY Mii-HISI0141:00:00: attached PHY driver (mii_bus:phy_addr=Mii-HISI0141:00:00, irq=POLL)
[    9.160639] Generic PHY Mii-HISI0141:00:01: attached PHY driver (mii_bus:phy_addr=Mii-HISI0141:00:01, irq=POLL)
[    9.204390] hns3: Hisilicon Ethernet Network Driver for Hip08 Family - version
[    9.204393] hns3: Copyright (c) 2017 Huawei Corporation.
[    9.204451] hclge is initializing
[    9.204466] e1000: Intel(R) PRO/1000 Network Driver
[    9.204467] e1000: Copyright (c) 1999-2006 Intel Corporation.
[    9.204488] e1000e: Intel(R) PRO/1000 Network Driver
[    9.204490] e1000e: Copyright(c) 1999 - 2015 Intel Corporation.
[    9.204512] igb: Intel(R) Gigabit Ethernet Network Driver
[    9.204514] igb: Copyright (c) 2007-2014 Intel Corporation.
[    9.204535] igbvf: Intel(R) Gigabit Virtual Function Network Driver
[    9.204537] igbvf: Copyright (c) 2009 - 2012 Intel Corporation.
[    9.204731] sky2: driver version 1.30
[    9.205019] VFIO - User Level meta-driver version: 0.3
[    9.205618] ehci_hcd: USB 2.0 'Enhanced' Host Controller (EHCI) Driver
[    9.205620] ehci-pci: EHCI PCI platform driver
[    9.205633] ehci-platform: EHCI generic platform driver
[    9.205666] ehci-orion: EHCI orion driver
[    9.205676] ACPI: IORT: [Firmware Bug]: Named component missing memory address limit
[    9.205693] ehci-exynos: EHCI Exynos driver
[    9.205712] ehci-platform PNP0D20:00: Adding to iommu group 2
[    9.205719] ohci_hcd: USB 1.1 'Open' Host Controller (OHCI) Driver
[    9.205725] ohci-pci: OHCI PCI platform driver
[    9.205741] ohci-platform: OHCI generic platform driver
[    9.205768] ohci-exynos: OHCI Exynos driver
[    9.205899] usbcore: registered new interface driver usb-storage
[    9.206773] ehci-platform PNP0D20:00: EHCI Host Controller
[    9.206782] ehci-platform PNP0D20:00: new USB bus registered, assigned bus number 1
[    9.206835] ehci-platform PNP0D20:00: irq 369, io mem 0xa7020000
[    9.220072] ehci-platform PNP0D20:00: USB 2.0 started, EHCI 1.00
[    9.220260] hub 1-0:1.0: USB hub found
[    9.220269] hub 1-0:1.0: 2 ports detected
[    9.332425] rtc-efi rtc-efi.0: registered as rtc0
[    9.395351] rtc-efi rtc-efi.0: setting system clock to 2022-07-01T14:29:51 UTC (1656685791)
[    9.395531] i2c_dev: i2c /dev entries driver
[    9.397229] sdhci: Secure Digital Host Controller Interface driver
[    9.397231] sdhci: Copyright(c) Pierre Ossman
[    9.397399] Synopsys Designware Multimedia Card Interface Driver
[    9.397607] sdhci-pltfm: SDHCI platform and OF driver helper
[    9.398981] ledtrig-cpu: registered to indicate activity on CPUs
[    9.401528] pstore: Registered efi as persistent store backend
[    9.401851] usbcore: registered new interface driver usbhid
[    9.401853] usbhid: USB HID core driver
[    9.403338] NET: Registered PF_PACKET protocol family
[    9.403398] 9pnet: Installing 9P2000 support
[    9.403421] Key type dns_resolver registered
[    9.403613] registered taskstats version 1
[    9.403629] Loading compiled-in X.509 certificates
[    9.403843] pstore: Using crash dump compression: deflate
[    9.406158] ARMH0011:00: ttyAMA0 at MMIO 0x602b0000 (irq = 370, base_baud = 0) is a SBSA
[    9.431069] printk: console [ttyAMA0] printing thread started
[    9.431078] printk: console [ttyAMA0] enabled
[    9.431081] printk: bootconsole [pl11] disabled
[    9.447091] printk: bootconsole [pl11] printing thread stopped
[    9.452663] pcieport 0002:f8:00.0: Adding to iommu group 3
[    9.453710] pcieport 0002:f8:00.0: can't derive routing for PCI INT A
[    9.453714] pcieport 0002:f8:00.0: PCI INT A: no GSI
[    9.458469] pcieport 0004:88:00.0: Adding to iommu group 4
[    9.459426] pcieport 0004:88:00.0: can't derive routing for PCI INT A
[    9.459428] pcieport 0004:88:00.0: PCI INT A: no GSI
[    9.463946] pcieport 0005:78:00.0: Adding to iommu group 5
[    9.464931] pcieport 0005:78:00.0: can't derive routing for PCI INT A
[    9.464934] pcieport 0005:78:00.0: PCI INT A: no GSI
[    9.470376] pcieport 000a:10:00.0: Adding to iommu group 6
[    9.471286] pcieport 000a:10:00.0: can't derive routing for PCI INT A
[    9.471290] pcieport 000a:10:00.0: PCI INT A: no GSI
[    9.475337] pcieport 000c:20:00.0: Adding to iommu group 7
[    9.476407] pcieport 000c:20:00.0: can't derive routing for PCI INT A
[    9.476410] pcieport 000c:20:00.0: PCI INT A: no GSI
[    9.480077] usb 1-1: new high-speed USB device number 2 using ehci-platform
[    9.480813] pcieport 000d:30:00.0: Adding to iommu group 8
[    9.481713] pcieport 000d:30:00.0: can't derive routing for PCI INT A
[    9.481716] pcieport 000d:30:00.0: PCI INT A: no GSI
[    9.487244] serial 0002:f9:00.0: Adding to iommu group 3
[    9.487260] pci 0002:f8:00.0: can't derive routing for PCI INT A
[    9.487262] serial 0002:f9:00.0: PCI INT A: no GSI
[    9.487280] serial 0002:f9:00.0: enabling device (0000 -> 0003)
[    9.509018] 0002:f9:00.0: ttyS2 at I/O 0x1000 (irq = 372, base_baud = 115200) is a ST16650V2
[    9.509149] serial 0002:f9:00.1: Adding to iommu group 3
[    9.509163] pci 0002:f8:00.0: can't derive routing for PCI INT B
[    9.509165] serial 0002:f9:00.1: PCI INT B: no GSI
[    9.509177] serial 0002:f9:00.1: enabling device (0000 -> 0003)
