[    0.000000] Booting Linux on physical CPU 0x0000010000 [0x410fd082]
[    0.000000] Linux version 5.19.0-rc3-36887-ge1089c0ac180 (john@debian) (gcc (Debian 6.3.0-18+deb9u1) 6.3.0 20170516, GNU ld (GNU Binutils for Debian) 2.38) #316 SMP PREEMPT Fri Jul 1 16:06:58 BST 2022
[    0.000000] Machine model: Hisilicon PhosphorV660 Development Board
[    0.000000] efi: EFI v2.60 by EDK II
[    0.000000] efi: SMBIOS=0x3eff0000 SMBIOS 3.0=0x39aa0000 ACPI=0x39b70000 ACPI 2.0=0x39b70014 MEMATTR=0x3b8d0018 MEMRESERVE=0x3a002d18 
[    0.000000] ACPI: Early table checksum verification disabled
[    0.000000] ACPI: RSDP 0x0000000039B70014 000024 (v02 HISI  )
[    0.000000] ACPI: XSDT 0x0000000039B600E8 000084 (v01 HISI   HIP07    00000000      01000013)
[    0.000000] ACPI: FACP 0x0000000039A20000 00010C (v05 HISI   HIP07    00000000 INTL 20151124)
[    0.000000] ACPI: DSDT 0x00000000399E0000 0080C8 (v02 HISI   HIP07    00000000 INTL 20170728)
[    0.000000] ACPI: MCFG 0x0000000039A80000 0000AC (v01 HISI   HIP07    00000000 INTL 20151124)
[    0.000000] ACPI: SLIT 0x0000000039A70000 00003C (v01 HISI   HIP07    00000000 INTL 20151124)
[    0.000000] ACPI: SPCR 0x0000000039A60000 000050 (v02 HISI   HIP07    00000000 INTL 20151124)
[    0.000000] ACPI: SRAT 0x0000000039A50000 0005B0 (v03 HISI   HIP07    00000000 INTL 20151124)
[    0.000000] ACPI: DBG2 0x0000000039A40000 00005A (v00 HISI   HIP07    00000000 INTL 20151124)
[    0.000000] ACPI: GTDT 0x0000000039A10000 000098 (v02 HISI   HIP07    00000000 INTL 20151124)
[    0.000000] ACPI: APIC 0x0000000039A00000 0013E4 (v01 HISI   HIP07    00000000 INTL 20151124)
[    0.000000] ACPI: IORT 0x00000000399F0000 00080C (v00 HISI   HIP07    00000000 INTL 20170728)
[    0.000000] ACPI: PPTT 0x0000000031870000 001754 (v01 HISI   HIP07    00000000 INTL 20151124)
[    0.000000] ACPI: SPMI 0x0000000031860000 000041 (v05 HISI   HIP07    00000000 INTL 20151124)
[    0.000000] ACPI: iBFT 0x00000000317C0000 000800 (v01 HISI   HIP07    00000000      00000000)
[    0.000000] ACPI: SPCR: console: pl011,mmio32,0x602b0000,115200
[    0.000000] earlycon: pl11 at MMIO32 0x00000000602b0000 (options '115200')
[    0.000000] printk: bootconsole [pl11] enabled
[    0.000000] ACPI: SRAT: Node 0 PXM 0 [mem 0x00000000-0x3fffffff]
[    0.000000] ACPI: SRAT: Node 0 PXM 0 [mem 0x1000000000-0x17ffffffff]
[    0.000000] ACPI: SRAT: Node 2 PXM 2 [mem 0x40000000000-0x4003fffffff]
[    0.000000] ACPI: SRAT: Node 2 PXM 2 [mem 0x41000000000-0x417ffffffff]
[    0.000000] NUMA: NODE_DATA [mem 0x17fbffdb40-0x17fbffffff]
[    0.000000] NUMA: Initmem setup node 1 [<memory-less node>]
[    0.000000] NUMA: NODE_DATA [mem 0x417f4002b40-0x417f4004fff]
[    0.000000] NUMA: NODE_DATA(1) on node 2
[    0.000000] NUMA: NODE_DATA [mem 0x417f4000680-0x417f4002b3f]
[    0.000000] NUMA: Initmem setup node 3 [<memory-less node>]
[    0.000000] NUMA: NODE_DATA [mem 0x417f3ffe1c0-0x417f400067f]
[    0.000000] NUMA: NODE_DATA(3) on node 2
[    0.000000] Zone ranges:
[    0.000000]   DMA      [mem 0x0000000000000000-0x00000000ffffffff]
[    0.000000]   DMA32    empty
[    0.000000]   Normal   [mem 0x0000000100000000-0x00000417fbffffff]
[    0.000000] Movable zone start for each node
[    0.000000] Early memory node ranges
[    0.000000]   node   0: [mem 0x0000000000000000-0x000000003188afff]
[    0.000000]   node   0: [mem 0x000000003188b000-0x000000003188efff]
[    0.000000]   node   0: [mem 0x000000003188f000-0x000000003992ffff]
[    0.000000]   node   0: [mem 0x0000000039930000-0x00000000399dffff]
[    0.000000]   node   0: [mem 0x00000000399e0000-0x0000000039a2ffff]
[    0.000000]   node   0: [mem 0x0000000039a30000-0x0000000039a3ffff]
[    0.000000]   node   0: [mem 0x0000000039a40000-0x0000000039a8ffff]
[    0.000000]   node   0: [mem 0x0000000039a90000-0x0000000039b5ffff]
[    0.000000]   node   0: [mem 0x0000000039b60000-0x0000000039b7ffff]
[    0.000000]   node   0: [mem 0x0000000039b80000-0x0000000039ffffff]
[    0.000000]   node   0: [mem 0x000000003a000000-0x000000003efeffff]
[    0.000000]   node   0: [mem 0x000000003eff0000-0x000000003f01ffff]
[    0.000000]   node   0: [mem 0x000000003f020000-0x000000003fbfffff]
[    0.000000]   node   0: [mem 0x0000001040000000-0x00000017fbffffff]
[    0.000000]   node   2: [mem 0x0000041000000000-0x00000417fbffffff]
[    0.000000] Initmem setup node 0 [mem 0x0000000000000000-0x00000017fbffffff]
[    0.000000] Initmem setup node 1 as memoryless
[    0.000000] Initmem setup node 2 [mem 0x0000041000000000-0x00000417fbffffff]
[    0.000000] Initmem setup node 3 as memoryless
[    0.000000] On node 0, zone Normal: 1024 pages in unavailable ranges
[    0.000000] On node 2, zone Normal: 16384 pages in unavailable ranges
[    0.000000] On node 2, zone Normal: 16384 pages in unavailable ranges
[    0.000000] cma: Reserved 32 MiB at 0x000000003ce00000
[    0.000000] crashkernel reserved: 0x0000000002000000 - 0x0000000012000000 (256 MB)
[    0.000000] psci: probing for conduit method from ACPI.
[    0.000000] psci: PSCIv1.0 detected in firmware.
[    0.000000] psci: Using standard PSCI v0.2 function IDs
[    0.000000] psci: MIGRATE_INFO_TYPE not supported.
[    0.000000] psci: SMC Calling Convention v1.0
[    0.000000] ACPI: NUMA: SRAT: PXM 0 -> MPIDR 0x10000 -> Node 0
[    0.000000] ACPI: NUMA: SRAT: PXM 0 -> MPIDR 0x10001 -> Node 0
[    0.000000] ACPI: NUMA: SRAT: PXM 0 -> MPIDR 0x10002 -> Node 0
[    0.000000] ACPI: NUMA: SRAT: PXM 0 -> MPIDR 0x10003 -> Node 0
[    0.000000] ACPI: NUMA: SRAT: PXM 0 -> MPIDR 0x10100 -> Node 0
[    0.000000] ACPI: NUMA: SRAT: PXM 0 -> MPIDR 0x10101 -> Node 0
[    0.000000] ACPI: NUMA: SRAT: PXM 0 -> MPIDR 0x10102 -> Node 0
[    0.000000] ACPI: NUMA: SRAT: PXM 0 -> MPIDR 0x10103 -> Node 0
[    0.000000] ACPI: NUMA: SRAT: PXM 0 -> MPIDR 0x10200 -> Node 0
[    0.000000] ACPI: NUMA: SRAT: PXM 0 -> MPIDR 0x10201 -> Node 0
[    0.000000] ACPI: NUMA: SRAT: PXM 0 -> MPIDR 0x10202 -> Node 0
[    0.000000] ACPI: NUMA: SRAT: PXM 0 -> MPIDR 0x10203 -> Node 0
[    0.000000] ACPI: NUMA: SRAT: PXM 0 -> MPIDR 0x10300 -> Node 0
[    0.000000] ACPI: NUMA: SRAT: PXM 0 -> MPIDR 0x10301 -> Node 0
[    0.000000] ACPI: NUMA: SRAT: PXM 0 -> MPIDR 0x10302 -> Node 0
[    0.000000] ACPI: NUMA: SRAT: PXM 0 -> MPIDR 0x10303 -> Node 0
[    0.000000] ACPI: NUMA: SRAT: PXM 1 -> MPIDR 0x30000 -> Node 1
[    0.000000] ACPI: NUMA: SRAT: PXM 1 -> MPIDR 0x30001 -> Node 1
[    0.000000] ACPI: NUMA: SRAT: PXM 1 -> MPIDR 0x30002 -> Node 1
[    0.000000] ACPI: NUMA: SRAT: PXM 1 -> MPIDR 0x30003 -> Node 1
[    0.000000] ACPI: NUMA: SRAT: PXM 1 -> MPIDR 0x30100 -> Node 1
[    0.000000] ACPI: NUMA: SRAT: PXM 1 -> MPIDR 0x30101 -> Node 1
[    0.000000] ACPI: NUMA: SRAT: PXM 1 -> MPIDR 0x30102 -> Node 1
[    0.000000] ACPI: NUMA: SRAT: PXM 1 -> MPIDR 0x30103 -> Node 1
[    0.000000] ACPI: NUMA: SRAT: PXM 1 -> MPIDR 0x30200 -> Node 1
[    0.000000] ACPI: NUMA: SRAT: PXM 1 -> MPIDR 0x30201 -> Node 1
[    0.000000] ACPI: NUMA: SRAT: PXM 1 -> MPIDR 0x30202 -> Node 1
[    0.000000] ACPI: NUMA: SRAT: PXM 1 -> MPIDR 0x30203 -> Node 1
[    0.000000] ACPI: NUMA: SRAT: PXM 1 -> MPIDR 0x30300 -> Node 1
[    0.000000] ACPI: NUMA: SRAT: PXM 1 -> MPIDR 0x30301 -> Node 1
[    0.000000] ACPI: NUMA: SRAT: PXM 1 -> MPIDR 0x30302 -> Node 1
[    0.000000] ACPI: NUMA: SRAT: PXM 1 -> MPIDR 0x30303 -> Node 1
[    0.000000] ACPI: NUMA: SRAT: PXM 2 -> MPIDR 0x50000 -> Node 2
[    0.000000] ACPI: NUMA: SRAT: PXM 2 -> MPIDR 0x50001 -> Node 2
[    0.000000] ACPI: NUMA: SRAT: PXM 2 -> MPIDR 0x50002 -> Node 2
[    0.000000] ACPI: NUMA: SRAT: PXM 2 -> MPIDR 0x50003 -> Node 2
[    0.000000] ACPI: NUMA: SRAT: PXM 2 -> MPIDR 0x50100 -> Node 2
[    0.000000] ACPI: NUMA: SRAT: PXM 2 -> MPIDR 0x50101 -> Node 2
[    0.000000] ACPI: NUMA: SRAT: PXM 2 -> MPIDR 0x50102 -> Node 2
[    0.000000] ACPI: NUMA: SRAT: PXM 2 -> MPIDR 0x50103 -> Node 2
[    0.000000] ACPI: NUMA: SRAT: PXM 2 -> MPIDR 0x50200 -> Node 2
[    0.000000] ACPI: NUMA: SRAT: PXM 2 -> MPIDR 0x50201 -> Node 2
[    0.000000] ACPI: NUMA: SRAT: PXM 2 -> MPIDR 0x50202 -> Node 2
[    0.000000] ACPI: NUMA: SRAT: PXM 2 -> MPIDR 0x50203 -> Node 2
[    0.000000] ACPI: NUMA: SRAT: PXM 2 -> MPIDR 0x50300 -> Node 2
[    0.000000] ACPI: NUMA: SRAT: PXM 2 -> MPIDR 0x50301 -> Node 2
[    0.000000] ACPI: NUMA: SRAT: PXM 2 -> MPIDR 0x50302 -> Node 2
[    0.000000] ACPI: NUMA: SRAT: PXM 2 -> MPIDR 0x50303 -> Node 2
[    0.000000] ACPI: NUMA: SRAT: PXM 3 -> MPIDR 0x70000 -> Node 3
[    0.000000] ACPI: NUMA: SRAT: PXM 3 -> MPIDR 0x70001 -> Node 3
[    0.000000] ACPI: NUMA: SRAT: PXM 3 -> MPIDR 0x70002 -> Node 3
[    0.000000] ACPI: NUMA: SRAT: PXM 3 -> MPIDR 0x70003 -> Node 3
[    0.000000] ACPI: NUMA: SRAT: PXM 3 -> MPIDR 0x70100 -> Node 3
[    0.000000] ACPI: NUMA: SRAT: PXM 3 -> MPIDR 0x70101 -> Node 3
[    0.000000] ACPI: NUMA: SRAT: PXM 3 -> MPIDR 0x70102 -> Node 3
[    0.000000] ACPI: NUMA: SRAT: PXM 3 -> MPIDR 0x70103 -> Node 3
[    0.000000] ACPI: NUMA: SRAT: PXM 3 -> MPIDR 0x70200 -> Node 3
[    0.000000] ACPI: NUMA: SRAT: PXM 3 -> MPIDR 0x70201 -> Node 3
[    0.000000] ACPI: NUMA: SRAT: PXM 3 -> MPIDR 0x70202 -> Node 3
[    0.000000] ACPI: NUMA: SRAT: PXM 3 -> MPIDR 0x70203 -> Node 3
[    0.000000] ACPI: NUMA: SRAT: PXM 3 -> MPIDR 0x70300 -> Node 3
[    0.000000] ACPI: NUMA: SRAT: PXM 3 -> MPIDR 0x70301 -> Node 3
[    0.000000] ACPI: NUMA: SRAT: PXM 3 -> MPIDR 0x70302 -> Node 3
[    0.000000] ACPI: NUMA: SRAT: PXM 3 -> MPIDR 0x70303 -> Node 3
[    0.000000] percpu: Embedded 20 pages/cpu s44520 r8192 d29208 u81920
[    0.000000] pcpu-alloc: s44520 r8192 d29208 u81920 alloc=20*4096
[    0.000000] pcpu-alloc: [0] 00 [0] 01 [0] 02 [0] 03 [0] 04 [0] 05 [0] 06 [0] 07 
[    0.000000] pcpu-alloc: [0] 08 [0] 09 [0] 10 [0] 11 [0] 12 [0] 13 [0] 14 [0] 15 
[    0.000000] pcpu-alloc: [1] 16 [1] 17 [1] 18 [1] 19 [1] 20 [1] 21 [1] 22 [1] 23 
[    0.000000] pcpu-alloc: [1] 24 [1] 25 [1] 26 [1] 27 [1] 28 [1] 29 [1] 30 [1] 31 
[    0.000000] pcpu-alloc: [2] 32 [2] 33 [2] 34 [2] 35 [2] 36 [2] 37 [2] 38 [2] 39 
[    0.000000] pcpu-alloc: [2] 40 [2] 41 [2] 42 [2] 43 [2] 44 [2] 45 [2] 46 [2] 47 
[    0.000000] pcpu-alloc: [3] 48 [3] 49 [3] 50 [3] 51 [3] 52 [3] 53 [3] 54 [3] 55 
[    0.000000] pcpu-alloc: [3] 56 [3] 57 [3] 58 [3] 59 [3] 60 [3] 61 [3] 62 [3] 63 
[    0.000000] Detected PIPT I-cache on CPU0
[    0.000000] CPU features: detected: GIC system register CPU interface
[    0.000000] CPU features: detected: Spectre-v2
[    0.000000] CPU features: detected: Spectre-v3a
[    0.000000] CPU features: detected: Spectre-v4
[    0.000000] CPU features: detected: Spectre-BHB
[    0.000000] CPU features: kernel page table isolation forced ON by KASLR
[    0.000000] CPU features: detected: Kernel page table isolation (KPTI)
[    0.000000] CPU features: detected: ARM errata 1165522, 1319367, or 1530923
[    0.000000] Fallback order for Node 0: 0 2 
[    0.000000] Fallback order for Node 1: 1 0 2 
[    0.000000] Fallback order for Node 2: 2 0 
[    0.000000] Fallback order for Node 3: 3 2 0 
[    0.000000] Built 4 zonelists, mobility grouping on.  Total pages: 16481808
[    0.000000] Policy zone: Normal
[    0.000000] Kernel command line: BOOT_IMAGE=/john/Image rdinit=/init crashkernel=256M@32M console=ttyAMA0,115200 earlycon acpi=force pcie_aspm=off noinitrd root=/dev/sda2 rw log_buf_len=16M user_debug=1 iommu.strict=0 nvme.use_threaded_interrupts=1 irqchip.gicv3_pseudo_nmi=1
[    0.000000] PCIe ASPM is disabled
[    0.000000] Unknown kernel command line parameters "BOOT_IMAGE=/john/Image user_debug=1", will be passed to user space.
[    0.000000] printk: log_buf_len: 16777216 bytes
[    0.000000] printk: early log buf free: 120080(91%)
[    0.000000] mem auto-init: stack:off, heap alloc:off, heap free:off
[    0.000000] software IO TLB: mapped [mem 0x0000000035930000-0x0000000039930000] (64MB)
[    0.000000] Memory: 65310988K/66973696K available (15296K kernel code, 3396K rwdata, 9104K rodata, 6912K init, 586K bss, 1629940K reserved, 32768K cma-reserved)
[    0.000000] SLUB: HWalign=64, Order=0-3, MinObjects=0, CPUs=64, Nodes=4
[    0.000000] rcu: Preemptible hierarchical RCU implementation.
[    0.000000] rcu: 	RCU event tracing is enabled.
[    0.000000] rcu: 	RCU restricting CPUs from NR_CPUS=256 to nr_cpu_ids=64.
[    0.000000] 	Trampoline variant of Tasks RCU enabled.
[    0.000000] 	Tracing variant of Tasks RCU enabled.
[    0.000000] rcu: RCU calculated value of scheduler-enlistment delay is 25 jiffies.
[    0.000000] rcu: Adjusting geometry for rcu_fanout_leaf=16, nr_cpu_ids=64
[    0.000000] NR_IRQS: 64, nr_irqs: 64, preallocated irqs: 0
[    0.000000] GICv3: GIC: Using split EOI/Deactivate mode
[    0.000000] GIC: enabling workaround for GICv3: HIP07 erratum 161010803
[    0.000000] GICv3: 988 SPIs implemented
[    0.000000] GICv3: 0 Extended SPIs implemented
[    0.000000] Root IRQ handler: gic_handle_irq
[    0.000000] GICv3: GICv3 features: 16 PPIs, DirectLPI
[    0.000000] GICv3: GICv4 features: DirectLPI 
[    0.000000] GICv3: CPU0: found redistributor 10000 region 0:0x000000004d100000
[    0.000000] SRAT: PXM 0 -> ITS 0 -> Node 0
[    0.000000] SRAT: PXM 1 -> ITS 1 -> Node 1
[    0.000000] SRAT: PXM 0 -> ITS 2 -> Node 0
[    0.000000] SRAT: PXM 1 -> ITS 3 -> Node 1
[    0.000000] SRAT: PXM 2 -> ITS 4 -> Node 2
[    0.000000] SRAT: PXM 3 -> ITS 5 -> Node 3
[    0.000000] SRAT: PXM 2 -> ITS 6 -> Node 2
[    0.000000] SRAT: PXM 3 -> ITS 7 -> Node 3
[    0.000000] ITS [mem 0x4c000000-0x4c01ffff]
[    0.000000] ITS@0x000000004c000000: Using ITS number 0
[    0.000000] GIC: enabling workaround for ITS: Hip07 erratum 161600802
[    0.000000] ITS@0x000000004c000000: allocated 524288 Devices @1040800000 (flat, esz 8, psz 16K, shr 1)
[    0.000000] ITS@0x000000004c000000: allocated 65536 Virtual CPUs @1040180000 (flat, esz 8, psz 4K, shr 1)
[    0.000000] ITS@0x000000004c000000: allocated 512 Interrupt Collections @1040143000 (flat, esz 8, psz 4K, shr 1)
[    0.000000] ITS [mem 0x6c000000-0x6c01ffff]
[    0.000000] ITS@0x000000006c000000: Using ITS number 1
[    0.000000] GIC: enabling workaround for ITS: Hip07 erratum 161600802
[    0.000000] ITS@0x000000006c000000: allocated 524288 Devices @1040c00000 (flat, esz 8, psz 16K, shr 1)
[    0.000000] ITS@0x000000006c000000: allocated 65536 Virtual CPUs @1040200000 (flat, esz 8, psz 4K, shr 1)
[    0.000000] ITS@0x000000006c000000: allocated 512 Interrupt Collections @1040144000 (flat, esz 8, psz 4K, shr 1)
[    0.000000] ITS [mem 0xc6000000-0xc601ffff]
[    0.000000] ITS@0x00000000c6000000: Using ITS number 2
[    0.000000] GIC: enabling workaround for ITS: Hip07 erratum 161600802
[    0.000000] ITS@0x00000000c6000000: allocated 524288 Devices @1041000000 (flat, esz 8, psz 16K, shr 1)
[    0.000000] ITS@0x00000000c6000000: allocated 65536 Virtual CPUs @1040280000 (flat, esz 8, psz 4K, shr 1)
[    0.000000] ITS@0x00000000c6000000: allocated 512 Interrupt Collections @1040145000 (flat, esz 8, psz 4K, shr 1)
[    0.000000] ITS [mem 0x8c6000000-0x8c601ffff]
[    0.000000] ITS@0x00000008c6000000: Using ITS number 3
[    0.000000] GIC: enabling workaround for ITS: Hip07 erratum 161600802
[    0.000000] ITS@0x00000008c6000000: allocated 524288 Devices @1041400000 (flat, esz 8, psz 16K, shr 1)
[    0.000000] ITS@0x00000008c6000000: allocated 65536 Virtual CPUs @1040380000 (flat, esz 8, psz 4K, shr 1)
[    0.000000] ITS@0x00000008c6000000: allocated 512 Interrupt Collections @1040146000 (flat, esz 8, psz 4K, shr 1)
[    0.000000] ITS [mem 0x4004c000000-0x4004c01ffff]
[    0.000000] ITS@0x000004004c000000: Using ITS number 4
[    0.000000] GIC: enabling workaround for ITS: Hip07 erratum 161600802
[    0.000000] ITS@0x000004004c000000: allocated 524288 Devices @41000400000 (flat, esz 8, psz 16K, shr 1)
[    0.000000] ITS@0x000004004c000000: allocated 65536 Virtual CPUs @41000080000 (flat, esz 8, psz 4K, shr 1)
[    0.000000] ITS@0x000004004c000000: allocated 512 Interrupt Collections @41000002000 (flat, esz 8, psz 4K, shr 1)
[    0.000000] ITS [mem 0x4006c000000-0x4006c01ffff]
[    0.000000] ITS@0x000004006c000000: Using ITS number 5
[    0.000000] GIC: enabling workaround for ITS: Hip07 erratum 161600802
[    0.000000] ITS@0x000004006c000000: allocated 524288 Devices @41000800000 (flat, esz 8, psz 16K, shr 1)
[    0.000000] ITS@0x000004006c000000: allocated 65536 Virtual CPUs @41000100000 (flat, esz 8, psz 4K, shr 1)
[    0.000000] ITS@0x000004006c000000: allocated 512 Interrupt Collections @41000003000 (flat, esz 8, psz 4K, shr 1)
[    0.000000] ITS [mem 0x400c6000000-0x400c601ffff]
[    0.000000] ITS@0x00000400c6000000: Using ITS number 6
[    0.000000] GIC: enabling workaround for ITS: Hip07 erratum 161600802
[    0.000000] ITS@0x00000400c6000000: allocated 524288 Devices @41000c00000 (flat, esz 8, psz 16K, shr 1)
[    0.000000] ITS@0x00000400c6000000: allocated 65536 Virtual CPUs @41000180000 (flat, esz 8, psz 4K, shr 1)
[    0.000000] ITS@0x00000400c6000000: allocated 512 Interrupt Collections @41000004000 (flat, esz 8, psz 4K, shr 1)
[    0.000000] ITS [mem 0x408c6000000-0x408c601ffff]
[    0.000000] ITS@0x00000408c6000000: Using ITS number 7
[    0.000000] GIC: enabling workaround for ITS: Hip07 erratum 161600802
[    0.000000] ITS@0x00000408c6000000: allocated 524288 Devices @41001000000 (flat, esz 8, psz 16K, shr 1)
[    0.000000] ITS@0x00000408c6000000: allocated 65536 Virtual CPUs @41000200000 (flat, esz 8, psz 4K, shr 1)
[    0.000000] ITS@0x00000408c6000000: allocated 512 Interrupt Collections @41000005000 (flat, esz 8, psz 4K, shr 1)
[    0.000000] GICv3: using LPI property table @0x0000001040310000
[    0.000000] ITS: Using DirectLPI for VPE invalidation
[    0.000000] ITS: Enabling GICv4 support
[    0.000000] GICv3: CPU0: using allocated LPI pending table @0x0000001040320000
[    0.000000] rcu: srcu_init: Setting srcu_struct sizes based on contention.
[    0.000000] arch_timer: Enabling global workaround for HiSilicon erratum 161010101
[    0.000000] arch_timer: CPU0: Trapping CNTVCT access
[    0.000000] arch_timer: cp15 timer(s) running at 50.00MHz (phys).
[    0.000000] clocksource: arch_sys_counter: mask: 0xffffffffffffff max_cycles: 0xb8812736b, max_idle_ns: 440795202655 ns
[    0.000000] sched_clock: 56 bits at 50MHz, resolution 20ns, wraps every 4398046511100ns
[    0.008180] Console: colour dummy device 80x25
[    0.012724] mempolicy: Enabling automatic NUMA balancing. Configure with numa_balancing= or the kernel.numa_balancing sysctl
[    0.024011] ACPI: Core revision 20220331
[    0.028009] ACPI BIOS Warning (bug): Incorrect checksum in table [DSDT] - 0x71, should be 0x6F (20220331/tbprint-178)
[    0.038766] Calibrating delay loop (skipped), value calculated using timer frequency.. 100.00 BogoMIPS (lpj=200000)
[    0.049256] pid_max: default: 65536 minimum: 512
[    0.053937] LSM: Security Framework initializing
[    0.080645] Dentry cache hash table entries: 8388608 (order: 14, 67108864 bytes, vmalloc)
[    0.100366] Inode-cache hash table entries: 4194304 (order: 13, 33554432 bytes, vmalloc)
[    0.108904] Mount-cache hash table entries: 131072 (order: 8, 1048576 bytes, vmalloc)
[    0.117126] Mountpoint-cache hash table entries: 131072 (order: 8, 1048576 bytes, vmalloc)
[    0.127107] cblist_init_generic: Setting adjustable number of callback queues.
[    0.134434] cblist_init_generic: Setting shift to 6 and lim to 1.
[    0.140637] cblist_init_generic: Setting shift to 6 and lim to 1.
[    0.146848] rcu: Hierarchical SRCU implementation.
[    0.146868] printk: bootconsole [pl11] printing thread started
[    0.157606] Platform MSI: ITS@0x4c000000 domain created
[    0.157610] Platform MSI: ITS@0x6c000000 domain created
[    0.157613] Platform MSI: ITS@0xc6000000 domain created
[    0.157616] Platform MSI: ITS@0x8c6000000 domain created
[    0.157619] Platform MSI: ITS@0x4004c000000 domain created
[    0.157623] Platform MSI: ITS@0x4006c000000 domain created
[    0.157627] Platform MSI: ITS@0x400c6000000 domain created
[    0.157629] Platform MSI: ITS@0x408c6000000 domain created
[    0.157636] PCI/MSI: ITS@0x4c000000 domain created
[    0.157639] PCI/MSI: ITS@0x6c000000 domain created
[    0.157642] PCI/MSI: ITS@0xc6000000 domain created
[    0.157645] PCI/MSI: ITS@0x8c6000000 domain created
[    0.157647] PCI/MSI: ITS@0x4004c000000 domain created
[    0.157650] PCI/MSI: ITS@0x4006c000000 domain created
[    0.157653] PCI/MSI: ITS@0x400c6000000 domain created
[    0.157655] PCI/MSI: ITS@0x408c6000000 domain created
[    0.157661] fsl-mc MSI: ITS@0x4c000000 domain created
[    0.157663] fsl-mc MSI: ITS@0x6c000000 domain created
[    0.157666] fsl-mc MSI: ITS@0xc6000000 domain created
[    0.157668] fsl-mc MSI: ITS@0x8c6000000 domain created
[    0.157670] fsl-mc MSI: ITS@0x4004c000000 domain created
[    0.157673] fsl-mc MSI: ITS@0x4006c000000 domain created
[    0.157676] fsl-mc MSI: ITS@0x400c6000000 domain created
[    0.157678] fsl-mc MSI: ITS@0x408c6000000 domain created
[    0.157695] Remapping and enabling EFI services.
[    0.159876] smp: Bringing up secondary CPUs ...
[    0.295858] Detected PIPT I-cache on CPU1
[    0.295873] GICv3: CPU1: found redistributor 10001 region 1:0x000000004d140000
[    0.295880] GICv3: CPU1: using allocated LPI pending table @0x0000001040330000
[    0.296028] arch_timer: CPU1: Trapping CNTVCT access
[    0.296033] CPU1: Booted secondary processor 0x0000010001 [0x410fd082]
[    0.298455] Detected PIPT I-cache on CPU2
[    0.298463] GICv3: CPU2: found redistributor 10002 region 2:0x000000004d180000
[    0.298469] GICv3: CPU2: using allocated LPI pending table @0x0000001040340000
[    0.298605] arch_timer: CPU2: Trapping CNTVCT access
[    0.298608] CPU2: Booted secondary processor 0x0000010002 [0x410fd082]
[    0.301024] Detected PIPT I-cache on CPU3
[    0.301033] GICv3: CPU3: found redistributor 10003 region 3:0x000000004d1c0000
[    0.301039] GICv3: CPU3: using allocated LPI pending table @0x0000001040350000
[    0.301176] arch_timer: CPU3: Trapping CNTVCT access
[    0.301179] CPU3: Booted secondary processor 0x0000010003 [0x410fd082]
[    0.392600] Detected PIPT I-cache on CPU4
[    0.392611] GICv3: CPU4: found redistributor 10100 region 4:0x000000004d200000
[    0.392617] GICv3: CPU4: using allocated LPI pending table @0x0000001040360000
[    0.392752] arch_timer: CPU4: Trapping CNTVCT access
[    0.392755] CPU4: Booted secondary processor 0x0000010100 [0x410fd082]
[    0.395192] Detected PIPT I-cache on CPU5
[    0.395201] GICv3: CPU5: found redistributor 10101 region 5:0x000000004d240000
[    0.395206] GICv3: CPU5: using allocated LPI pending table @0x0000001040370000
[    0.395344] arch_timer: CPU5: Trapping CNTVCT access
[    0.395346] CPU5: Booted secondary processor 0x0000010101 [0x410fd082]
[    0.397762] Detected PIPT I-cache on CPU6
[    0.397771] GICv3: CPU6: found redistributor 10102 region 6:0x000000004d280000
[    0.397777] GICv3: CPU6: using allocated LPI pending table @0x0000001041800000
[    0.397911] arch_timer: CPU6: Trapping CNTVCT access
[    0.397914] CPU6: Booted secondary processor 0x0000010102 [0x410fd082]
[    0.489331] Detected PIPT I-cache on CPU7
[    0.489340] GICv3: CPU7: found redistributor 10103 region 7:0x000000004d2c0000
[    0.489345] GICv3: CPU7: using allocated LPI pending table @0x0000001041810000
[    0.489481] arch_timer: CPU7: Trapping CNTVCT access
[    0.489484] CPU7: Booted secondary processor 0x0000010103 [0x410fd082]
[    0.491908] Detected PIPT I-cache on CPU8
[    0.491921] GICv3: CPU8: found redistributor 10200 region 8:0x000000004d300000
[    0.491926] GICv3: CPU8: using allocated LPI pending table @0x0000001041820000
[    0.492064] arch_timer: CPU8: Trapping CNTVCT access
[    0.492067] CPU8: Booted secondary processor 0x0000010200 [0x410fd082]
[    0.494498] Detected PIPT I-cache on CPU9
[    0.494508] GICv3: CPU9: found redistributor 10201 region 9:0x000000004d340000
[    0.494513] GICv3: CPU9: using allocated LPI pending table @0x0000001041830000
[    0.494646] arch_timer: CPU9: Trapping CNTVCT access
[    0.494649] CPU9: Booted secondary processor 0x0000010201 [0x410fd082]
[    0.586061] Detected PIPT I-cache on CPU10
[    0.586071] GICv3: CPU10: found redistributor 10202 region 10:0x000000004d380000
[    0.586077] GICv3: CPU10: using allocated LPI pending table @0x0000001041840000
[    0.586213] arch_timer: CPU10: Trapping CNTVCT access
[    0.586216] CPU10: Booted secondary processor 0x0000010202 [0x410fd082]
[    0.588636] Detected PIPT I-cache on CPU11
[    0.588646] GICv3: CPU11: found redistributor 10203 region 11:0x000000004d3c0000
[    0.588651] GICv3: CPU11: using allocated LPI pending table @0x0000001041850000
[    0.588787] arch_timer: CPU11: Trapping CNTVCT access
[    0.588790] CPU11: Booted secondary processor 0x0000010203 [0x410fd082]
[    0.591221] Detected PIPT I-cache on CPU12
[    0.591234] GICv3: CPU12: found redistributor 10300 region 12:0x000000004d400000
[    0.591240] GICv3: CPU12: using allocated LPI pending table @0x0000001041860000
[    0.591375] arch_timer: CPU12: Trapping CNTVCT access
[    0.591378] CPU12: Booted secondary processor 0x0000010300 [0x410fd082]
[    0.684374] Detected PIPT I-cache on CPU13
[    0.684385] GICv3: CPU13: found redistributor 10301 region 13:0x000000004d440000
[    0.684391] GICv3: CPU13: using allocated LPI pending table @0x0000001041870000
[    0.684523] arch_timer: CPU13: Trapping CNTVCT access
[    0.684526] CPU13: Booted secondary processor 0x0000010301 [0x410fd082]
[    0.686946] Detected PIPT I-cache on CPU14
[    0.686957] GICv3: CPU14: found redistributor 10302 region 14:0x000000004d480000
[    0.686962] GICv3: CPU14: using allocated LPI pending table @0x0000001041880000
[    0.687095] arch_timer: CPU14: Trapping CNTVCT access
[    0.687098] CPU14: Booted secondary processor 0x0000010302 [0x410fd082]
[    0.689526] Detected PIPT I-cache on CPU15
[    0.689537] GICv3: CPU15: found redistributor 10303 region 15:0x000000004d4c0000
[    0.689543] GICv3: CPU15: using allocated LPI pending table @0x0000001041890000
[    0.689675] arch_timer: CPU15: Trapping CNTVCT access
[    0.689678] CPU15: Booted secondary processor 0x0000010303 [0x410fd082]
[    0.782652] Detected PIPT I-cache on CPU16
[    0.782671] GICv3: CPU16: found redistributor 30000 region 16:0x000000006d100000
[    0.782677] GICv3: CPU16: using allocated LPI pending table @0x00000010418a0000
[    0.782861] arch_timer: CPU16: Trapping CNTVCT access
[    0.782866] CPU16: Booted secondary processor 0x0000030000 [0x410fd082]
[    0.785356] Detected PIPT I-cache on CPU17
[    0.785369] GICv3: CPU17: found redistributor 30001 region 17:0x000000006d140000
[    0.785374] GICv3: CPU17: using allocated LPI pending table @0x00000010418b0000
[    0.785557] arch_timer: CPU17: Trapping CNTVCT access
[    0.785561] CPU17: Booted secondary processor 0x0000030001 [0x410fd082]
[    0.787967] Detected PIPT I-cache on CPU18
[    0.787979] GICv3: CPU18: found redistributor 30002 region 18:0x000000006d180000
[    0.787985] GICv3: CPU18: using allocated LPI pending table @0x00000010418c0000
[    0.788168] arch_timer: CPU18: Trapping CNTVCT access
[    0.788171] CPU18: Booted secondary processor 0x0000030002 [0x410fd082]
[    0.881000] Detected PIPT I-cache on CPU19
[    0.881013] GICv3: CPU19: found redistributor 30003 region 19:0x000000006d1c0000
[    0.881019] GICv3: CPU19: using allocated LPI pending table @0x00000010418d0000
[    0.881201] arch_timer: CPU19: Trapping CNTVCT access
[    0.881204] CPU19: Booted secondary processor 0x0000030003 [0x410fd082]
[    0.883615] Detected PIPT I-cache on CPU20
[    0.883634] GICv3: CPU20: found redistributor 30100 region 20:0x000000006d200000
[    0.883641] GICv3: CPU20: using allocated LPI pending table @0x00000010418e0000
[    0.883827] arch_timer: CPU20: Trapping CNTVCT access
[    0.883832] CPU20: Booted secondary processor 0x0000030100 [0x410fd082]
[    0.886259] Detected PIPT I-cache on CPU21
[    0.886272] GICv3: CPU21: found redistributor 30101 region 21:0x000000006d240000
[    0.886278] GICv3: CPU21: using allocated LPI pending table @0x00000010418f0000
[    0.886460] arch_timer: CPU21: Trapping CNTVCT access
[    0.886464] CPU21: Booted secondary processor 0x0000030101 [0x410fd082]
[    0.979328] Detected PIPT I-cache on CPU22
[    0.979341] GICv3: CPU22: found redistributor 30102 region 22:0x000000006d280000
[    0.979347] GICv3: CPU22: using allocated LPI pending table @0x0000001041900000
[    0.979530] arch_timer: CPU22: Trapping CNTVCT access
[    0.979533] CPU22: Booted secondary processor 0x0000030102 [0x410fd082]
[    0.981947] Detected PIPT I-cache on CPU23
[    0.981961] GICv3: CPU23: found redistributor 30103 region 23:0x000000006d2c0000
[    0.981967] GICv3: CPU23: using allocated LPI pending table @0x0000001041910000
[    0.982150] arch_timer: CPU23: Trapping CNTVCT access
[    0.982154] CPU23: Booted secondary processor 0x0000030103 [0x410fd082]
[    0.984563] Detected PIPT I-cache on CPU24
[    0.984583] GICv3: CPU24: found redistributor 30200 region 24:0x000000006d300000
[    0.984591] GICv3: CPU24: using allocated LPI pending table @0x0000001041920000
[    0.984778] arch_timer: CPU24: Trapping CNTVCT access
[    0.984783] CPU24: Booted secondary processor 0x0000030200 [0x410fd082]
[    1.077686] Detected PIPT I-cache on CPU25
[    1.077701] GICv3: CPU25: found redistributor 30201 region 25:0x000000006d340000
[    1.077708] GICv3: CPU25: using allocated LPI pending table @0x0000001041930000
[    1.077889] arch_timer: CPU25: Trapping CNTVCT access
[    1.077893] CPU25: Booted secondary processor 0x0000030201 [0x410fd082]
[    1.080306] Detected PIPT I-cache on CPU26
[    1.080320] GICv3: CPU26: found redistributor 30202 region 26:0x000000006d380000
[    1.080327] GICv3: CPU26: using allocated LPI pending table @0x0000001041940000
[    1.080509] arch_timer: CPU26: Trapping CNTVCT access
[    1.080512] CPU26: Booted secondary processor 0x0000030202 [0x410fd082]
[    1.082923] Detected PIPT I-cache on CPU27
[    1.082937] GICv3: CPU27: found redistributor 30203 region 27:0x000000006d3c0000
[    1.082944] GICv3: CPU27: using allocated LPI pending table @0x0000001041950000
[    1.083125] arch_timer: CPU27: Trapping CNTVCT access
[    1.083128] CPU27: Booted secondary processor 0x0000030203 [0x410fd082]
[    1.176025] Detected PIPT I-cache on CPU28
[    1.176047] GICv3: CPU28: found redistributor 30300 region 28:0x000000006d400000
[    1.176055] GICv3: CPU28: using allocated LPI pending table @0x0000001041960000
[    1.176241] arch_timer: CPU28: Trapping CNTVCT access
[    1.176246] CPU28: Booted secondary processor 0x0000030300 [0x410fd082]
[    1.178689] Detected PIPT I-cache on CPU29
[    1.178703] GICv3: CPU29: found redistributor 30301 region 29:0x000000006d440000
[    1.178710] GICv3: CPU29: using allocated LPI pending table @0x0000001041970000
[    1.178892] arch_timer: CPU29: Trapping CNTVCT access
[    1.178895] CPU29: Booted secondary processor 0x0000030301 [0x410fd082]
[    1.181295] Detected PIPT I-cache on CPU30
[    1.181310] GICv3: CPU30: found redistributor 30302 region 30:0x000000006d480000
[    1.181316] GICv3: CPU30: using allocated LPI pending table @0x0000001041980000
[    1.181498] arch_timer: CPU30: Trapping CNTVCT access
[    1.181502] CPU30: Booted secondary processor 0x0000030302 [0x410fd082]
[    1.274373] Detected PIPT I-cache on CPU31
[    1.274388] GICv3: CPU31: found redistributor 30303 region 31:0x000000006d4c0000
[    1.274395] GICv3: CPU31: using allocated LPI pending table @0x0000001041990000
[    1.274576] arch_timer: CPU31: Trapping CNTVCT access
[    1.274579] CPU31: Booted secondary processor 0x0000030303 [0x410fd082]
[    1.277182] Detected PIPT I-cache on CPU32
[    1.277240] GICv3: CPU32: found redistributor 50000 region 32:0x000004004d100000
[    1.277259] GICv3: CPU32: using allocated LPI pending table @0x00000010419a0000
[    1.277442] arch_timer: CPU32: Trapping CNTVCT access
[    1.277452] CPU32: Booted secondary processor 0x0000050000 [0x410fd082]
[    1.280299] Detected PIPT I-cache on CPU33
[    1.280332] GICv3: CPU33: found redistributor 50001 region 33:0x000004004d140000
[    1.280342] GICv3: CPU33: using allocated LPI pending table @0x00000010419b0000
[    1.280482] arch_timer: CPU33: Trapping CNTVCT access
[    1.280485] CPU33: Booted secondary processor 0x0000050001 [0x410fd082]
[    1.372918] Detected PIPT I-cache on CPU34
[    1.372952] GICv3: CPU34: found redistributor 50002 region 34:0x000004004d180000
[    1.372962] GICv3: CPU34: using allocated LPI pending table @0x00000010419c0000
[    1.373100] arch_timer: CPU34: Trapping CNTVCT access
[    1.373104] CPU34: Booted secondary processor 0x0000050002 [0x410fd082]
[    1.375709] Detected PIPT I-cache on CPU35
[    1.375742] GICv3: CPU35: found redistributor 50003 region 35:0x000004004d1c0000
[    1.375752] GICv3: CPU35: using allocated LPI pending table @0x00000010419d0000
[    1.375890] arch_timer: CPU35: Trapping CNTVCT access
[    1.375894] CPU35: Booted secondary processor 0x0000050003 [0x410fd082]
[    1.378492] Detected PIPT I-cache on CPU36
[    1.378528] GICv3: CPU36: found redistributor 50100 region 36:0x000004004d200000
[    1.378538] GICv3: CPU36: using allocated LPI pending table @0x00000010419e0000
[    1.378678] arch_timer: CPU36: Trapping CNTVCT access
[    1.378681] CPU36: Booted secondary processor 0x0000050100 [0x410fd082]
[    1.471462] Detected PIPT I-cache on CPU37
[    1.471497] GICv3: CPU37: found redistributor 50101 region 37:0x000004004d240000
[    1.471507] GICv3: CPU37: using allocated LPI pending table @0x00000010419f0000
[    1.471647] arch_timer: CPU37: Trapping CNTVCT access
[    1.471650] CPU37: Booted secondary processor 0x0000050101 [0x410fd082]
[    1.474249] Detected PIPT I-cache on CPU38
[    1.474282] GICv3: CPU38: found redistributor 50102 region 38:0x000004004d280000
[    1.474291] GICv3: CPU38: using allocated LPI pending table @0x0000001041a00000
[    1.474429] arch_timer: CPU38: Trapping CNTVCT access
[    1.474432] CPU38: Booted secondary processor 0x0000050102 [0x410fd082]
[    1.477027] Detected PIPT I-cache on CPU39
[    1.477060] GICv3: CPU39: found redistributor 50103 region 39:0x000004004d2c0000
[    1.477070] GICv3: CPU39: using allocated LPI pending table @0x0000001041a10000
[    1.477208] arch_timer: CPU39: Trapping CNTVCT access
[    1.477212] CPU39: Booted secondary processor 0x0000050103 [0x410fd082]
[    1.570056] Detected PIPT I-cache on CPU40
[    1.570094] GICv3: CPU40: found redistributor 50200 region 40:0x000004004d300000
[    1.570105] GICv3: CPU40: using allocated LPI pending table @0x0000001041a20000
[    1.570245] arch_timer: CPU40: Trapping CNTVCT access
[    1.570249] CPU40: Booted secondary processor 0x0000050200 [0x410fd082]
[    1.572863] Detected PIPT I-cache on CPU41
[    1.572896] GICv3: CPU41: found redistributor 50201 region 41:0x000004004d340000
[    1.572907] GICv3: CPU41: using allocated LPI pending table @0x0000001041a30000
[    1.573045] arch_timer: CPU41: Trapping CNTVCT access
[    1.573049] CPU41: Booted secondary processor 0x0000050201 [0x410fd082]
[    1.575638] Detected PIPT I-cache on CPU42
[    1.575673] GICv3: CPU42: found redistributor 50202 region 42:0x000004004d380000
[    1.575683] GICv3: CPU42: using allocated LPI pending table @0x0000001041a40000
[    1.575820] arch_timer: CPU42: Trapping CNTVCT access
[    1.575824] CPU42: Booted secondary processor 0x0000050202 [0x410fd082]
[    1.668664] Detected PIPT I-cache on CPU43
[    1.668699] GICv3: CPU43: found redistributor 50203 region 43:0x000004004d3c0000
[    1.668710] GICv3: CPU43: using allocated LPI pending table @0x0000001041a50000
[    1.668847] arch_timer: CPU43: Trapping CNTVCT access
[    1.668850] CPU43: Booted secondary processor 0x0000050203 [0x410fd082]
[    1.671455] Detected PIPT I-cache on CPU44
[    1.671493] GICv3: CPU44: found redistributor 50300 region 44:0x000004004d400000
[    1.671504] GICv3: CPU44: using allocated LPI pending table @0x0000001041a60000
[    1.671645] arch_timer: CPU44: Trapping CNTVCT access
[    1.671649] CPU44: Booted secondary processor 0x0000050300 [0x410fd082]
[    1.674258] Detected PIPT I-cache on CPU45
[    1.674293] GICv3: CPU45: found redistributor 50301 region 45:0x000004004d440000
[    1.674303] GICv3: CPU45: using allocated LPI pending table @0x0000001041a70000
[    1.674441] arch_timer: CPU45: Trapping CNTVCT access
[    1.674445] CPU45: Booted secondary processor 0x0000050301 [0x410fd082]
[    1.767195] Detected PIPT I-cache on CPU46
[    1.767232] GICv3: CPU46: found redistributor 50302 region 46:0x000004004d480000
[    1.767243] GICv3: CPU46: using allocated LPI pending table @0x0000001041a80000
[    1.767381] arch_timer: CPU46: Trapping CNTVCT access
[    1.767385] CPU46: Booted secondary processor 0x0000050302 [0x410fd082]
[    1.769996] Detected PIPT I-cache on CPU47
[    1.770031] GICv3: CPU47: found redistributor 50303 region 47:0x000004004d4c0000
[    1.770041] GICv3: CPU47: using allocated LPI pending table @0x0000001041a90000
[    1.770180] arch_timer: CPU47: Trapping CNTVCT access
[    1.770183] CPU47: Booted secondary processor 0x0000050303 [0x410fd082]
[    1.772835] Detected PIPT I-cache on CPU48
[    1.772879] GICv3: CPU48: found redistributor 70000 region 48:0x000004006d100000
[    1.772891] GICv3: CPU48: using allocated LPI pending table @0x0000001041aa0000
[    1.773074] arch_timer: CPU48: Trapping CNTVCT access
[    1.773078] CPU48: Booted secondary processor 0x0000070000 [0x410fd082]
[    1.865877] Detected PIPT I-cache on CPU49
[    1.865918] GICv3: CPU49: found redistributor 70001 region 49:0x000004006d140000
[    1.865930] GICv3: CPU49: using allocated LPI pending table @0x0000001041ab0000
[    1.866109] arch_timer: CPU49: Trapping CNTVCT access
[    1.866113] CPU49: Booted secondary processor 0x0000070001 [0x410fd082]
[    1.868751] Detected PIPT I-cache on CPU50
[    1.868790] GICv3: CPU50: found redistributor 70002 region 50:0x000004006d180000
[    1.868801] GICv3: CPU50: using allocated LPI pending table @0x0000001041ac0000
[    1.868980] arch_timer: CPU50: Trapping CNTVCT access
[    1.868984] CPU50: Booted secondary processor 0x0000070002 [0x410fd082]
[    1.871627] Detected PIPT I-cache on CPU51
[    1.871666] GICv3: CPU51: found redistributor 70003 region 51:0x000004006d1c0000
[    1.871677] GICv3: CPU51: using allocated LPI pending table @0x0000001041ad0000
[    1.871856] arch_timer: CPU51: Trapping CNTVCT access
[    1.871859] CPU51: Booted secondary processor 0x0000070003 [0x410fd082]
[    1.964607] Detected PIPT I-cache on CPU52
[    1.964653] GICv3: CPU52: found redistributor 70100 region 52:0x000004006d200000
[    1.964667] GICv3: CPU52: using allocated LPI pending table @0x0000001041ae0000
[    1.964851] arch_timer: CPU52: Trapping CNTVCT access
[    1.964855] CPU52: Booted secondary processor 0x0000070100 [0x410fd082]
[    1.967552] Detected PIPT I-cache on CPU53
[    1.967591] GICv3: CPU53: found redistributor 70101 region 53:0x000004006d240000
[    1.967603] GICv3: CPU53: using allocated LPI pending table @0x0000001041af0000
[    1.967783] arch_timer: CPU53: Trapping CNTVCT access
[    1.967786] CPU53: Booted secondary processor 0x0000070101 [0x410fd082]
[    1.970423] Detected PIPT I-cache on CPU54
[    1.970462] GICv3: CPU54: found redistributor 70102 region 54:0x000004006d280000
[    1.970473] GICv3: CPU54: using allocated LPI pending table @0x0000001041b00000
[    1.970651] arch_timer: CPU54: Trapping CNTVCT access
[    1.970654] CPU54: Booted secondary processor 0x0000070102 [0x410fd082]
[    2.063301] Detected PIPT I-cache on CPU55
[    2.063343] GICv3: CPU55: found redistributor 70103 region 55:0x000004006d2c0000
[    2.063355] GICv3: CPU55: using allocated LPI pending table @0x0000001041b10000
[    2.063535] arch_timer: CPU55: Trapping CNTVCT access
[    2.063539] CPU55: Booted secondary processor 0x0000070103 [0x410fd082]
[    2.066180] Detected PIPT I-cache on CPU56
[    2.066226] GICv3: CPU56: found redistributor 70200 region 56:0x000004006d300000
[    2.066239] GICv3: CPU56: using allocated LPI pending table @0x0000001041b20000
[    2.066422] arch_timer: CPU56: Trapping CNTVCT access
[    2.066426] CPU56: Booted secondary processor 0x0000070200 [0x410fd082]
[    2.069098] Detected PIPT I-cache on CPU57
[    2.069139] GICv3: CPU57: found redistributor 70201 region 57:0x000004006d340000
[    2.069151] GICv3: CPU57: using allocated LPI pending table @0x0000001041b30000
[    2.069331] arch_timer: CPU57: Trapping CNTVCT access
[    2.069334] CPU57: Booted secondary processor 0x0000070201 [0x410fd082]
[    2.161941] Detected PIPT I-cache on CPU58
[    2.161983] GICv3: CPU58: found redistributor 70202 region 58:0x000004006d380000
[    2.161995] GICv3: CPU58: using allocated LPI pending table @0x0000001041b40000
[    2.162175] arch_timer: CPU58: Trapping CNTVCT access
[    2.162178] CPU58: Booted secondary processor 0x0000070202 [0x410fd082]
[    2.164822] Detected PIPT I-cache on CPU59
[    2.164863] GICv3: CPU59: found redistributor 70203 region 59:0x000004006d3c0000
[    2.164875] GICv3: CPU59: using allocated LPI pending table @0x0000001041b50000
[    2.165055] arch_timer: CPU59: Trapping CNTVCT access
[    2.165058] CPU59: Booted secondary processor 0x0000070203 [0x410fd082]
[    2.167692] Detected PIPT I-cache on CPU60
[    2.167739] GICv3: CPU60: found redistributor 70300 region 60:0x000004006d400000
[    2.167754] GICv3: CPU60: using allocated LPI pending table @0x0000001041b60000
[    2.167938] arch_timer: CPU60: Trapping CNTVCT access
[    2.167942] CPU60: Booted secondary processor 0x0000070300 [0x410fd082]
[    2.260578] Detected PIPT I-cache on CPU61
[    2.260621] GICv3: CPU61: found redistributor 70301 region 61:0x000004006d440000
[    2.260633] GICv3: CPU61: using allocated LPI pending table @0x0000001041b70000
[    2.260812] arch_timer: CPU61: Trapping CNTVCT access
[    2.260815] CPU61: Booted secondary processor 0x0000070301 [0x410fd082]
[    2.263462] Detected PIPT I-cache on CPU62
[    2.263503] GICv3: CPU62: found redistributor 70302 region 62:0x000004006d480000
[    2.263515] GICv3: CPU62: using allocated LPI pending table @0x0000001041b80000
[    2.263694] arch_timer: CPU62: Trapping CNTVCT access
[    2.263698] CPU62: Booted secondary processor 0x0000070302 [0x410fd082]
[    2.266342] Detected PIPT I-cache on CPU63
[    2.266384] GICv3: CPU63: found redistributor 70303 region 63:0x000004006d4c0000
[    2.266395] GICv3: CPU63: using allocated LPI pending table @0x0000001041b90000
[    2.266575] arch_timer: CPU63: Trapping CNTVCT access
[    2.266578] CPU63: Booted secondary processor 0x0000070303 [0x410fd082]
[    2.356730] smp: Brought up 4 nodes, 64 CPUs
[    2.356734] SMP: Total of 64 processors activated.
[    2.356736] CPU features: detected: 32-bit EL0 Support
[    2.356738] CPU features: detected: 32-bit EL1 Support
[    2.356741] CPU features: detected: CRC32 instructions
[    2.359238] CPU: All CPU(s) started at EL2
[    2.359381] alternatives: patching kernel code
[    2.365486] devtmpfs: initialized
[    2.365951] KASLR disabled due to lack of seed
[    2.366055] clocksource: jiffies: mask: 0xffffffff max_cycles: 0xffffffff, max_idle_ns: 7645041785100000 ns
[    2.366144] futex hash table entries: 16384 (order: 8, 1048576 bytes, vmalloc)
[    2.366741] pinctrl core: initialized pinctrl subsystem
[    2.367131] SMBIOS 3.0.0 present.
[    2.367137] DMI: Huawei Taishan 2280 /D05, BIOS Hisilicon D05 IT21 Nemo 2.0 RC0 04/18/2018
[    2.367578] NET: Registered PF_NETLINK/PF_ROUTE protocol family
[    2.378252] DMA: preallocated 4096 KiB GFP_KERNEL pool for atomic allocations
[    2.379113] DMA: preallocated 4096 KiB GFP_KERNEL|GFP_DMA pool for atomic allocations
[    2.379880] DMA: preallocated 4096 KiB GFP_KERNEL|GFP_DMA32 pool for atomic allocations
[    2.379902] audit: initializing netlink subsys (disabled)
[    2.379959] audit: type=2000 audit(2.316:1): state=initialized audit_enabled=0 res=1
[    2.380267] thermal_sys: Registered thermal governor 'step_wise'
[    2.380269] thermal_sys: Registered thermal governor 'power_allocator'
[    2.380302] cpuidle: using governor menu
[    2.380471] hw-breakpoint: found 6 breakpoint and 4 watchpoint registers.
[    2.381253] ASID allocator initialised with 32768 entries
[    2.381256] HugeTLB: can optimize 4095 vmemmap pages for hugepages-1048576kB
[    2.381259] HugeTLB: can optimize 127 vmemmap pages for hugepages-32768kB
[    2.381261] HugeTLB: can optimize 7 vmemmap pages for hugepages-2048kB
[    2.381263] HugeTLB: can optimize 0 vmemmap pages for hugepages-64kB
[    2.381558] acpiphp: ACPI Hot Plug PCI Controller Driver version: 0.5
[    2.381709] Serial: AMBA PL011 UART driver
[    2.386024] HugeTLB registered 1.00 GiB page size, pre-allocated 0 pages
[    2.386027] HugeTLB registered 32.0 MiB page size, pre-allocated 0 pages
[    2.386030] HugeTLB registered 2.00 MiB page size, pre-allocated 0 pages
[    2.386032] HugeTLB registered 64.0 KiB page size, pre-allocated 0 pages
[    2.388735] ACPI: Added _OSI(Module Device)
[    2.388738] ACPI: Added _OSI(Processor Device)
[    2.388740] ACPI: Added _OSI(3.0 _SCP Extensions)
[    2.388742] ACPI: Added _OSI(Processor Aggregator Device)
[    2.388744] ACPI: Added _OSI(Linux-Dell-Video)
[    2.388746] ACPI: Added _OSI(Linux-Lenovo-NV-HDMI-Audio)
[    2.388748] ACPI: Added _OSI(Linux-HPI-Hybrid-Graphics)
[    2.391091] ACPI: 1 ACPI AML tables successfully acquired and loaded
[    2.392708] ACPI: Interpreter enabled
[    2.392710] ACPI: Using GIC for interrupt routing
[    2.392723] ACPI: MCFG table detected, 8 entries
[    2.392728] ACPI: IORT: SMMU-v3[a0040000] Mapped to Proximity domain 0
[    2.392780] ACPI: IORT: SMMU-v3[700a0040000] Mapped to Proximity domain 3
[    2.392818] ACPI: IORT: SMMU-v3[c0040000] Mapped to Proximity domain 0
[    2.392853] ACPI: IORT: SMMU-v3[8a0040000] Mapped to Proximity domain 1
[    2.392891] ACPI: IORT: SMMU-v3[600a0040000] Mapped to Proximity domain 2
[    2.422085] ACPI: PCI Root Bridge [PCI2] (domain 0002 [bus f8-ff])
[    2.422092] acpi PNP0A08:00: _OSC: OS supports [ExtendedConfig Segments MSI HPX-Type3]
[    2.422096] acpi PNP0A08:00: _OSC: not requesting OS control; OS requires [ExtendedConfig ASPM ClockPM MSI]
[    2.422172] acpi PNP0A08:00: MCFG quirk: ECAM at [mem 0xaf800000-0xafffffff] for [bus f8-ff] with hisi_pcie_ops
[    2.423148] acpi PNP0A08:00: ECAM area [mem 0xaf800000-0xafffffff] reserved by PNP0C02:00
[    2.423573] acpi PNP0A08:00: ECAM at [mem 0xaf800000-0xafffffff] for [bus f8-ff]
[    2.423613] ACPI: Remapped I/O 0x00000000af7f0000 to [io  0x0000-0xffff window]
[    2.423669] PCI host bridge to bus 0002:f8
[    2.423671] pci_bus 0002:f8: root bus resource [mem 0xa8000000-0xaf7effff window]
[    2.423674] pci_bus 0002:f8: root bus resource [io  0x0000-0xffff window]
[    2.423677] pci_bus 0002:f8: root bus resource [bus f8-ff]
[    2.423694] pci 0002:f8:00.0: [19e5:1610] type 01 class 0x060400
[    2.423697] pci_bus 0002:f8: 2-byte config write to 0002:f8:00.0 offset 0x4 may corrupt adjacent RW1C bits
[    2.423705] pci 0002:f8:00.0: reg 0x10: [mem 0x00000000-0x0000ffff]
[    2.423738] pci 0002:f8:00.0: supports D1 D2
[    2.423740] pci 0002:f8:00.0: PME# supported from D0 D1 D3hot
[    2.423877] pci 0002:f9:00.0: [9710:9912] type 00 class 0x070002
[    2.423899] pci 0002:f9:00.0: reg 0x10: [io  0x0000-0x0007]
[    2.423910] pci 0002:f9:00.0: reg 0x14: [mem 0xa8005000-0xa8005fff]
[    2.423946] pci 0002:f9:00.0: reg 0x24: [mem 0xa8004000-0xa8004fff]
[    2.424038] pci 0002:f9:00.0: PME# supported from D3hot D3cold
[    2.424176] pci 0002:f9:00.1: [9710:9912] type 00 class 0x070002
[    2.424197] pci 0002:f9:00.1: reg 0x10: [io  0x0000-0x0007]
[    2.424208] pci 0002:f9:00.1: reg 0x14: [mem 0xa8003000-0xa8003fff]
[    2.424244] pci 0002:f9:00.1: reg 0x24: [mem 0xa8002000-0xa8002fff]
[    2.424323] pci 0002:f9:00.1: PME# supported from D3hot D3cold
[    2.424435] pci 0002:f9:00.2: [9710:9912] type 00 class 0x070103
[    2.424456] pci 0002:f9:00.2: reg 0x10: [io  0x0000-0x0007]
[    2.424467] pci 0002:f9:00.2: reg 0x14: [io  0x0000-0x0007]
[    2.424477] pci 0002:f9:00.2: reg 0x18: [mem 0xa8001000-0xa8001fff]
[    2.424505] pci 0002:f9:00.2: reg 0x24: [mem 0xa8000000-0xa8000fff]
[    2.424583] pci 0002:f9:00.2: PME# supported from D3hot D3cold
[    2.424688] pci_bus 0002:f8: on NUMA node 0
[    2.424696] pci 0002:f8:00.0: BAR 14: assigned [mem 0xa8000000-0xa80fffff]
[    2.424699] pci 0002:f8:00.0: BAR 0: assigned [mem 0xa8100000-0xa810ffff]
[    2.424703] pci 0002:f8:00.0: BAR 13: assigned [io  0x1000-0x1fff]
[    2.424707] pci 0002:f9:00.0: BAR 1: assigned [mem 0xa8000000-0xa8000fff]
[    2.424713] pci 0002:f9:00.0: BAR 5: assigned [mem 0xa8001000-0xa8001fff]
[    2.424719] pci 0002:f9:00.1: BAR 1: assigned [mem 0xa8002000-0xa8002fff]
[    2.424725] pci 0002:f9:00.1: BAR 5: assigned [mem 0xa8003000-0xa8003fff]
[    2.424731] pci 0002:f9:00.2: BAR 2: assigned [mem 0xa8004000-0xa8004fff]
[    2.424736] pci 0002:f9:00.2: BAR 5: assigned [mem 0xa8005000-0xa8005fff]
[    2.424742] pci 0002:f9:00.0: BAR 0: assigned [io  0x1000-0x1007]
[    2.424748] pci 0002:f9:00.1: BAR 0: assigned [io  0x1008-0x100f]
[    2.424754] pci 0002:f9:00.2: BAR 0: assigned [io  0x1010-0x1017]
[    2.424759] pci 0002:f9:00.2: BAR 1: assigned [io  0x1018-0x101f]
[    2.424766] pci 0002:f8:00.0: PCI bridge to [bus f9]
[    2.424769] pci 0002:f8:00.0:   bridge window [io  0x1000-0x1fff]
[    2.424772] pci 0002:f8:00.0:   bridge window [mem 0xa8000000-0xa80fffff]
[    2.424776] pci_bus 0002:f8: resource 4 [mem 0xa8000000-0xaf7effff window]
[    2.424778] pci_bus 0002:f8: resource 5 [io  0x0000-0xffff window]
[    2.424781] pci_bus 0002:f9: resource 0 [io  0x1000-0x1fff]
[    2.424783] pci_bus 0002:f9: resource 1 [mem 0xa8000000-0xa80fffff]
[    2.424956] ACPI: PCI Root Bridge [PCI4] (domain 0004 [bus 88-8f])
[    2.424962] acpi PNP0A08:01: _OSC: OS supports [ExtendedConfig Segments MSI HPX-Type3]
[    2.424964] acpi PNP0A08:01: _OSC: not requesting OS control; OS requires [ExtendedConfig ASPM ClockPM MSI]
[    2.425034] acpi PNP0A08:01: MCFG quirk: ECAM at [mem 0x8a8800000-0x8a8ffffff] for [bus 88-8f] with hisi_pcie_ops
[    2.426326] acpi PNP0A08:01: ECAM area [mem 0x8a8800000-0x8a8ffffff] reserved by PNP0C02:01
[    2.426789] acpi PNP0A08:01: ECAM at [mem 0x8a8800000-0x8a8ffffff] for [bus 88-8f]
[    2.426819] ACPI: Remapped I/O 0x00000008abff0000 to [io  0x10000-0x1ffff window]
[    2.426868] PCI host bridge to bus 0004:88
[    2.426871] pci_bus 0004:88: root bus resource [mem 0x8a9000000-0x8abfeffff window] (bus address [0xa9000000-0xabfeffff])
[    2.426875] pci_bus 0004:88: root bus resource [io  0x10000-0x1ffff window] (bus address [0x0000-0xffff])
[    2.426878] pci_bus 0004:88: root bus resource [bus 88-8f]
[    2.426890] pci 0004:88:00.0: [19e5:1610] type 01 class 0x060400
[    2.426894] pci_bus 0004:88: 2-byte config write to 0004:88:00.0 offset 0x4 may corrupt adjacent RW1C bits
[    2.426901] pci 0004:88:00.0: reg 0x10: [mem 0x00000000-0x0000ffff]
[    2.426932] pci 0004:88:00.0: supports D1 D2
[    2.426934] pci 0004:88:00.0: PME# supported from D0 D1 D3hot
[    2.478243] pci_bus 0004:88: on NUMA node 1
[    2.478248] pci 0004:88:00.0: BAR 0: assigned [mem 0x8a9000000-0x8a900ffff]
[    2.478251] pci 0004:88:00.0: PCI bridge to [bus 89]
[    2.478257] pci_bus 0004:88: resource 4 [mem 0x8a9000000-0x8abfeffff window]
[    2.478259] pci_bus 0004:88: resource 5 [io  0x10000-0x1ffff window]
[    2.478435] ACPI: PCI Root Bridge [PCI5] (domain 0005 [bus 78-7f])
[    2.478440] acpi PNP0A08:02: _OSC: OS supports [ExtendedConfig Segments MSI HPX-Type3]
[    2.478443] acpi PNP0A08:02: _OSC: not requesting OS control; OS requires [ExtendedConfig ASPM ClockPM MSI]
[    2.478512] acpi PNP0A08:02: MCFG quirk: ECAM at [mem 0x8b7800000-0x8b7ffffff] for [bus 78-7f] with hisi_pcie_ops
[    2.479786] acpi PNP0A08:02: ECAM area [mem 0x8b7800000-0x8b7ffffff] reserved by PNP0C02:01
[    2.480288] acpi PNP0A08:02: ECAM at [mem 0x8b7800000-0x8b7ffffff] for [bus 78-7f]
[    2.480315] ACPI: Remapped I/O 0x00000008b77f0000 to [io  0x20000-0x2ffff window]
[    2.480366] PCI host bridge to bus 0005:78
[    2.480368] pci_bus 0005:78: root bus resource [mem 0x8b0000000-0x8b77effff window] (bus address [0xb0000000-0xb77effff])
[    2.480371] pci_bus 0005:78: root bus resource [io  0x20000-0x2ffff window] (bus address [0x0000-0xffff])
[    2.480374] pci_bus 0005:78: root bus resource [bus 78-7f]
[    2.480387] pci 0005:78:00.0: [19e5:1610] type 01 class 0x060400
[    2.480391] pci_bus 0005:78: 2-byte config write to 0005:78:00.0 offset 0x4 may corrupt adjacent RW1C bits
[    2.480398] pci 0005:78:00.0: reg 0x10: [mem 0x00000000-0x00000fff]
[    2.480406] pci 0005:78:00.0: reg 0x38: [mem 0xfffe0000-0xffffffff pref]
[    2.480434] pci 0005:78:00.0: supports D1 D2
[    2.480435] pci 0005:78:00.0: PME# supported from D0 D1 D3hot
[    2.531733] pci_bus 0005:78: on NUMA node 1
[    2.531737] pci 0005:78:00.0: BAR 6: assigned [mem 0x8b0000000-0x8b001ffff pref]
[    2.531740] pci 0005:78:00.0: BAR 0: assigned [mem 0x8b0020000-0x8b0020fff]
[    2.531744] pci 0005:78:00.0: PCI bridge to [bus 79]
[    2.531750] pci_bus 0005:78: resource 4 [mem 0x8b0000000-0x8b77effff window]
[    2.531752] pci_bus 0005:78: resource 5 [io  0x20000-0x2ffff window]
[    2.531918] ACPI: PCI Root Bridge [PCI6] (domain 0006 [bus c0-c7])
[    2.531923] acpi PNP0A08:03: _OSC: OS supports [ExtendedConfig Segments MSI HPX-Type3]
[    2.531926] acpi PNP0A08:03: _OSC: not requesting OS control; OS requires [ExtendedConfig ASPM ClockPM MSI]
[    2.531996] acpi PNP0A08:03: MCFG quirk: ECAM at [mem 0x8ac000000-0x8ac7fffff] for [bus c0-c7] with hisi_pcie_ops
[    2.533261] acpi PNP0A08:03: ECAM area [mem 0x8ac000000-0x8ac7fffff] reserved by PNP0C02:01
[    2.533798] acpi PNP0A08:03: ECAM at [mem 0x8ac000000-0x8ac7fffff] for [bus c0-c7]
[    2.533826] ACPI: Remapped I/O 0x00000008afff0000 to [io  0x30000-0x3ffff window]
[    2.533870] PCI host bridge to bus 0006:c0
[    2.533873] pci_bus 0006:c0: root bus resource [mem 0x8ac900000-0x8affeffff window] (bus address [0xac900000-0xaffeffff])
[    2.533876] pci_bus 0006:c0: root bus resource [io  0x30000-0x3ffff window] (bus address [0x0000-0xffff])
[    2.533879] pci_bus 0006:c0: root bus resource [bus c0-c7]
[    2.533890] pci 0006:c0:00.0: [19e5:1610] type 01 class 0x060400
[    2.533894] pci_bus 0006:c0: 2-byte config write to 0006:c0:00.0 offset 0x4 may corrupt adjacent RW1C bits
[    2.533902] pci 0006:c0:00.0: reg 0x10: [mem 0x00000000-0x0000ffff]
[    2.533933] pci 0006:c0:00.0: supports D1 D2
[    2.533935] pci 0006:c0:00.0: PME# supported from D0 D1 D3hot
[    2.585228] pci_bus 0006:c0: on NUMA node 1
[    2.585232] pci 0006:c0:00.0: BAR 0: assigned [mem 0x8ac900000-0x8ac90ffff]
[    2.585236] pci 0006:c0:00.0: PCI bridge to [bus c1]
[    2.585241] pci_bus 0006:c0: resource 4 [mem 0x8ac900000-0x8affeffff window]
[    2.585244] pci_bus 0006:c0: resource 5 [io  0x30000-0x3ffff window]
[    2.585410] ACPI: PCI Root Bridge [PCI7] (domain 0007 [bus 90-97])
[    2.585415] acpi PNP0A08:04: _OSC: OS supports [ExtendedConfig Segments MSI HPX-Type3]
[    2.585418] acpi PNP0A08:04: _OSC: not requesting OS control; OS requires [ExtendedConfig ASPM ClockPM MSI]
[    2.585488] acpi PNP0A08:04: MCFG quirk: ECAM at [mem 0x8b9000000-0x8b97fffff] for [bus 90-97] with hisi_pcie_ops
[    2.586760] acpi PNP0A08:04: ECAM area [mem 0x8b9000000-0x8b97fffff] reserved by PNP0C02:01
[    2.587335] acpi PNP0A08:04: ECAM at [mem 0x8b9000000-0x8b97fffff] for [bus 90-97]
[    2.587364] ACPI: Remapped I/O 0x00000008bfff0000 to [io  0x40000-0x4ffff window]
[    2.587407] PCI host bridge to bus 0007:90
[    2.587410] pci_bus 0007:90: root bus resource [mem 0x8b9800000-0x8bffeffff window] (bus address [0xb9800000-0xbffeffff])
[    2.587413] pci_bus 0007:90: root bus resource [io  0x40000-0x4ffff window] (bus address [0x0000-0xffff])
[    2.587416] pci_bus 0007:90: root bus resource [bus 90-97]
[    2.587428] pci 0007:90:00.0: [19e5:1610] type 01 class 0x060400
[    2.587431] pci_bus 0007:90: 2-byte config write to 0007:90:00.0 offset 0x4 may corrupt adjacent RW1C bits
[    2.587466] pci 0007:90:00.0: supports D1 D2
[    2.587468] pci 0007:90:00.0: PME# supported from D0 D1 D3hot
[    2.587565] pci 0007:91:00.0: [19e5:1711] type 00 class 0x030000
[    2.587586] pci 0007:91:00.0: reg 0x10: [mem 0x8ba000000-0x8bbffffff pref]
[    2.587598] pci 0007:91:00.0: reg 0x14: [mem 0x8b9800000-0x8b99fffff]
[    2.587705] pci 0007:91:00.0: supports D1
[    2.587707] pci 0007:91:00.0: PME# supported from D0 D1 D3hot
[    2.587789] pci_bus 0007:90: on NUMA node 1
[    2.587793] pci 0007:90:00.0: BAR 14: assigned [mem 0x8ba000000-0x8bcffffff]
[    2.587796] pci 0007:91:00.0: BAR 0: assigned [mem 0x8ba000000-0x8bbffffff pref]
[    2.587801] pci 0007:91:00.0: BAR 1: assigned [mem 0x8bc000000-0x8bc1fffff]
[    2.587807] pci 0007:90:00.0: PCI bridge to [bus 91]
[    2.587810] pci 0007:90:00.0:   bridge window [mem 0x8ba000000-0x8bcffffff]
[    2.587814] pci_bus 0007:90: resource 4 [mem 0x8b9800000-0x8bffeffff window]
[    2.587816] pci_bus 0007:90: resource 5 [io  0x40000-0x4ffff window]
[    2.587819] pci_bus 0007:91: resource 1 [mem 0x8ba000000-0x8bcffffff]
[    2.587990] ACPI: PCI Root Bridge [PCIA] (domain 000a [bus 10-1f])
[    2.587995] acpi PNP0A08:05: _OSC: OS supports [ExtendedConfig Segments MSI HPX-Type3]
[    2.587998] acpi PNP0A08:05: _OSC: not requesting OS control; OS requires [ExtendedConfig ASPM ClockPM MSI]
[    2.588068] acpi PNP0A08:05: MCFG quirk: ECAM at [mem 0x64001000000-0x64001ffffff] for [bus 10-1f] with hisi_pcie_ops
[    2.589384] acpi PNP0A08:05: ECAM area [mem 0x64001000000-0x64001ffffff] reserved by PNP0C02:02
[    2.589985] acpi PNP0A08:05: ECAM at [mem 0x64001000000-0x64001ffffff] for [bus 10-1f]
[    2.590012] ACPI: Remapped I/O 0x0000067fffff0000 to [io  0x50000-0x5ffff window]
[    2.590055] PCI host bridge to bus 000a:10
[    2.590057] pci_bus 000a:10: root bus resource [mem 0x65040000000-0x650efffffff window] (bus address [0x40000000-0xefffffff])
[    2.590061] pci_bus 000a:10: root bus resource [io  0x50000-0x5ffff window] (bus address [0x0000-0xffff])
[    2.590063] pci_bus 000a:10: root bus resource [bus 10-1f]
[    2.590077] pci 000a:10:00.0: [19e5:1610] type 01 class 0x060400
[    2.590080] pci_bus 000a:10: 2-byte config write to 000a:10:00.0 offset 0x4 may corrupt adjacent RW1C bits
[    2.590089] pci 000a:10:00.0: reg 0x10: [mem 0x00000000-0x0000ffff]
[    2.590127] pci 000a:10:00.0: supports D1 D2
[    2.590129] pci 000a:10:00.0: PME# supported from D0 D1 D3hot
[    2.641427] pci_bus 000a:10: on NUMA node 2
[    2.641431] pci 000a:10:00.0: BAR 0: assigned [mem 0x65040000000-0x6504000ffff]
[    2.641435] pci 000a:10:00.0: PCI bridge to [bus 11]
[    2.641441] pci_bus 000a:10: resource 4 [mem 0x65040000000-0x650efffffff window]
[    2.641444] pci_bus 000a:10: resource 5 [io  0x50000-0x5ffff window]
[    2.641605] ACPI: PCI Root Bridge [PCIC] (domain 000c [bus 20-2f])
[    2.641610] acpi PNP0A08:06: _OSC: OS supports [ExtendedConfig Segments MSI HPX-Type3]
[    2.641613] acpi PNP0A08:06: _OSC: not requesting OS control; OS requires [ExtendedConfig ASPM ClockPM MSI]
[    2.641682] acpi PNP0A08:06: MCFG quirk: ECAM at [mem 0x74002000000-0x74002ffffff] for [bus 20-2f] with hisi_pcie_ops
[    2.643171] acpi PNP0A08:06: ECAM area [mem 0x74002000000-0x74002ffffff] reserved by PNP0C02:03
[    2.643812] acpi PNP0A08:06: ECAM at [mem 0x74002000000-0x74002ffffff] for [bus 20-2f]
[    2.643841] ACPI: Remapped I/O 0x0000077fffff0000 to [io  0x60000-0x6ffff window]
[    2.643889] PCI host bridge to bus 000c:20
[    2.643892] pci_bus 000c:20: root bus resource [mem 0x75040000000-0x750efffffff window] (bus address [0x40000000-0xefffffff])
[    2.643895] pci_bus 000c:20: root bus resource [io  0x60000-0x6ffff window] (bus address [0x0000-0xffff])
[    2.643898] pci_bus 000c:20: root bus resource [bus 20-2f]
[    2.643912] pci 000c:20:00.0: [19e5:1610] type 01 class 0x060400
[    2.643915] pci_bus 000c:20: 2-byte config write to 000c:20:00.0 offset 0x4 may corrupt adjacent RW1C bits
[    2.643926] pci 000c:20:00.0: reg 0x10: [mem 0x00000000-0x0000ffff]
[    2.643971] pci 000c:20:00.0: supports D1 D2
[    2.643973] pci 000c:20:00.0: PME# supported from D0 D1 D3hot
[    2.695278] pci_bus 000c:20: on NUMA node 3
[    2.695282] pci 000c:20:00.0: BAR 0: assigned [mem 0x75040000000-0x7504000ffff]
[    2.695286] pci 000c:20:00.0: PCI bridge to [bus 21]
[    2.695294] pci_bus 000c:20: resource 4 [mem 0x75040000000-0x750efffffff window]
[    2.695296] pci_bus 000c:20: resource 5 [io  0x60000-0x6ffff window]
[    2.695461] ACPI: PCI Root Bridge [PCID] (domain 000d [bus 30-3f])
[    2.695467] acpi PNP0A08:07: _OSC: OS supports [ExtendedConfig Segments MSI HPX-Type3]
[    2.695470] acpi PNP0A08:07: _OSC: not requesting OS control; OS requires [ExtendedConfig ASPM ClockPM MSI]
[    2.695538] acpi PNP0A08:07: MCFG quirk: ECAM at [mem 0x78003000000-0x78003ffffff] for [bus 30-3f] with hisi_pcie_ops
[    2.696998] acpi PNP0A08:07: ECAM area [mem 0x78003000000-0x78003ffffff] reserved by PNP0C02:03
[    2.697678] acpi PNP0A08:07: ECAM at [mem 0x78003000000-0x78003ffffff] for [bus 30-3f]
[    2.697706] ACPI: Remapped I/O 0x000007bfffff0000 to [io  0x70000-0x7ffff window]
[    2.697749] PCI host bridge to bus 000d:30
[    2.697752] pci_bus 000d:30: root bus resource [mem 0x79040000000-0x790efffffff window] (bus address [0x40000000-0xefffffff])
[    2.697755] pci_bus 000d:30: root bus resource [io  0x70000-0x7ffff window] (bus address [0x0000-0xffff])
[    2.697758] pci_bus 000d:30: root bus resource [bus 30-3f]
[    2.697773] pci 000d:30:00.0: [19e5:1610] type 01 class 0x060400
[    2.697776] pci_bus 000d:30: 2-byte config write to 000d:30:00.0 offset 0x4 may corrupt adjacent RW1C bits
[    2.697787] pci 000d:30:00.0: reg 0x10: [mem 0x00000000-0x00000fff]
[    2.697798] pci 000d:30:00.0: reg 0x38: [mem 0xfffe0000-0xffffffff pref]
[    2.697837] pci 000d:30:00.0: supports D1 D2
[    2.697839] pci 000d:30:00.0: PME# supported from D0 D1 D3hot
[    2.749147] pci_bus 000d:30: on NUMA node 3
[    2.749151] pci 000d:30:00.0: BAR 6: assigned [mem 0x79040000000-0x7904001ffff pref]
[    2.749154] pci 000d:30:00.0: BAR 0: assigned [mem 0x79040020000-0x79040020fff]
[    2.749158] pci 000d:30:00.0: PCI bridge to [bus 31]
[    2.749166] pci_bus 000d:30: resource 4 [mem 0x79040000000-0x790efffffff window]
[    2.749169] pci_bus 000d:30: resource 5 [io  0x70000-0x7ffff window]
[    2.750831] iommu: Default domain type: Translated 
[    2.750833] iommu: DMA domain TLB invalidation policy: lazy mode (set via kernel command line)
[    2.750957] SCSI subsystem initialized
[    2.751025] libata version 3.00 loaded.
[    2.751068] ACPI: bus type USB registered
[    2.751097] usbcore: registered new interface driver usbfs
[    2.751107] usbcore: registered new interface driver hub
[    2.751135] usbcore: registered new device driver usb
[    2.765273] pps_core: LinuxPPS API ver. 1 registered
[    2.765275] pps_core: Software ver. 5.3.6 - Copyright 2005-2007 Rodolfo Giometti <giometti@linux.it>
[    2.765279] PTP clock support registered
[    2.765308] EDAC MC: Ver: 3.0.0
[    2.765524] Registered efivars operations
[    2.766640] FPGA manager framework
[    2.766665] Advanced Linux Sound Architecture Driver Initialized.
[    2.766926] pci 0007:91:00.0: vgaarb: setting as boot VGA device
[    2.766929] pci 0007:91:00.0: vgaarb: bridge control possible
[    2.766931] pci 0007:91:00.0: vgaarb: VGA device added: decodes=io+mem,owns=none,locks=none
[    2.766934] vgaarb: loaded
[    2.767240] clocksource: Switched to clocksource arch_sys_counter
[    2.767338] VFS: Disk quotas dquot_6.6.0
[    2.767362] VFS: Dquot-cache hash table entries: 512 (order 0, 4096 bytes)
[    2.767457] pnp: PnP ACPI init
[    2.768111] system 00:01: [mem 0xa00a0000-0xa00affff] has been reserved
[    2.768174] system 00:02: [mem 0xaf800000-0xafffffff] could not be reserved
[    2.768283] system 00:03: [mem 0x8a0090000-0x8a009ffff] has been reserved
[    2.768388] system 00:04: [mem 0x8a0200000-0x8a020ffff] has been reserved
[    2.768486] system 00:05: [mem 0x8a00a0000-0x8a00affff] has been reserved
[    2.768590] system 00:06: [mem 0x8a00b0000-0x8a00bffff] has been reserved
[    2.768669] system 00:07: [mem 0x8a8800000-0x8a8ffffff] could not be reserved
[    2.768672] system 00:07: [mem 0x8b7800000-0x8b7ffffff] could not be reserved
[    2.768676] system 00:07: [mem 0x8ac000000-0x8ac7fffff] could not be reserved
[    2.768679] system 00:07: [mem 0x8b9000000-0x8b97fffff] could not be reserved
[    2.768750] system 00:08: [mem 0x600a00a0000-0x600a00affff] has been reserved
[    2.768812] system 00:09: [mem 0x64001000000-0x64001ffffff] could not be reserved
[    2.768914] system 00:0a: [mem 0x700a0090000-0x700a009ffff] has been reserved
[    2.769013] system 00:0b: [mem 0x700a0200000-0x700a020ffff] has been reserved
[    2.769092] system 00:0c: [mem 0x74002000000-0x74002ffffff] could not be reserved
[    2.769096] system 00:0c: [mem 0x78003000000-0x78003ffffff] could not be reserved
[    2.769251] pnp: PnP ACPI: found 13 devices
[    2.771619] NET: Registered PF_INET protocol family
[    2.772422] IP idents hash table entries: 262144 (order: 9, 2097152 bytes, vmalloc)
[    2.776705] tcp_listen_portaddr_hash hash table entries: 32768 (order: 7, 524288 bytes, vmalloc)
[    2.776885] Table-perturb hash table entries: 65536 (order: 6, 262144 bytes, vmalloc)
[    2.777208] TCP established hash table entries: 524288 (order: 10, 4194304 bytes, vmalloc)
[    2.778214] TCP bind hash table entries: 65536 (order: 8, 1048576 bytes, vmalloc)
[    2.778499] TCP: Hash tables configured (established 524288 bind 65536)
[    2.778704] UDP hash table entries: 32768 (order: 8, 1048576 bytes, vmalloc)
[    2.778996] UDP-Lite hash table entries: 32768 (order: 8, 1048576 bytes, vmalloc)
[    2.779401] NET: Registered PF_UNIX/PF_LOCAL protocol family
[    2.779549] RPC: Registered named UNIX socket transport module.
[    2.779551] RPC: Registered udp transport module.
[    2.779553] RPC: Registered tcp transport module.
[    2.779554] RPC: Registered tcp NFSv4.1 backchannel transport module.
[    2.779584] PCI: CLS 0 bytes, default 64
[    2.782506] hw perfevents: enabled with armv8_pmuv3_0 PMU driver, 7 counters available
[    2.782566] kvm [1]: IPA Size Limit: 44 bits
[    2.783714] kvm [1]: GICv4 support disabled
[    2.783718] kvm [1]: vgic-v2@fe020000
[    2.783744] kvm [1]: GIC system register CPU interface enabled
[    2.784631] kvm [1]: vgic interrupt IRQ9
[    2.785445] kvm [1]: Hyp mode initialized successfully
[    2.786921] Initialise system trusted keyrings
[    2.787032] workingset: timestamp_bits=42 max_order=24 bucket_order=0
[    2.789706] squashfs: version 4.0 (2009/01/31) Phillip Lougher
[    2.789923] NFS: Registering the id_resolver key type
[    2.789933] Key type id_resolver registered
[    2.789935] Key type id_legacy registered
[    2.789964] nfs4filelayout_init: NFSv4 File Layout Driver Registering...
[    2.789966] nfs4flexfilelayout_init: NFSv4 Flexfile Layout Driver Registering...
[    2.790008] 9p: Installing v9fs 9p2000 file system support
[    2.806204] Key type asymmetric registered
[    2.806206] Asymmetric key parser 'x509' registered
[    2.806222] Block layer SCSI generic (bsg) driver version 0.4 loaded (major 245)
[    2.806225] io scheduler mq-deadline registered
[    2.806227] io scheduler kyber registered
[    2.808385] hisi-lpc HISI0191:00: registered range [0x0000000000ffbfff - 0x0000000000ffffff]
[    2.810230] pcieport 0006:c0:00.0: can't derive routing for PCI INT A
[    2.810233] pcieport 0006:c0:00.0: PCI INT A: no GSI
[    2.810339] pcieport 0007:90:00.0: can't derive routing for PCI INT A
[    2.810341] pcieport 0007:90:00.0: PCI INT A: no GSI
[    2.811156] input: Power Button as /devices/LNXSYSTM:00/LNXSYBUS:00/PNP0C0C:00/input/input0
[    2.811190] ACPI: button: Power Button [PWRB]
[    2.812229] EINJ: EINJ table not found.
[    2.817297] Serial: 8250/16550 driver, 4 ports, IRQ sharing enabled
[    2.838494] serial8250.6.auto: ttyS1 at I/O 0xffc2f7 (irq = 0, base_baud = 115200) is a 16550A
[    2.839045] SuperH (H)SCI(F) driver initialized
[    2.839139] msm_serial: driver initialized
[    2.839401] arm-smmu-v3 arm-smmu-v3.0.auto: option mask 0x1
[    2.839413] arm-smmu-v3 arm-smmu-v3.0.auto: ias 44-bit, oas 44-bit (features 0x00000f0d)
[    2.839651] arm-smmu-v3 arm-smmu-v3.0.auto: allocated 65536 entries for cmdq
[    2.839809] arm-smmu-v3 arm-smmu-v3.0.auto: allocated 32768 entries for evtq
[    2.841079] arm-smmu-v3 arm-smmu-v3.0.auto: no evtq irq - events will not be reported!
[    2.841082] arm-smmu-v3 arm-smmu-v3.0.auto: no gerr irq - errors will not be reported!
[    2.841158] arm-smmu-v3 arm-smmu-v3.1.auto: option mask 0x1
[    2.841176] arm-smmu-v3 arm-smmu-v3.1.auto: ias 44-bit, oas 44-bit (features 0x00000f0d)
[    2.841344] arm-smmu-v3 arm-smmu-v3.1.auto: allocated 65536 entries for cmdq
[    2.841542] arm-smmu-v3 arm-smmu-v3.1.auto: allocated 32768 entries for evtq
[    2.843827] arm-smmu-v3 arm-smmu-v3.1.auto: no evtq irq - events will not be reported!
[    2.843829] arm-smmu-v3 arm-smmu-v3.1.auto: no gerr irq - errors will not be reported!
[    2.843869] arm-smmu-v3 arm-smmu-v3.2.auto: option mask 0x1
[    2.843881] arm-smmu-v3 arm-smmu-v3.2.auto: ias 44-bit, oas 44-bit (features 0x00000f0d)
[    2.844090] arm-smmu-v3 arm-smmu-v3.2.auto: allocated 65536 entries for cmdq
[    2.844239] arm-smmu-v3 arm-smmu-v3.2.auto: allocated 32768 entries for evtq
[    2.845463] arm-smmu-v3 arm-smmu-v3.2.auto: no evtq irq - events will not be reported!
[    2.845466] arm-smmu-v3 arm-smmu-v3.2.auto: no gerr irq - errors will not be reported!
[    2.845509] arm-smmu-v3 arm-smmu-v3.3.auto: option mask 0x1
[    2.845523] arm-smmu-v3 arm-smmu-v3.3.auto: ias 44-bit, oas 44-bit (features 0x00000f0d)
[    2.845700] arm-smmu-v3 arm-smmu-v3.3.auto: allocated 65536 entries for cmdq
[    2.845893] arm-smmu-v3 arm-smmu-v3.3.auto: allocated 32768 entries for evtq
[    2.847048] arm-smmu-v3 arm-smmu-v3.3.auto: no evtq irq - events will not be reported!
[    2.847051] arm-smmu-v3 arm-smmu-v3.3.auto: no gerr irq - errors will not be reported!
[    2.847098] arm-smmu-v3 arm-smmu-v3.4.auto: option mask 0x1
[    2.847116] arm-smmu-v3 arm-smmu-v3.4.auto: ias 44-bit, oas 44-bit (features 0x00000f0d)
[    2.847350] arm-smmu-v3 arm-smmu-v3.4.auto: allocated 65536 entries for cmdq
[    2.847508] arm-smmu-v3 arm-smmu-v3.4.auto: allocated 32768 entries for evtq
[    2.849788] arm-smmu-v3 arm-smmu-v3.4.auto: no evtq irq - events will not be reported!
[    2.849791] arm-smmu-v3 arm-smmu-v3.4.auto: no gerr irq - errors will not be reported!
[    2.863542] loop: module loaded
[    2.863864] megasas: 07.719.03.00-rc1
[    2.864009] ACPI: IORT: [Firmware Bug]: Named component missing memory address limit
[    2.864156] hisi_sas_v2_hw HISI0162:01: Adding to iommu group 0
[    2.886100] scsi host0: hisi_sas_v2_hw
[    3.506629] hisi_sas_v2_hw HISI0162:01: phyup: phy0 link_rate=11
[    3.506638] hisi_sas_v2_hw HISI0162:01: phyup: phy1 link_rate=11
[    3.506736] sas: phy-0:0 added to port-0:0, phy_mask:0x1 (500e004aaaaaaa1f)
[    3.506751] sas: DOING DISCOVERY on port 0, pid:456
[    3.507046] hisi_sas_v2_hw HISI0162:01: dev[0:2] found
[    3.507581] sas: ex 500e004aaaaaaa1f phy00:U:0 attached: 0000000000000000 (no device)
[    3.507701] sas: ex 500e004aaaaaaa1f phy01:U:B attached: 5001e82002865f0e (ssp)
[    3.507797] sas: ex 500e004aaaaaaa1f phy02:U:A attached: 500e004aaaaaaa02 (stp)
[    3.507891] sas: ex 500e004aaaaaaa1f phy03:U:0 attached: 0000000000000000 (no device)
[    3.507987] sas: ex 500e004aaaaaaa1f phy04:U:B attached: 5001e8200287321e (ssp)
[    3.508085] sas: ex 500e004aaaaaaa1f phy05:U:B attached: 5000cca05b01d9c9 (ssp)
[    3.508181] sas: ex 500e004aaaaaaa1f phy06:U:0 attached: 0000000000000000 (no device)
[    3.508277] sas: ex 500e004aaaaaaa1f phy07:U:B attached: 5001e820028580ae (ssp)
[    3.508375] sas: ex 500e004aaaaaaa1f phy08:U:B attached: 5001e82002858496 (ssp)
[    3.508470] sas: ex 500e004aaaaaaa1f phy09:U:0 attached: 0000000000000000 (no device)
[    3.508566] sas: ex 500e004aaaaaaa1f phy10:U:B attached: 5001e82002862816 (ssp)
[    3.508674] sas: ex 500e004aaaaaaa1f phy11:U:B attached: 5001e8200285850a (ssp)
[    3.508772] sas: ex 500e004aaaaaaa1f phy12:U:0 attached: 0000000000000000 (no device)
[    3.508864] sas: ex 500e004aaaaaaa1f phy13:U:0 attached: 0000000000000000 (no device)
[    3.508960] sas: ex 500e004aaaaaaa1f phy14:U:0 attached: 0000000000000000 (no device)
[    3.509058] sas: ex 500e004aaaaaaa1f phy15:U:0 attached: 0000000000000000 (no device)
[    3.509155] sas: ex 500e004aaaaaaa1f phy16:U:0 attached: 0000000000000000 (no device)
[    3.509249] sas: ex 500e004aaaaaaa1f phy17:U:0 attached: 0000000000000000 (no device)
[    3.509345] sas: ex 500e004aaaaaaa1f phy18:U:0 attached: 0000000000000000 (no device)
[    3.509442] sas: ex 500e004aaaaaaa1f phy19:U:0 attached: 0000000000000000 (no device)
[    3.509538] sas: ex 500e004aaaaaaa1f phy20:U:0 attached: 0000000000000000 (no device)
[    3.509651] sas: ex 500e004aaaaaaa1f phy21:U:0 attached: 0000000000000000 (no device)
[    3.509755] sas: ex 500e004aaaaaaa1f phy22:U:0 attached: 0000000000000000 (no device)
[    3.509858] sas: ex 500e004aaaaaaa1f phy23:U:0 attached: 0000000000000000 (no device)
[    3.509960] sas: ex 500e004aaaaaaa1f phy24:D:B attached: 500e004aaaaaaa1e (host+target)
[    3.509992] hisi_sas_v2_hw HISI0162:01: dev[1:1] found
[    3.510208] hisi_sas_v2_hw HISI0162:01: dev[2:5] found
[    3.510235] hisi_sas_v2_hw HISI0162:01: dev[3:1] found
[    3.510263] hisi_sas_v2_hw HISI0162:01: dev[4:1] found
[    3.510291] hisi_sas_v2_hw HISI0162:01: dev[5:1] found
[    3.510320] hisi_sas_v2_hw HISI0162:01: dev[6:1] found
[    3.510348] hisi_sas_v2_hw HISI0162:01: dev[7:1] found
[    3.510376] hisi_sas_v2_hw HISI0162:01: dev[8:1] found
[    3.510405] hisi_sas_v2_hw HISI0162:01: dev[9:1] found
[    3.510409] ata_std_sched_eh ap=0xffff001046514000 ATA_PFLAG_INITIALIZING=0
[    3.510414] ata_eh_set_pending fastdrain=1 ATA_PFLAG_EH_PENDING=0
[    3.510417] ata_eh_set_pending2 ap=0xffff001046514000 fastdrain=1 cnt=0
[    3.510430] sas: sas_scsi_recover_host Enter sas_scsi_recover_host busy: 0 failed: 0
[    3.510433] sas: sas_eh_handle_sas_errors shost=0xffff001049180000
[    3.510436] sas: sas_ata_strategy_handler shost=0xffff001049180000
[    3.510439] sas: sas_ata_strategy_handler2 shost=0xffff001049180000 calling async_schedule_domain(async_sas_ata_eh)
[    3.510450] sas: ata1: end_device-0:0:2: async_sas_ata_eh dev error handler
[    3.510454] ata_scsi_port_error_handler host=0xffff001049180000 ap=0xffff001046514000
[    3.510458] ata_scsi_port_error_handler2 host=0xffff001049180000 ap=0xffff001046514000 deleting fastdrain_timer
[    3.510462] ata_do_eh ap=0xffff001046514000 calling ata_eh_autopsy
[    3.510464] ata_eh_autopsy ap=0xffff001046514000 link=0xffff001046516040 calling ata_eh_link_autopsy
[    3.510467] ata_eh_link_autopsy link=0xffff001046516040 ATA_EHI_NO_AUTOPSY=1 
[    3.510470] ata_do_eh2 ap=0xffff001046514000 calling ata_eh_report
[    3.510472] ata_do_eh3 ap=0xffff001046514000 calling ata_eh_recover
[    3.510476] ata_eh_reset ap=0xffff001046514000 link=0xffff001046516040 prereset=sas_ata_prereset+0x0/0x50 softreset=0x0 hardreset=sas_ata_hard_reset+0x0/0x98 postreset=0x0
[    3.510490] ata_eh_freeze_port ap=0xffff001046514000
[    3.510493] __ata_port_freeze ap=0xffff001046514000
[    3.510933] hisi_sas_debug_I_T_nexus_reset device=0xffff00104650d000
[    3.511628] hisi_sas_v2_hw HISI0162:01: phyup: phy2 link_rate=11
[    3.511634] hisi_sas_v2_hw HISI0162:01: phyup: phy3 link_rate=11
[    3.511638] hisi_sas_v2_hw HISI0162:01: phyup: phy4 link_rate=11
[    3.511641] hisi_sas_v2_hw HISI0162:01: phyup: phy5 link_rate=11
[    3.511645] hisi_sas_v2_hw HISI0162:01: phyup: phy6 link_rate=11
[    3.511649] hisi_sas_v2_hw HISI0162:01: phyup: phy7 link_rate=11
[    3.667432] hisi_sas_I_T_nexus_reset1  device=0xffff00104650d000 rc=0
[    3.667435] hisi_sas_softreset_ata_disk device=0xffff00104650d000
[    3.674066] hisi_sas_release_task device=0xffff00104650d000
[    3.674068] hisi_sas_I_T_nexus_reset8 device=0xffff00104650d000 calling hisi_sas_release_task
[    3.674071] hisi_sas_release_task device=0xffff00104650d000
[    3.831367] ata_eh_thaw_port ap=0xffff001046514000
[    3.833187] sas: sas_ata_task_done qc=0xffff001046515f30 err_mask=0x0 scsicmd=0x0 task=0xffff001045c38000
[    3.833193] sas: sas_ata_task_done2 qc=0xffff001046515f30 err_mask=0x0 scsicmd=0x0 task=0xffff001045c38000
[    3.833197] sas: sas_ata_task_done3 qc=0xffff001046515f30 scsicmd=0x0 task=0xffff001045c38000
[    3.833200] ata_qc_complete qc=0xffff001046515f30 err_mask=0x0 scsicmd=0x0
[    3.833369] sas: sas_ata_task_done qc=0xffff001046515f30 err_mask=0x0 scsicmd=0x0 task=0xffff001045c38180
[    3.833372] sas: sas_ata_task_done2 qc=0xffff001046515f30 err_mask=0x0 scsicmd=0x0 task=0xffff001045c38180
[    3.833376] sas: sas_ata_task_done3 qc=0xffff001046515f30 scsicmd=0x0 task=0xffff001045c38180
[    3.833378] ata_qc_complete qc=0xffff001046515f30 err_mask=0x0 scsicmd=0x0
[    3.833385] ata1.00: ata_dev_configure: cfg 49:2f00 82:746b 83:7d69 84:4773 85:7469 86:bc41 87:4763 88:407f
[    3.833390] ata1.00: 49==0x2f00  53==0x0007  63==0x0007  64==0x0003  75==0x001f
               80==0x01fc  81==0x0029  82==0x746b  83==0x7d69  84==0x4773
               88==0x407f  93==0x0000
[    3.833395] ata1.00: ATA-8: HGST HUS724040ALA640, MFAOA8B0, max UDMA/133
[    3.833399] ata_log_supported calling ata_read_log_page
[    3.833400] ata1.00: read log page - log 0x0, page 0x0
[    3.833530] sas: sas_ata_task_done qc=0xffff001046515f30 err_mask=0x0 scsicmd=0x0 task=0xffff001045c38300
[    3.833534] sas: sas_ata_task_done2 qc=0xffff001046515f30 err_mask=0x0 scsicmd=0x0 task=0xffff001045c38300
[    3.833537] sas: sas_ata_task_done3 qc=0xffff001046515f30 scsicmd=0x0 task=0xffff001045c38300
[    3.833540] ata_qc_complete qc=0xffff001046515f30 err_mask=0x0 scsicmd=0x0
[    3.833547] ata_read_log_page3 ata_exec_internal err_mask=0x0
[    3.833549] ata1.00: 7814037168 sectors, multi 0: LBA48 NCQ (depth 32)
[    3.833555] ata1.00: set features - xfer mode
[    3.833687] sas: sas_ata_task_done qc=0xffff001046515f30 err_mask=0x0 scsicmd=0x0 task=0xffff001045c38480
[    3.833692] sas: sas_ata_task_done2 qc=0xffff001046515f30 err_mask=0x0 scsicmd=0x0 task=0xffff001045c38480
[    3.833695] sas: sas_ata_task_done3 qc=0xffff001046515f30 scsicmd=0x0 task=0xffff001045c38480
[    3.833697] ata_qc_complete qc=0xffff001046515f30 err_mask=0x0 scsicmd=0x0
[    3.835500] sas: sas_ata_task_done qc=0xffff001046515f30 err_mask=0x0 scsicmd=0x0 task=0xffff001045c38600
[    3.835504] sas: sas_ata_task_done2 qc=0xffff001046515f30 err_mask=0x0 scsicmd=0x0 task=0xffff001045c38600
[    3.835508] sas: sas_ata_task_done3 qc=0xffff001046515f30 scsicmd=0x0 task=0xffff001045c38600
[    3.835510] ata_qc_complete qc=0xffff001046515f30 err_mask=0x0 scsicmd=0x0
[    3.835674] sas: sas_ata_task_done qc=0xffff001046515f30 err_mask=0x0 scsicmd=0x0 task=0xffff001045c38780
[    3.835677] sas: sas_ata_task_done2 qc=0xffff001046515f30 err_mask=0x0 scsicmd=0x0 task=0xffff001045c38780
[    3.835680] sas: sas_ata_task_done3 qc=0xffff001046515f30 scsicmd=0x0 task=0xffff001045c38780
[    3.835683] ata_qc_complete qc=0xffff001046515f30 err_mask=0x0 scsicmd=0x0
[    3.835690] ata1.00: ata_dev_configure: cfg 49:2f00 82:746b 83:7d69 84:4773 85:7469 86:bc41 87:4763 88:407f
[    3.835694] ata1.00: 49==0x2f00  53==0x0007  63==0x0007  64==0x0003  75==0x001f
               80==0x01fc  81==0x0029  82==0x746b  83==0x7d69  84==0x4773
               88==0x407f  93==0x0000
[    3.835700] ata1.00: xfer_shift=12, xfer_mode=0x46
[    3.835702] ata1.00: configured for UDMA/133
[    3.835705] scsi_eh_flush_done_q
[    3.835714] scsi_eh_flush_done_q
[    3.835717] sas: --- Exit sas_scsi_recover_host: busy: 0 failed: 0 tries: 1
[    3.852869] hisi_sas_release_task device=0xffff00104650ce00
[    3.919794] scsi 0:0:0:0: Direct-Access     SanDisk  LT0200MO         P404 PQ: 0 ANSI: 6
[    4.534670] hisi_sas_softreset_ata_disk device=0xffff00104650d000
[    4.540408] hisi_sas_release_task device=0xffff00104650d000
[    4.540433] scsi 0:0:1:0: Direct-Access     ATA      HGST HUS724040AL A8B0 PQ: 0 ANSI: 5
[    4.540761] sd 0:0:1:0: [sdb] 7814037168 512-byte logical blocks: (4.00 TB/3.64 TiB)
[    4.540772] sd 0:0:1:0: [sdb] Write Protect is off
[    4.540774] sd 0:0:1:0: [sdb] Mode Sense: 00 3a 00 00
[    4.540787] sd 0:0:1:0: [sdb] Write cache: enabled, read cache: enabled, doesn't support DPO or FUA
[    4.540803] sd 0:0:1:0: [sdb] Preferred minimum I/O size 512 bytes
[    4.547894] hisi_sas_release_task device=0xffff00104650d200
[    4.575371] sd 0:0:0:0: [sda] 390721968 512-byte logical blocks: (200 GB/186 GiB)
[    4.585679]  sdb: sdb1 sdb2 sdb3
[    4.585884] sd 0:0:1:0: [sdb] Attached SCSI disk
[    4.614811] scsi 0:0:2:0: Direct-Access     SanDisk  LT0200MO         P404 PQ: 0 ANSI: 6
[    4.617397] sd 0:0:0:0: [sda] Write Protect is off
[    4.617400] sd 0:0:0:0: [sda] Mode Sense: cf 00 10 08
[    4.699416] sd 0:0:0:0: [sda] Write cache: disabled, read cache: disabled, supports DPO and FUA
[    4.822083] sd 0:0:0:0: [sda] Optimal transfer size 131072 bytes
[    5.182998]  sda: sda1 sda2
[    5.183132] sd 0:0:0:0: [sda] Attached SCSI disk
[    5.194668] hisi_sas_release_task device=0xffff00104650d400
[    5.194866] scsi 0:0:3:0: Direct-Access     HGST     HUC156030CSS200  A3F0 PQ: 0 ANSI: 6
[    5.197466] sd 0:0:3:0: [sdd] 586072368 512-byte logical blocks: (300 GB/279 GiB)
[    5.198180] sd 0:0:3:0: [sdd] Write Protect is off
[    5.198183] sd 0:0:3:0: [sdd] Mode Sense: f7 00 10 08
[    5.199497] sd 0:0:3:0: [sdd] Write cache: enabled, read cache: enabled, supports DPO and FUA
[    5.204405] hisi_sas_release_task device=0xffff00104650d600
[    5.210136]  sdd: sdd1
[    5.210229] sd 0:0:3:0: [sdd] Attached SCSI disk
[    5.270359] sd 0:0:2:0: [sdc] 390721968 512-byte logical blocks: (200 GB/186 GiB)
[    5.271395] scsi 0:0:4:0: Direct-Access     SanDisk  LT0200MO         P404 PQ: 0 ANSI: 6
[    5.312363] sd 0:0:2:0: [sdc] Write Protect is off
[    5.312366] sd 0:0:2:0: [sdc] Mode Sense: cf 00 10 08
[    5.394373] sd 0:0:2:0: [sdc] Write cache: disabled, read cache: disabled, supports DPO and FUA
[    5.517050] sd 0:0:2:0: [sdc] Optimal transfer size 131072 bytes
[    5.857794] hisi_sas_release_task device=0xffff00104650d800
[    5.877799]  sdc: sdc1 sdc2 sdc3
[    5.877981] sd 0:0:2:0: [sdc] Attached SCSI disk
[    5.924763] scsi 0:0:5:0: Direct-Access     SanDisk  LT0200MO         P404 PQ: 0 ANSI: 6
[    5.926980] sd 0:0:4:0: [sde] 390721968 512-byte logical blocks: (200 GB/186 GiB)
[    5.968984] sd 0:0:4:0: [sde] Write Protect is off
[    5.968987] sd 0:0:4:0: [sde] Mode Sense: cf 00 10 08
[    6.051016] sd 0:0:4:0: [sde] Write cache: disabled, read cache: disabled, supports DPO and FUA
[    6.173780] sd 0:0:4:0: [sde] Optimal transfer size 131072 bytes
[    6.511765] hisi_sas_release_task device=0xffff00104650da00
[    6.534355]  sde: sde1 sde2 sde3
[    6.534518] sd 0:0:4:0: [sde] Attached SCSI disk
[    6.578677] scsi 0:0:6:0: Direct-Access     SanDisk  LT0200MO         P404 PQ: 0 ANSI: 6
[    6.580960] sd 0:0:5:0: [sdf] 390721968 512-byte logical blocks: (200 GB/186 GiB)
[    6.622962] sd 0:0:5:0: [sdf] Write Protect is off
[    6.622965] sd 0:0:5:0: [sdf] Mode Sense: cf 00 10 08
[    6.704978] sd 0:0:5:0: [sdf] Write cache: disabled, read cache: disabled, supports DPO and FUA
[    6.827625] sd 0:0:5:0: [sdf] Optimal transfer size 131072 bytes
[    7.165090] hisi_sas_release_task device=0xffff00104650dc00
[    7.188604]  sdf: sdf1 sdf2 sdf3 sdf4
[    7.188819] sd 0:0:5:0: [sdf] Attached SCSI disk
[    7.231999] scsi 0:0:7:0: Direct-Access     SanDisk  LT0200MO         P404 PQ: 0 ANSI: 6
[    7.234263] sd 0:0:6:0: [sdg] 390721968 512-byte logical blocks: (200 GB/186 GiB)
[    7.276280] sd 0:0:6:0: [sdg] Write Protect is off
[    7.276283] sd 0:0:6:0: [sdg] Mode Sense: cf 00 10 08
[    7.358324] sd 0:0:6:0: [sdg] Write cache: disabled, read cache: disabled, supports DPO and FUA
[    7.480945] sd 0:0:6:0: [sdg] Optimal transfer size 131072 bytes
[    7.812378] hisi_sas_release_task device=0xffff00104650de00
[    7.812680] scsi 0:0:8:0: Enclosure         12G SAS  Expander         RevB PQ: 0 ANSI: 6
[    7.812780] scsi 0:0:8:0: Power-on or device reset occurred
[    7.814065] sas: DONE DISCOVERY on port 0, pid:456, result:0
[    7.814076] sas: phy1 matched wide port0
[    7.814082] sas: phy-0:1 added to port-0:0, phy_mask:0x3 (500e004aaaaaaa1f)
[    7.814089] sas: REVALIDATING DOMAIN on port 0, pid:456
[    7.814626] sas: ex 500e004aaaaaaa1f phy02 change count has changed
[    7.814914] sas: ex 500e004aaaaaaa1f phy02 originated BROADCAST(CHANGE)
[    7.814918] sas: ex 500e004aaaaaaa1f rediscovering phy02
[    7.815107] sas: ex 500e004aaaaaaa1f phy02 broadcast flutter
[    7.816454] sas: ex 500e004aaaaaaa1f phy16 originated BROADCAST(CHANGE)
[    7.816456] sas: ex 500e004aaaaaaa1f phy16 new device attached
[    7.816550] sas: ex 500e004aaaaaaa1f phy16:U:B attached: 3201581410000000 (host)
[    7.816649] sas: ex 500e004aaaaaaa1f phy17 originated BROADCAST(CHANGE)
[    7.816651] sas: ex 500e004aaaaaaa1f phy17 new device attached
[    7.816744] sas: ex 500e004aaaaaaa1f phy17:U:B attached: 3201581410000000 (host)
[    7.816840] sas: ex 500e004aaaaaaa1f phy18 originated BROADCAST(CHANGE)
[    7.816842] sas: ex 500e004aaaaaaa1f phy18 new device attached
[    7.816936] sas: ex 500e004aaaaaaa1f phy18:U:B attached: 3201581410000000 (host)
[    7.817032] sas: ex 500e004aaaaaaa1f phy19 originated BROADCAST(CHANGE)
[    7.817034] sas: ex 500e004aaaaaaa1f phy19 new device attached
[    7.817130] sas: ex 500e004aaaaaaa1f phy19:U:B attached: 3201581410000000 (host)
[    7.817226] sas: ex 500e004aaaaaaa1f phy20 originated BROADCAST(CHANGE)
[    7.817227] sas: ex 500e004aaaaaaa1f phy20 new device attached
[    7.817321] sas: ex 500e004aaaaaaa1f phy20:U:B attached: 3201581410000000 (host)
[    7.817417] sas: ex 500e004aaaaaaa1f phy21 originated BROADCAST(CHANGE)
[    7.817420] sas: ex 500e004aaaaaaa1f phy21 new device attached
[    7.817513] sas: ex 500e004aaaaaaa1f phy21:U:B attached: 3201581410000000 (host)
[    7.817609] sas: ex 500e004aaaaaaa1f phy22 originated BROADCAST(CHANGE)
[    7.817611] sas: ex 500e004aaaaaaa1f phy22 new device attached
[    7.817705] sas: ex 500e004aaaaaaa1f phy22:U:B attached: 3201581410000000 (host)
[    7.817802] sas: ex 500e004aaaaaaa1f phy23 originated BROADCAST(CHANGE)
[    7.817804] sas: ex 500e004aaaaaaa1f phy23 new device attached
[    7.817898] sas: ex 500e004aaaaaaa1f phy23:U:B attached: 3201581410000000 (host)
[    7.817994] sas: done REVALIDATING DOMAIN on port 0, pid:456, res 0x0
[    7.818002] sas: broadcast received: 0
[    7.818007] sas: REVALIDATING DOMAIN on port 0, pid:456
[    7.818091] sas: done REVALIDATING DOMAIN on port 0, pid:456, res 0x0
[    7.818097] sas: broadcast received: 0
[    7.818100] sas: broadcast received: 0
[    7.818101] sas: broadcast received: 0
[    7.818103] sas: broadcast received: 0
[    7.818105] sas: broadcast received: 0
[    7.818106] sas: broadcast received: 0
[    7.818108] sas: phy2 matched wide port0
[    7.818112] sas: phy-0:2 added to port-0:0, phy_mask:0x7 (500e004aaaaaaa1f)
[    7.818119] sas: REVALIDATING DOMAIN on port 0, pid:456
[    7.820589] sas: ex 500e004aaaaaaa1f phys DID NOT change
[    7.820591] sas: done REVALIDATING DOMAIN on port 0, pid:456, res 0x0
[    7.820597] sas: phy3 matched wide port0
[    7.820602] sas: phy-0:3 added to port-0:0, phy_mask:0xf (500e004aaaaaaa1f)
[    7.820609] sas: REVALIDATING DOMAIN on port 0, pid:456
[    7.823088] sas: ex 500e004aaaaaaa1f phys DID NOT change
[    7.823090] sas: done REVALIDATING DOMAIN on port 0, pid:456, res 0x0
[    7.823097] sas: phy4 matched wide port0
[    7.823101] sas: phy-0:4 added to port-0:0, phy_mask:0x1f (500e004aaaaaaa1f)
[    7.823107] sas: REVALIDATING DOMAIN on port 0, pid:456
[    7.825586] sas: ex 500e004aaaaaaa1f phys DID NOT change
[    7.825588] sas: done REVALIDATING DOMAIN on port 0, pid:456, res 0x0
[    7.825594] sas: phy5 matched wide port0
[    7.825599] sas: phy-0:5 added to port-0:0, phy_mask:0x3f (500e004aaaaaaa1f)
[    7.825605] sas: REVALIDATING DOMAIN on port 0, pid:456
[    7.828086] sas: ex 500e004aaaaaaa1f phys DID NOT change
[    7.828088] sas: done REVALIDATING DOMAIN on port 0, pid:456, res 0x0
[    7.828094] sas: phy6 matched wide port0
[    7.828099] sas: phy-0:6 added to port-0:0, phy_mask:0x7f (500e004aaaaaaa1f)
[    7.828106] sas: REVALIDATING DOMAIN on port 0, pid:456
[    7.830585] sas: ex 500e004aaaaaaa1f phys DID NOT change
[    7.830587] sas: done REVALIDATING DOMAIN on port 0, pid:456, res 0x0
[    7.830593] sas: phy7 matched wide port0
[    7.830598] sas: phy-0:7 added to port-0:0, phy_mask:0xff (500e004aaaaaaa1f)
[    7.830604] sas: REVALIDATING DOMAIN on port 0, pid:456
[    7.833084] sas: ex 500e004aaaaaaa1f phys DID NOT change
[    7.833086] sas: done REVALIDATING DOMAIN on port 0, pid:456, res 0x0
[    7.833093] sas: broadcast received: 0
[    7.833098] sas: REVALIDATING DOMAIN on port 0, pid:456
[    7.835584] sas: ex 500e004aaaaaaa1f phys DID NOT change
[    7.835586] sas: done REVALIDATING DOMAIN on port 0, pid:456, res 0x0
[    7.835594] sas: broadcast received: 0
[    7.835600] sas: REVALIDATING DOMAIN on port 0, pid:456
[    7.838082] sas: ex 500e004aaaaaaa1f phys DID NOT change
[    7.838084] sas: done REVALIDATING DOMAIN on port 0, pid:456, res 0x0
[    7.838091] sas: broadcast received: 0
[    7.838096] sas: REVALIDATING DOMAIN on port 0, pid:456
[    7.840581] sas: ex 500e004aaaaaaa1f phys DID NOT change
[    7.840583] sas: done REVALIDATING DOMAIN on port 0, pid:456, res 0x0
[    7.840589] sas: broadcast received: 0
[    7.840595] sas: REVALIDATING DOMAIN on port 0, pid:456
[    7.841002] sd 0:0:6:0: [sdg] Attached SCSI disk
[    7.843080] sas: ex 500e004aaaaaaa1f phys DID NOT change
[    7.843082] sas: done REVALIDATING DOMAIN on port 0, pid:456, res 0x0
[    7.843089] sas: broadcast received: 0
[    7.843094] sas: REVALIDATING DOMAIN on port 0, pid:456
[    7.845580] sas: ex 500e004aaaaaaa1f phys DID NOT change
[    7.845581] sas: done REVALIDATING DOMAIN on port 0, pid:456, res 0x0
[    7.845587] sas: broadcast received: 0
[    7.845592] sas: REVALIDATING DOMAIN on port 0, pid:456
[    7.848079] sas: ex 500e004aaaaaaa1f phys DID NOT change
[    7.848081] sas: done REVALIDATING DOMAIN on port 0, pid:456, res 0x0
[    7.848087] sas: broadcast received: 0
[    7.848093] sas: REVALIDATING DOMAIN on port 0, pid:456
[    7.850578] sas: ex 500e004aaaaaaa1f phys DID NOT change
[    7.850580] sas: done REVALIDATING DOMAIN on port 0, pid:456, res 0x0
[    7.850586] sas: broadcast received: 0
[    7.850591] sas: REVALIDATING DOMAIN on port 0, pid:456
[    7.853077] sas: ex 500e004aaaaaaa1f phys DID NOT change
[    7.853079] sas: done REVALIDATING DOMAIN on port 0, pid:456, res 0x0
[    7.853085] sas: broadcast received: 0
[    7.853090] sas: REVALIDATING DOMAIN on port 0, pid:456
[    7.855576] sas: ex 500e004aaaaaaa1f phys DID NOT change
[    7.855577] sas: done REVALIDATING DOMAIN on port 0, pid:456, res 0x0
[    7.855583] sas: broadcast received: 0
[    7.855588] sas: REVALIDATING DOMAIN on port 0, pid:456
[    7.858075] sas: ex 500e004aaaaaaa1f phys DID NOT change
[    7.858077] sas: done REVALIDATING DOMAIN on port 0, pid:456, res 0x0
[    7.858083] sas: broadcast received: 0
[    7.858088] sas: REVALIDATING DOMAIN on port 0, pid:456
[    7.860575] sas: ex 500e004aaaaaaa1f phys DID NOT change
[    7.860576] sas: done REVALIDATING DOMAIN on port 0, pid:456, res 0x0
[    7.860582] sas: broadcast received: 0
[    7.860587] sas: REVALIDATING DOMAIN on port 0, pid:456
[    7.863074] sas: ex 500e004aaaaaaa1f phys DID NOT change
[    7.863076] sas: done REVALIDATING DOMAIN on port 0, pid:456, res 0x0
[    7.863081] sas: broadcast received: 0
[    7.863087] sas: REVALIDATING DOMAIN on port 0, pid:456
[    7.865573] sas: ex 500e004aaaaaaa1f phys DID NOT change
[    7.865575] sas: done REVALIDATING DOMAIN on port 0, pid:456, res 0x0
[    7.865580] sas: broadcast received: 0
[    7.865586] sas: REVALIDATING DOMAIN on port 0, pid:456
[    7.868072] sas: ex 500e004aaaaaaa1f phys DID NOT change
[    7.868074] sas: done REVALIDATING DOMAIN on port 0, pid:456, res 0x0
[    7.868080] sas: broadcast received: 0
[    7.868086] sas: REVALIDATING DOMAIN on port 0, pid:456
[    7.870571] sas: ex 500e004aaaaaaa1f phys DID NOT change
[    7.870573] sas: done REVALIDATING DOMAIN on port 0, pid:456, res 0x0
[    7.870579] sas: broadcast received: 0
[    7.870584] sas: REVALIDATING DOMAIN on port 0, pid:456
[    7.873069] sas: ex 500e004aaaaaaa1f phys DID NOT change
[    7.873071] sas: done REVALIDATING DOMAIN on port 0, pid:456, res 0x0
[    7.875195] tun: Universal TUN/TAP device driver, 1.6
[    7.875517] thunder_xcv, ver 1.0
[    7.875534] thunder_bgx, ver 1.0
[    7.875552] nicpf, ver 1.0
[    7.887866] sd 0:0:7:0: [sdh] 390721968 512-byte logical blocks: (200 GB/186 GiB)
[    7.929872] sd 0:0:7:0: [sdh] Write Protect is off
[    7.929875] sd 0:0:7:0: [sdh] Mode Sense: cf 00 10 08
[    7.955302] ACPI: IORT: [Firmware Bug]: Named component missing memory address limit
[    7.955488] hns_dsaf HISI00B2:00: Adding to iommu group 1
[    8.011893] sd 0:0:7:0: [sdh] Write cache: disabled, read cache: disabled, supports DPO and FUA
[    8.030324] hns_dsaf HISI00B2:00: no mc-mac-mask property, set to default value.
[    8.134561] sd 0:0:7:0: [sdh] Optimal transfer size 131072 bytes
[    8.243300] hns_dsaf HISI00B2:00: no mc-mac-mask property, set to default value.
[    8.459660] hns_dsaf HISI00B2:00: no mc-mac-mask property, set to default value.
[    8.480198] hns_dsaf HISI00B2:00: no mc-mac-mask property, set to default value.
[    8.494604] sd 0:0:7:0: [sdh] Attached SCSI disk
[    8.781064] Generic PHY Mii-HISI0141:00:00: attached PHY driver (mii_bus:phy_addr=Mii-HISI0141:00:00, irq=POLL)
[    8.803323] Generic PHY Mii-HISI0141:00:01: attached PHY driver (mii_bus:phy_addr=Mii-HISI0141:00:01, irq=POLL)
[    8.850008] hns3: Hisilicon Ethernet Network Driver for Hip08 Family - version
[    8.850012] hns3: Copyright (c) 2017 Huawei Corporation.
[    8.850060] hclge is initializing
[    8.850079] e1000: Intel(R) PRO/1000 Network Driver
[    8.850081] e1000: Copyright (c) 1999-2006 Intel Corporation.
[    8.850101] e1000e: Intel(R) PRO/1000 Network Driver
[    8.850103] e1000e: Copyright(c) 1999 - 2015 Intel Corporation.
[    8.850125] igb: Intel(R) Gigabit Ethernet Network Driver
[    8.850127] igb: Copyright (c) 2007-2014 Intel Corporation.
[    8.850141] igbvf: Intel(R) Gigabit Virtual Function Network Driver
[    8.850143] igbvf: Copyright (c) 2009 - 2012 Intel Corporation.
[    8.850280] sky2: driver version 1.30
[    8.850572] VFIO - User Level meta-driver version: 0.3
[    8.851148] ehci_hcd: USB 2.0 'Enhanced' Host Controller (EHCI) Driver
[    8.851150] ehci-pci: EHCI PCI platform driver
[    8.851164] ehci-platform: EHCI generic platform driver
[    8.851198] ehci-orion: EHCI orion driver
[    8.851208] ACPI: IORT: [Firmware Bug]: Named component missing memory address limit
[    8.851237] ehci-exynos: EHCI Exynos driver
[    8.851258] ehci-platform PNP0D20:00: Adding to iommu group 2
[    8.851262] ohci_hcd: USB 1.1 'Open' Host Controller (OHCI) Driver
[    8.851270] ohci-pci: OHCI PCI platform driver
[    8.851286] ohci-platform: OHCI generic platform driver
[    8.851317] ohci-exynos: OHCI Exynos driver
[    8.851449] usbcore: registered new interface driver usb-storage
[    8.852398] ehci-platform PNP0D20:00: EHCI Host Controller
[    8.852406] ehci-platform PNP0D20:00: new USB bus registered, assigned bus number 1
[    8.852469] ehci-platform PNP0D20:00: irq 369, io mem 0xa7020000
[    8.867223] ehci-platform PNP0D20:00: USB 2.0 started, EHCI 1.00
[    8.867505] hub 1-0:1.0: USB hub found
[    8.867518] hub 1-0:1.0: 2 ports detected
[    8.978030] rtc-efi rtc-efi.0: registered as rtc0
[    9.040964] rtc-efi rtc-efi.0: setting system clock to 2022-07-01T15:08:33 UTC (1656688113)
[    9.041166] i2c_dev: i2c /dev entries driver
[    9.042971] sdhci: Secure Digital Host Controller Interface driver
[    9.042973] sdhci: Copyright(c) Pierre Ossman
[    9.043148] Synopsys Designware Multimedia Card Interface Driver
[    9.043400] sdhci-pltfm: SDHCI platform and OF driver helper
[    9.044857] ledtrig-cpu: registered to indicate activity on CPUs
[    9.047778] pstore: Registered efi as persistent store backend
[    9.048147] usbcore: registered new interface driver usbhid
[    9.048149] usbhid: USB HID core driver
[    9.049771] NET: Registered PF_PACKET protocol family
[    9.049837] 9pnet: Installing 9P2000 support
[    9.049864] Key type dns_resolver registered
[    9.050078] registered taskstats version 1
[    9.050098] Loading compiled-in X.509 certificates
[    9.050347] pstore: Using crash dump compression: deflate
[    9.052632] ARMH0011:00: ttyAMA0 at MMIO 0x602b0000 (irq = 370, base_baud = 0) is a SBSA
[    9.066505] printk: console [ttyAMA0] printing thread started
[    9.066517] printk: console [ttyAMA0] enabled
[    9.066520] printk: bootconsole [pl11] disabled
[    9.105677] printk: bootconsole [pl11] printing thread stopped
[    9.111819] pcieport 0002:f8:00.0: Adding to iommu group 3
[    9.113084] pcieport 0002:f8:00.0: can't derive routing for PCI INT A
[    9.113088] pcieport 0002:f8:00.0: PCI INT A: no GSI
[    9.117626] pcieport 0004:88:00.0: Adding to iommu group 4
[    9.118791] pcieport 0004:88:00.0: can't derive routing for PCI INT A
[    9.118794] pcieport 0004:88:00.0: PCI INT A: no GSI
[    9.123104] pcieport 0005:78:00.0: Adding to iommu group 5
[    9.124253] pcieport 0005:78:00.0: can't derive routing for PCI INT A
[    9.124257] pcieport 0005:78:00.0: PCI INT A: no GSI
[    9.127227] usb 1-1: new high-speed USB device number 2 using ehci-platform
[    9.129531] pcieport 000a:10:00.0: Adding to iommu group 6
[    9.130623] pcieport 000a:10:00.0: can't derive routing for PCI INT A
[    9.130627] pcieport 000a:10:00.0: PCI INT A: no GSI
[    9.134485] pcieport 000c:20:00.0: Adding to iommu group 7
[    9.135788] pcieport 000c:20:00.0: can't derive routing for PCI INT A
[    9.135791] pcieport 000c:20:00.0: PCI INT A: no GSI
[    9.139966] pcieport 000d:30:00.0: Adding to iommu group 8
[    9.141047] pcieport 000d:30:00.0: can't derive routing for PCI INT A
[    9.141050] pcieport 000d:30:00.0: PCI INT A: no GSI
[    9.146398] serial 0002:f9:00.0: Adding to iommu group 3
[    9.146416] pci 0002:f8:00.0: can't derive routing for PCI INT A
[    9.146418] serial 0002:f9:00.0: PCI INT A: no GSI
[    9.146437] serial 0002:f9:00.0: enabling device (0000 -> 0003)
[    9.168202] 0002:f9:00.0: ttyS2 at I/O 0x1000 (irq = 372, base_baud = 115200) is a ST16650V2
[    9.168337] serial 0002:f9:00.1: Adding to iommu group 3
[    9.168352] pci 0002:f8:00.0: can't derive routing for PCI INT B
[    9.168353] serial 0002:f9:00.1: PCI INT B: no GSI
[    9.168367] serial 0002:f9:00.1: enabling device (0000 -> 0003)
[    9.189981] 0002:f9:00.1: ttyS3 at I/O 0x1008 (irq = 373, base_baud = 115200) is a ST16650V2
[    9.190253] ALSA device list:
[    9.190256]   No soundcards found.
[    9.225389] EXT4-fs (sda2): mounted filesystem with ordered data mode. Quota mode: none.
